02-24 11:07:49.814  3675  3675 D TEST_LOG: METHOD=<org.schabi.newpipe.fragments.detail.VideoDetailFragment$$ExternalSyntheticLambda1: void <init>(org.schabi.newpipe.fragments.detail.VideoDetailFragment)>
02-24 11:07:49.814  3675  3675 D TEST_LOG: CLASS=org.schabi.newpipe.fragments.detail.VideoDetailFragment$2
02-24 11:07:49.814  3675  3675 D TEST_LOG: METHOD=<org.schabi.newpipe.fragments.detail.VideoDetailFragment$2: void <init>(org.schabi.newpipe.fragments.detail.VideoDetailFragment)>
02-24 11:07:49.814  3675  3675 D TEST_LOG: METHOD=<org.schabi.newpipe.fragments.detail.VideoDetailFragment: void setInitialData(int,java.lang.String,java.lang.String,org.schabi.newpipe.player.playqueue.PlayQueue)>
02-24 11:07:49.815  3675  3675 D TEST_LOG: METHOD=<org.schabi.newpipe.fragments.detail.VideoDetailFragment: void setAutoPlay(boolean)>
02-24 11:07:49.815  3675  3675 D TEST_LOG: CLASS=org.schabi.newpipe.util.NavigationHelper$$ExternalSyntheticLambda1
02-24 11:07:49.815  3675  3675 D TEST_LOG: METHOD=<org.schabi.newpipe.util.NavigationHelper$$ExternalSyntheticLambda1: void <init>(org.schabi.newpipe.util.NavigationHelper$RunnableWithVideoDetailFragment,org.schabi.newpipe.fragments.detail.VideoDetailFragment)>
02-24 11:07:49.817  3675  3675 D TEST_LOG: METHOD=<org.schabi.newpipe.fragments.detail.VideoDetailFragment: void onCreate(android.os.Bundle)>
02-24 11:07:49.817  3675  3675 D TEST_LOG: CLASS=org.schabi.newpipe.fragments.detail.VideoDetailFragment$$Icepick
02-24 11:07:49.817  3675  3675 D TEST_LOG: METHOD=<org.schabi.newpipe.fragments.detail.VideoDetailFragment$$Icepick: void <clinit>()>
02-24 11:07:49.817  3675  3675 D TEST_LOG: METHOD=<org.schabi.newpipe.fragments.detail.VideoDetailFragment$$Icepick: void <init>()>
02-24 11:07:49.817  3675  3675 D TEST_LOG: METHOD=<org.schabi.newpipe.fragments.detail.VideoDetailFragment$$Icepick: void restore(java.lang.Object,android.os.Bundle)>
02-24 11:07:49.817  3675  3675 D TEST_LOG: METHOD=<org.schabi.newpipe.fragments.detail.VideoDetailFragment$$Icepick: void restore(org.schabi.newpipe.fragments.detail.VideoDetailFragment,android.os.Bundle)>
02-24 11:07:49.846  3675  3675 D TEST_LOG: METHOD=<org.schabi.newpipe.fragments.detail.VideoDetailFragment: void setupBroadcastReceiver()>
02-24 11:07:49.846  3675  3675 D TEST_LOG: CLASS=org.schabi.newpipe.fragments.detail.VideoDetailFragment$3
02-24 11:07:49.846  3675  3675 D TEST_LOG: METHOD=<org.schabi.newpipe.fragments.detail.VideoDetailFragment$3: void <init>(org.schabi.newpipe.fragments.detail.VideoDetailFragment)>
02-24 11:07:49.878  3675  3675 D TEST_LOG: CLASS=org.schabi.newpipe.fragments.detail.VideoDetailFragment$1
02-24 11:07:49.878  3675  3675 D TEST_LOG: METHOD=<org.schabi.newpipe.fragments.detail.VideoDetailFragment$1: void <init>(org.schabi.newpipe.fragments.detail.VideoDetailFragment,android.os.Handler)>
02-24 11:07:49.881  3675  3675 D TEST_LOG: METHOD=<org.schabi.newpipe.fragments.detail.VideoDetailFragment: android.view.View onCreateView(android.view.LayoutInflater,android.view.ViewGroup,android.os.Bundle)>
02-24 11:07:49.882  3675  3675 D TEST_LOG: METHOD=<org.schabi.newpipe.databinding.FragmentVideoDetailBinding: org.schabi.newpipe.databinding.FragmentVideoDetailBinding inflate(android.view.LayoutInflater,android.view.ViewGroup,boolean)>
02-24 11:07:49.906  3675  3675 D TEST_LOG: CLASS=org.schabi.newpipe.views.CustomCollapsingToolbarLayout
02-24 11:07:49.906  3675  3675 D TEST_LOG: METHOD=<org.schabi.newpipe.views.CustomCollapsingToolbarLayout: void <init>(android.content.Context,android.util.AttributeSet)>
02-24 11:07:49.928  3675  3675 D TEST_LOG: METHOD=<org.schabi.newpipe.views.CustomCollapsingToolbarLayout: void overrideListener()>
02-24 11:07:49.928  3675  3675 D TEST_LOG: CLASS=org.schabi.newpipe.views.CustomCollapsingToolbarLayout$$ExternalSyntheticLambda0
02-24 11:07:49.928  3675  3675 D TEST_LOG: METHOD=<org.schabi.newpipe.views.CustomCollapsingToolbarLayout$$ExternalSyntheticLambda0: void <init>()>
02-24 11:07:50.175  3675  3675 D TEST_LOG: METHOD=<org.schabi.newpipe.databinding.FragmentVideoDetailBinding: org.schabi.newpipe.databinding.FragmentVideoDetailBinding bind(android.view.View)>
02-24 11:07:50.175  3675  3675 D TEST_LOG: CLASS=org.schabi.newpipe.databinding.FragmentVideoDetailBinding
02-24 11:07:50.175  3675  3675 D TEST_LOG: METHOD=<org.schabi.newpipe.databinding.FragmentVideoDetailBinding: void <init>(android.widget.FrameLayout,com.google.android.material.appbar.AppBarLayout,android.widget.LinearLayout,android.widget.RelativeLayout,android.widget.LinearLayout,org.schabi.newpipe.views.NewPipeTextView,org.schabi.newpipe.views.NewPipeTextView,org.schabi.newpipe.views.NewPipeTextView,org.schabi.newpipe.views.NewPipeTextView,org.schabi.newpipe.views.NewPipeTextView,org.schabi.newpipe.views.NewPipeTextView,org.schabi.newpipe.views.NewPipeTextView,org.schabi.newpipe.views.NewPipeTextView,org.schabi.newpipe.views.NewPipeTextView,android.view.View,android.view.View,org.schabi.newpipe.views.NewPipeTextView,org.schabi.newpipe.views.NewPipeTextView,android.widget.RelativeLayout,android.widget.LinearLayout,org.schabi.newpipe.views.NewPipeTextView,com.google.android.material.imageview.ShapeableImageView,android.widget.ImageView,android.widget.ImageView,android.widget.FrameLayout,org.schabi.newpipe.views.NewPipeTextView,org.schabi.newpipe.views.NewPipeTextView,android.widget.ImageView,org.schabi.newpipe.views.NewPipeTextView,android.widget.ImageView,android.widget.FrameLayout,android.widget.ImageView,android.widget.LinearLayout,org.schabi.newpipe.views.NewPipeTextView,com.google.android.material.imageview.ShapeableImageView,org.schabi.newpipe.views.NewPipeTextView,org.schabi.newpipe.views.NewPipeTextView,android.widget.RelativeLayout,org.schabi.newpipe.databinding.ErrorPanelBinding,android.widget.ProgressBar,android.widget.LinearLayout,org.schabi.newpipe.views.NewPipeTextView,android.widget.ImageButton,android.widget.RelativeLayout,android.widget.LinearLayout,android.widget.ImageButton,android.widget.ImageButton,android.widget.ImageButton,org.schabi.newpipe.views.NewPipeTextView,android.widget.FrameLayout,org.schabi.newpipe.views.AnimatedProgressBar,androidx.fragment.app.FragmentContainerView,com.google.android.material.tabs.TabLayout,org.schabi.newpipe.views.NewPipeTextView,android.widget.FrameLayout,androidx.viewpager.widget.ViewPager)>
02-24 11:07:50.175  3675  3675 D TEST_LOG: METHOD=<org.schabi.newpipe.databinding.FragmentVideoDetailBinding: android.widget.FrameLayout getRoot()>
02-24 11:07:50.182  3675  3675 D TEST_LOG: METHOD=<org.schabi.newpipe.fragments.detail.VideoDetailFragment: void initViews(android.view.View,android.os.Bundle)>
02-24 11:07:50.183  3675  3675 D TEST_LOG: CLASS=org.schabi.newpipe.fragments.detail.TabAdapter
02-24 11:07:50.183  3675  3675 D TEST_LOG: METHOD=<org.schabi.newpipe.fragments.detail.TabAdapter: void <init>(androidx.fragment.app.FragmentManager)>
02-24 11:07:50.183  3675  3675 D TEST_LOG: METHOD=<org.schabi.newpipe.fragments.detail.TabAdapter: int getCount()>
02-24 11:07:50.183  3675  3675 D TEST_LOG: METHOD=<org.schabi.newpipe.util.external_communication.KoreUtils: boolean shouldShowPlayWithKodi(android.content.Context,int)>
02-24 11:07:50.183  3675  3675 D TEST_LOG: METHOD=<org.schabi.newpipe.util.external_communication.KoreUtils: boolean isServiceSupportedByKore(int)>
02-24 11:07:50.183  3675  3675 D TEST_LOG: METHOD=<org.schabi.newpipe.fragments.detail.VideoDetailFragment: void accommodateForTvAndDesktopMode()>
02-24 11:07:50.183  3675  3675 D TEST_LOG: METHOD=<org.schabi.newpipe.util.DeviceUtils: boolean isDesktopMode(android.content.Context)>
02-24 11:07:50.214  3675  3675 D TEST_LOG: METHOD=<org.schabi.newpipe.fragments.detail.VideoDetailFragment: void initListeners()>
02-24 11:07:50.214  3675  3675 D TEST_LOG: METHOD=<org.schabi.newpipe.fragments.detail.VideoDetailFragment: void setOnClickListeners()>
02-24 11:07:50.214  3675  3675 D TEST_LOG: CLASS=org.schabi.newpipe.fragments.detail.VideoDetailFragment$$ExternalSyntheticLambda15
02-24 11:07:50.214  3675  3675 D TEST_LOG: METHOD=<org.schabi.newpipe.fragments.detail.VideoDetailFragment$$ExternalSyntheticLambda15: void <init>(org.schabi.newpipe.fragments.detail.VideoDetailFragment)>
02-24 11:07:50.214  3675  3675 D TEST_LOG: CLASS=org.schabi.newpipe.fragments.detail.VideoDetailFragment$$ExternalSyntheticLambda21
02-24 11:07:50.214  3675  3675 D TEST_LOG: METHOD=<org.schabi.newpipe.fragments.detail.VideoDetailFragment$$ExternalSyntheticLambda21: void <init>(org.schabi.newpipe.fragments.detail.VideoDetailFragment)>
02-24 11:07:50.214  3675  3675 D TEST_LOG: METHOD=<org.schabi.newpipe.fragments.detail.VideoDetailFragment: android.view.View$OnClickListener makeOnClickListener(java.util.function.Consumer)>
02-24 11:07:50.214  3675  3675 D TEST_LOG: CLASS=org.schabi.newpipe.fragments.detail.VideoDetailFragment$$ExternalSyntheticLambda52
02-24 11:07:50.214  3675  3675 D TEST_LOG: METHOD=<org.schabi.newpipe.fragments.detail.VideoDetailFragment$$ExternalSyntheticLambda52: void <init>(org.schabi.newpipe.fragments.detail.VideoDetailFragment,java.util.function.Consumer)>
02-24 11:07:50.214  3675  3675 D TEST_LOG: CLASS=org.schabi.newpipe.fragments.detail.VideoDetailFragment$$ExternalSyntheticLambda22
02-24 11:07:50.214  3675  3675 D TEST_LOG: METHOD=<org.schabi.newpipe.fragments.detail.VideoDetailFragment$$ExternalSyntheticLambda22: void <init>(org.schabi.newpipe.fragments.detail.VideoDetailFragment)>
02-24 11:07:50.214  3675  3675 D TEST_LOG: CLASS=org.schabi.newpipe.fragments.detail.VideoDetailFragment$$ExternalSyntheticLambda23
02-24 11:07:50.214  3675  3675 D TEST_LOG: METHOD=<org.schabi.newpipe.fragments.detail.VideoDetailFragment$$ExternalSyntheticLambda23: void <init>(org.schabi.newpipe.fragments.detail.VideoDetailFragment)>
02-24 11:07:50.214  3675  3675 D TEST_LOG: CLASS=org.schabi.newpipe.fragments.detail.VideoDetailFragment$$ExternalSyntheticLambda24
02-24 11:07:50.214  3675  3675 D TEST_LOG: METHOD=<org.schabi.newpipe.fragments.detail.VideoDetailFragment$$ExternalSyntheticLambda24: void <init>(org.schabi.newpipe.fragments.detail.VideoDetailFragment)>
02-24 11:07:50.214  3675  3675 D TEST_LOG: CLASS=org.schabi.newpipe.fragments.detail.VideoDetailFragment$$ExternalSyntheticLambda25
02-24 11:07:50.214  3675  3675 D TEST_LOG: METHOD=<org.schabi.newpipe.fragments.detail.VideoDetailFragment$$ExternalSyntheticLambda25: void <init>(org.schabi.newpipe.fragments.detail.VideoDetailFragment)>
02-24 11:07:50.214  3675  3675 D TEST_LOG: CLASS=org.schabi.newpipe.fragments.detail.VideoDetailFragment$$ExternalSyntheticLambda26
02-24 11:07:50.214  3675  3675 D TEST_LOG: METHOD=<org.schabi.newpipe.fragments.detail.VideoDetailFragment$$ExternalSyntheticLambda26: void <init>(org.schabi.newpipe.fragments.detail.VideoDetailFragment)>
02-24 11:07:50.214  3675  3675 D TEST_LOG: CLASS=org.schabi.newpipe.fragments.detail.VideoDetailFragment$$ExternalSyntheticLambda27
02-24 11:07:50.214  3675  3675 D TEST_LOG: METHOD=<org.schabi.newpipe.fragments.detail.VideoDetailFragment$$ExternalSyntheticLambda27: void <init>(org.schabi.newpipe.fragments.detail.VideoDetailFragment)>
02-24 11:07:50.214  3675  3675 D TEST_LOG: CLASS=org.schabi.newpipe.fragments.detail.VideoDetailFragment$$ExternalSyntheticLambda28
02-24 11:07:50.214  3675  3675 D TEST_LOG: METHOD=<org.schabi.newpipe.fragments.detail.VideoDetailFragment$$ExternalSyntheticLambda28: void <init>(org.schabi.newpipe.fragments.detail.VideoDetailFragment)>
02-24 11:07:50.214  3675  3675 D TEST_LOG: CLASS=org.schabi.newpipe.fragments.detail.VideoDetailFragment$$ExternalSyntheticLambda29
02-24 11:07:50.214  3675  3675 D TEST_LOG: METHOD=<org.schabi.newpipe.fragments.detail.VideoDetailFragment$$ExternalSyntheticLambda29: void <init>(org.schabi.newpipe.fragments.detail.VideoDetailFragment)>
02-24 11:07:50.214  3675  3675 D TEST_LOG: CLASS=org.schabi.newpipe.fragments.detail.VideoDetailFragment$$ExternalSyntheticLambda17
02-24 11:07:50.214  3675  3675 D TEST_LOG: METHOD=<org.schabi.newpipe.fragments.detail.VideoDetailFragment$$ExternalSyntheticLambda17: void <init>(org.schabi.newpipe.fragments.detail.VideoDetailFragment)>
02-24 11:07:50.215  3675  3675 D TEST_LOG: CLASS=org.schabi.newpipe.fragments.detail.VideoDetailFragment$$ExternalSyntheticLambda18
02-24 11:07:50.215  3675  3675 D TEST_LOG: METHOD=<org.schabi.newpipe.fragments.detail.VideoDetailFragment$$ExternalSyntheticLambda18: void <init>(org.schabi.newpipe.fragments.detail.VideoDetailFragment)>
02-24 11:07:50.215  3675  3675 D TEST_LOG: CLASS=org.schabi.newpipe.fragments.detail.VideoDetailFragment$$ExternalSyntheticLambda19
02-24 11:07:50.215  3675  3675 D TEST_LOG: METHOD=<org.schabi.newpipe.fragments.detail.VideoDetailFragment$$ExternalSyntheticLambda19: void <init>(org.schabi.newpipe.fragments.detail.VideoDetailFragment)>
02-24 11:07:50.215  3675  3675 D TEST_LOG: CLASS=org.schabi.newpipe.fragments.detail.VideoDetailFragment$$ExternalSyntheticLambda20
02-24 11:07:50.215  3675  3675 D TEST_LOG: METHOD=<org.schabi.newpipe.fragments.detail.VideoDetailFragment$$ExternalSyntheticLambda20: void <init>(org.schabi.newpipe.fragments.detail.VideoDetailFragment)>
02-24 11:07:50.215  3675  3675 D TEST_LOG: METHOD=<org.schabi.newpipe.fragments.detail.VideoDetailFragment: void setOnLongClickListeners()>
02-24 11:07:50.215  3675  3675 D TEST_LOG: CLASS=org.schabi.newpipe.fragments.detail.VideoDetailFragment$$ExternalSyntheticLambda37
02-24 11:07:50.215  3675  3675 D TEST_LOG: METHOD=<org.schabi.newpipe.fragments.detail.VideoDetailFragment$$ExternalSyntheticLambda37: void <init>(org.schabi.newpipe.fragments.detail.VideoDetailFragment)>
02-24 11:07:50.215  3675  3675 D TEST_LOG: METHOD=<org.schabi.newpipe.fragments.detail.VideoDetailFragment: android.view.View$OnLongClickListener makeOnLongClickListener(java.util.function.Consumer)>
02-24 11:07:50.215  3675  3675 D TEST_LOG: CLASS=org.schabi.newpipe.fragments.detail.VideoDetailFragment$$ExternalSyntheticLambda56
02-24 11:07:50.215  3675  3675 D TEST_LOG: METHOD=<org.schabi.newpipe.fragments.detail.VideoDetailFragment$$ExternalSyntheticLambda56: void <init>(org.schabi.newpipe.fragments.detail.VideoDetailFragment,java.util.function.Consumer)>
02-24 11:07:50.215  3675  3675 D TEST_LOG: CLASS=org.schabi.newpipe.fragments.detail.VideoDetailFragment$$ExternalSyntheticLambda38
02-24 11:07:50.215  3675  3675 D TEST_LOG: METHOD=<org.schabi.newpipe.fragments.detail.VideoDetailFragment$$ExternalSyntheticLambda38: void <init>(org.schabi.newpipe.fragments.detail.VideoDetailFragment)>
02-24 11:07:50.215  3675  3675 D TEST_LOG: CLASS=org.schabi.newpipe.fragments.detail.VideoDetailFragment$$ExternalSyntheticLambda39
02-24 11:07:50.215  3675  3675 D TEST_LOG: METHOD=<org.schabi.newpipe.fragments.detail.VideoDetailFragment$$ExternalSyntheticLambda39: void <init>(org.schabi.newpipe.fragments.detail.VideoDetailFragment)>
02-24 11:07:50.215  3675  3675 D TEST_LOG: CLASS=org.schabi.newpipe.fragments.detail.VideoDetailFragment$$ExternalSyntheticLambda40
02-24 11:07:50.215  3675  3675 D TEST_LOG: METHOD=<org.schabi.newpipe.fragments.detail.VideoDetailFragment$$ExternalSyntheticLambda40: void <init>(org.schabi.newpipe.fragments.detail.VideoDetailFragment)>
02-24 11:07:50.215  3675  3675 D TEST_LOG: CLASS=org.schabi.newpipe.fragments.detail.VideoDetailFragment$$ExternalSyntheticLambda41
02-24 11:07:50.215  3675  3675 D TEST_LOG: METHOD=<org.schabi.newpipe.fragments.detail.VideoDetailFragment$$ExternalSyntheticLambda41: void <init>(org.schabi.newpipe.fragments.detail.VideoDetailFragment)>
02-24 11:07:50.215  3675  3675 D TEST_LOG: CLASS=org.schabi.newpipe.fragments.detail.VideoDetailFragment$$ExternalSyntheticLambda42
02-24 11:07:50.215  3675  3675 D TEST_LOG: METHOD=<org.schabi.newpipe.fragments.detail.VideoDetailFragment$$ExternalSyntheticLambda42: void <init>(org.schabi.newpipe.fragments.detail.VideoDetailFragment)>
02-24 11:07:50.215  3675  3675 D TEST_LOG: CLASS=org.schabi.newpipe.fragments.detail.VideoDetailFragment$$ExternalSyntheticLambda9
02-24 11:07:50.215  3675  3675 D TEST_LOG: METHOD=<org.schabi.newpipe.fragments.detail.VideoDetailFragment$$ExternalSyntheticLambda9: void <init>(org.schabi.newpipe.fragments.detail.VideoDetailFragment)>
02-24 11:07:50.215  3675  3675 D TEST_LOG: CLASS=org.schabi.newpipe.fragments.detail.VideoDetailFragment$$ExternalSyntheticLambda10
02-24 11:07:50.215  3675  3675 D TEST_LOG: METHOD=<org.schabi.newpipe.fragments.detail.VideoDetailFragment$$ExternalSyntheticLambda10: void <init>(org.schabi.newpipe.fragments.detail.VideoDetailFragment)>
02-24 11:07:50.215  3675  3675 D TEST_LOG: METHOD=<org.schabi.newpipe.fragments.detail.VideoDetailFragment: void setupBottomPlayer()>
02-24 11:07:50.215  3675  3675 D TEST_LOG: METHOD=<org.schabi.newpipe.fragments.detail.VideoDetailFragment: void updateBottomSheetState(int)>
02-24 11:07:50.220  3675  3675 D TEST_LOG: METHOD=<org.schabi.newpipe.fragments.detail.VideoDetailFragment: void manageSpaceAtTheBottom(boolean)>
02-24 11:07:50.220  3675  3675 D TEST_LOG: METHOD=<org.schabi.newpipe.fragments.detail.VideoDetailFragment: void setOverlayElementsClickable(boolean)>
02-24 11:07:50.221  3675  3675 D TEST_LOG: CLASS=org.schabi.newpipe.fragments.detail.VideoDetailFragment$4
02-24 11:07:50.221  3675  3675 D TEST_LOG: METHOD=<org.schabi.newpipe.fragments.detail.VideoDetailFragment$4: void <init>(org.schabi.newpipe.fragments.detail.VideoDetailFragment,int,com.google.android.material.appbar.AppBarLayout$Behavior)>
02-24 11:07:50.221  3675  3675 D TEST_LOG: CLASS=org.schabi.newpipe.fragments.detail.VideoDetailFragment$$ExternalSyntheticLambda36
02-24 11:07:50.221  3675  3675 D TEST_LOG: METHOD=<org.schabi.newpipe.fragments.detail.VideoDetailFragment$$ExternalSyntheticLambda36: void <init>(org.schabi.newpipe.fragments.detail.VideoDetailFragment)>
02-24 11:07:50.221  3675  3675 D TEST_LOG: METHOD=<org.schabi.newpipe.player.helper.PlayerHolder: boolean isBound()>
02-24 11:07:50.221  3675  3675 D TEST_LOG: METHOD=<org.schabi.newpipe.fragments.detail.VideoDetailFragment: void setHeightThumbnail()>
02-24 11:07:50.221  3675  3675 D TEST_LOG: METHOD=<org.schabi.newpipe.fragments.detail.VideoDetailFragment: boolean isFullscreen()>
02-24 11:07:50.221  3675  3675 D TEST_LOG: METHOD=<org.schabi.newpipe.fragments.detail.VideoDetailFragment: boolean isPlayerAvailable()>
02-24 11:07:50.221  3675  3675 D TEST_LOG: METHOD=<org.schabi.newpipe.fragments.detail.VideoDetailFragment: void setHeightThumbnail(int,android.util.DisplayMetrics)>
02-24 11:07:50.221  3675  3675 D TEST_LOG: METHOD=<org.schabi.newpipe.fragments.detail.VideoDetailFragment: void doInitialLoadLogic()>
02-24 11:07:50.221  3675  3675 D TEST_LOG: METHOD=<org.schabi.newpipe.fragments.detail.VideoDetailFragment: boolean wasCleared()>
02-24 11:07:50.221  3675  3675 D TEST_LOG: METHOD=<org.schabi.newpipe.fragments.detail.VideoDetailFragment: void prepareAndLoadInfo()>
02-24 11:07:50.221  3675  3675 D TEST_LOG: METHOD=<org.schabi.newpipe.fragments.detail.VideoDetailFragment: void scrollToTop()>
02-24 11:07:50.221  3675  3675 D TEST_LOG: METHOD=<org.schabi.newpipe.fragments.detail.VideoDetailFragment: void updateTabLayoutVisibility()>
02-24 11:07:50.221  3675  3675 D TEST_LOG: METHOD=<org.schabi.newpipe.fragments.detail.VideoDetailFragment: void startLoading(boolean)>
02-24 11:07:50.221  3675  3675 D TEST_LOG: METHOD=<org.schabi.newpipe.fragments.detail.VideoDetailFragment: void showLoading()>
02-24 11:07:50.221  3675  3675 D TEST_LOG: METHOD=<org.schabi.newpipe.util.ExtractorHelper: boolean isCached(int,java.lang.String,org.schabi.newpipe.extractor.InfoItem$InfoType)>
02-24 11:07:50.221  3675  3675 D TEST_LOG: METHOD=<org.schabi.newpipe.util.PicassoHelper: void cancelTag(java.lang.Object)>
02-24 11:07:50.226  3675  3675 D TEST_LOG: METHOD=<org.schabi.newpipe.fragments.detail.VideoDetailFragment: void initTabs()>
02-24 11:07:50.226  3675  3675 D TEST_LOG: METHOD=<org.schabi.newpipe.fragments.detail.TabAdapter: void clearAllItems()>
02-24 11:07:50.226  3675  3675 D TEST_LOG: METHOD=<org.schabi.newpipe.fragments.detail.VideoDetailFragment: boolean shouldShowComments()>
02-24 11:07:50.226  3675  3675 D TEST_LOG: METHOD=<org.schabi.newpipe.extractor.StreamingService$ServiceInfo: java.util.List getMediaCapabilities()>
02-24 11:07:50.226  3675  3675 D TEST_LOG: METHOD=<org.schabi.newpipe.fragments.list.comments.CommentsFragment: org.schabi.newpipe.fragments.list.comments.CommentsFragment getInstance(int,java.lang.String,java.lang.String)>
02-24 11:07:50.226  3675  3675 D TEST_LOG: CLASS=org.schabi.newpipe.fragments.list.comments.CommentsFragment
02-24 11:07:50.226  3675  3675 D TEST_LOG: METHOD=<org.schabi.newpipe.fragments.list.comments.CommentsFragment: void <init>()>
02-24 11:07:50.226  3675  3675 D TEST_LOG: METHOD=<org.schabi.newpipe.fragments.list.BaseListInfoFragment: void setInitialData(int,java.lang.String,java.lang.String)>
02-24 11:07:50.226  3675  3675 D TEST_LOG: METHOD=<org.schabi.newpipe.fragments.detail.TabAdapter: void addFragment(androidx.fragment.app.Fragment,java.lang.String)>
02-24 11:07:50.226  3675  3675 D TEST_LOG: METHOD=<org.schabi.newpipe.fragments.EmptyFragment: org.schabi.newpipe.fragments.EmptyFragment newInstance(boolean)>
02-24 11:07:50.226  3675  3675 D TEST_LOG: CLASS=org.schabi.newpipe.fragments.EmptyFragment
02-24 11:07:50.226  3675  3675 D TEST_LOG: METHOD=<org.schabi.newpipe.fragments.EmptyFragment: void <init>()>
02-24 11:07:50.226  3675  3675 D TEST_LOG: METHOD=<org.schabi.newpipe.fragments.detail.TabAdapter: void notifyDataSetUpdate()>
02-24 11:07:50.249  3675  3675 D TEST_LOG: METHOD=<org.schabi.newpipe.fragments.detail.TabAdapter: int getItemPositionByTitle(java.lang.String)>
02-24 11:07:50.249  3675  3675 D TEST_LOG: METHOD=<org.schabi.newpipe.fragments.detail.VideoDetailFragment: void updateTabIconsAndContentDescriptions()>
02-24 11:07:50.267  3675  3675 D TEST_LOG: CLASS=org.schabi.newpipe.fragments.detail.VideoDetailFragment$$ExternalSyntheticLambda6
02-24 11:07:50.267  3675  3675 D TEST_LOG: METHOD=<org.schabi.newpipe.fragments.detail.VideoDetailFragment$$ExternalSyntheticLambda6: void <init>(org.schabi.newpipe.fragments.detail.VideoDetailFragment)>
02-24 11:07:50.267  3675  3675 D TEST_LOG: METHOD=<org.schabi.newpipe.fragments.detail.VideoDetailFragment: void runWorker(boolean,boolean)>
02-24 11:07:50.267  3675  3675 D TEST_LOG: METHOD=<org.schabi.newpipe.util.ExtractorHelper: io.reactivex.rxjava3.core.Single getStreamInfo(int,java.lang.String,boolean)>
02-24 11:07:50.267  3675  3675 D TEST_LOG: CLASS=org.schabi.newpipe.util.ExtractorHelper$$ExternalSyntheticLambda3
02-24 11:07:50.267  3675  3675 D TEST_LOG: METHOD=<org.schabi.newpipe.util.ExtractorHelper$$ExternalSyntheticLambda3: void <init>(int,java.lang.String)>
02-24 11:07:50.267  3675  3675 D TEST_LOG: CLASS=org.schabi.newpipe.fragments.detail.VideoDetailFragment$$ExternalSyntheticLambda13
02-24 11:07:50.267  3675  3675 D TEST_LOG: METHOD=<org.schabi.newpipe.fragments.detail.VideoDetailFragment$$ExternalSyntheticLambda13: void <init>(org.schabi.newpipe.fragments.detail.VideoDetailFragment,android.content.SharedPreferences,boolean)>
02-24 11:07:50.267  3675  3675 D TEST_LOG: CLASS=org.schabi.newpipe.fragments.detail.VideoDetailFragment$$ExternalSyntheticLambda14
02-24 11:07:50.267  3675  3675 D TEST_LOG: METHOD=<org.schabi.newpipe.fragments.detail.VideoDetailFragment$$ExternalSyntheticLambda14: void <init>(org.schabi.newpipe.fragments.detail.VideoDetailFragment)>
02-24 11:07:50.285  3675  3749 D TEST_LOG: METHOD=<org.schabi.newpipe.util.ExtractorHelper$$ExternalSyntheticLambda3: java.lang.Object call()>
02-24 11:07:50.285  3675  3749 D TEST_LOG: METHOD=<org.schabi.newpipe.util.ExtractorHelper: org.schabi.newpipe.extractor.stream.StreamInfo $r8$lambda$YTHJjScxCJNO1LTCqs3IKy35iyY(int,java.lang.String)>
02-24 11:07:50.285  3675  3749 D TEST_LOG: METHOD=<org.schabi.newpipe.util.ExtractorHelper: org.schabi.newpipe.extractor.stream.StreamInfo lambda$getStreamInfo$3(int,java.lang.String)>
02-24 11:07:50.286  3675  3675 D TEST_LOG: METHOD=<org.schabi.newpipe.util.NavigationHelper$$ExternalSyntheticLambda1: void run()>
02-24 11:07:50.286  3675  3675 D TEST_LOG: METHOD=<org.schabi.newpipe.util.NavigationHelper: void $r8$lambda$1xcyoL0x4fz5ZC1saUnDfBTy7Bo(org.schabi.newpipe.util.NavigationHelper$RunnableWithVideoDetailFragment,org.schabi.newpipe.fragments.detail.VideoDetailFragment)>
02-24 11:07:50.286  3675  3675 D TEST_LOG: METHOD=<org.schabi.newpipe.util.NavigationHelper: void lambda$openVideoDetailFragment$4(org.schabi.newpipe.util.NavigationHelper$RunnableWithVideoDetailFragment,org.schabi.newpipe.fragments.detail.VideoDetailFragment)>
02-24 11:07:50.286  3675  3675 D TEST_LOG: METHOD=<org.schabi.newpipe.util.NavigationHelper$$ExternalSyntheticLambda0: void run(org.schabi.newpipe.fragments.detail.VideoDetailFragment)>
02-24 11:07:50.286  3675  3675 D TEST_LOG: METHOD=<org.schabi.newpipe.util.NavigationHelper: void $r8$lambda$GrkDVnwc4iZT5KWXc1p9N6Bxg2k(boolean,boolean,org.schabi.newpipe.player.PlayerType,android.content.Context,int,java.lang.String,java.lang.String,org.schabi.newpipe.player.playqueue.PlayQueue,org.schabi.newpipe.fragments.detail.VideoDetailFragment)>
02-24 11:07:50.286  3675  3675 D TEST_LOG: METHOD=<org.schabi.newpipe.util.NavigationHelper: void lambda$openVideoDetailFragment$3(boolean,boolean,org.schabi.newpipe.player.PlayerType,android.content.Context,int,java.lang.String,java.lang.String,org.schabi.newpipe.player.playqueue.PlayQueue,org.schabi.newpipe.fragments.detail.VideoDetailFragment)>
02-24 11:07:50.286  3675  3675 D TEST_LOG: METHOD=<org.schabi.newpipe.util.NavigationHelper: void expandMainPlayer(android.content.Context)>
02-24 11:07:50.298  3675  3675 D TEST_LOG: METHOD=<org.schabi.newpipe.fragments.detail.VideoDetailFragment: void selectAndLoadVideo(int,java.lang.String,java.lang.String,org.schabi.newpipe.player.playqueue.PlayQueue)>
02-24 11:07:50.298  3675  3675 D TEST_LOG: METHOD=<org.schabi.newpipe.fragments.detail.VideoDetailFragment: void startLoading(boolean,boolean)>
02-24 11:07:50.299  3675  3675 D TEST_LOG: METHOD=<org.schabi.newpipe.fragments.detail.TabAdapter: java.lang.String getItemTitle(int)>
02-24 11:07:50.305  3675  5646 D TEST_LOG: METHOD=<org.schabi.newpipe.extractor.stream.StreamInfo: org.schabi.newpipe.extractor.stream.StreamInfo getInfo(org.schabi.newpipe.extractor.StreamingService,java.lang.String)>
02-24 11:07:50.305  3675  5646 D TEST_LOG: METHOD=<org.schabi.newpipe.extractor.StreamingService: org.schabi.newpipe.extractor.stream.StreamExtractor getStreamExtractor(java.lang.String)>
02-24 11:07:50.305  3675  5646 D TEST_LOG: METHOD=<org.schabi.newpipe.extractor.linkhandler.LinkHandlerFactory: org.schabi.newpipe.extractor.linkhandler.LinkHandler fromUrl(java.lang.String)>
02-24 11:07:50.305  3675  5646 D TEST_LOG: METHOD=<org.schabi.newpipe.extractor.utils.Utils: java.lang.String getQueryValue(java.net.URL,java.lang.String)>
02-24 11:07:50.306  3675  5646 D TEST_LOG: METHOD=<org.schabi.newpipe.extractor.utils.Utils: java.lang.String decodeUrlUtf8(java.lang.String)>
02-24 11:07:50.306  3675  5646 D TEST_LOG: METHOD=<org.schabi.newpipe.extractor.services.youtube.linkHandler.YoutubeStreamLinkHandlerFactory: java.lang.String getIdFromSubpathsInPath(java.lang.String)>
02-24 11:07:50.306  3675  5646 D TEST_LOG: METHOD=<org.schabi.newpipe.extractor.services.youtube.linkHandler.YoutubeStreamLinkHandlerFactory: java.lang.String assertIsId(java.lang.String)>
02-24 11:07:50.306  3675  5646 D TEST_LOG: METHOD=<org.schabi.newpipe.extractor.services.youtube.linkHandler.YoutubeStreamLinkHandlerFactory: java.lang.String extractId(java.lang.String)>
02-24 11:07:50.306  3675  5646 D TEST_LOG: METHOD=<org.schabi.newpipe.extractor.linkhandler.LinkHandlerFactory: java.lang.String getUrl(java.lang.String,java.lang.String)>
02-24 11:07:50.306  3675  5646 D TEST_LOG: METHOD=<org.schabi.newpipe.extractor.services.youtube.YoutubeService: org.schabi.newpipe.extractor.stream.StreamExtractor getStreamExtractor(org.schabi.newpipe.extractor.linkhandler.LinkHandler)>
02-24 11:07:50.307  3675  5646 D TEST_LOG: CLASS=org.schabi.newpipe.extractor.services.youtube.extractors.YoutubeStreamExtractor
02-24 11:07:50.307  3675  5646 D TEST_LOG: METHOD=<org.schabi.newpipe.extractor.services.youtube.extractors.YoutubeStreamExtractor: void <clinit>()>
02-24 11:07:50.307  3675  5646 D TEST_LOG: METHOD=<org.schabi.newpipe.extractor.services.youtube.extractors.YoutubeStreamExtractor: void <init>(org.schabi.newpipe.extractor.StreamingService,org.schabi.newpipe.extractor.linkhandler.LinkHandler)>
02-24 11:07:50.307  3675  5646 D TEST_LOG: CLASS=org.schabi.newpipe.extractor.stream.StreamExtractor
02-24 11:07:50.307  3675  5646 D TEST_LOG: METHOD=<org.schabi.newpipe.extractor.stream.StreamExtractor: void <init>(org.schabi.newpipe.extractor.StreamingService,org.schabi.newpipe.extractor.linkhandler.LinkHandler)>
02-24 11:07:50.307  3675  5646 D TEST_LOG: METHOD=<org.schabi.newpipe.extractor.stream.StreamInfo: org.schabi.newpipe.extractor.stream.StreamInfo getInfo(org.schabi.newpipe.extractor.stream.StreamExtractor)>
02-24 11:07:50.307  3675  5646 D TEST_LOG: METHOD=<org.schabi.newpipe.extractor.services.youtube.extractors.YoutubeStreamExtractor: void onFetchPage(org.schabi.newpipe.extractor.downloader.Downloader)>
02-24 11:07:50.307  3675  5646 D TEST_LOG: METHOD=<org.schabi.newpipe.extractor.services.youtube.extractors.YoutubeStreamExtractor: void initStsFromPlayerJsIfNeeded()>
02-24 11:07:50.307  3675  5646 D TEST_LOG: METHOD=<org.schabi.newpipe.extractor.services.youtube.extractors.YoutubeStreamExtractor: void storePlayerJs()>
02-24 11:07:50.307  3675  5646 D TEST_LOG: METHOD=<org.schabi.newpipe.extractor.services.youtube.YoutubeJavaScriptExtractor: java.lang.String extractJavaScriptCode()>
02-24 11:07:50.307  3675  5646 D TEST_LOG: METHOD=<org.schabi.newpipe.extractor.services.youtube.YoutubeJavaScriptExtractor: java.lang.String extractJavaScriptCode(java.lang.String)>
02-24 11:07:50.307  3675  5646 D TEST_LOG: METHOD=<org.schabi.newpipe.extractor.services.youtube.YoutubeJavaScriptExtractor: java.lang.String extractJavaScriptUrl()>
02-24 11:07:50.307  3675  5646 D TEST_LOG: METHOD=<org.schabi.newpipe.extractor.downloader.Downloader: org.schabi.newpipe.extractor.downloader.Response get(java.lang.String,org.schabi.newpipe.extractor.localization.Localization)>
02-24 11:07:50.327  3675  3749 D TEST_LOG: METHOD=<org.schabi.newpipe.extractor.stream.StreamInfo: org.schabi.newpipe.extractor.stream.StreamInfo getInfo(org.schabi.newpipe.extractor.StreamingService,java.lang.String)>
02-24 11:07:50.391  3675  3675 D TEST_LOG: METHOD=<org.schabi.newpipe.fragments.detail.TabAdapter: androidx.fragment.app.Fragment getItem(int)>
02-24 11:07:50.394  3675  3675 D TEST_LOG: METHOD=<org.schabi.newpipe.fragments.list.BaseListInfoFragment$$Icepick: void restore(java.lang.Object,android.os.Bundle)>
02-24 11:07:50.394  3675  3675 D TEST_LOG: METHOD=<org.schabi.newpipe.fragments.list.BaseListInfoFragment$$Icepick: void restore(org.schabi.newpipe.fragments.list.BaseListInfoFragment,android.os.Bundle)>
02-24 11:07:50.398  3675  3675 D TEST_LOG: METHOD=<org.schabi.newpipe.fragments.list.comments.CommentsFragment: android.view.View onCreateView(android.view.LayoutInflater,android.view.ViewGroup,android.os.Bundle)>
02-24 11:07:50.411  3675  3675 D TEST_LOG: METHOD=<org.schabi.newpipe.fragments.list.comments.CommentsFragment: void initViews(android.view.View,android.os.Bundle)>
02-24 11:07:50.416  3675  3675 D TEST_LOG: METHOD=<org.schabi.newpipe.fragments.list.comments.CommentsFragment: org.schabi.newpipe.info_list.ItemViewMode getItemViewMode()>
02-24 11:07:50.417  3675  3675 D TEST_LOG: METHOD=<org.schabi.newpipe.fragments.list.comments.CommentsFragment: void setTitle(java.lang.String)>
02-24 11:07:50.417  3675  3675 D TEST_LOG: METHOD=<org.schabi.newpipe.fragments.list.comments.CommentsFragment: io.reactivex.rxjava3.core.Single loadResult(boolean)>
02-24 11:07:50.417  3675  3675 D TEST_LOG: METHOD=<org.schabi.newpipe.util.ExtractorHelper: io.reactivex.rxjava3.core.Single getCommentsInfo(int,java.lang.String,boolean)>
02-24 11:07:50.417  3675  3675 D TEST_LOG: CLASS=org.schabi.newpipe.util.ExtractorHelper$$ExternalSyntheticLambda4
02-24 11:07:50.417  3675  3675 D TEST_LOG: METHOD=<org.schabi.newpipe.util.ExtractorHelper$$ExternalSyntheticLambda4: void <init>(int,java.lang.String)>
02-24 11:07:50.418  3675  3675 D TEST_LOG: METHOD=<org.schabi.newpipe.fragments.EmptyFragment: android.view.View onCreateView(android.view.LayoutInflater,android.view.ViewGroup,android.os.Bundle)>
02-24 11:07:50.426  3675  3740 D TEST_LOG: METHOD=<org.schabi.newpipe.util.ExtractorHelper$$ExternalSyntheticLambda4: java.lang.Object call()>
02-24 11:07:50.426  3675  3740 D TEST_LOG: METHOD=<org.schabi.newpipe.util.ExtractorHelper: org.schabi.newpipe.extractor.comments.CommentsInfo $r8$lambda$60N_-UL7E5eaxFaFO1bZZmnfwM8(int,java.lang.String)>
02-24 11:07:50.426  3675  3740 D TEST_LOG: METHOD=<org.schabi.newpipe.util.ExtractorHelper: org.schabi.newpipe.extractor.comments.CommentsInfo lambda$getCommentsInfo$7(int,java.lang.String)>
02-24 11:07:50.443  3675  3675 D TEST_LOG: METHOD=<org.schabi.newpipe.fragments.detail.VideoDetailFragment$$ExternalSyntheticLambda10: void onOffsetChanged(com.google.android.material.appbar.AppBarLayout,int)>
02-24 11:07:50.443  3675  3675 D TEST_LOG: METHOD=<org.schabi.newpipe.fragments.detail.VideoDetailFragment: void $r8$lambda$hlsp2rbi8kkb7WfwNC4OzcG13jw(org.schabi.newpipe.fragments.detail.VideoDetailFragment,com.google.android.material.appbar.AppBarLayout,int)>
02-24 11:07:50.443  3675  3675 D TEST_LOG: METHOD=<org.schabi.newpipe.fragments.detail.VideoDetailFragment: void lambda$initListeners$29(com.google.android.material.appbar.AppBarLayout,int)>
02-24 11:07:50.449  3675  3740 D TEST_LOG: METHOD=<org.schabi.newpipe.extractor.comments.CommentsInfo: org.schabi.newpipe.extractor.comments.CommentsInfo getInfo(org.schabi.newpipe.extractor.StreamingService,java.lang.String)>
02-24 11:07:50.449  3675  3740 D TEST_LOG: METHOD=<org.schabi.newpipe.extractor.StreamingService: org.schabi.newpipe.extractor.comments.CommentsExtractor getCommentsExtractor(java.lang.String)>
02-24 11:07:50.449  3675  3740 D TEST_LOG: METHOD=<org.schabi.newpipe.extractor.services.youtube.YoutubeService: org.schabi.newpipe.extractor.linkhandler.ListLinkHandlerFactory getCommentsLHFactory()>
02-24 11:07:50.450  3675  3740 D TEST_LOG: CLASS=org.schabi.newpipe.extractor.services.youtube.linkHandler.YoutubeCommentsLinkHandlerFactory
02-24 11:07:50.450  3675  3740 D TEST_LOG: METHOD=<org.schabi.newpipe.extractor.services.youtube.linkHandler.YoutubeCommentsLinkHandlerFactory: void <clinit>()>
02-24 11:07:50.450  3675  3740 D TEST_LOG: METHOD=<org.schabi.newpipe.extractor.services.youtube.linkHandler.YoutubeCommentsLinkHandlerFactory: void <init>()>
02-24 11:07:50.450  3675  3740 D TEST_LOG: METHOD=<org.schabi.newpipe.extractor.services.youtube.linkHandler.YoutubeCommentsLinkHandlerFactory: org.schabi.newpipe.extractor.services.youtube.linkHandler.YoutubeCommentsLinkHandlerFactory getInstance()>
02-24 11:07:50.450  3675  3740 D TEST_LOG: METHOD=<org.schabi.newpipe.extractor.services.youtube.linkHandler.YoutubeCommentsLinkHandlerFactory: boolean onAcceptUrl(java.lang.String)>
02-24 11:07:50.450  3675  3740 D TEST_LOG: METHOD=<org.schabi.newpipe.extractor.services.youtube.linkHandler.YoutubeCommentsLinkHandlerFactory: java.lang.String getId(java.lang.String)>
02-24 11:07:50.450  3675  3740 D TEST_LOG: METHOD=<org.schabi.newpipe.extractor.services.youtube.linkHandler.YoutubeCommentsLinkHandlerFactory: java.lang.String getUrl(java.lang.String,java.util.List,java.lang.String)>
02-24 11:07:50.450  3675  3740 D TEST_LOG: METHOD=<org.schabi.newpipe.extractor.services.youtube.linkHandler.YoutubeCommentsLinkHandlerFactory: java.lang.String getUrl(java.lang.String)>
02-24 11:07:50.450  3675  3740 D TEST_LOG: METHOD=<org.schabi.newpipe.extractor.services.youtube.YoutubeService: org.schabi.newpipe.extractor.comments.CommentsExtractor getCommentsExtractor(org.schabi.newpipe.extractor.linkhandler.ListLinkHandler)>
02-24 11:07:50.450  3675  3740 D TEST_LOG: CLASS=org.schabi.newpipe.extractor.services.youtube.extractors.YoutubeCommentsExtractor
02-24 11:07:50.450  3675  3740 D TEST_LOG: METHOD=<org.schabi.newpipe.extractor.services.youtube.extractors.YoutubeCommentsExtractor: void <init>(org.schabi.newpipe.extractor.StreamingService,org.schabi.newpipe.extractor.linkhandler.ListLinkHandler)>
02-24 11:07:50.450  3675  3740 D TEST_LOG: CLASS=org.schabi.newpipe.extractor.comments.CommentsExtractor
02-24 11:07:50.450  3675  3740 D TEST_LOG: METHOD=<org.schabi.newpipe.extractor.comments.CommentsExtractor: void <init>(org.schabi.newpipe.extractor.StreamingService,org.schabi.newpipe.extractor.linkhandler.ListLinkHandler)>
02-24 11:07:50.450  3675  3740 D TEST_LOG: METHOD=<org.schabi.newpipe.extractor.comments.CommentsInfo: org.schabi.newpipe.extractor.comments.CommentsInfo getInfo(org.schabi.newpipe.extractor.comments.CommentsExtractor)>
02-24 11:07:50.450  3675  3740 D TEST_LOG: METHOD=<org.schabi.newpipe.extractor.services.youtube.extractors.YoutubeCommentsExtractor: void onFetchPage(org.schabi.newpipe.extractor.downloader.Downloader)>
02-24 11:07:50.450  3675  3740 D TEST_LOG: METHOD=<org.schabi.newpipe.extractor.Extractor: java.lang.String getId()>
02-24 11:07:50.475  3675  3675 D TEST_LOG: METHOD=<org.schabi.newpipe.fragments.detail.VideoDetailFragment$4: void onStateChanged(android.view.View,int)>
02-24 11:07:50.475  3675  3675 D TEST_LOG: METHOD=<org.schabi.newpipe.fragments.detail.VideoDetailFragment: void '-$$Nest$mupdateBottomSheetState'(org.schabi.newpipe.fragments.detail.VideoDetailFragment,int)>
02-24 11:07:50.475  3675  3675 D TEST_LOG: METHOD=<org.schabi.newpipe.fragments.detail.VideoDetailFragment: boolean '-$$Nest$misFullscreen'(org.schabi.newpipe.fragments.detail.VideoDetailFragment)>
02-24 11:07:50.475  3675  3675 D TEST_LOG: METHOD=<org.schabi.newpipe.fragments.detail.VideoDetailFragment$$ExternalSyntheticLambda6: void run()>
02-24 11:07:50.475  3675  3675 D TEST_LOG: METHOD=<org.schabi.newpipe.fragments.detail.VideoDetailFragment: void $r8$lambda$cjn-JdLW6wTDiBTmiEuWxq0YFEU(org.schabi.newpipe.fragments.detail.VideoDetailFragment)>
02-24 11:07:50.475  3675  3675 D TEST_LOG: METHOD=<org.schabi.newpipe.fragments.detail.VideoDetailFragment: void lambda$updateTabLayoutVisibility$34()>
02-24 11:07:50.475  3675  3675 D TEST_LOG: METHOD=<org.schabi.newpipe.util.DeviceUtils: int getWindowHeight(android.view.WindowManager)>
02-24 11:07:50.475  3675  3675 D TEST_LOG: METHOD=<org.schabi.newpipe.player.ui.PopupPlayerUi$$ExternalSyntheticApiModelOutline0: android.view.WindowMetrics m(android.view.WindowManager)>
02-24 11:07:50.485  3675  3675 D TEST_LOG: METHOD=<org.schabi.newpipe.player.ui.PopupPlayerUi$$ExternalSyntheticApiModelOutline2: android.view.WindowInsets m(android.view.WindowMetrics)>
02-24 11:07:50.488  3675  3749 D TEST_LOG: METHOD=<org.schabi.newpipe.extractor.services.youtube.YoutubeJavaScriptExtractor: java.lang.String extractJavaScriptUrl(java.lang.String)>
02-24 11:07:50.488  3675  3749 D TEST_LOG: METHOD=<org.schabi.newpipe.App$1: void accept(java.lang.Object)>
02-24 11:07:50.488  3675  3749 D TEST_LOG: METHOD=<org.schabi.newpipe.App$1: void accept(java.lang.Throwable)>
02-24 11:07:50.488  3675  3749 D TEST_LOG: METHOD=<org.schabi.newpipe.App: java.lang.String '-$$Nest$sfgetTAG'()>
02-24 11:07:50.488  3675  3749 D TEST_LOG: METHOD=<org.schabi.newpipe.App$1: boolean isThrowableIgnored(java.lang.Throwable)>
02-24 11:07:50.488  3675  3749 D TEST_LOG: METHOD=<org.schabi.newpipe.App$1: boolean isThrowableCritical(java.lang.Throwable)>
02-24 11:07:50.488  3675  3749 D TEST_LOG: METHOD=<org.schabi.newpipe.App: boolean isDisposedRxExceptionsReported()>
02-24 11:07:50.501  3675  3675 D TEST_LOG: METHOD=<org.schabi.newpipe.player.ui.PopupPlayerUi$$ExternalSyntheticApiModelOutline3: android.graphics.Insets m(android.view.WindowInsets,int)>
02-24 11:07:50.501  3675  3675 D TEST_LOG: METHOD=<org.schabi.newpipe.player.ui.PopupPlayerUi$$ExternalSyntheticApiModelOutline1: android.graphics.Rect m(android.view.WindowMetrics)>
02-24 11:07:50.506  3675  3675 D TEST_LOG: BROADCASTRECEIVER=org.schabi.newpipe.fragments.detail.VideoDetailFragment$3
02-24 11:07:50.506  3675  3675 D TEST_LOG: METHOD=<org.schabi.newpipe.fragments.detail.VideoDetailFragment$3: void onReceive(android.content.Context,android.content.Intent)>
02-24 11:07:50.506  3675  3675 D TEST_LOG: METHOD=<org.schabi.newpipe.fragments.detail.VideoDetailFragment: com.google.android.material.bottomsheet.BottomSheetBehavior '-$$Nest$fgetbottomSheetBehavior'(org.schabi.newpipe.fragments.detail.VideoDetailFragment)>
02-24 11:07:50.519  3675  3675 D TEST_LOG: METHOD=<org.schabi.newpipe.fragments.detail.VideoDetailFragment: void onResume()>
02-24 11:07:50.521  3675  3675 D TEST_LOG: METHOD=<org.schabi.newpipe.fragments.detail.VideoDetailFragment: void updateOverlayPlayQueueButtonVisibility()>
02-24 11:07:50.525  3675  3675 D TEST_LOG: METHOD=<org.schabi.newpipe.fragments.detail.VideoDetailFragment: void setupBrightness()>
02-24 11:07:50.525  3675  3675 D TEST_LOG: METHOD=<org.schabi.newpipe.fragments.detail.VideoDetailFragment: void restoreDefaultBrightness()>
02-24 11:07:50.532  3675  3675 D TEST_LOG: METHOD=<org.schabi.newpipe.fragments.list.comments.CommentsFragment: void onCreateOptionsMenu(android.view.Menu,android.view.MenuInflater)>
02-24 11:07:50.540  3675  3675 D TEST_LOG: METHOD=<org.schabi.newpipe.fragments.detail.VideoDetailFragment$4: void onSlide(android.view.View,float)>
02-24 11:07:50.540  3675  3675 D TEST_LOG: METHOD=<org.schabi.newpipe.fragments.detail.VideoDetailFragment: org.schabi.newpipe.databinding.FragmentVideoDetailBinding '-$$Nest$fgetbinding'(org.schabi.newpipe.fragments.detail.VideoDetailFragment)>
02-24 11:07:50.540  3675  3675 D TEST_LOG: METHOD=<org.schabi.newpipe.fragments.detail.VideoDetailFragment: void '-$$Nest$msetOverlayLook'(org.schabi.newpipe.fragments.detail.VideoDetailFragment,com.google.android.material.appbar.AppBarLayout,com.google.android.material.appbar.AppBarLayout$Behavior,float)>
02-24 11:07:50.540  3675  3675 D TEST_LOG: METHOD=<org.schabi.newpipe.fragments.detail.VideoDetailFragment: void setOverlayLook(com.google.android.material.appbar.AppBarLayout,com.google.android.material.appbar.AppBarLayout$Behavior,float)>
02-24 11:07:50.592  3675  5646 D TEST_LOG: METHOD=<org.schabi.newpipe.extractor.services.youtube.YoutubeJavaScriptExtractor: java.lang.String cleanJavaScriptUrl(java.lang.String)>
02-24 11:07:50.593  3675  5646 D TEST_LOG: METHOD=<org.schabi.newpipe.extractor.services.youtube.YoutubeJavaScriptExtractor: java.lang.String downloadJavaScriptCode(java.lang.String)>
02-24 11:07:50.947  3675  3675 D TEST_LOG: METHOD=<org.schabi.newpipe.fragments.detail.VideoDetailFragment: void '-$$Nest$mmoveFocusToMainFragment'(org.schabi.newpipe.fragments.detail.VideoDetailFragment,boolean)>
02-24 11:07:50.947  3675  3675 D TEST_LOG: METHOD=<org.schabi.newpipe.fragments.detail.VideoDetailFragment: void moveFocusToMainFragment(boolean)>
02-24 11:07:50.947  3675  3675 D TEST_LOG: METHOD=<org.schabi.newpipe.fragments.detail.VideoDetailFragment: void '-$$Nest$mmanageSpaceAtTheBottom'(org.schabi.newpipe.fragments.detail.VideoDetailFragment,boolean)>
02-24 11:07:50.947  3675  3675 D TEST_LOG: METHOD=<org.schabi.newpipe.fragments.detail.VideoDetailFragment: void '-$$Nest$msetOverlayElementsClickable'(org.schabi.newpipe.fragments.detail.VideoDetailFragment,boolean)>
02-24 11:07:50.947  3675  3675 D TEST_LOG: METHOD=<org.schabi.newpipe.fragments.detail.VideoDetailFragment: void hideSystemUiIfNeeded()>
02-24 11:07:50.947  3675  3675 D TEST_LOG: METHOD=<org.schabi.newpipe.util.DeviceUtils: boolean isLandscape(android.content.Context)>
02-24 11:07:51.474  3675  5646 D TEST_LOG: METHOD=<org.schabi.newpipe.extractor.services.youtube.YoutubeParsingHelper: java.lang.String generateContentPlaybackNonce()>
02-24 11:07:51.474  3675  5646 D TEST_LOG: METHOD=<org.schabi.newpipe.extractor.utils.RandomStringFromAlphabetGenerator: java.lang.String generate(java.lang.String,int,java.util.Random)>
02-24 11:07:51.507  3675  5646 D TEST_LOG: METHOD=<org.schabi.newpipe.extractor.services.youtube.YoutubeParsingHelper: byte[] createDesktopPlayerBody(org.schabi.newpipe.extractor.localization.Localization,org.schabi.newpipe.extractor.localization.ContentCountry,java.lang.String,java.lang.String,boolean,java.lang.String)>
02-24 11:07:51.715  3675  5646 D TEST_LOG: METHOD=<org.schabi.newpipe.extractor.services.youtube.extractors.YoutubeStreamExtractor: void setStreamType()>
02-24 11:07:51.715  3675  5646 D TEST_LOG: METHOD=<org.schabi.newpipe.extractor.services.youtube.extractors.YoutubeStreamExtractor: boolean isPlayerResponseNotValid(com.grack.nanojson.JsonObject,java.lang.String)>
02-24 11:07:51.764  3675  3740 D TEST_LOG: METHOD=<org.schabi.newpipe.extractor.services.youtube.extractors.YoutubeCommentsExtractor: java.lang.String findInitialCommentsToken(com.grack.nanojson.JsonObject)>
02-24 11:07:51.764  3675  3740 D TEST_LOG: METHOD=<org.schabi.newpipe.extractor.services.youtube.extractors.YoutubeCommentsExtractor: com.grack.nanojson.JsonArray getJsonContents(com.grack.nanojson.JsonObject)>
02-24 11:07:51.764  3675  3740 D TEST_LOG: CLASS=org.schabi.newpipe.extractor.services.youtube.extractors.YoutubeCommentsExtractor$$ExternalSyntheticLambda0
02-24 11:07:51.764  3675  3740 D TEST_LOG: METHOD=<org.schabi.newpipe.extractor.services.youtube.extractors.YoutubeCommentsExtractor$$ExternalSyntheticLambda0: void <init>()>
02-24 11:07:51.764  3675  3740 D TEST_LOG: METHOD=<org.schabi.newpipe.extractor.services.youtube.extractors.YoutubeCommentsExtractor$$ExternalSyntheticLambda0: boolean test(java.lang.Object)>
02-24 11:07:51.764  3675  3740 D TEST_LOG: METHOD=<org.schabi.newpipe.extractor.services.youtube.extractors.YoutubeCommentsExtractor: boolean $r8$lambda$IrqQhkIX61ZKB8wKXml-JpfQ-Wc(com.grack.nanojson.JsonObject)>
02-24 11:07:51.764  3675  3740 D TEST_LOG: METHOD=<org.schabi.newpipe.extractor.services.youtube.extractors.YoutubeCommentsExtractor: boolean lambda$findInitialCommentsToken$0(com.grack.nanojson.JsonObject)>
02-24 11:07:51.764  3675  3740 D TEST_LOG: METHOD=<org.schabi.newpipe.extractor.utils.JsonUtils: java.lang.String getString(com.grack.nanojson.JsonObject,java.lang.String)>
02-24 11:07:51.764  3675  3740 D TEST_LOG: CLASS=org.schabi.newpipe.extractor.services.youtube.extractors.YoutubeCommentsExtractor$$ExternalSyntheticLambda1
02-24 11:07:51.764  3675  3740 D TEST_LOG: METHOD=<org.schabi.newpipe.extractor.services.youtube.extractors.YoutubeCommentsExtractor$$ExternalSyntheticLambda1: void <init>()>
02-24 11:07:51.764  3675  3740 D TEST_LOG: METHOD=<org.schabi.newpipe.extractor.services.youtube.extractors.YoutubeCommentsExtractor$$ExternalSyntheticLambda1: java.lang.Object apply(java.lang.Object)>
02-24 11:07:51.764  3675  3740 D TEST_LOG: METHOD=<org.schabi.newpipe.extractor.services.youtube.extractors.YoutubeCommentsExtractor: java.lang.String $r8$lambda$HNp12JLu_QzSHIxQUWgoH0n7B0w(com.grack.nanojson.JsonObject)>
02-24 11:07:51.764  3675  3740 D TEST_LOG: METHOD=<org.schabi.newpipe.extractor.services.youtube.extractors.YoutubeCommentsExtractor: java.lang.String lambda$findInitialCommentsToken$1(com.grack.nanojson.JsonObject)>
02-24 11:07:52.231  3675  3740 D TEST_LOG: METHOD=<org.schabi.newpipe.extractor.comments.CommentsExtractor: java.lang.String getName()>
02-24 11:07:52.231  3675  3740 D TEST_LOG: CLASS=org.schabi.newpipe.extractor.comments.CommentsInfo
02-24 11:07:52.231  3675  3740 D TEST_LOG: METHOD=<org.schabi.newpipe.extractor.comments.CommentsInfo: void <init>(int,org.schabi.newpipe.extractor.linkhandler.ListLinkHandler,java.lang.String)>
02-24 11:07:52.231  3675  3740 D TEST_LOG: METHOD=<org.schabi.newpipe.extractor.comments.CommentsInfo: void setCommentsExtractor(org.schabi.newpipe.extractor.comments.CommentsExtractor)>
02-24 11:07:52.231  3675  3740 D TEST_LOG: METHOD=<org.schabi.newpipe.extractor.services.youtube.extractors.YoutubeCommentsExtractor: org.schabi.newpipe.extractor.ListExtractor$InfoItemsPage getInitialPage()>
02-24 11:07:52.231  3675  3740 D TEST_LOG: METHOD=<org.schabi.newpipe.extractor.services.youtube.extractors.YoutubeCommentsExtractor: org.schabi.newpipe.extractor.ListExtractor$InfoItemsPage extractComments(com.grack.nanojson.JsonObject)>
02-24 11:07:52.231  3675  3740 D TEST_LOG: CLASS=org.schabi.newpipe.extractor.comments.CommentsInfoItemsCollector
02-24 11:07:52.231  3675  3740 D TEST_LOG: METHOD=<org.schabi.newpipe.extractor.comments.CommentsInfoItemsCollector: void <init>(int)>
02-24 11:07:52.231  3675  3740 D TEST_LOG: METHOD=<org.schabi.newpipe.extractor.services.youtube.extractors.YoutubeCommentsExtractor: void collectCommentsFrom(org.schabi.newpipe.extractor.comments.CommentsInfoItemsCollector,com.grack.nanojson.JsonObject)>
02-24 11:07:52.231  3675  3740 D TEST_LOG: METHOD=<org.schabi.newpipe.extractor.utils.JsonUtils: java.util.List getValues(com.grack.nanojson.JsonArray,java.lang.String)>
02-24 11:07:52.231  3675  3740 D TEST_LOG: METHOD=<org.schabi.newpipe.extractor.Extractor: java.lang.String getUrl()>
02-24 11:07:52.231  3675  3740 D TEST_LOG: CLASS=org.schabi.newpipe.extractor.services.youtube.extractors.YoutubeCommentsExtractor$$ExternalSyntheticLambda2
02-24 11:07:52.231  3675  3740 D TEST_LOG: METHOD=<org.schabi.newpipe.extractor.services.youtube.extractors.YoutubeCommentsExtractor$$ExternalSyntheticLambda2: void <init>(org.schabi.newpipe.extractor.services.youtube.extractors.YoutubeCommentsExtractor,java.lang.String)>
02-24 11:07:52.231  3675  3740 D TEST_LOG: CLASS=org.schabi.newpipe.extractor.services.youtube.extractors.YoutubeCommentsExtractor$$ExternalSyntheticLambda3
