02-24 11:07:53.177  3675  5646 D TEST_LOG: METHOD=<org.schabi.newpipe.extractor.stream.StreamInfo: void setUploaderSubscriberCount(long)>
02-24 11:07:53.177  3675  5646 D TEST_LOG: METHOD=<org.schabi.newpipe.extractor.stream.StreamExtractor: java.lang.String getSubChannelName()>
02-24 11:07:53.177  3675  5646 D TEST_LOG: METHOD=<org.schabi.newpipe.extractor.stream.StreamInfo: void setSubChannelName(java.lang.String)>
02-24 11:07:53.177  3675  5646 D TEST_LOG: METHOD=<org.schabi.newpipe.extractor.stream.StreamExtractor: java.lang.String getSubChannelUrl()>
02-24 11:07:53.177  3675  5646 D TEST_LOG: METHOD=<org.schabi.newpipe.extractor.stream.StreamInfo: void setSubChannelUrl(java.lang.String)>
02-24 11:07:53.177  3675  5646 D TEST_LOG: METHOD=<org.schabi.newpipe.extractor.stream.StreamExtractor: java.lang.String getSubChannelAvatarUrl()>
02-24 11:07:53.177  3675  5646 D TEST_LOG: METHOD=<org.schabi.newpipe.extractor.stream.StreamInfo: void setSubChannelAvatarUrl(java.lang.String)>
02-24 11:07:53.177  3675  5646 D TEST_LOG: METHOD=<org.schabi.newpipe.extractor.services.youtube.extractors.YoutubeStreamExtractor: org.schabi.newpipe.extractor.stream.Description getDescription()>
02-24 11:07:53.177  3675  5646 D TEST_LOG: METHOD=<org.schabi.newpipe.extractor.services.youtube.YoutubeParsingHelper: java.lang.String getAttributedDescription(com.grack.nanojson.JsonObject)>
02-24 11:07:53.402  3675  5646 D TEST_LOG: CLASS=org.schabi.newpipe.extractor.stream.Description
02-24 11:07:53.402  3675  5646 D TEST_LOG: METHOD=<org.schabi.newpipe.extractor.stream.Description: void <clinit>()>
02-24 11:07:53.402  3675  5646 D TEST_LOG: METHOD=<org.schabi.newpipe.extractor.stream.Description: void <init>(java.lang.String,int)>
02-24 11:07:53.402  3675  5646 D TEST_LOG: METHOD=<org.schabi.newpipe.extractor.stream.StreamInfo: void setDescription(org.schabi.newpipe.extractor.stream.Description)>
02-24 11:07:53.402  3675  5646 D TEST_LOG: METHOD=<org.schabi.newpipe.extractor.services.youtube.extractors.YoutubeStreamExtractor: long getViewCount()>
02-24 11:07:53.402  3675  5646 D TEST_LOG: METHOD=<org.schabi.newpipe.extractor.services.youtube.extractors.YoutubeStreamExtractor: com.grack.nanojson.JsonObject getVideoPrimaryInfoRenderer()>
02-24 11:07:53.402  3675  5646 D TEST_LOG: METHOD=<org.schabi.newpipe.extractor.stream.StreamInfo: void setViewCount(long)>
02-24 11:07:53.402  3675  5646 D TEST_LOG: METHOD=<org.schabi.newpipe.extractor.services.youtube.extractors.YoutubeStreamExtractor: java.lang.String getTextualUploadDate()>
02-24 11:07:53.402  3675  5646 D TEST_LOG: METHOD=<org.schabi.newpipe.extractor.stream.StreamInfo: void setTextualUploadDate(java.lang.String)>
02-24 11:07:53.402  3675  5646 D TEST_LOG: METHOD=<org.schabi.newpipe.extractor.services.youtube.extractors.YoutubeStreamExtractor: org.schabi.newpipe.extractor.localization.DateWrapper getUploadDate()>
02-24 11:07:53.402  3675  5646 D TEST_LOG: METHOD=<org.schabi.newpipe.extractor.services.youtube.YoutubeParsingHelper: j$.time.OffsetDateTime parseDateFrom(java.lang.String)>
02-24 11:07:53.403  3675  5646 D TEST_LOG: METHOD=<org.schabi.newpipe.extractor.stream.StreamInfo: void setUploadDate(org.schabi.newpipe.extractor.localization.DateWrapper)>
02-24 11:07:53.403  3675  5646 D TEST_LOG: METHOD=<org.schabi.newpipe.extractor.services.youtube.extractors.YoutubeStreamExtractor: long getTimeStamp()>
02-24 11:07:53.403  3675  5646 D TEST_LOG: METHOD=<org.schabi.newpipe.extractor.stream.StreamExtractor: long getTimestampSeconds(java.lang.String)>
02-24 11:07:53.403  3675  5646 D TEST_LOG: METHOD=<org.schabi.newpipe.extractor.stream.StreamInfo: void setStartPosition(long)>
02-24 11:07:53.403  3675  5646 D TEST_LOG: METHOD=<org.schabi.newpipe.extractor.services.youtube.extractors.YoutubeStreamExtractor: long getLikeCount()>
02-24 11:07:53.403  3675  5646 D TEST_LOG: CLASS=org.schabi.newpipe.extractor.services.youtube.extractors.YoutubeStreamExtractor$$ExternalSyntheticLambda11
02-24 11:07:53.403  3675  5646 D TEST_LOG: METHOD=<org.schabi.newpipe.extractor.services.youtube.extractors.YoutubeStreamExtractor$$ExternalSyntheticLambda11: void <init>()>
02-24 11:07:53.403  3675  5646 D TEST_LOG: CLASS=org.schabi.newpipe.extractor.services.youtube.extractors.YoutubeStreamExtractor$$ExternalSyntheticLambda12
02-24 11:07:53.403  3675  5646 D TEST_LOG: METHOD=<org.schabi.newpipe.extractor.services.youtube.extractors.YoutubeStreamExtractor$$ExternalSyntheticLambda12: void <init>()>
02-24 11:07:53.403  3675  5646 D TEST_LOG: METHOD=<org.schabi.newpipe.extractor.services.youtube.extractors.YoutubeStreamExtractor$$ExternalSyntheticLambda11: java.lang.Object apply(java.lang.Object)>
02-24 11:07:53.403  3675  5646 D TEST_LOG: METHOD=<org.schabi.newpipe.extractor.services.youtube.extractors.YoutubeStreamExtractor: com.grack.nanojson.JsonObject $r8$lambda$MZdx4xUcwFk4K7v9jSCarv6TjLM(com.grack.nanojson.JsonObject)>
02-24 11:07:53.403  3675  5646 D TEST_LOG: METHOD=<org.schabi.newpipe.extractor.services.youtube.extractors.YoutubeStreamExtractor: com.grack.nanojson.JsonObject lambda$getLikeCount$4(com.grack.nanojson.JsonObject)>
02-24 11:07:53.403  3675  5646 D TEST_LOG: METHOD=<org.schabi.newpipe.extractor.services.youtube.extractors.YoutubeStreamExtractor$$ExternalSyntheticLambda12: boolean test(java.lang.Object)>
02-24 11:07:53.403  3675  5646 D TEST_LOG: METHOD=<org.schabi.newpipe.extractor.services.youtube.extractors.YoutubeStreamExtractor: boolean $r8$lambda$eGWYXY6gshhk58eukgXWtUGDTh8(com.grack.nanojson.JsonObject)>
02-24 11:07:53.403  3675  5646 D TEST_LOG: METHOD=<org.schabi.newpipe.extractor.services.youtube.extractors.YoutubeStreamExtractor: boolean lambda$getLikeCount$5(com.grack.nanojson.JsonObject)>
02-24 11:07:53.403  3675  5646 D TEST_LOG: CLASS=org.schabi.newpipe.extractor.services.youtube.extractors.YoutubeStreamExtractor$$ExternalSyntheticLambda13
02-24 11:07:53.403  3675  5646 D TEST_LOG: METHOD=<org.schabi.newpipe.extractor.services.youtube.extractors.YoutubeStreamExtractor$$ExternalSyntheticLambda13: void <init>()>
02-24 11:07:53.403  3675  5646 D TEST_LOG: CLASS=org.schabi.newpipe.extractor.services.youtube.extractors.YoutubeStreamExtractor$$ExternalSyntheticLambda14
02-24 11:07:53.403  3675  5646 D TEST_LOG: METHOD=<org.schabi.newpipe.extractor.services.youtube.extractors.YoutubeStreamExtractor$$ExternalSyntheticLambda14: void <init>()>
02-24 11:07:53.403  3675  5646 D TEST_LOG: METHOD=<org.schabi.newpipe.extractor.services.youtube.extractors.YoutubeStreamExtractor$$ExternalSyntheticLambda13: java.lang.Object apply(java.lang.Object)>
02-24 11:07:53.403  3675  5646 D TEST_LOG: METHOD=<org.schabi.newpipe.extractor.services.youtube.extractors.YoutubeStreamExtractor: com.grack.nanojson.JsonObject $r8$lambda$E3FWdv8IeGDGMgdXOUbDfNoYyHo(com.grack.nanojson.JsonObject)>
02-24 11:07:53.403  3675  5646 D TEST_LOG: METHOD=<org.schabi.newpipe.extractor.services.youtube.extractors.YoutubeStreamExtractor: com.grack.nanojson.JsonObject lambda$getLikeCount$6(com.grack.nanojson.JsonObject)>
02-24 11:07:53.403  3675  5646 D TEST_LOG: METHOD=<org.schabi.newpipe.extractor.services.youtube.extractors.YoutubeStreamExtractor$$ExternalSyntheticLambda14: boolean test(java.lang.Object)>
02-24 11:07:53.403  3675  5646 D TEST_LOG: METHOD=<org.schabi.newpipe.extractor.services.youtube.extractors.YoutubeStreamExtractor: boolean $r8$lambda$JNZYncC0vyG9Ez_PK6G8Ez8Psqs(com.grack.nanojson.JsonObject)>
02-24 11:07:53.403  3675  5646 D TEST_LOG: METHOD=<org.schabi.newpipe.extractor.services.youtube.extractors.YoutubeStreamExtractor: boolean lambda$getLikeCount$7(com.grack.nanojson.JsonObject)>
02-24 11:07:53.403  3675  5646 D TEST_LOG: METHOD=<org.schabi.newpipe.extractor.stream.StreamExtractor: long getDislikeCount()>
02-24 11:07:53.403  3675  5646 D TEST_LOG: METHOD=<org.schabi.newpipe.extractor.stream.StreamInfo: void setDislikeCount(long)>
02-24 11:07:53.403  3675  5646 D TEST_LOG: METHOD=<org.schabi.newpipe.extractor.services.youtube.extractors.YoutubeStreamExtractor: java.util.List getSubtitlesDefault()>
02-24 11:07:53.403  3675  5646 D TEST_LOG: METHOD=<org.schabi.newpipe.extractor.services.youtube.extractors.YoutubeStreamExtractor: java.util.List getSubtitles(org.schabi.newpipe.extractor.MediaFormat)>
02-24 11:07:53.403  3675  5646 D TEST_LOG: CLASS=org.schabi.newpipe.extractor.stream.SubtitlesStream$Builder
02-24 11:07:53.403  3675  5646 D TEST_LOG: METHOD=<org.schabi.newpipe.extractor.stream.SubtitlesStream$Builder: void <init>()>
02-24 11:07:53.403  3675  5646 D TEST_LOG: METHOD=<org.schabi.newpipe.extractor.MediaFormat: java.lang.String getSuffix()>
02-24 11:07:53.403  3675  5646 D TEST_LOG: METHOD=<org.schabi.newpipe.extractor.stream.SubtitlesStream$Builder: org.schabi.newpipe.extractor.stream.SubtitlesStream$Builder setContent(java.lang.String,boolean)>
02-24 11:07:53.403  3675  5646 D TEST_LOG: METHOD=<org.schabi.newpipe.extractor.stream.SubtitlesStream$Builder: org.schabi.newpipe.extractor.stream.SubtitlesStream$Builder setMediaFormat(org.schabi.newpipe.extractor.MediaFormat)>
02-24 11:07:53.403  3675  5646 D TEST_LOG: METHOD=<org.schabi.newpipe.extractor.stream.SubtitlesStream$Builder: org.schabi.newpipe.extractor.stream.SubtitlesStream$Builder setLanguageCode(java.lang.String)>
02-24 11:07:53.403  3675  5646 D TEST_LOG: METHOD=<org.schabi.newpipe.extractor.stream.SubtitlesStream$Builder: org.schabi.newpipe.extractor.stream.SubtitlesStream$Builder setAutoGenerated(boolean)>
02-24 11:07:53.403  3675  5646 D TEST_LOG: METHOD=<org.schabi.newpipe.extractor.stream.SubtitlesStream$Builder: org.schabi.newpipe.extractor.stream.SubtitlesStream build()>
02-24 11:07:53.403  3675  5646 D TEST_LOG: CLASS=org.schabi.newpipe.extractor.stream.SubtitlesStream
02-24 11:07:53.403  3675  5646 D TEST_LOG: METHOD=<org.schabi.newpipe.extractor.stream.SubtitlesStream: void <init>(java.lang.String,java.lang.String,boolean,org.schabi.newpipe.extractor.MediaFormat,org.schabi.newpipe.extractor.stream.DeliveryMethod,java.lang.String,boolean,java.lang.String,org.schabi.newpipe.extractor.stream.SubtitlesStream-IA)>
02-24 11:07:53.403  3675  5646 D TEST_LOG: METHOD=<org.schabi.newpipe.extractor.stream.SubtitlesStream: void <init>(java.lang.String,java.lang.String,boolean,org.schabi.newpipe.extractor.MediaFormat,org.schabi.newpipe.extractor.stream.DeliveryMethod,java.lang.String,boolean,java.lang.String)>
02-24 11:07:53.403  3675  5646 D TEST_LOG: METHOD=<org.schabi.newpipe.extractor.stream.StreamInfo: void setSubtitles(java.util.List)>
02-24 11:07:53.403  3675  5646 D TEST_LOG: METHOD=<org.schabi.newpipe.extractor.stream.StreamExtractor: java.lang.String getHost()>
02-24 11:07:53.403  3675  5646 D TEST_LOG: METHOD=<org.schabi.newpipe.extractor.stream.StreamInfo: void setHost(java.lang.String)>
02-24 11:07:53.403  3675  5646 D TEST_LOG: METHOD=<org.schabi.newpipe.extractor.services.youtube.extractors.YoutubeStreamExtractor: org.schabi.newpipe.extractor.stream.StreamExtractor$Privacy getPrivacy()>
02-24 11:07:53.403  3675  5646 D TEST_LOG: CLASS=org.schabi.newpipe.extractor.stream.StreamExtractor$Privacy
02-24 11:07:53.403  3675  5646 D TEST_LOG: METHOD=<org.schabi.newpipe.extractor.stream.StreamExtractor$Privacy: void <clinit>()>
02-24 11:07:53.403  3675  5646 D TEST_LOG: METHOD=<org.schabi.newpipe.extractor.stream.StreamExtractor$Privacy: void <init>(java.lang.String,int)>
02-24 11:07:53.403  3675  5646 D TEST_LOG: METHOD=<org.schabi.newpipe.extractor.stream.StreamInfo: void setPrivacy(org.schabi.newpipe.extractor.stream.StreamExtractor$Privacy)>
02-24 11:07:53.403  3675  5646 D TEST_LOG: METHOD=<org.schabi.newpipe.extractor.services.youtube.extractors.YoutubeStreamExtractor: java.lang.String getCategory()>
02-24 11:07:53.403  3675  5646 D TEST_LOG: METHOD=<org.schabi.newpipe.extractor.stream.StreamInfo: void setCategory(java.lang.String)>
02-24 11:07:53.403  3675  5646 D TEST_LOG: METHOD=<org.schabi.newpipe.extractor.services.youtube.extractors.YoutubeStreamExtractor: java.lang.String getLicence()>
02-24 11:07:53.403  3675  5646 D TEST_LOG: METHOD=<org.schabi.newpipe.extractor.stream.StreamInfo: void setLicence(java.lang.String)>
02-24 11:07:53.403  3675  5646 D TEST_LOG: METHOD=<org.schabi.newpipe.extractor.services.youtube.extractors.YoutubeStreamExtractor: java.util.Locale getLanguageInfo()>
02-24 11:07:53.403  3675  5646 D TEST_LOG: METHOD=<org.schabi.newpipe.extractor.stream.StreamInfo: void setLanguageInfo(java.util.Locale)>
02-24 11:07:53.403  3675  5646 D TEST_LOG: METHOD=<org.schabi.newpipe.extractor.services.youtube.extractors.YoutubeStreamExtractor: java.util.List getTags()>
02-24 11:07:53.403  3675  5646 D TEST_LOG: METHOD=<org.schabi.newpipe.extractor.utils.JsonUtils: java.util.List getStringListFromJsonArray(com.grack.nanojson.JsonArray)>
02-24 11:07:53.403  3675  5646 D TEST_LOG: CLASS=org.schabi.newpipe.extractor.utils.JsonUtils$$ExternalSyntheticLambda0
02-24 11:07:53.403  3675  5646 D TEST_LOG: METHOD=<org.schabi.newpipe.extractor.utils.JsonUtils$$ExternalSyntheticLambda0: void <init>(java.lang.Class)>
02-24 11:07:53.403  3675  5646 D TEST_LOG: METHOD=<org.schabi.newpipe.extractor.utils.JsonUtils$$ExternalSyntheticLambda0: java.lang.Object apply(java.lang.Object)>
02-24 11:07:53.403  3675  5646 D TEST_LOG: METHOD=<org.schabi.newpipe.extractor.stream.StreamInfo: void setTags(java.util.List)>
02-24 11:07:53.403  3675  5646 D TEST_LOG: METHOD=<org.schabi.newpipe.extractor.stream.StreamExtractor: java.lang.String getSupportInfo()>
02-24 11:07:53.404  3675  5646 D TEST_LOG: METHOD=<org.schabi.newpipe.extractor.stream.StreamInfo: void setSupportInfo(java.lang.String)>
02-24 11:07:53.404  3675  5646 D TEST_LOG: METHOD=<org.schabi.newpipe.extractor.services.youtube.extractors.YoutubeStreamExtractor: java.util.List getStreamSegments()>
02-24 11:07:53.404  3675  5646 D TEST_LOG: CLASS=org.schabi.newpipe.extractor.services.youtube.extractors.YoutubeStreamExtractor$$ExternalSyntheticLambda21
02-24 11:07:53.404  3675  5646 D TEST_LOG: METHOD=<org.schabi.newpipe.extractor.services.youtube.extractors.YoutubeStreamExtractor$$ExternalSyntheticLambda21: void <init>()>
02-24 11:07:53.404  3675  5646 D TEST_LOG: CLASS=org.schabi.newpipe.extractor.services.youtube.extractors.YoutubeStreamExtractor$$ExternalSyntheticLambda22
02-24 11:07:53.404  3675  5646 D TEST_LOG: METHOD=<org.schabi.newpipe.extractor.services.youtube.extractors.YoutubeStreamExtractor$$ExternalSyntheticLambda22: void <init>()>
02-24 11:07:53.404  3675  5646 D TEST_LOG: METHOD=<org.schabi.newpipe.extractor.services.youtube.extractors.YoutubeStreamExtractor$$ExternalSyntheticLambda21: boolean test(java.lang.Object)>
02-24 11:07:53.404  3675  5646 D TEST_LOG: METHOD=<org.schabi.newpipe.extractor.services.youtube.extractors.YoutubeStreamExtractor: boolean $r8$lambda$qNSq6u53JlH2PGFHuU54GwJkpTM(com.grack.nanojson.JsonObject)>
02-24 11:07:53.404  3675  5646 D TEST_LOG: METHOD=<org.schabi.newpipe.extractor.services.youtube.extractors.YoutubeStreamExtractor: boolean lambda$getStreamSegments$18(com.grack.nanojson.JsonObject)>
02-24 11:07:53.404  3675  5646 D TEST_LOG: METHOD=<org.schabi.newpipe.extractor.stream.StreamInfo: void setStreamSegments(java.util.List)>
02-24 11:07:53.404  3675  5646 D TEST_LOG: METHOD=<org.schabi.newpipe.extractor.services.youtube.extractors.YoutubeStreamExtractor: java.util.List getMetaInfo()>
02-24 11:07:53.404  3675  5646 D TEST_LOG: METHOD=<org.schabi.newpipe.extractor.stream.StreamInfo: void setMetaInfo(java.util.List)>
02-24 11:07:53.404  3675  5646 D TEST_LOG: METHOD=<org.schabi.newpipe.extractor.services.youtube.extractors.YoutubeStreamExtractor: java.util.List getFrames()>
02-24 11:07:53.404  3675  5646 D TEST_LOG: CLASS=org.schabi.newpipe.extractor.stream.Frameset
02-24 11:07:53.404  3675  5646 D TEST_LOG: METHOD=<org.schabi.newpipe.extractor.stream.Frameset: void <init>(java.util.List,int,int,int,int,int,int)>
02-24 11:07:53.404  3675  5646 D TEST_LOG: METHOD=<org.schabi.newpipe.extractor.stream.StreamInfo: void setPreviewFrames(java.util.List)>
02-24 11:07:53.404  3675  5646 D TEST_LOG: METHOD=<org.schabi.newpipe.extractor.stream.StreamExtractor: boolean isShortFormContent()>
02-24 11:07:53.404  3675  5646 D TEST_LOG: METHOD=<org.schabi.newpipe.extractor.stream.StreamInfo: void setShortFormContent(boolean)>
02-24 11:07:53.404  3675  5646 D TEST_LOG: METHOD=<org.schabi.newpipe.extractor.utils.ExtractorHelper: java.util.List getRelatedItemsOrLogError(org.schabi.newpipe.extractor.stream.StreamInfo,org.schabi.newpipe.extractor.stream.StreamExtractor)>
02-24 11:07:53.404  3675  5646 D TEST_LOG: METHOD=<org.schabi.newpipe.extractor.services.youtube.extractors.YoutubeStreamExtractor: org.schabi.newpipe.extractor.InfoItemsCollector getRelatedItems()>
02-24 11:07:53.404  3675  5646 D TEST_LOG: METHOD=<org.schabi.newpipe.extractor.services.youtube.extractors.YoutubeStreamExtractor: org.schabi.newpipe.extractor.MultiInfoItemsCollector getRelatedItems()>
02-24 11:07:53.404  3675  5646 D TEST_LOG: CLASS=org.schabi.newpipe.extractor.services.youtube.extractors.YoutubeStreamExtractor$$ExternalSyntheticLambda18
02-24 11:07:53.404  3675  5646 D TEST_LOG: METHOD=<org.schabi.newpipe.extractor.services.youtube.extractors.YoutubeStreamExtractor$$ExternalSyntheticLambda18: void <init>(org.schabi.newpipe.extractor.localization.TimeAgoParser)>
02-24 11:07:53.404  3675  5646 D TEST_LOG: CLASS=org.schabi.newpipe.extractor.services.youtube.extractors.YoutubeStreamExtractor$$ExternalSyntheticLambda19
02-24 11:07:53.404  3675  5646 D TEST_LOG: METHOD=<org.schabi.newpipe.extractor.services.youtube.extractors.YoutubeStreamExtractor$$ExternalSyntheticLambda19: void <init>()>
02-24 11:07:53.404  3675  5646 D TEST_LOG: CLASS=org.schabi.newpipe.extractor.services.youtube.extractors.YoutubeStreamExtractor$$ExternalSyntheticLambda20
02-24 11:07:53.404  3675  5646 D TEST_LOG: METHOD=<org.schabi.newpipe.extractor.services.youtube.extractors.YoutubeStreamExtractor$$ExternalSyntheticLambda20: void <init>(org.schabi.newpipe.extractor.MultiInfoItemsCollector)>
02-24 11:07:53.404  3675  5646 D TEST_LOG: METHOD=<org.schabi.newpipe.extractor.services.youtube.extractors.YoutubeStreamExtractor$$ExternalSyntheticLambda18: java.lang.Object apply(java.lang.Object)>
02-24 11:07:53.404  3675  5646 D TEST_LOG: METHOD=<org.schabi.newpipe.extractor.services.youtube.extractors.YoutubeStreamExtractor: org.schabi.newpipe.extractor.InfoItemExtractor $r8$lambda$tCY1oI_Rd32iSfpZqKLQKiZcmr8(org.schabi.newpipe.extractor.localization.TimeAgoParser,com.grack.nanojson.JsonObject)>
02-24 11:07:53.404  3675  5646 D TEST_LOG: METHOD=<org.schabi.newpipe.extractor.services.youtube.extractors.YoutubeStreamExtractor: org.schabi.newpipe.extractor.InfoItemExtractor lambda$getRelatedItems$10(org.schabi.newpipe.extractor.localization.TimeAgoParser,com.grack.nanojson.JsonObject)>
02-24 11:07:53.404  3675  5646 D TEST_LOG: METHOD=<org.schabi.newpipe.extractor.services.youtube.extractors.YoutubeStreamExtractor$$ExternalSyntheticLambda19: boolean test(java.lang.Object)>
02-24 11:07:53.404  3675  5646 D TEST_LOG: METHOD=<org.schabi.newpipe.extractor.stream.StreamInfo: void setRelatedItems(java.util.List)>
02-24 11:07:53.458  3675  3675 D TEST_LOG: METHOD=<org.schabi.newpipe.fragments.detail.VideoDetailFragment$$ExternalSyntheticLambda13: void accept(java.lang.Object)>
02-24 11:07:53.458  3675  3675 D TEST_LOG: METHOD=<org.schabi.newpipe.fragments.detail.VideoDetailFragment: void $r8$lambda$yO9w4bII-7LTl9F0EIApbmkEC3Q(org.schabi.newpipe.fragments.detail.VideoDetailFragment,android.content.SharedPreferences,boolean,org.schabi.newpipe.extractor.stream.StreamInfo)>
02-24 11:07:53.459  3675  3675 D TEST_LOG: METHOD=<org.schabi.newpipe.fragments.detail.VideoDetailFragment: void lambda$runWorker$32(android.content.SharedPreferences,boolean,org.schabi.newpipe.extractor.stream.StreamInfo)>
02-24 11:07:53.459  3675  3675 D TEST_LOG: METHOD=<org.schabi.newpipe.fragments.detail.VideoDetailFragment: void hideMainPlayerOnLoadingNewStream()>
02-24 11:07:53.459  3675  3675 D TEST_LOG: METHOD=<org.schabi.newpipe.fragments.detail.VideoDetailFragment: j$.util.Optional getRoot()>
02-24 11:07:53.461  3675  3675 D TEST_LOG: CLASS=org.schabi.newpipe.fragments.detail.VideoDetailFragment$$ExternalSyntheticLambda43
02-24 11:07:53.461  3675  3675 D TEST_LOG: METHOD=<org.schabi.newpipe.fragments.detail.VideoDetailFragment$$ExternalSyntheticLambda43: void <init>()>
02-24 11:07:53.461  3675  3675 D TEST_LOG: CLASS=org.schabi.newpipe.fragments.detail.VideoDetailFragment$$ExternalSyntheticLambda44
02-24 11:07:53.461  3675  3675 D TEST_LOG: METHOD=<org.schabi.newpipe.fragments.detail.VideoDetailFragment$$ExternalSyntheticLambda44: void <init>()>
02-24 11:07:53.461  3675  3675 D TEST_LOG: METHOD=<org.schabi.newpipe.fragments.detail.VideoDetailFragment: boolean isPlayerServiceAvailable()>
02-24 11:07:53.464  3675  3675 D TEST_LOG: METHOD=<org.schabi.newpipe.extractor.stream.StreamInfo: int getAgeLimit()>
02-24 11:07:53.464  3675  3675 D TEST_LOG: METHOD=<org.schabi.newpipe.fragments.detail.VideoDetailFragment: void handleResult(org.schabi.newpipe.extractor.stream.StreamInfo)>
02-24 11:07:53.464  3675  3675 D TEST_LOG: METHOD=<org.schabi.newpipe.extractor.Info: java.lang.String getOriginalUrl()>
02-24 11:07:53.464  3675  3675 D TEST_LOG: METHOD=<org.schabi.newpipe.fragments.detail.VideoDetailFragment: void updateTabs(org.schabi.newpipe.extractor.stream.StreamInfo)>
02-24 11:07:53.465  3675  3675 D TEST_LOG: METHOD=<org.schabi.newpipe.fragments.list.videos.RelatedItemsFragment: org.schabi.newpipe.fragments.list.videos.RelatedItemsFragment getInstance(org.schabi.newpipe.extractor.stream.StreamInfo)>
02-24 11:07:53.465  3675  3675 D TEST_LOG: CLASS=org.schabi.newpipe.fragments.list.videos.RelatedItemsFragment
02-24 11:07:53.465  3675  3675 D TEST_LOG: METHOD=<org.schabi.newpipe.fragments.list.videos.RelatedItemsFragment: void <init>()>
02-24 11:07:53.465  3675  3675 D TEST_LOG: METHOD=<org.schabi.newpipe.fragments.list.videos.RelatedItemsFragment: void setInitialData(org.schabi.newpipe.extractor.stream.StreamInfo)>
02-24 11:07:53.465  3675  3675 D TEST_LOG: METHOD=<org.schabi.newpipe.extractor.Info: java.lang.String getUrl()>
02-24 11:07:53.465  3675  3675 D TEST_LOG: METHOD=<org.schabi.newpipe.util.RelatedItemInfo: org.schabi.newpipe.util.RelatedItemInfo getInfo(org.schabi.newpipe.extractor.stream.StreamInfo)>
02-24 11:07:53.465  3675  3675 D TEST_LOG: METHOD=<org.schabi.newpipe.extractor.Info: java.lang.String getId()>
02-24 11:07:53.465  3675  3675 D TEST_LOG: CLASS=org.schabi.newpipe.util.RelatedItemInfo
02-24 11:07:53.465  3675  3675 D TEST_LOG: METHOD=<org.schabi.newpipe.util.RelatedItemInfo: void <init>(int,org.schabi.newpipe.extractor.linkhandler.ListLinkHandler,java.lang.String)>
02-24 11:07:53.465  3675  3675 D TEST_LOG: METHOD=<org.schabi.newpipe.extractor.stream.StreamInfo: java.util.List getRelatedItems()>
02-24 11:07:53.465  3675  3675 D TEST_LOG: METHOD=<org.schabi.newpipe.fragments.detail.TabAdapter: void updateItem(java.lang.String,androidx.fragment.app.Fragment)>
02-24 11:07:53.465  3675  3675 D TEST_LOG: METHOD=<org.schabi.newpipe.fragments.detail.TabAdapter: void updateItem(int,androidx.fragment.app.Fragment)>
02-24 11:07:53.468  3675  3675 D TEST_LOG: CLASS=org.schabi.newpipe.fragments.detail.DescriptionFragment
02-24 11:07:53.472  3675  3675 D TEST_LOG: METHOD=<org.schabi.newpipe.fragments.detail.DescriptionFragment: void <init>(org.schabi.newpipe.extractor.stream.StreamInfo)>
02-24 11:07:53.472  3675  3675 D TEST_LOG: METHOD=<org.schabi.newpipe.fragments.detail.TabAdapter: int getItemPosition(java.lang.Object)>
02-24 11:07:53.472  3675  3675 D TEST_LOG: METHOD=<org.schabi.newpipe.fragments.detail.TabAdapter: void destroyItem(android.view.ViewGroup,int,java.lang.Object)>
02-24 11:07:53.490  3675  3675 D TEST_LOG: METHOD=<org.schabi.newpipe.fragments.list.videos.RelatedItemsFragment: android.view.View onCreateView(android.view.LayoutInflater,android.view.ViewGroup,android.os.Bundle)>
02-24 11:07:53.521  3675  3675 D TEST_LOG: METHOD=<org.schabi.newpipe.fragments.list.videos.RelatedItemsFragment: org.schabi.newpipe.info_list.ItemViewMode getItemViewMode()>
02-24 11:07:53.522  3675  3675 D TEST_LOG: METHOD=<org.schabi.newpipe.fragments.list.videos.RelatedItemsFragment: java.util.function.Supplier getListHeaderSupplier()>
02-24 11:07:53.522  3675  3675 D TEST_LOG: METHOD=<org.schabi.newpipe.databinding.RelatedItemsHeaderBinding: org.schabi.newpipe.databinding.RelatedItemsHeaderBinding inflate(android.view.LayoutInflater,android.view.ViewGroup,boolean)>
02-24 11:07:53.582  3675  3675 D TEST_LOG: METHOD=<org.schabi.newpipe.databinding.RelatedItemsHeaderBinding: org.schabi.newpipe.databinding.RelatedItemsHeaderBinding bind(android.view.View)>
02-24 11:07:53.582  3675  3675 D TEST_LOG: CLASS=org.schabi.newpipe.databinding.RelatedItemsHeaderBinding
02-24 11:07:53.582  3675  3675 D TEST_LOG: METHOD=<org.schabi.newpipe.databinding.RelatedItemsHeaderBinding: void <init>(androidx.constraintlayout.widget.ConstraintLayout,androidx.appcompat.widget.SwitchCompat)>
02-24 11:07:53.582  3675  3675 D TEST_LOG: CLASS=org.schabi.newpipe.fragments.list.videos.RelatedItemsFragment$$ExternalSyntheticLambda0
02-24 11:07:53.582  3675  3675 D TEST_LOG: METHOD=<org.schabi.newpipe.fragments.list.videos.RelatedItemsFragment$$ExternalSyntheticLambda0: void <init>(org.schabi.newpipe.fragments.list.videos.RelatedItemsFragment)>
02-24 11:07:53.582  3675  3675 D TEST_LOG: CLASS=org.schabi.newpipe.fragments.list.videos.RelatedItemsFragment$$ExternalSyntheticLambda1
02-24 11:07:53.582  3675  3675 D TEST_LOG: METHOD=<org.schabi.newpipe.fragments.list.videos.RelatedItemsFragment$$ExternalSyntheticLambda1: void <init>(org.schabi.newpipe.databinding.RelatedItemsHeaderBinding)>
02-24 11:07:53.582  3675  3675 D TEST_LOG: METHOD=<org.schabi.newpipe.info_list.InfoListAdapter: void setHeaderSupplier(java.util.function.Supplier)>
02-24 11:07:53.583  3675  3675 D TEST_LOG: METHOD=<org.schabi.newpipe.fragments.list.videos.RelatedItemsFragment: void setTitle(java.lang.String)>
02-24 11:07:53.583  3675  3675 D TEST_LOG: METHOD=<org.schabi.newpipe.fragments.list.videos.RelatedItemsFragment: void showLoading()>
02-24 11:07:53.583  3675  3675 D TEST_LOG: METHOD=<org.schabi.newpipe.databinding.RelatedItemsHeaderBinding: androidx.constraintlayout.widget.ConstraintLayout getRoot()>
02-24 11:07:53.583  3675  3675 D TEST_LOG: METHOD=<org.schabi.newpipe.fragments.list.videos.RelatedItemsFragment: io.reactivex.rxjava3.core.Single loadResult(boolean)>
02-24 11:07:53.583  3675  3675 D TEST_LOG: CLASS=org.schabi.newpipe.fragments.list.videos.RelatedItemsFragment$$ExternalSyntheticLambda2
02-24 11:07:53.583  3675  3675 D TEST_LOG: METHOD=<org.schabi.newpipe.fragments.list.videos.RelatedItemsFragment$$ExternalSyntheticLambda2: void <init>(org.schabi.newpipe.fragments.list.videos.RelatedItemsFragment)>
02-24 11:07:53.609  3675  3675 D TEST_LOG: METHOD=<org.schabi.newpipe.extractor.stream.StreamInfo: java.lang.String getSubChannelName()>
02-24 11:07:53.609  3675  3675 D TEST_LOG: METHOD=<org.schabi.newpipe.fragments.detail.VideoDetailFragment: void displayUploaderAsSubChannel(org.schabi.newpipe.extractor.stream.StreamInfo)>
02-24 11:07:53.609  3675  3675 D TEST_LOG: METHOD=<org.schabi.newpipe.extractor.stream.StreamInfo: java.lang.String getUploaderName()>
02-24 11:07:53.609  3675  3675 D TEST_LOG: METHOD=<org.schabi.newpipe.extractor.stream.StreamInfo: long getUploaderSubscriberCount()>
02-24 11:07:53.609  3675  3675 D TEST_LOG: METHOD=<org.schabi.newpipe.util.Localization: java.lang.String shortSubscriberCount(android.content.Context,long)>
02-24 11:07:53.616  3675  3675 D TEST_LOG: METHOD=<org.schabi.newpipe.extractor.stream.StreamInfo: java.lang.String getUploaderAvatarUrl()>
02-24 11:07:53.618  3675  3749 D TEST_LOG: METHOD=<org.schabi.newpipe.fragments.list.videos.RelatedItemsFragment$$ExternalSyntheticLambda2: java.lang.Object call()>
02-24 11:07:53.634  3675  3675 D TEST_LOG: METHOD=<org.schabi.newpipe.extractor.stream.StreamInfo: long getViewCount()>
02-24 11:07:53.634  3675  3675 D TEST_LOG: METHOD=<org.schabi.newpipe.extractor.stream.StreamInfo: org.schabi.newpipe.extractor.stream.StreamType getStreamType()>
02-24 11:07:53.634  3675  3675 D TEST_LOG: METHOD=<org.schabi.newpipe.util.Localization: java.lang.String localizeViewCount(android.content.Context,long)>
02-24 11:07:53.634  3675  3675 D TEST_LOG: METHOD=<org.schabi.newpipe.util.Localization: java.lang.String localizeNumber(android.content.Context,long)>
02-24 11:07:53.634  3675  3675 D TEST_LOG: METHOD=<org.schabi.newpipe.util.Localization: java.lang.String localizeNumber(android.content.Context,double)>
02-24 11:07:53.634  3675  3675 D TEST_LOG: METHOD=<org.schabi.newpipe.extractor.stream.StreamInfo: long getDislikeCount()>
02-24 11:07:53.634  3675  3675 D TEST_LOG: METHOD=<org.schabi.newpipe.extractor.stream.StreamInfo: long getLikeCount()>
02-24 11:07:53.634  3675  3675 D TEST_LOG: METHOD=<org.schabi.newpipe.extractor.stream.StreamInfo: long getDuration()>
02-24 11:07:53.635  3675  3675 D TEST_LOG: METHOD=<org.schabi.newpipe.fragments.detail.VideoDetailFragment: void checkUpdateProgressInfo(org.schabi.newpipe.extractor.stream.StreamInfo)>
02-24 11:07:53.635  3675  3675 D TEST_LOG: METHOD=<org.schabi.newpipe.util.DependentPreferenceHelper: boolean getResumePlaybackEnabled(android.content.Context)>
02-24 11:07:53.635  3675  3675 D TEST_LOG: METHOD=<org.schabi.newpipe.local.history.HistoryRecordManager: io.reactivex.rxjava3.core.Maybe loadStreamState(org.schabi.newpipe.extractor.stream.StreamInfo)>
02-24 11:07:53.635  3675  3675 D TEST_LOG: CLASS=org.schabi.newpipe.local.history.HistoryRecordManager$$ExternalSyntheticLambda13
02-24 11:07:53.635  3675  3675 D TEST_LOG: METHOD=<org.schabi.newpipe.local.history.HistoryRecordManager$$ExternalSyntheticLambda13: void <init>(org.schabi.newpipe.local.history.HistoryRecordManager,org.schabi.newpipe.extractor.stream.StreamInfo)>
02-24 11:07:53.635  3675  3675 D TEST_LOG: CLASS=org.schabi.newpipe.local.history.HistoryRecordManager$$ExternalSyntheticLambda8
02-24 11:07:53.635  3675  3675 D TEST_LOG: METHOD=<org.schabi.newpipe.local.history.HistoryRecordManager$$ExternalSyntheticLambda8: void <init>(org.schabi.newpipe.database.stream.dao.StreamStateDAO)>
02-24 11:07:53.635  3675  3675 D TEST_LOG: CLASS=org.schabi.newpipe.local.history.HistoryRecordManager$$ExternalSyntheticLambda14
02-24 11:07:53.635  3675  3675 D TEST_LOG: METHOD=<org.schabi.newpipe.local.history.HistoryRecordManager$$ExternalSyntheticLambda14: void <init>()>
02-24 11:07:53.635  3675  3675 D TEST_LOG: CLASS=org.schabi.newpipe.local.history.HistoryRecordManager$$ExternalSyntheticLambda15
02-24 11:07:53.635  3675  3675 D TEST_LOG: METHOD=<org.schabi.newpipe.local.history.HistoryRecordManager$$ExternalSyntheticLambda15: void <init>(org.schabi.newpipe.extractor.stream.StreamInfo)>
02-24 11:07:53.635  3675  3675 D TEST_LOG: CLASS=org.schabi.newpipe.fragments.detail.VideoDetailFragment$$ExternalSyntheticLambda33
02-24 11:07:53.635  3675  3675 D TEST_LOG: METHOD=<org.schabi.newpipe.fragments.detail.VideoDetailFragment$$ExternalSyntheticLambda33: void <init>(org.schabi.newpipe.fragments.detail.VideoDetailFragment,org.schabi.newpipe.extractor.stream.StreamInfo)>
02-24 11:07:53.635  3675  3675 D TEST_LOG: CLASS=org.schabi.newpipe.fragments.detail.VideoDetailFragment$$ExternalSyntheticLambda34
02-24 11:07:53.635  3675  3675 D TEST_LOG: METHOD=<org.schabi.newpipe.fragments.detail.VideoDetailFragment$$ExternalSyntheticLambda34: void <init>()>
02-24 11:07:53.635  3675  3675 D TEST_LOG: CLASS=org.schabi.newpipe.fragments.detail.VideoDetailFragment$$ExternalSyntheticLambda35
02-24 11:07:53.635  3675  3675 D TEST_LOG: METHOD=<org.schabi.newpipe.fragments.detail.VideoDetailFragment$$ExternalSyntheticLambda35: void <init>(org.schabi.newpipe.fragments.detail.VideoDetailFragment)>
02-24 11:07:53.638  3675  3749 D TEST_LOG: METHOD=<org.schabi.newpipe.fragments.list.videos.RelatedItemsFragment: org.schabi.newpipe.util.RelatedItemInfo $r8$lambda$JFevxAejgkGE_LTadP22V8j4UkU(org.schabi.newpipe.fragments.list.videos.RelatedItemsFragment)>
02-24 11:07:53.638  3675  3749 D TEST_LOG: METHOD=<org.schabi.newpipe.fragments.list.videos.RelatedItemsFragment: org.schabi.newpipe.util.RelatedItemInfo lambda$loadResult$1()>
02-24 11:07:53.638  3675  3675 D TEST_LOG: METHOD=<org.schabi.newpipe.extractor.stream.StreamInfo: java.lang.String getThumbnailUrl()>
02-24 11:07:53.638  3675  3675 D TEST_LOG: METHOD=<org.schabi.newpipe.util.PicassoHelper: com.squareup.picasso.RequestCreator loadDetailsThumbnail(java.lang.String)>
02-24 11:07:53.638  3675  3675 D TEST_LOG: METHOD=<org.schabi.newpipe.extractor.stream.StreamInfo: java.util.List getMetaInfo()>
02-24 11:07:53.638  3675  3675 D TEST_LOG: METHOD=<org.schabi.newpipe.fragments.detail.VideoDetailFragment: void updateOverlayData(java.lang.String,java.lang.String,java.lang.String)>
02-24 11:07:53.639  3675  3675 D TEST_LOG: METHOD=<org.schabi.newpipe.error.ErrorInfo: void <init>(java.util.List,org.schabi.newpipe.error.UserAction,java.lang.String,org.schabi.newpipe.extractor.Info)>
02-24 11:07:53.639  3675  3675 D TEST_LOG: METHOD=<org.schabi.newpipe.error.ErrorInfo$Companion: java.lang.String access$getInfoServiceName(org.schabi.newpipe.error.ErrorInfo$Companion,org.schabi.newpipe.extractor.Info)>
02-24 11:07:53.639  3675  3675 D TEST_LOG: METHOD=<org.schabi.newpipe.error.ErrorInfo$Companion: java.lang.String getInfoServiceName(org.schabi.newpipe.extractor.Info)>
02-24 11:07:53.643  3675  5646 D TEST_LOG: METHOD=<org.schabi.newpipe.local.history.HistoryRecordManager$$ExternalSyntheticLambda13: java.lang.Object call()>
02-24 11:07:53.643  3675  5646 D TEST_LOG: METHOD=<org.schabi.newpipe.local.history.HistoryRecordManager: java.lang.Long $r8$lambda$WJUrzDVt2NWAC4Rth6GczskuDYE(org.schabi.newpipe.local.history.HistoryRecordManager,org.schabi.newpipe.extractor.stream.StreamInfo)>
02-24 11:07:53.643  3675  5646 D TEST_LOG: METHOD=<org.schabi.newpipe.local.history.HistoryRecordManager: java.lang.Long lambda$loadStreamState$11(org.schabi.newpipe.extractor.stream.StreamInfo)>
02-24 11:07:53.643  3675  5646 D TEST_LOG: CLASS=org.schabi.newpipe.database.stream.model.StreamEntity
02-24 11:07:53.643  3675  5646 D TEST_LOG: METHOD=<org.schabi.newpipe.database.stream.model.StreamEntity: void <clinit>()>
02-24 11:07:53.643  3675  5646 D TEST_LOG: CLASS=org.schabi.newpipe.database.stream.model.StreamEntity$Companion
02-24 11:07:53.643  3675  5646 D TEST_LOG: METHOD=<org.schabi.newpipe.database.stream.model.StreamEntity$Companion: void <init>(kotlin.jvm.internal.DefaultConstructorMarker)>
02-24 11:07:53.643  3675  5646 D TEST_LOG: METHOD=<org.schabi.newpipe.database.stream.model.StreamEntity$Companion: void <init>()>
02-24 11:07:53.643  3675  5646 D TEST_LOG: METHOD=<org.schabi.newpipe.database.stream.model.StreamEntity: void <init>(org.schabi.newpipe.extractor.stream.StreamInfo)>
02-24 11:07:53.643  3675  5646 D TEST_LOG: METHOD=<org.schabi.newpipe.extractor.stream.StreamInfo: java.lang.String getUploaderUrl()>
02-24 11:07:53.643  3675  5646 D TEST_LOG: METHOD=<org.schabi.newpipe.extractor.stream.StreamInfo: java.lang.String getTextualUploadDate()>
02-24 11:07:53.643  3675  5646 D TEST_LOG: METHOD=<org.schabi.newpipe.extractor.stream.StreamInfo: org.schabi.newpipe.extractor.localization.DateWrapper getUploadDate()>
02-24 11:07:53.643  3675  5646 D TEST_LOG: METHOD=<org.schabi.newpipe.extractor.localization.DateWrapper: boolean isApproximation()>
02-24 11:07:53.643  3675  5646 D TEST_LOG: METHOD=<org.schabi.newpipe.database.stream.model.StreamEntity: void <init>(long,int,java.lang.String,java.lang.String,org.schabi.newpipe.extractor.stream.StreamType,long,java.lang.String,java.lang.String,java.lang.String,java.lang.Long,java.lang.String,j$.time.OffsetDateTime,java.lang.Boolean,int,kotlin.jvm.internal.DefaultConstructorMarker)>
02-24 11:07:53.643  3675  5646 D TEST_LOG: METHOD=<org.schabi.newpipe.database.stream.model.StreamEntity: void <init>(long,int,java.lang.String,java.lang.String,org.schabi.newpipe.extractor.stream.StreamType,long,java.lang.String,java.lang.String,java.lang.String,java.lang.Long,java.lang.String,j$.time.OffsetDateTime,java.lang.Boolean)>
02-24 11:07:53.643  3675  5646 D TEST_LOG: METHOD=<org.schabi.newpipe.database.stream.dao.StreamDAO_Impl: long upsert(org.schabi.newpipe.database.stream.model.StreamEntity)>
02-24 11:07:53.643  3675  5646 D TEST_LOG: METHOD=<org.schabi.newpipe.database.stream.dao.StreamDAO_Impl: long access$001(org.schabi.newpipe.database.stream.dao.StreamDAO_Impl,org.schabi.newpipe.database.stream.model.StreamEntity)>
02-24 11:07:53.643  3675  5646 D TEST_LOG: METHOD=<org.schabi.newpipe.database.stream.dao.StreamDAO: long upsert(org.schabi.newpipe.database.stream.model.StreamEntity)>
02-24 11:07:53.643  3675  5646 D TEST_LOG: METHOD=<org.schabi.newpipe.database.stream.dao.StreamDAO_Impl: long silentInsertInternal$app_release(org.schabi.newpipe.database.stream.model.StreamEntity)>
02-24 11:07:53.643  3675  5646 D TEST_LOG: METHOD=<org.schabi.newpipe.database.stream.dao.StreamDAO_Impl$2: java.lang.String createQuery()>
02-24 11:07:53.643  3675  5646 D TEST_LOG: METHOD=<org.schabi.newpipe.database.stream.dao.StreamDAO_Impl$2: void bind(androidx.sqlite.db.SupportSQLiteStatement,java.lang.Object)>
02-24 11:07:53.643  3675  5646 D TEST_LOG: METHOD=<org.schabi.newpipe.database.stream.dao.StreamDAO_Impl$2: void bind(androidx.sqlite.db.SupportSQLiteStatement,org.schabi.newpipe.database.stream.model.StreamEntity)>
02-24 11:07:53.643  3675  5646 D TEST_LOG: METHOD=<org.schabi.newpipe.database.stream.model.StreamEntity: long getUid()>
02-24 11:07:53.643  3675  5646 D TEST_LOG: METHOD=<org.schabi.newpipe.database.stream.model.StreamEntity: int getServiceId()>
02-24 11:07:53.643  3675  5646 D TEST_LOG: METHOD=<org.schabi.newpipe.database.stream.model.StreamEntity: java.lang.String getUrl()>
02-24 11:07:53.643  3675  5646 D TEST_LOG: METHOD=<org.schabi.newpipe.database.stream.model.StreamEntity: java.lang.String getTitle()>
02-24 11:07:53.643  3675  5646 D TEST_LOG: METHOD=<org.schabi.newpipe.database.stream.model.StreamEntity: org.schabi.newpipe.extractor.stream.StreamType getStreamType()>
02-24 11:07:53.643  3675  5646 D TEST_LOG: METHOD=<org.schabi.newpipe.database.Converters: java.lang.String stringOf(org.schabi.newpipe.extractor.stream.StreamType)>
02-24 11:07:53.643  3675  5646 D TEST_LOG: METHOD=<org.schabi.newpipe.database.stream.model.StreamEntity: long getDuration()>
02-24 11:07:53.643  3675  5646 D TEST_LOG: METHOD=<org.schabi.newpipe.database.stream.model.StreamEntity: java.lang.String getUploader()>
02-24 11:07:53.643  3675  5646 D TEST_LOG: METHOD=<org.schabi.newpipe.database.stream.model.StreamEntity: java.lang.String getUploaderUrl()>
02-24 11:07:53.643  3675  5646 D TEST_LOG: METHOD=<org.schabi.newpipe.database.stream.model.StreamEntity: java.lang.String getThumbnailUrl()>
02-24 11:07:53.643  3675  5646 D TEST_LOG: METHOD=<org.schabi.newpipe.database.stream.model.StreamEntity: java.lang.Long getViewCount()>
02-24 11:07:53.643  3675  5646 D TEST_LOG: METHOD=<org.schabi.newpipe.database.stream.model.StreamEntity: java.lang.String getTextualUploadDate()>
02-24 11:07:53.643  3675  5646 D TEST_LOG: METHOD=<org.schabi.newpipe.database.stream.model.StreamEntity: j$.time.OffsetDateTime getUploadDate()>
02-24 11:07:53.643  3675  5646 D TEST_LOG: METHOD=<org.schabi.newpipe.database.stream.model.StreamEntity: java.lang.Boolean isUploadDateApproximation()>
02-24 11:07:53.643  3675  5646 D TEST_LOG: METHOD=<org.schabi.newpipe.database.stream.model.StreamEntity: void setUid(long)>
02-24 11:07:53.660  3675  3675 D TEST_LOG: METHOD=<org.schabi.newpipe.util.StreamTypeUtil: boolean isLiveStream(org.schabi.newpipe.extractor.stream.StreamType)>
02-24 11:07:53.664  3675  3675 D TEST_LOG: METHOD=<org.schabi.newpipe.fragments.detail.VideoDetailFragment: void showContent()>
02-24 11:07:53.665  3675  3675 D TEST_LOG: CLASS=org.schabi.newpipe.player.playqueue.PlayQueue
02-24 11:07:53.665  3675  3675 D TEST_LOG: METHOD=<org.schabi.newpipe.player.playqueue.PlayQueue: void <clinit>()>
02-24 11:07:53.665  3675  3675 D TEST_LOG: CLASS=org.schabi.newpipe.player.playqueue.SinglePlayQueue
02-24 11:07:53.665  3675  3675 D TEST_LOG: METHOD=<org.schabi.newpipe.player.playqueue.SinglePlayQueue: void <init>(org.schabi.newpipe.extractor.stream.StreamInfo)>
02-24 11:07:53.665  3675  3675 D TEST_LOG: CLASS=org.schabi.newpipe.player.playqueue.PlayQueueItem
02-24 11:07:53.665  3675  3675 D TEST_LOG: METHOD=<org.schabi.newpipe.player.playqueue.PlayQueueItem: void <init>(org.schabi.newpipe.extractor.stream.StreamInfo)>
02-24 11:07:53.665  3675  3675 D TEST_LOG: METHOD=<org.schabi.newpipe.player.playqueue.PlayQueueItem: void <init>(java.lang.String,java.lang.String,int,long,java.lang.String,java.lang.String,java.lang.String,org.schabi.newpipe.extractor.stream.StreamType)>
02-24 11:07:53.665  3675  3675 D TEST_LOG: METHOD=<org.schabi.newpipe.extractor.stream.StreamInfo: long getStartPosition()>
02-24 11:07:53.665  3675  3675 D TEST_LOG: METHOD=<org.schabi.newpipe.player.playqueue.PlayQueue: void <init>(int,java.util.List)>
02-24 11:07:53.665  3675  3675 D TEST_LOG: CLASS=org.schabi.newpipe.fragments.detail.StackItem
02-24 11:07:53.665  3675  3675 D TEST_LOG: METHOD=<org.schabi.newpipe.fragments.detail.StackItem: void <init>(int,java.lang.String,java.lang.String,org.schabi.newpipe.player.playqueue.PlayQueue)>
02-24 11:07:53.665  3675  3675 D TEST_LOG: METHOD=<org.schabi.newpipe.fragments.detail.VideoDetailFragment: boolean isAutoplayEnabled()>
02-24 11:07:53.665  3675  3675 D TEST_LOG: METHOD=<org.schabi.newpipe.fragments.detail.VideoDetailFragment: boolean isExternalPlayerEnabled()>
02-24 11:07:53.677  3675  3675 D TEST_LOG: METHOD=<org.schabi.newpipe.fragments.detail.VideoDetailFragment: void openVideoPlayerAutoFullscreen()>
02-24 11:07:53.677  3675  3675 D TEST_LOG: METHOD=<org.schabi.newpipe.player.helper.PlayerHelper: boolean isStartMainPlayerFullscreenEnabled(android.content.Context)>
02-24 11:07:53.677  3675  3675 D TEST_LOG: METHOD=<org.schabi.newpipe.fragments.detail.VideoDetailFragment: void openVideoPlayer(boolean)>
02-24 11:07:53.677  3675  3675 D TEST_LOG: CLASS=org.schabi.newpipe.fragments.detail.VideoDetailFragment$$ExternalSyntheticLambda47
02-24 11:07:53.677  3675  3675 D TEST_LOG: METHOD=<org.schabi.newpipe.fragments.detail.VideoDetailFragment$$ExternalSyntheticLambda47: void <init>(org.schabi.newpipe.fragments.detail.VideoDetailFragment)>
02-24 11:07:53.677  3675  3675 D TEST_LOG: METHOD=<org.schabi.newpipe.fragments.detail.VideoDetailFragment: void replaceQueueIfUserConfirms(java.lang.Runnable)>
02-24 11:07:53.677  3675  3675 D TEST_LOG: METHOD=<org.schabi.newpipe.player.helper.PlayerHelper: boolean isClearingQueueConfirmationRequired(android.content.Context)>
02-24 11:07:53.677  3675  3675 D TEST_LOG: METHOD=<org.schabi.newpipe.fragments.detail.VideoDetailFragment$$ExternalSyntheticLambda47: void run()>
02-24 11:07:53.677  3675  3675 D TEST_LOG: METHOD=<org.schabi.newpipe.fragments.detail.VideoDetailFragment: void $r8$lambda$2AqzXzm7Dd_AK59LBgrtlNnr-I8(org.schabi.newpipe.fragments.detail.VideoDetailFragment)>
02-24 11:07:53.677  3675  3675 D TEST_LOG: METHOD=<org.schabi.newpipe.fragments.detail.VideoDetailFragment: void openMainPlayer()>
02-24 11:07:53.677  3675  3675 D TEST_LOG: METHOD=<org.schabi.newpipe.player.helper.PlayerHolder: void startService(boolean,org.schabi.newpipe.player.event.PlayerServiceExtendedEventListener)>
02-24 11:07:53.677  3675  3675 D TEST_LOG: METHOD=<org.schabi.newpipe.player.helper.PlayerHolder: android.content.Context getCommonContext()>
02-24 11:07:53.677  3675  3675 D TEST_LOG: METHOD=<org.schabi.newpipe.player.helper.PlayerHolder: void setListener(org.schabi.newpipe.player.event.PlayerServiceExtendedEventListener)>
02-24 11:07:53.677  3675  3675 D TEST_LOG: METHOD=<org.schabi.newpipe.player.helper.PlayerHolder: void unbind(android.content.Context)>
02-24 11:07:53.678  3675  5646 D TEST_LOG: METHOD=<org.schabi.newpipe.local.history.HistoryRecordManager$$ExternalSyntheticLambda8: java.lang.Object apply(java.lang.Object)>
02-24 11:07:53.678  3675  5646 D TEST_LOG: METHOD=<org.schabi.newpipe.database.stream.dao.StreamStateDAO_Impl: io.reactivex.rxjava3.core.Flowable getState(long)>
02-24 11:07:53.678  3675  5646 D TEST_LOG: CLASS=org.schabi.newpipe.database.stream.dao.StreamStateDAO_Impl$8
02-24 11:07:53.678  3675  5646 D TEST_LOG: METHOD=<org.schabi.newpipe.database.stream.dao.StreamStateDAO_Impl$8: void <init>(org.schabi.newpipe.database.stream.dao.StreamStateDAO_Impl,androidx.room.RoomSQLiteQuery)>
02-24 11:07:53.723  3675  3675 D TEST_LOG: METHOD=<org.schabi.newpipe.player.helper.PlayerHolder$PlayerServiceConnection: void doPlayAfterConnect(boolean)>
02-24 11:07:53.723  3675  3675 D TEST_LOG: METHOD=<org.schabi.newpipe.player.helper.PlayerHolder: void bind(android.content.Context)>
02-24 11:07:53.725  3675  3744 D TEST_LOG: METHOD=<org.schabi.newpipe.database.stream.dao.StreamStateDAO_Impl$8: java.lang.Object call()>
02-24 11:07:53.725  3675  3744 D TEST_LOG: METHOD=<org.schabi.newpipe.database.stream.dao.StreamStateDAO_Impl$8: java.util.List call()>
02-24 11:07:53.725  3675  3744 D TEST_LOG: METHOD=<org.schabi.newpipe.database.stream.dao.StreamStateDAO_Impl: androidx.room.RoomDatabase '-$$Nest$fget__db'(org.schabi.newpipe.database.stream.dao.StreamStateDAO_Impl)>
02-24 11:07:53.727  3675  3675 D TEST_LOG: METHOD=<org.schabi.newpipe.fragments.list.videos.RelatedItemsFragment$$ExternalSyntheticLambda1: java.lang.Object get()>
02-24 11:07:53.727  3675  3675 D TEST_LOG: CLASS=org.schabi.newpipe.info_list.InfoListAdapter$HFHolder
02-24 11:07:53.727  3675  3675 D TEST_LOG: METHOD=<org.schabi.newpipe.info_list.InfoListAdapter$HFHolder: void <init>(android.view.View)>
02-24 11:07:53.790  3675  3675 D TEST_LOG: METHOD=<org.schabi.newpipe.fragments.list.videos.RelatedItemsFragment: void handleResult(org.schabi.newpipe.extractor.ListInfo)>
02-24 11:07:53.790  3675  3675 D TEST_LOG: METHOD=<org.schabi.newpipe.fragments.list.videos.RelatedItemsFragment: void handleResult(org.schabi.newpipe.util.RelatedItemInfo)>
02-24 11:07:53.790  3675  3675 D TEST_LOG: METHOD=<org.schabi.newpipe.fragments.list.BaseListFragment: void showEmptyState()>
02-24 11:07:53.803  3675  3744 D TEST_LOG: METHOD=<org.schabi.newpipe.local.history.HistoryRecordManager$$ExternalSyntheticLambda14: java.lang.Object apply(java.lang.Object)>
02-24 11:07:53.803  3675  3744 D TEST_LOG: METHOD=<org.schabi.newpipe.local.history.HistoryRecordManager: io.reactivex.rxjava3.core.MaybeSource $r8$lambda$hfvGeMPxn_vNpyCFXPAGZg_QWQE(java.util.List)>
02-24 11:07:53.803  3675  3744 D TEST_LOG: METHOD=<org.schabi.newpipe.local.history.HistoryRecordManager: io.reactivex.rxjava3.core.MaybeSource lambda$loadStreamState$12(java.util.List)>
02-24 11:07:53.804  3675  3675 D TEST_LOG: CLASS=org.schabi.newpipe.player.PlayerService
02-24 11:07:53.804  3675  3675 D TEST_LOG: METHOD=<org.schabi.newpipe.player.PlayerService: void <clinit>()>
02-24 11:07:53.819  3675  3675 D TEST_LOG: CLASS=org.schabi.newpipe.player.Player
02-24 11:07:53.819  3675  3675 D TEST_LOG: METHOD=<org.schabi.newpipe.player.Player: void <clinit>()>
02-24 11:07:53.819  3675  3675 D TEST_LOG: METHOD=<org.schabi.newpipe.player.PlayerService: void <init>()>
02-24 11:07:53.822  3675  3675 D TEST_LOG: CLASS=org.schabi.newpipe.player.PlayerService$LocalBinder
02-24 11:07:53.822  3675  3675 D TEST_LOG: METHOD=<org.schabi.newpipe.player.PlayerService$LocalBinder: void <init>(org.schabi.newpipe.player.PlayerService)>
02-24 11:07:53.830  3675  3675 D TEST_LOG: METHOD=<org.schabi.newpipe.player.PlayerService: void attachBaseContext(android.content.Context)>
02-24 11:07:53.830  3675  3675 D TEST_LOG: METHOD=<org.schabi.newpipe.player.AudioServiceLeakFix: android.content.ContextWrapper preventLeakOf(android.content.Context)>
02-24 11:07:53.830  3675  3675 D TEST_LOG: CLASS=org.schabi.newpipe.player.AudioServiceLeakFix
02-24 11:07:53.830  3675  3675 D TEST_LOG: METHOD=<org.schabi.newpipe.player.AudioServiceLeakFix: void <init>(android.content.Context)>
02-24 11:07:53.830  3675  3675 D TEST_LOG: SERVICE=org.schabi.newpipe.player.PlayerService
02-24 11:07:53.830  3675  3675 D TEST_LOG: METHOD=<org.schabi.newpipe.player.PlayerService: void onCreate()>
02-24 11:07:53.833  3675  3675 D TEST_LOG: METHOD=<org.schabi.newpipe.player.Player: void <init>(org.schabi.newpipe.player.PlayerService)>
02-24 11:07:53.833  3675  3675 D TEST_LOG: CLASS=org.schabi.newpipe.player.PlayerType
02-24 11:07:53.833  3675  3675 D TEST_LOG: METHOD=<org.schabi.newpipe.player.PlayerType: void <clinit>()>
02-24 11:07:53.833  3675  3675 D TEST_LOG: METHOD=<org.schabi.newpipe.player.PlayerType: void <init>(java.lang.String,int)>
02-24 11:07:53.833  3675  3675 D TEST_LOG: METHOD=<org.schabi.newpipe.player.PlayerType: org.schabi.newpipe.player.PlayerType[] $values()>
02-24 11:07:53.833  3675  3675 D TEST_LOG: METHOD=<org.schabi.newpipe.player.Player: void setupBroadcastReceiver()>
02-24 11:07:53.833  3675  3675 D TEST_LOG: CLASS=org.schabi.newpipe.player.Player$2
02-24 11:07:53.833  3675  3675 D TEST_LOG: METHOD=<org.schabi.newpipe.player.Player$2: void <init>(org.schabi.newpipe.player.Player)>
02-24 11:07:53.834  3675  3675 D TEST_LOG: METHOD=<org.schabi.newpipe.player.helper.PlayerHelper: com.google.android.exoplayer2.trackselection.ExoTrackSelection$Factory getQualitySelector()>
02-24 11:07:53.861  3675  3675 D TEST_LOG: METHOD=<org.schabi.newpipe.player.AudioServiceLeakFix: java.lang.Object getSystemService(java.lang.String)>
02-24 11:07:53.880  3675  3675 D TEST_LOG: CLASS=org.schabi.newpipe.player.helper.PlayerDataSource
02-24 11:07:53.880  3675  3675 D TEST_LOG: METHOD=<org.schabi.newpipe.player.helper.PlayerDataSource: void <clinit>()>
