02-24 17:36:26.709  9298  9298 D TEST_LOG: CLASS=com.ram.sunflowerphotoframes.Global
02-24 17:36:26.711  9298  9298 D TEST_LOG: METHOD=<com.ram.sunflowerphotoframes.Global: void <init>()>
02-24 17:36:26.713  9298  9298 D TEST_LOG: CLASS=b.m.b
02-24 17:36:26.713  9298  9298 D TEST_LOG: METHOD=<b.m.b: void <init>()>
02-24 17:36:26.713  9298  9298 D TEST_LOG: METHOD=<b.m.b: void attachBaseContext(android.content.Context)>
02-24 17:36:26.713  9298  9298 D TEST_LOG: CLASS=b.m.a
02-24 17:36:26.713  9298  9298 D TEST_LOG: METHOD=<b.m.a: void <clinit>()>
02-24 17:36:26.713  9298  9298 D TEST_LOG: METHOD=<b.m.a: boolean m(java.lang.String)>
02-24 17:36:26.713  9298  9298 D TEST_LOG: METHOD=<b.m.a: void k(android.content.Context)>
02-24 17:36:26.757  9298  9298 D TEST_LOG: CLASS=b.b.a.b.a
02-24 17:36:26.757  9298  9298 D TEST_LOG: METHOD=<b.b.a.b.a: void <init>()>
02-24 17:36:26.757  9298  9298 D TEST_LOG: CLASS=b.b.a.b.b
02-24 17:36:26.757  9298  9298 D TEST_LOG: METHOD=<b.b.a.b.b: void <init>()>
02-24 17:36:26.757  9298  9298 D TEST_LOG: METHOD=<b.b.a.b.b: int size()>
02-24 17:36:26.758  9298  9298 D TEST_LOG: METHOD=<b.p.a: void a(java.lang.String)>
02-24 17:36:26.758  9298  9298 D TEST_LOG: METHOD=<b.p.b: void a(java.lang.String)>
02-24 17:36:26.772  9298  9298 D TEST_LOG: METHOD=<b.p.a: boolean d()>
02-24 17:36:26.774  9298  9298 D TEST_LOG: METHOD=<b.h.h.c: android.os.Handler a(android.os.Looper)>
02-24 17:36:26.775  9298  9298 D TEST_LOG: METHOD=<b.h.h.c$a: android.os.Handler a(android.os.Looper)>
02-24 17:36:26.779  9298  9298 D TEST_LOG: CLASS=b.o.a.c$a
02-24 17:36:26.779  9298  9298 D TEST_LOG: METHOD=<b.o.a.c$a: void <init>(int)>
02-24 17:36:26.779  9298  9298 D TEST_LOG: METHOD=<b.o.a.c$b: b.o.a.c$b$a a(android.content.Context)>
02-24 17:36:26.779  9298  9298 D TEST_LOG: CLASS=b.o.a.c$b$a
02-24 17:36:26.779  9298  9298 D TEST_LOG: METHOD=<b.o.a.c$b$a: void <init>(android.content.Context)>
02-24 17:36:26.779  9298  9298 D TEST_LOG: METHOD=<b.o.a.c$b$a: b.o.a.c$b$a c(java.lang.String)>
02-24 17:36:26.779  9298  9298 D TEST_LOG: METHOD=<b.o.a.c$b$a: b.o.a.c$b$a b(b.o.a.c$a)>
02-24 17:36:26.779  9298  9298 D TEST_LOG: METHOD=<b.o.a.c$b$a: b.o.a.c$b a()>
02-24 17:36:26.779  9298  9298 D TEST_LOG: CLASS=b.o.a.c$b
02-24 17:36:26.779  9298  9298 D TEST_LOG: METHOD=<b.o.a.c$b: void <init>(android.content.Context,java.lang.String,b.o.a.c$a,boolean)>
02-24 17:36:26.779  9298  9298 D TEST_LOG: METHOD=<b.o.a.c$b$a: b.o.a.c$b$a d(boolean)>
02-24 17:36:26.779  9298  9298 D TEST_LOG: CLASS=b.o.a.g.c
02-24 17:36:26.779  9298  9298 D TEST_LOG: METHOD=<b.o.a.g.c: void <init>()>
02-24 17:36:26.779  9298  9298 D TEST_LOG: METHOD=<b.o.a.g.c: b.o.a.c a(b.o.a.c$b)>
02-24 17:36:26.779  9298  9298 D TEST_LOG: CLASS=b.o.a.g.b
02-24 17:36:26.779  9298  9298 D TEST_LOG: METHOD=<b.o.a.g.b: void <init>(android.content.Context,java.lang.String,b.o.a.c$a,boolean)>
02-24 17:36:26.779  9298  9298 D TEST_LOG: METHOD=<b.o.a.g.b: void setWriteAheadLoggingEnabled(boolean)>
02-24 17:36:26.794  9298  9298 D TEST_LOG: METHOD=<b.p.a: void b()>
02-24 17:36:26.795  9298  9298 D TEST_LOG: METHOD=<b.p.b: void b()>
02-24 17:36:26.802  9298  9298 D TEST_LOG: METHOD=<com.ram.sunflowerphotoframes.Global: void onCreate()>
02-24 17:36:26.803  9298  9298 D TEST_LOG: CLASS=com.ram.sunflowerphotoframes.Global$a
02-24 17:36:26.804  9298  9298 D TEST_LOG: METHOD=<com.ram.sunflowerphotoframes.Global$a: void <init>(com.ram.sunflowerphotoframes.Global)>
02-24 17:36:26.810  9298  9298 D TEST_LOG: CLASS=c.b.a.a.c.c
02-24 17:36:26.813  9298  9298 D TEST_LOG: METHOD=<c.b.a.a.c.c: void <init>(java.lang.String)>
02-24 17:36:26.813  9298  9314 D TEST_LOG: METHOD=<b.o.a.g.b: b.o.a.b n()>
02-24 17:36:26.813  9298  9314 D TEST_LOG: METHOD=<b.o.a.g.b: b.o.a.g.b$a d()>
02-24 17:36:26.814  9298  9314 D TEST_LOG: CLASS=b.o.a.g.b$a
02-24 17:36:26.814  9298  9314 D TEST_LOG: METHOD=<b.o.a.g.b$a: void <init>(android.content.Context,java.lang.String,b.o.a.g.a[],b.o.a.c$a)>
02-24 17:36:26.814  9298  9314 D TEST_LOG: CLASS=b.o.a.g.b$a$a
02-24 17:36:26.814  9298  9314 D TEST_LOG: METHOD=<b.o.a.g.b$a$a: void <init>(b.o.a.c$a,b.o.a.g.a[])>
02-24 17:36:26.814  9298  9314 D TEST_LOG: METHOD=<b.o.a.g.b$a: b.o.a.b i()>
02-24 17:36:26.830  9298  9298 D TEST_LOG: CLASS=c.b.a.a.d.d.b
02-24 17:36:26.836  9298  9298 D TEST_LOG: METHOD=<c.b.a.a.d.d.b: void <init>(java.lang.String)>
02-24 17:36:26.837  9298  9298 D TEST_LOG: METHOD=<c.b.a.a.c.b: c.b.a.a.c.a U2(java.lang.Object)>
02-24 17:36:26.841  9298  9298 D TEST_LOG: CLASS=c.b.a.a.c.b
02-24 17:36:26.841  9298  9298 D TEST_LOG: METHOD=<c.b.a.a.c.b: void <init>(java.lang.Object)>
02-24 17:36:26.842  9298  9298 D TEST_LOG: CLASS=c.b.a.a.c.a$a
02-24 17:36:26.842  9298  9298 D TEST_LOG: METHOD=<c.b.a.a.c.a$a: void <init>()>
02-24 17:36:26.842  9298  9298 D TEST_LOG: METHOD=<c.b.a.a.c.b: java.lang.Object J0(c.b.a.a.c.a)>
02-24 17:36:26.894  9298  9314 D TEST_LOG: METHOD=<b.o.a.g.b$a: void onConfigure(android.database.sqlite.SQLiteDatabase)>
02-24 17:36:26.906  9298  9314 D TEST_LOG: METHOD=<b.o.a.g.b$a: b.o.a.g.a d(android.database.sqlite.SQLiteDatabase)>
02-24 17:36:26.907  9298  9314 D TEST_LOG: METHOD=<b.o.a.g.b$a: b.o.a.g.a e(b.o.a.g.a[],android.database.sqlite.SQLiteDatabase)>
02-24 17:36:26.910  9298  9298 D TEST_LOG: CLASS=c.b.a.a.d.d.a
02-24 17:36:26.910  9298  9298 D TEST_LOG: METHOD=<c.b.a.a.d.d.a: void <init>(android.os.IBinder,java.lang.String)>
02-24 17:36:26.911  9298  9314 D TEST_LOG: CLASS=b.o.a.g.a
02-24 17:36:26.912  9298  9314 D TEST_LOG: METHOD=<b.o.a.g.a: void <clinit>()>
02-24 17:36:26.912  9298  9314 D TEST_LOG: METHOD=<b.o.a.g.a: void <init>(android.database.sqlite.SQLiteDatabase)>
02-24 17:36:26.912  9298  9314 D TEST_LOG: METHOD=<b.o.a.c$a: void b(b.o.a.b)>
02-24 17:36:26.914  9298  9314 D TEST_LOG: METHOD=<b.o.a.g.b$a: void onCreate(android.database.sqlite.SQLiteDatabase)>
02-24 17:36:26.924  9298  9314 D TEST_LOG: METHOD=<b.o.a.g.a: boolean d(android.database.sqlite.SQLiteDatabase)>
02-24 17:36:26.924  9298  9314 D TEST_LOG: METHOD=<b.o.a.g.a: android.database.Cursor p(java.lang.String)>
02-24 17:36:26.924  9298  9314 D TEST_LOG: CLASS=b.o.a.a
02-24 17:36:26.924  9298  9314 D TEST_LOG: METHOD=<b.o.a.a: void <init>(java.lang.String)>
02-24 17:36:26.924  9298  9314 D TEST_LOG: METHOD=<b.o.a.a: void <init>(java.lang.String,java.lang.Object[])>
02-24 17:36:26.924  9298  9314 D TEST_LOG: METHOD=<b.o.a.g.a: android.database.Cursor g(b.o.a.e)>
02-24 17:36:26.925  9298  9314 D TEST_LOG: CLASS=b.o.a.g.a$a
02-24 17:36:26.925  9298  9314 D TEST_LOG: METHOD=<b.o.a.g.a$a: void <init>(b.o.a.g.a,b.o.a.e)>
02-24 17:36:26.925  9298  9314 D TEST_LOG: METHOD=<b.o.a.a: java.lang.String d()>
02-24 17:36:26.925  9298  9314 D TEST_LOG: METHOD=<b.o.a.g.a$a: android.database.Cursor newCursor(android.database.sqlite.SQLiteDatabase,android.database.sqlite.SQLiteCursorDriver,java.lang.String,android.database.sqlite.SQLiteQuery)>
02-24 17:36:26.925  9298  9314 D TEST_LOG: CLASS=b.o.a.g.d
02-24 17:36:26.925  9298  9314 D TEST_LOG: METHOD=<b.o.a.g.d: void <init>(android.database.sqlite.SQLiteProgram)>
02-24 17:36:26.925  9298  9314 D TEST_LOG: METHOD=<b.o.a.a: void e(b.o.a.d)>
02-24 17:36:26.925  9298  9314 D TEST_LOG: METHOD=<b.o.a.a: void b(b.o.a.d,java.lang.Object[])>
02-24 17:36:26.925  9298  9314 D TEST_LOG: METHOD=<b.o.a.g.a: void execSQL(java.lang.String)>
02-24 17:36:26.927  9298  9314 D TEST_LOG: METHOD=<b.o.a.g.b$a: void onOpen(android.database.sqlite.SQLiteDatabase)>
02-24 17:36:26.927  9298  9314 D TEST_LOG: METHOD=<b.o.a.c$a: void f(b.o.a.b)>
02-24 17:36:26.929  9298  9314 D TEST_LOG: METHOD=<b.o.a.g.a: boolean inTransaction()>
02-24 17:36:26.929  9298  9314 D TEST_LOG: METHOD=<b.o.a.g.a: b.o.a.f f(java.lang.String)>
02-24 17:36:26.930  9298  9314 D TEST_LOG: CLASS=b.o.a.g.e
02-24 17:36:26.930  9298  9314 D TEST_LOG: METHOD=<b.o.a.g.e: void <init>(android.database.sqlite.SQLiteStatement)>
02-24 17:36:26.938  9298  9314 D TEST_LOG: METHOD=<b.o.a.g.a: void beginTransaction()>
02-24 17:36:26.939  9298  9314 D TEST_LOG: METHOD=<b.o.a.g.a: void setTransactionSuccessful()>
02-24 17:36:26.939  9298  9314 D TEST_LOG: METHOD=<b.o.a.g.a: void endTransaction()>
02-24 17:36:26.963  9298  9314 D TEST_LOG: METHOD=<b.o.a.g.e: int executeUpdateDelete()>
02-24 17:36:26.963  9298  9314 D TEST_LOG: METHOD=<b.o.a.g.d: void bindString(int,java.lang.String)>
02-24 17:36:26.963  9298  9314 D TEST_LOG: METHOD=<b.h.h.a: boolean c()>
02-24 17:36:26.978  9298  9317 D TEST_LOG: METHOD=<b.o.a.g.a: boolean isOpen()>
02-24 17:36:26.978  9298  9313 D TEST_LOG: METHOD=<c.b.a.a.e.a.a: c.b.a.a.e.a.a k(android.content.Context,java.lang.String,java.lang.String,java.lang.String,android.os.Bundle)>
02-24 17:36:26.978  9298  9313 D TEST_LOG: METHOD=<c.b.a.a.d.e.s0: c.b.a.a.d.e.s0 s(android.content.Context,java.lang.String,java.lang.String,java.lang.String,android.os.Bundle)>
02-24 17:36:26.978  9298  9313 D TEST_LOG: CLASS=c.b.a.a.d.e.s0
02-24 17:36:26.978  9298  9313 D TEST_LOG: METHOD=<c.b.a.a.d.e.s0: void <init>(android.content.Context,java.lang.String,java.lang.String,java.lang.String,android.os.Bundle)>
02-24 17:36:26.978  9298  9313 D TEST_LOG: METHOD=<c.b.a.a.d.e.s0: boolean l(java.lang.String,java.lang.String)>
02-24 17:36:26.978  9298  9313 D TEST_LOG: METHOD=<c.b.a.a.d.e.s0: boolean h()>
02-24 17:36:26.978  9298  9313 D TEST_LOG: CLASS=c.b.a.a.d.e.g
02-24 17:36:26.978  9298  9313 D TEST_LOG: METHOD=<c.b.a.a.d.e.g: void <clinit>()>
02-24 17:36:26.978  9298  9313 D TEST_LOG: CLASS=c.b.a.a.d.e.f
02-24 17:36:26.978  9298  9313 D TEST_LOG: METHOD=<c.b.a.a.d.e.f: void <init>(c.b.a.a.d.e.e)>
02-24 17:36:26.978  9298  9313 D TEST_LOG: METHOD=<c.b.a.a.d.e.g: c.b.a.a.d.e.d a()>
02-24 17:36:26.978  9298  9313 D TEST_LOG: CLASS=c.b.a.a.d.e.f0
02-24 17:36:26.978  9298  9313 D TEST_LOG: METHOD=<c.b.a.a.d.e.f0: void <init>(c.b.a.a.d.e.s0)>
02-24 17:36:26.978  9298  9313 D TEST_LOG: CLASS=c.b.a.a.e.a.a
02-24 17:36:26.978  9298  9313 D TEST_LOG: METHOD=<c.b.a.a.e.a.a: void <init>(c.b.a.a.d.e.s0)>
02-24 17:36:26.978  9298  9313 D TEST_LOG: METHOD=<c.b.a.a.e.b.a: java.lang.String a(android.content.Context)>
02-24 17:36:26.979  9298  9313 D TEST_LOG: METHOD=<c.b.a.a.e.b.b: java.lang.String a(android.content.Context,java.lang.String,java.lang.String)>
02-24 17:36:26.980  9298  9313 D TEST_LOG: METHOD=<c.b.a.a.e.b.a: java.lang.String b(java.lang.String,android.content.res.Resources,java.lang.String)>
02-24 17:36:26.986  9298  9298 D TEST_LOG: METHOD=<c.b.a.a.d.d.a: android.os.Parcel r0()>
02-24 17:36:26.988  9298  9298 D TEST_LOG: CLASS=c.b.a.a.d.d.c
02-24 17:36:26.988  9298  9298 D TEST_LOG: METHOD=<c.b.a.a.d.d.c: void <clinit>()>
02-24 17:36:26.988  9298  9298 D TEST_LOG: METHOD=<c.b.a.a.d.d.c: void c(android.os.Parcel,android.os.IInterface)>
02-24 17:36:26.988  9298  9298 D TEST_LOG: METHOD=<c.b.a.a.d.d.b: android.os.IBinder asBinder()>
02-24 17:36:26.988  9298  9298 D TEST_LOG: METHOD=<c.b.a.a.d.d.a: android.os.Parcel L(int,android.os.Parcel)>
02-24 17:36:27.004  9298  9313 D TEST_LOG: CLASS=c.b.a.a.d.e.u
02-24 17:36:27.004  9298  9313 D TEST_LOG: METHOD=<c.b.a.a.d.e.u: void <init>(c.b.a.a.d.e.s0,java.lang.String,java.lang.String,android.content.Context,android.os.Bundle)>
02-24 17:36:27.004  9298  9313 D TEST_LOG: CLASS=c.b.a.a.d.e.j0
02-24 17:36:27.004  9298  9313 D TEST_LOG: METHOD=<c.b.a.a.d.e.j0: void <init>(c.b.a.a.d.e.s0,boolean)>
02-24 17:36:27.004  9298  9313 D TEST_LOG: METHOD=<c.b.a.a.d.e.s0: void k(c.b.a.a.d.e.j0)>
02-24 17:36:27.004  9298  9313 D TEST_LOG: METHOD=<c.b.a.a.d.e.f0: java.lang.Thread newThread(java.lang.Runnable)>
02-24 17:36:27.004  9298  9313 D TEST_LOG: CLASS=c.b.a.a.d.e.r0
02-24 17:36:27.004  9298  9313 D TEST_LOG: METHOD=<c.b.a.a.d.e.r0: void <init>(c.b.a.a.d.e.s0)>
02-24 17:36:27.004  9298  9313 D TEST_LOG: METHOD=<c.b.a.a.d.e.s0: c.b.a.a.e.a.a p()>
02-24 17:36:27.006  9298  9318 D TEST_LOG: METHOD=<c.b.a.a.d.e.j0: void run()>
02-24 17:36:27.007  9298  9318 D TEST_LOG: METHOD=<c.b.a.a.d.e.s0: boolean f(c.b.a.a.d.e.s0)>
02-24 17:36:27.007  9298  9318 D TEST_LOG: METHOD=<c.b.a.a.d.e.u: void a()>
02-24 17:36:27.007  9298  9318 D TEST_LOG: METHOD=<c.b.a.a.d.e.s0: boolean g(c.b.a.a.d.e.s0,java.lang.String,java.lang.String)>
02-24 17:36:27.007  9298  9318 D TEST_LOG: METHOD=<c.b.a.a.d.e.s0: java.lang.String t(c.b.a.a.d.e.s0)>
02-24 17:36:27.007  9298  9318 D TEST_LOG: METHOD=<c.b.a.a.d.e.s0: c.b.a.a.d.e.k r(android.content.Context,boolean)>
02-24 17:36:27.077  9298  9298 D TEST_LOG: METHOD=<c.b.a.a.c.a$a: c.b.a.a.c.a r0(android.os.IBinder)>
02-24 17:36:27.078  9298  9298 D TEST_LOG: CLASS=c.b.a.a.c.d
02-24 17:36:27.078  9298  9298 D TEST_LOG: METHOD=<c.b.a.a.c.d: void <init>(android.os.IBinder)>
02-24 17:36:27.078  9298  9298 D TEST_LOG: METHOD=<c.b.a.a.d.d.a: android.os.IBinder asBinder()>
02-24 17:36:27.156  9298  9318 D TEST_LOG: METHOD=<c.b.a.a.d.e.j: c.b.a.a.d.e.k r0(android.os.IBinder)>
02-24 17:36:27.156  9298  9318 D TEST_LOG: CLASS=c.b.a.a.d.e.i
02-24 17:36:27.157  9298  9318 D TEST_LOG: METHOD=<c.b.a.a.d.e.i: void <init>(android.os.IBinder)>
02-24 17:36:27.157  9298  9318 D TEST_LOG: CLASS=c.b.a.a.d.e.a
02-24 17:36:27.157  9298  9318 D TEST_LOG: METHOD=<c.b.a.a.d.e.a: void <init>(android.os.IBinder,java.lang.String)>
02-24 17:36:27.157  9298  9318 D TEST_LOG: METHOD=<c.b.a.a.d.e.s0: void B(c.b.a.a.d.e.s0,c.b.a.a.d.e.k)>
02-24 17:36:27.157  9298  9318 D TEST_LOG: METHOD=<c.b.a.a.d.e.s0: c.b.a.a.d.e.k q(c.b.a.a.d.e.s0)>
02-24 17:36:27.160  9298  9318 D TEST_LOG: CLASS=c.b.a.a.d.e.n
02-24 17:36:27.160  9298  9318 D TEST_LOG: METHOD=<c.b.a.a.d.e.n: void <clinit>()>
02-24 17:36:27.160  9298  9318 D TEST_LOG: CLASS=c.b.a.a.d.e.o
02-24 17:36:27.160  9298  9318 D TEST_LOG: METHOD=<c.b.a.a.d.e.o: void <init>()>
02-24 17:36:27.160  9298  9318 D TEST_LOG: METHOD=<c.b.a.a.d.e.n: void <init>(long,long,boolean,java.lang.String,java.lang.String,java.lang.String,android.os.Bundle,java.lang.String)>
02-24 17:36:27.160  9298  9318 D TEST_LOG: METHOD=<c.b.a.a.d.e.i: void S3(c.b.a.a.c.a,c.b.a.a.d.e.n,long)>
02-24 17:36:27.160  9298  9318 D TEST_LOG: METHOD=<c.b.a.a.d.e.a: android.os.Parcel L()>
02-24 17:36:27.160  9298  9318 D TEST_LOG: CLASS=c.b.a.a.d.e.c
02-24 17:36:27.160  9298  9318 D TEST_LOG: METHOD=<c.b.a.a.d.e.c: void <clinit>()>
02-24 17:36:27.160  9298  9318 D TEST_LOG: METHOD=<c.b.a.a.d.e.c: void e(android.os.Parcel,android.os.IInterface)>
02-24 17:36:27.160  9298  9318 D TEST_LOG: METHOD=<c.b.a.a.d.e.c: void d(android.os.Parcel,android.os.Parcelable)>
02-24 17:36:27.160  9298  9318 D TEST_LOG: METHOD=<c.b.a.a.d.e.n: void writeToParcel(android.os.Parcel,int)>
02-24 17:36:27.160  9298  9318 D TEST_LOG: METHOD=<c.b.a.a.d.e.a: void r0(int,android.os.Parcel)>
02-24 17:36:27.500  9298  9298 D TEST_LOG: CLASS=com.ram.sunflowerphotoframes.AppOpenManager
02-24 17:36:27.503  9298  9298 D TEST_LOG: METHOD=<com.ram.sunflowerphotoframes.AppOpenManager: void <clinit>()>
02-24 17:36:27.503  9298  9298 D TEST_LOG: METHOD=<com.ram.sunflowerphotoframes.AppOpenManager: void <init>(com.ram.sunflowerphotoframes.Global)>
02-24 17:36:27.503  9298  9298 D TEST_LOG: CLASS=com.ram.sunflowerphotoframes.AppOpenManager_LifecycleAdapter
02-24 17:36:27.503  9298  9298 D TEST_LOG: METHOD=<com.ram.sunflowerphotoframes.AppOpenManager_LifecycleAdapter: void <init>(com.ram.sunflowerphotoframes.AppOpenManager)>
02-24 17:36:27.503  9298  9298 D TEST_LOG: METHOD=<b.b.a.b.a: java.lang.Object m(java.lang.Object,java.lang.Object)>
02-24 17:36:27.503  9298  9298 D TEST_LOG: METHOD=<b.b.a.b.a: b.b.a.b.b$c i(java.lang.Object)>
02-24 17:36:27.503  9298  9298 D TEST_LOG: METHOD=<b.b.a.b.b: b.b.a.b.b$c l(java.lang.Object,java.lang.Object)>
02-24 17:36:27.503  9298  9298 D TEST_LOG: CLASS=b.b.a.b.b$c
02-24 17:36:27.503  9298  9298 D TEST_LOG: METHOD=<b.b.a.b.b$c: void <init>(java.lang.Object,java.lang.Object)>
02-24 17:36:27.503  9298  9298 D TEST_LOG: METHOD=<b.b.a.b.a: java.util.Map$Entry o(java.lang.Object)>
02-24 17:36:27.503  9298  9298 D TEST_LOG: METHOD=<b.b.a.b.a: boolean contains(java.lang.Object)>
02-24 17:36:27.503  9298  9298 D TEST_LOG: METHOD=<com.ram.sunflowerphotoframes.AppOpenManager_LifecycleAdapter: void a(androidx.lifecycle.i,androidx.lifecycle.e$a,boolean,androidx.lifecycle.n)>
02-24 17:36:27.503  9298  9298 D TEST_LOG: METHOD=<b.b.a.b.b: java.util.Map$Entry g()>
02-24 17:36:27.503  9298  9298 D TEST_LOG: METHOD=<b.b.a.b.b$c: java.lang.Object getValue()>
02-24 17:36:27.503  9298  9298 D TEST_LOG: METHOD=<b.b.a.b.b: java.util.Map$Entry k()>
02-24 17:36:27.503  9298  9298 D TEST_LOG: CLASS=com.ram.sunflowerphotoframes.Global$b
02-24 17:36:27.503  9298  9298 D TEST_LOG: METHOD=<com.ram.sunflowerphotoframes.Global$b: void <init>(com.ram.sunflowerphotoframes.Global)>
02-24 17:36:27.867  9298  9298 D TEST_LOG: CLASS=com.ram.sunflowerphotoframes.Splash
02-24 17:36:27.871  9298  9298 D TEST_LOG: METHOD=<com.ram.sunflowerphotoframes.Splash: void <init>()>
02-24 17:36:27.887  9298  9298 D TEST_LOG: ACTIVITY=com.ram.sunflowerphotoframes.Splash
02-24 17:36:27.887  9298  9298 D TEST_LOG: METHOD=<com.ram.sunflowerphotoframes.Splash: void onCreate(android.os.Bundle)>
02-24 17:36:27.887  9298  9298 D TEST_LOG: METHOD=<c.b.a.a.d.e.r0: void onActivityCreated(android.app.Activity,android.os.Bundle)>
02-24 17:36:27.888  9298  9298 D TEST_LOG: CLASS=c.b.a.a.d.e.k0
02-24 17:36:27.888  9298  9298 D TEST_LOG: METHOD=<c.b.a.a.d.e.k0: void <init>(c.b.a.a.d.e.r0,android.os.Bundle,android.app.Activity)>
02-24 17:36:27.888  9298  9298 D TEST_LOG: METHOD=<c.b.a.a.d.e.s0: void D(c.b.a.a.d.e.s0,c.b.a.a.d.e.j0)>
02-24 17:36:27.888  9298  9298 D TEST_LOG: METHOD=<com.ram.sunflowerphotoframes.AppOpenManager: void onActivityCreated(android.app.Activity,android.os.Bundle)>
02-24 17:36:27.929  9298  9318 D TEST_LOG: METHOD=<c.b.a.a.d.e.k0: void a()>
02-24 17:36:27.929  9298  9318 D TEST_LOG: METHOD=<c.b.a.a.d.e.i: void I3(c.b.a.a.c.a,android.os.Bundle,long)>
02-24 17:36:27.970  9298  9298 D TEST_LOG: CLASS=com.ram.sunflowerphotoframes.Splash$a
02-24 17:36:27.970  9298  9298 D TEST_LOG: METHOD=<com.ram.sunflowerphotoframes.Splash$a: void <init>(com.ram.sunflowerphotoframes.Splash)>
02-24 17:36:27.971  9298  9298 D TEST_LOG: METHOD=<c.b.a.a.d.e.r0: void onActivityStarted(android.app.Activity)>
02-24 17:36:27.981  9298  9298 D TEST_LOG: CLASS=c.b.a.a.d.e.l0
02-24 17:36:27.981  9298  9298 D TEST_LOG: METHOD=<c.b.a.a.d.e.l0: void <init>(c.b.a.a.d.e.r0,android.app.Activity)>
02-24 17:36:27.981  9298  9298 D TEST_LOG: METHOD=<com.ram.sunflowerphotoframes.AppOpenManager: void onActivityStarted(android.app.Activity)>
02-24 17:36:27.981  9298  9298 D TEST_LOG: METHOD=<b.b.a.b.b: b.b.a.b.b$d j()>
02-24 17:36:27.981  9298  9298 D TEST_LOG: CLASS=b.b.a.b.b$d
02-24 17:36:27.981  9298  9298 D TEST_LOG: METHOD=<b.b.a.b.b$d: void <init>(b.b.a.b.b)>
02-24 17:36:27.981  9298  9298 D TEST_LOG: METHOD=<b.b.a.b.b$d: boolean hasNext()>
02-24 17:36:27.981  9298  9298 D TEST_LOG: METHOD=<b.b.a.b.b$d: java.lang.Object next()>
02-24 17:36:27.981  9298  9298 D TEST_LOG: METHOD=<b.b.a.b.b$d: java.util.Map$Entry b()>
02-24 17:36:27.981  9298  9298 D TEST_LOG: METHOD=<b.b.a.b.b$c: java.lang.Object getKey()>
02-24 17:36:27.981  9298  9298 D TEST_LOG: METHOD=<com.ram.sunflowerphotoframes.AppOpenManager: void onStart()>
02-24 17:36:27.981  9298  9298 D TEST_LOG: METHOD=<c.b.a.a.d.e.r0: void onActivityResumed(android.app.Activity)>
02-24 17:36:27.981  9298  9298 D TEST_LOG: CLASS=c.b.a.a.d.e.m0
02-24 17:36:27.981  9298  9298 D TEST_LOG: METHOD=<c.b.a.a.d.e.m0: void <init>(c.b.a.a.d.e.r0,android.app.Activity)>
02-24 17:36:27.981  9298  9298 D TEST_LOG: METHOD=<com.ram.sunflowerphotoframes.AppOpenManager: void onActivityResumed(android.app.Activity)>
02-24 17:36:27.985  9298  9318 D TEST_LOG: METHOD=<c.b.a.a.d.e.l0: void a()>
02-24 17:36:27.985  9298  9318 D TEST_LOG: METHOD=<c.b.a.a.d.e.i: void Z3(c.b.a.a.c.a,long)>
02-24 17:36:27.985  9298  9318 D TEST_LOG: METHOD=<c.b.a.a.d.e.m0: void a()>
02-24 17:36:27.985  9298  9318 D TEST_LOG: METHOD=<c.b.a.a.d.e.i: void u2(c.b.a.a.c.a,long)>
02-24 17:36:29.124  9298  9298 D TEST_LOG: METHOD=<com.ram.sunflowerphotoframes.Global$b: void a(com.google.android.gms.ads.l)>
02-24 17:36:30.977  9298  9298 D TEST_LOG: METHOD=<com.ram.sunflowerphotoframes.Splash$a: void run()>
02-24 17:36:30.977  9298  9298 D TEST_LOG: CLASS=com.ram.sunflowerphotoframes.Splash$a$a
02-24 17:36:30.977  9298  9298 D TEST_LOG: METHOD=<com.ram.sunflowerphotoframes.Splash$a$a: void <init>(com.ram.sunflowerphotoframes.Splash$a)>
02-24 17:36:30.977  9298  9298 D TEST_LOG: METHOD=<com.ram.sunflowerphotoframes.Splash$a$a: void run()>
02-24 17:36:30.977  9298  9298 D TEST_LOG: METHOD=<com.ram.sunflowerphotoframes.Splash: com.google.android.gms.ads.b0.a a(com.ram.sunflowerphotoframes.Splash)>
02-24 17:36:31.000  9298  9298 D TEST_LOG: METHOD=<c.b.a.a.d.e.r0: void onActivityPaused(android.app.Activity)>
02-24 17:36:31.000  9298  9298 D TEST_LOG: CLASS=c.b.a.a.d.e.n0
02-24 17:36:31.000  9298  9298 D TEST_LOG: METHOD=<c.b.a.a.d.e.n0: void <init>(c.b.a.a.d.e.r0,android.app.Activity)>
02-24 17:36:31.001  9298  9318 D TEST_LOG: METHOD=<c.b.a.a.d.e.n0: void a()>
02-24 17:36:31.001  9298  9318 D TEST_LOG: METHOD=<c.b.a.a.d.e.i: void f4(c.b.a.a.c.a,long)>
02-24 17:36:31.002  9298  9298 D TEST_LOG: METHOD=<com.ram.sunflowerphotoframes.AppOpenManager: void onActivityPaused(android.app.Activity)>
02-24 17:36:31.021  9298  9298 D TEST_LOG: CLASS=com.ram.sunflowerphotoframes.SelectLanguage
02-24 17:36:31.022  9298  9298 D TEST_LOG: METHOD=<com.ram.sunflowerphotoframes.SelectLanguage: void <init>()>
02-24 17:36:31.023  9298  9298 D TEST_LOG: ACTIVITY=com.ram.sunflowerphotoframes.SelectLanguage
02-24 17:36:31.023  9298  9298 D TEST_LOG: METHOD=<com.ram.sunflowerphotoframes.SelectLanguage: void onCreate(android.os.Bundle)>
02-24 17:36:31.026  9298  9298 D TEST_LOG: CLASS=b.e.g
02-24 17:36:31.026  9298  9298 D TEST_LOG: METHOD=<b.e.g: void <init>()>
02-24 17:36:31.026  9298  9298 D TEST_LOG: CLASS=b.e.c
02-24 17:36:31.026  9298  9298 D TEST_LOG: METHOD=<b.e.c: void <clinit>()>
02-24 17:36:31.026  9298  9298 D TEST_LOG: CLASS=b.e.d
02-24 17:36:31.026  9298  9298 D TEST_LOG: METHOD=<b.e.d: void <clinit>()>
02-24 17:36:31.026  9298  9298 D TEST_LOG: METHOD=<b.e.d: void <init>()>
02-24 17:36:31.026  9298  9298 D TEST_LOG: METHOD=<b.e.d: void <init>(int)>
02-24 17:36:31.026  9298  9298 D TEST_LOG: METHOD=<b.e.c: int f(int)>
02-24 17:36:31.026  9298  9298 D TEST_LOG: METHOD=<b.e.c: int d(int)>
02-24 17:36:31.027  9298  9298 D TEST_LOG: CLASS=b.h.l.u
02-24 17:36:31.027  9298  9298 D TEST_LOG: METHOD=<b.h.l.u: void <clinit>()>
02-24 17:36:31.027  9298  9298 D TEST_LOG: METHOD=<b.h.l.u: float b(android.view.ViewConfiguration,android.content.Context)>
02-24 17:36:31.027  9298  9298 D TEST_LOG: METHOD=<b.h.l.u: float d(android.view.ViewConfiguration,android.content.Context)>
02-24 17:36:31.027  9298  9298 D TEST_LOG: CLASS=b.h.k.g
02-24 17:36:31.027  9298  9298 D TEST_LOG: METHOD=<b.h.k.g: void <init>(int)>
02-24 17:36:31.027  9298  9298 D TEST_LOG: CLASS=b.h.l.t
02-24 17:36:31.027  9298  9298 D TEST_LOG: METHOD=<b.h.l.t: void <clinit>()>
02-24 17:36:31.027  9298  9298 D TEST_LOG: CLASS=b.h.l.t$e
02-24 17:36:31.027  9298  9298 D TEST_LOG: METHOD=<b.h.l.t$e: void <init>()>
02-24 17:36:31.027  9298  9298 D TEST_LOG: METHOD=<b.h.l.t: int A(android.view.View)>
02-24 17:36:31.027  9298  9298 D TEST_LOG: METHOD=<b.h.l.t: void w0(android.view.View,int)>
02-24 17:36:31.027  9298  9298 D TEST_LOG: METHOD=<b.h.l.t: int z(android.view.View)>
02-24 17:36:31.027  9298  9298 D TEST_LOG: METHOD=<b.h.l.t: void v0(android.view.View,int)>
02-24 17:36:31.027  9298  9298 D TEST_LOG: CLASS=b.h.l.a
02-24 17:36:31.027  9298  9298 D TEST_LOG: METHOD=<b.h.l.a: void <clinit>()>
02-24 17:36:31.027  9298  9298 D TEST_LOG: METHOD=<b.h.l.a: void <init>()>
02-24 17:36:31.027  9298  9298 D TEST_LOG: METHOD=<b.h.l.a: void <init>(android.view.View$AccessibilityDelegate)>
02-24 17:36:31.027  9298  9298 D TEST_LOG: CLASS=b.h.l.a$a
02-24 17:36:31.027  9298  9298 D TEST_LOG: METHOD=<b.h.l.a$a: void <init>(b.h.l.a)>
02-24 17:36:31.027  9298  9298 D TEST_LOG: METHOD=<b.h.l.t: void m0(android.view.View,b.h.l.a)>
02-24 17:36:31.027  9298  9298 D TEST_LOG: METHOD=<b.h.l.a: android.view.View$AccessibilityDelegate d()>
02-24 17:36:31.027  9298  9298 D TEST_LOG: CLASS=b.n.c
02-24 17:36:31.027  9298  9298 D TEST_LOG: METHOD=<b.n.c: void <clinit>()>
02-24 17:36:31.027  9298  9298 D TEST_LOG: METHOD=<b.h.l.t: void k0(android.view.View,android.content.Context,int[],android.util.AttributeSet,android.content.res.TypedArray,int,int)>
02-24 17:36:31.027  9298  9298 D TEST_LOG: METHOD=<b.h.l.t$i: void a(android.view.View,android.content.Context,int[],android.util.AttributeSet,android.content.res.TypedArray,int,int)>
02-24 17:36:31.028  9298  9298 D TEST_LOG: CLASS=b.h.l.k
02-24 17:36:31.028  9298  9298 D TEST_LOG: METHOD=<b.h.l.k: void <init>(android.view.View)>
02-24 17:36:31.028  9298  9298 D TEST_LOG: METHOD=<b.h.l.k: void m(boolean)>
02-24 17:36:31.028  9298  9298 D TEST_LOG: CLASS=com.ram.sunflowerphotoframes.SelectLanguage$a
02-24 17:36:31.028  9298  9298 D TEST_LOG: METHOD=<com.ram.sunflowerphotoframes.SelectLanguage$a: void <init>(com.ram.sunflowerphotoframes.SelectLanguage)>
02-24 17:36:31.044  9298  9298 D TEST_LOG: METHOD=<b.h.l.t: android.view.Display v(android.view.View)>
02-24 17:36:31.052  9298  9298 D TEST_LOG: METHOD=<b.h.l.t: int D(android.view.View)>
02-24 17:36:31.053  9298  9298 D TEST_LOG: METHOD=<b.h.l.t: int C(android.view.View)>
02-24 17:36:31.055  9298  9298 D TEST_LOG: CLASS=b.h.h.h
02-24 17:36:31.055  9298  9298 D TEST_LOG: METHOD=<b.h.h.h: void <clinit>()>
02-24 17:36:31.055  9298  9298 D TEST_LOG: METHOD=<b.h.h.h: void a(java.lang.String)>
02-24 17:36:31.055  9298  9298 D TEST_LOG: METHOD=<b.e.g: void clear()>
02-24 17:36:31.055  9298  9298 D TEST_LOG: METHOD=<b.e.d: void b()>
02-24 17:36:31.055  9298  9298 D TEST_LOG: METHOD=<com.ram.sunflowerphotoframes.SelectLanguage$a: int e()>
02-24 17:36:31.055  9298  9298 D TEST_LOG: METHOD=<com.ram.sunflowerphotoframes.SelectLanguage$a: androidx.recyclerview.widget.RecyclerView$d0 n(android.view.ViewGroup,int)>
02-24 17:36:31.055  9298  9298 D TEST_LOG: METHOD=<com.ram.sunflowerphotoframes.SelectLanguage$a: com.ram.sunflowerphotoframes.SelectLanguage$a$a x(android.view.ViewGroup,int)>
02-24 17:36:31.056  9298  9298 D TEST_LOG: CLASS=b.d.e
02-24 17:36:31.056  9298  9298 D TEST_LOG: METHOD=<b.d.e: void <clinit>()>
02-24 17:36:31.056  9298  9298 D TEST_LOG: CLASS=com.ram.sunflowerphotoframes.SelectLanguage$a$a
02-24 17:36:31.056  9298  9298 D TEST_LOG: METHOD=<com.ram.sunflowerphotoframes.SelectLanguage$a$a: void <init>(com.ram.sunflowerphotoframes.SelectLanguage$a,android.view.View)>
02-24 17:36:31.056  9298  9298 D TEST_LOG: CLASS=com.ram.sunflowerphotoframes.SelectLanguage$a$a$a
02-24 17:36:31.056  9298  9298 D TEST_LOG: METHOD=<com.ram.sunflowerphotoframes.SelectLanguage$a$a$a: void <init>(com.ram.sunflowerphotoframes.SelectLanguage$a$a,com.ram.sunflowerphotoframes.SelectLanguage$a)>
02-24 17:36:31.056  9298  9298 D TEST_LOG: METHOD=<b.h.h.h: void b()>
02-24 17:36:31.056  9298  9298 D TEST_LOG: METHOD=<com.ram.sunflowerphotoframes.SelectLanguage$a: void l(androidx.recyclerview.widget.RecyclerView$d0,int)>
02-24 17:36:31.056  9298  9298 D TEST_LOG: METHOD=<com.ram.sunflowerphotoframes.SelectLanguage$a: void w(com.ram.sunflowerphotoframes.SelectLanguage$a$a,int)>
02-24 17:36:31.056  9298  9298 D TEST_LOG: METHOD=<b.e.g: java.lang.Object get(java.lang.Object)>
02-24 17:36:31.056  9298  9298 D TEST_LOG: METHOD=<b.e.g: java.lang.Object getOrDefault(java.lang.Object,java.lang.Object)>
02-24 17:36:31.056  9298  9298 D TEST_LOG: METHOD=<b.e.g: int f(java.lang.Object)>
02-24 17:36:31.056  9298  9298 D TEST_LOG: METHOD=<b.e.g: int e(java.lang.Object,int)>
02-24 17:36:31.056  9298  9298 D TEST_LOG: METHOD=<b.h.l.t: int B(android.view.View)>
02-24 17:36:31.612  9298  9298 D TEST_LOG: METHOD=<c.b.a.a.d.e.r0: void onActivityStopped(android.app.Activity)>
02-24 17:36:31.613  9298  9298 D TEST_LOG: CLASS=c.b.a.a.d.e.o0
02-24 17:36:31.613  9298  9298 D TEST_LOG: METHOD=<c.b.a.a.d.e.o0: void <init>(c.b.a.a.d.e.r0,android.app.Activity)>
02-24 17:36:31.613  9298  9298 D TEST_LOG: METHOD=<com.ram.sunflowerphotoframes.AppOpenManager: void onActivityStopped(android.app.Activity)>
02-24 17:36:31.613  9298  9298 D TEST_LOG: METHOD=<c.b.a.a.d.e.r0: void onActivityDestroyed(android.app.Activity)>
02-24 17:36:31.614  9298  9298 D TEST_LOG: CLASS=c.b.a.a.d.e.q0
02-24 17:36:31.614  9298  9298 D TEST_LOG: METHOD=<c.b.a.a.d.e.q0: void <init>(c.b.a.a.d.e.r0,android.app.Activity)>
02-24 17:36:31.617  9298  9298 D TEST_LOG: METHOD=<com.ram.sunflowerphotoframes.AppOpenManager: void onActivityDestroyed(android.app.Activity)>
02-24 17:36:31.618  9298  9318 D TEST_LOG: METHOD=<c.b.a.a.d.e.o0: void a()>
02-24 17:36:31.619  9298  9318 D TEST_LOG: METHOD=<c.b.a.a.d.e.i: void K3(c.b.a.a.c.a,long)>
02-24 17:36:31.620  9298  9318 D TEST_LOG: METHOD=<c.b.a.a.d.e.q0: void a()>
02-24 17:36:31.621  9298  9318 D TEST_LOG: METHOD=<c.b.a.a.d.e.i: void c3(c.b.a.a.c.a,long)>
02-24 17:36:32.641  9298  9298 D TEST_LOG: METHOD=<b.h.l.k: boolean p(int,int)>
02-24 17:36:32.641  9298  9298 D TEST_LOG: METHOD=<b.h.l.k: boolean k(int)>
02-24 17:36:32.641  9298  9298 D TEST_LOG: METHOD=<b.h.l.k: android.view.ViewParent h(int)>
02-24 17:36:32.641  9298  9298 D TEST_LOG: METHOD=<b.h.l.k: boolean l()>
02-24 17:36:32.641  9298  9298 D TEST_LOG: METHOD=<b.h.l.w: boolean f(android.view.ViewParent,android.view.View,android.view.View,int,int)>
02-24 17:36:32.718  9298  9298 D TEST_LOG: METHOD=<b.h.l.k: void r(int)>
02-24 17:36:32.722  9298  9298 D TEST_LOG: METHOD=<com.ram.sunflowerphotoframes.SelectLanguage$a$a$a: void onClick(android.view.View)>
02-24 17:36:32.728  9298  9298 D TEST_LOG: CLASS=com.ram.sunflowerphotoframes.z
02-24 17:36:32.728  9298  9298 D TEST_LOG: METHOD=<com.ram.sunflowerphotoframes.z: void <init>(android.content.Context)>
02-24 17:36:32.728  9298  9298 D TEST_LOG: METHOD=<com.ram.sunflowerphotoframes.Global: void k(com.ram.sunflowerphotoframes.z)>
02-24 17:36:32.772  9298  9298 D TEST_LOG: CLASS=com.ram.sunflowerphotoframes.Home
02-24 17:36:32.774  9298  9298 D TEST_LOG: METHOD=<com.ram.sunflowerphotoframes.Home: void <init>()>
02-24 17:36:32.778  9298  9298 D TEST_LOG: ACTIVITY=com.ram.sunflowerphotoframes.Home
02-24 17:36:32.778  9298  9298 D TEST_LOG: METHOD=<com.ram.sunflowerphotoframes.Home: void onCreate(android.os.Bundle)>
02-24 17:36:32.798  9298  9298 D TEST_LOG: CLASS=b.j.b.c$c
02-24 17:36:32.798  9298  9298 D TEST_LOG: METHOD=<b.j.b.c$c: void <init>()>
02-24 17:36:32.798  9298  9298 D TEST_LOG: CLASS=b.j.b.c
02-24 17:36:32.798  9298  9298 D TEST_LOG: METHOD=<b.j.b.c: void <clinit>()>
02-24 17:36:32.798  9298  9298 D TEST_LOG: CLASS=b.j.b.c$a
02-24 17:36:32.798  9298  9298 D TEST_LOG: METHOD=<b.j.b.c$a: void <init>()>
02-24 17:36:32.798  9298  9298 D TEST_LOG: METHOD=<b.j.b.c: b.j.b.c n(android.view.ViewGroup,float,b.j.b.c$c)>
02-24 17:36:32.798  9298  9298 D TEST_LOG: METHOD=<b.j.b.c: b.j.b.c o(android.view.ViewGroup,b.j.b.c$c)>
02-24 17:36:32.798  9298  9298 D TEST_LOG: METHOD=<b.j.b.c: void <init>(android.content.Context,android.view.ViewGroup,b.j.b.c$c)>
02-24 17:36:32.798  9298  9298 D TEST_LOG: CLASS=b.j.b.c$b
02-24 17:36:32.798  9298  9298 D TEST_LOG: METHOD=<b.j.b.c$b: void <init>(b.j.b.c)>
02-24 17:36:32.798  9298  9298 D TEST_LOG: METHOD=<b.j.b.c: void K(int)>
02-24 17:36:32.798  9298  9298 D TEST_LOG: METHOD=<b.j.b.c: void L(float)>
02-24 17:36:32.798  9298  9298 D TEST_LOG: METHOD=<b.h.l.t: boolean y(android.view.View)>
02-24 17:36:32.802  9298  9298 D TEST_LOG: METHOD=<b.h.l.d: int b(int,int)>
02-24 17:36:32.804  9298  9298 D TEST_LOG: CLASS=com.ram.sunflowerphotoframes.c0.a
02-24 17:36:32.804  9298  9298 D TEST_LOG: METHOD=<com.ram.sunflowerphotoframes.c0.a: void <init>(android.content.Context)>
02-24 17:36:32.812  9298  9298 D TEST_LOG: METHOD=<com.ram.sunflowerphotoframes.Home: void onRequestPermissionsResult(int,java.lang.String[],int[])>
02-24 17:36:32.812  9298  9298 D TEST_LOG: CLASS=com.ram.sunflowerphotoframes.Home$n
02-24 17:36:32.812  9298  9298 D TEST_LOG: METHOD=<com.ram.sunflowerphotoframes.Home$n: void <init>(com.ram.sunflowerphotoframes.Home)>
02-24 17:36:32.812  9298  9298 D TEST_LOG: CLASS=com.ram.sunflowerphotoframes.Home$a
02-24 17:36:32.812  9298  9298 D TEST_LOG: METHOD=<com.ram.sunflowerphotoframes.Home$a: void <init>(com.ram.sunflowerphotoframes.Home)>
02-24 17:36:32.812  9298  9298 D TEST_LOG: METHOD=<com.ram.sunflowerphotoframes.Home: void e()>
02-24 17:36:32.812  9298  9298 D TEST_LOG: METHOD=<com.ram.sunflowerphotoframes.Home: com.google.android.gms.ads.g c()>
02-24 17:36:32.812  9298  9298 D TEST_LOG: CLASS=com.ram.sunflowerphotoframes.Home$i
02-24 17:36:32.812  9298  9298 D TEST_LOG: METHOD=<com.ram.sunflowerphotoframes.Home$i: void <init>(com.ram.sunflowerphotoframes.Home)>
02-24 17:36:32.826  9298  9298 D TEST_LOG: CLASS=com.ram.sunflowerphotoframes.Home$b
02-24 17:36:32.827  9298  9298 D TEST_LOG: METHOD=<com.ram.sunflowerphotoframes.Home$b: void <init>(com.ram.sunflowerphotoframes.Home)>
02-24 17:36:32.827  9298  9298 D TEST_LOG: CLASS=com.ram.sunflowerphotoframes.Home$c
02-24 17:36:32.827  9298  9298 D TEST_LOG: METHOD=<com.ram.sunflowerphotoframes.Home$c: void <init>(com.ram.sunflowerphotoframes.Home)>
02-24 17:36:32.827  9298  9298 D TEST_LOG: CLASS=com.ram.sunflowerphotoframes.Home$d
02-24 17:36:32.827  9298  9298 D TEST_LOG: METHOD=<com.ram.sunflowerphotoframes.Home$d: void <init>(com.ram.sunflowerphotoframes.Home)>
02-24 17:36:32.827  9298  9298 D TEST_LOG: CLASS=com.ram.sunflowerphotoframes.Home$e
02-24 17:36:32.827  9298  9298 D TEST_LOG: METHOD=<com.ram.sunflowerphotoframes.Home$e: void <init>(com.ram.sunflowerphotoframes.Home)>
02-24 17:36:32.827  9298  9298 D TEST_LOG: METHOD=<com.ram.sunflowerphotoframes.Home: void g()>
02-24 17:36:32.831  9298  9298 D TEST_LOG: CLASS=com.ram.sunflowerphotoframes.Home$g
02-24 17:36:32.832  9298  9298 D TEST_LOG: METHOD=<com.ram.sunflowerphotoframes.Home$g: void <init>(com.ram.sunflowerphotoframes.Home)>
02-24 17:36:32.833  9298  9298 D TEST_LOG: CLASS=com.ram.sunflowerphotoframes.Home$h
02-24 17:36:32.833  9298  9298 D TEST_LOG: METHOD=<com.ram.sunflowerphotoframes.Home$h: void <init>(com.ram.sunflowerphotoframes.Home)>
02-24 17:36:32.842  9298  9298 D TEST_LOG: METHOD=<com.ram.sunflowerphotoframes.Home: void j()>
02-24 17:36:32.843  9298  9298 D TEST_LOG: CLASS=com.ram.sunflowerphotoframes.Home$f
02-24 17:36:32.843  9298  9298 D TEST_LOG: METHOD=<com.ram.sunflowerphotoframes.Home$f: void <init>(com.ram.sunflowerphotoframes.Home)>
02-24 17:36:32.843  9298  9298 D TEST_LOG: CLASS=com.ram.sunflowerphotoframes.k
02-24 17:36:32.843  9298  9298 D TEST_LOG: METHOD=<com.ram.sunflowerphotoframes.k: void <init>(com.ram.sunflowerphotoframes.Home)>
02-24 17:36:32.844  9298  9298 D TEST_LOG: METHOD=<com.ram.sunflowerphotoframes.Home: void onResume()>
02-24 17:36:32.845  9298  9298 D TEST_LOG: METHOD=<com.ram.sunflowerphotoframes.z: java.lang.String a(int)>
02-24 17:36:32.847  9298  9298 D TEST_LOG: METHOD=<com.ram.sunflowerphotoframes.Home: void k()>
02-24 17:36:32.908  9298  9298 D TEST_LOG: METHOD=<b.h.l.t: float w(android.view.View)>
02-24 17:36:32.908  9298  9298 D TEST_LOG: METHOD=<b.h.l.t: void t0(android.view.View,float)>
02-24 17:36:32.937  9298  9298 D TEST_LOG: METHOD=<b.j.b.c: boolean m(boolean)>
02-24 17:36:33.296  9298  9298 D TEST_LOG: METHOD=<com.ram.sunflowerphotoframes.Home$i: void g(com.google.android.gms.ads.l)>
02-24 17:36:33.311  9298  9298 D TEST_LOG: METHOD=<com.ram.sunflowerphotoframes.Home$h: void g(com.google.android.gms.ads.l)>
02-24 17:36:33.570  9298  9298 D TEST_LOG: METHOD=<b.b.a.b.b: java.util.Iterator descendingIterator()>
02-24 17:36:33.570  9298  9298 D TEST_LOG: CLASS=b.b.a.b.b$b
02-24 17:36:33.570  9298  9298 D TEST_LOG: METHOD=<b.b.a.b.b$b: void <init>(b.b.a.b.b$c,b.b.a.b.b$c)>
02-24 17:36:33.571  9298  9298 D TEST_LOG: CLASS=b.b.a.b.b$e
02-24 17:36:33.571  9298  9298 D TEST_LOG: METHOD=<b.b.a.b.b$e: void <init>(b.b.a.b.b$c,b.b.a.b.b$c)>
02-24 17:36:33.571  9298  9298 D TEST_LOG: METHOD=<b.b.a.b.b$e: boolean hasNext()>
02-24 17:36:33.571  9298  9298 D TEST_LOG: METHOD=<b.b.a.b.b$e: java.lang.Object next()>
02-24 17:36:33.571  9298  9298 D TEST_LOG: METHOD=<b.b.a.b.b$e: java.util.Map$Entry d()>
02-24 17:36:33.571  9298  9298 D TEST_LOG: METHOD=<b.b.a.b.b$e: b.b.a.b.b$c e()>
02-24 17:36:33.574  9298  9298 D TEST_LOG: METHOD=<b.h.k.g: java.lang.Object b()>
02-24 17:36:33.575  9298  9298 D TEST_LOG: METHOD=<b.h.l.k: void q()>
02-24 17:36:35.087  9298  9298 D TEST_LOG: METHOD=<b.j.b.c: boolean N(android.view.MotionEvent)>
02-24 17:36:35.087  9298  9298 D TEST_LOG: METHOD=<b.j.b.c: void a()>
02-24 17:36:35.087  9298  9298 D TEST_LOG: METHOD=<b.j.b.c: void i()>
02-24 17:36:35.087  9298  9298 D TEST_LOG: METHOD=<b.j.b.c: void H(float,float,int)>
02-24 17:36:35.087  9298  9298 D TEST_LOG: METHOD=<b.j.b.c: void s(int)>
02-24 17:36:35.087  9298  9298 D TEST_LOG: METHOD=<b.j.b.c: int x(int,int)>
02-24 17:36:35.087  9298  9298 D TEST_LOG: METHOD=<b.j.b.c: android.view.View t(int,int)>
02-24 17:36:35.087  9298  9298 D TEST_LOG: METHOD=<b.j.b.c$c: int c(int)>
02-24 17:36:35.166  9298  9298 D TEST_LOG: METHOD=<com.ram.sunflowerphotoframes.k: void onClick(android.view.View)>
02-24 17:36:35.166  9298  9298 D TEST_LOG: METHOD=<com.ram.sunflowerphotoframes.Home: void d(android.view.View)>
02-24 17:36:35.169  9298  9298 D TEST_LOG: CLASS=c.c.a.a
02-24 17:36:35.171  9298  9298 D TEST_LOG: METHOD=<c.c.a.a: void <init>(android.app.Activity,java.lang.String[],int)>
02-24 17:36:35.171  9298  9298 D TEST_LOG: METHOD=<d.d.b.a: void b(java.lang.Object,java.lang.String)>
02-24 17:36:35.172  9298  9298 D TEST_LOG: CLASS=c.c.a.c
02-24 17:36:35.172  9298  9298 D TEST_LOG: METHOD=<c.c.a.c: void <clinit>()>
02-24 17:36:35.172  9298  9298 D TEST_LOG: METHOD=<c.c.a.c: void <init>()>
02-24 17:36:35.172  9298  9298 D TEST_LOG: CLASS=d.d.b.b
02-24 17:36:35.172  9298  9298 D TEST_LOG: METHOD=<d.d.b.b: void <init>(int)>
02-24 17:36:35.172  9298  9298 D TEST_LOG: CLASS=c.c.a.d
02-24 17:36:35.172  9298  9298 D TEST_LOG: METHOD=<c.c.a.d: void <clinit>()>
02-24 17:36:35.172  9298  9298 D TEST_LOG: METHOD=<c.c.a.d: void <init>()>
02-24 17:36:35.172  9298  9298 D TEST_LOG: CLASS=c.c.a.b
02-24 17:36:35.172  9298  9298 D TEST_LOG: METHOD=<c.c.a.b: void <clinit>()>
02-24 17:36:35.172  9298  9298 D TEST_LOG: METHOD=<c.c.a.b: void <init>()>
02-24 17:36:35.172  9298  9298 D TEST_LOG: METHOD=<c.c.a.a: void a()>
02-24 17:36:35.172  9298  9298 D TEST_LOG: METHOD=<c.c.a.a: boolean e(java.lang.String)>
02-24 17:36:35.174  9298  9298 D TEST_LOG: METHOD=<d.d.b.a: boolean a(java.lang.Object,java.lang.Object)>
02-24 17:36:35.175  9298  9298 D TEST_LOG: CLASS=com.ram.sunflowerphotoframes.x
02-24 17:36:35.176  9298  9298 D TEST_LOG: METHOD=<com.ram.sunflowerphotoframes.x: void <init>(com.ram.sunflowerphotoframes.Home)>
02-24 17:36:35.176  9298  9298 D TEST_LOG: METHOD=<c.c.a.a: void g(c.c.a.a$a)>
02-24 17:36:35.176  9298  9298 D TEST_LOG: METHOD=<c.c.a.a: boolean b(java.lang.String[])>
02-24 17:36:35.176  9298  9298 D TEST_LOG: METHOD=<c.c.a.a: android.content.Context d()>
02-24 17:36:35.176  9298  9298 D TEST_LOG: METHOD=<com.ram.sunflowerphotoframes.x: void b()>
02-24 17:36:35.190  9298  9298 D TEST_LOG: METHOD=<com.ram.sunflowerphotoframes.Global: void f(android.app.Activity,android.content.Intent,boolean,boolean)>
02-24 17:36:35.203  9298  9298 D TEST_LOG: METHOD=<c.c.a.c: java.lang.Object a()>
02-24 17:36:35.203  9298  9298 D TEST_LOG: METHOD=<c.c.a.c: void c()>
02-24 17:36:35.203  9298  9298 D TEST_LOG: CLASS=d.c
02-24 17:36:35.203  9298  9298 D TEST_LOG: METHOD=<d.c: void <clinit>()>
02-24 17:36:35.203  9298  9298 D TEST_LOG: METHOD=<d.c: void <init>()>
02-24 17:36:35.210  9298  9298 D TEST_LOG: CLASS=com.ram.sunflowerphotoframes.FilesScreen
02-24 17:36:35.213  9298  9298 D TEST_LOG: METHOD=<com.ram.sunflowerphotoframes.FilesScreen: void <init>()>
02-24 17:36:35.220  9298  9298 D TEST_LOG: METHOD=<b.h.k.i: java.lang.Object d(java.lang.Object,java.lang.Object)>
02-24 17:36:35.220  9298  9298 D TEST_LOG: CLASS=b.e.b
02-24 17:36:35.220  9298  9298 D TEST_LOG: METHOD=<b.e.b: void <clinit>()>
02-24 17:36:35.220  9298  9298 D TEST_LOG: METHOD=<b.e.b: void <init>()>
02-24 17:36:35.220  9298  9298 D TEST_LOG: METHOD=<b.e.b: void <init>(int)>
02-24 17:36:35.222  9298  9298 D TEST_LOG: CLASS=b.e.e
02-24 17:36:35.222  9298  9298 D TEST_LOG: METHOD=<b.e.e: void <init>(int)>
02-24 17:36:35.222  9298  9298 D TEST_LOG: CLASS=b.a.n.d
02-24 17:36:35.222  9298  9298 D TEST_LOG: METHOD=<b.a.n.d: void <init>(android.content.Context,int)>
02-24 17:36:35.222  9298  9298 D TEST_LOG: METHOD=<b.a.n.d: void a(android.content.res.Configuration)>
02-24 17:36:35.222  9298  9298 D TEST_LOG: METHOD=<b.a.n.d: android.content.res.Resources getResources()>
02-24 17:36:35.222  9298  9298 D TEST_LOG: METHOD=<b.a.n.d: android.content.res.Resources b()>
02-24 17:36:35.222  9298  9298 D TEST_LOG: METHOD=<b.a.n.d: java.lang.Object getSystemService(java.lang.String)>
02-24 17:36:35.224  9298  9298 D TEST_LOG: METHOD=<b.a.n.d: android.content.res.Resources$Theme getTheme()>
02-24 17:36:35.224  9298  9298 D TEST_LOG: METHOD=<b.a.n.d: void d()>
02-24 17:36:35.225  9298  9298 D TEST_LOG: METHOD=<b.a.n.d: void e(android.content.res.Resources$Theme,int,boolean)>
02-24 17:36:35.227  9298  9298 D TEST_LOG: ACTIVITY=com.ram.sunflowerphotoframes.FilesScreen
02-24 17:36:35.228  9298  9298 D TEST_LOG: METHOD=<com.ram.sunflowerphotoframes.FilesScreen: void onCreate(android.os.Bundle)>
02-24 17:36:35.228  9298  9298 D TEST_LOG: METHOD=<b.h.l.f: void b(android.view.LayoutInflater,android.view.LayoutInflater$Factory2)>
02-24 17:36:35.229  9298  9298 D TEST_LOG: CLASS=b.a.n.i
02-24 17:36:35.229  9298  9298 D TEST_LOG: METHOD=<b.a.n.i: void <init>(android.view.Window$Callback)>
02-24 17:36:35.233  9298  9298 D TEST_LOG: METHOD=<b.e.b: java.util.Iterator iterator()>
02-24 17:36:35.233  9298  9298 D TEST_LOG: METHOD=<b.e.b: b.e.f k()>
02-24 17:36:35.234  9298  9298 D TEST_LOG: CLASS=b.e.b$a
02-24 17:36:35.234  9298  9298 D TEST_LOG: METHOD=<b.e.b$a: void <init>(b.e.b)>
02-24 17:36:35.234  9298  9298 D TEST_LOG: CLASS=b.e.f
02-24 17:36:35.234  9298  9298 D TEST_LOG: METHOD=<b.e.f: void <init>()>
02-24 17:36:35.234  9298  9298 D TEST_LOG: METHOD=<b.e.f: java.util.Set m()>
02-24 17:36:35.234  9298  9298 D TEST_LOG: CLASS=b.e.f$c
02-24 17:36:35.234  9298  9298 D TEST_LOG: METHOD=<b.e.f$c: void <init>(b.e.f)>
02-24 17:36:35.234  9298  9298 D TEST_LOG: METHOD=<b.e.f$c: java.util.Iterator iterator()>
02-24 17:36:35.234  9298  9298 D TEST_LOG: CLASS=b.e.f$a
02-24 17:36:35.234  9298  9298 D TEST_LOG: METHOD=<b.e.f$a: void <init>(b.e.f,int)>
02-24 17:36:35.234  9298  9298 D TEST_LOG: METHOD=<b.e.b$a: int d()>
02-24 17:36:35.234  9298  9298 D TEST_LOG: METHOD=<b.e.f$a: boolean hasNext()>
02-24 17:36:35.234  9298  9298 D TEST_LOG: METHOD=<b.e.b: boolean add(java.lang.Object)>
02-24 17:36:35.234  9298  9298 D TEST_LOG: METHOD=<b.e.b: int l(java.lang.Object,int)>
02-24 17:36:35.234  9298  9298 D TEST_LOG: METHOD=<b.e.b: void g(int)>
02-24 17:36:35.234  9298  9298 D TEST_LOG: METHOD=<b.e.b: void j(int[],java.lang.Object[],int)>
02-24 17:36:35.234  9298  9298 D TEST_LOG: CLASS=b.e.h
02-24 17:36:35.234  9298  9298 D TEST_LOG: METHOD=<b.e.h: void <clinit>()>
02-24 17:36:35.234  9298  9298 D TEST_LOG: METHOD=<b.e.h: void <init>()>
02-24 17:36:35.234  9298  9298 D TEST_LOG: METHOD=<b.e.h: void <init>(int)>
02-24 17:36:35.234  9298  9298 D TEST_LOG: METHOD=<b.e.c: int e(int)>
02-24 17:36:35.236  9298  9298 D TEST_LOG: CLASS=b.a.j
02-24 17:36:35.236  9298  9298 D TEST_LOG: METHOD=<b.a.j: void <clinit>()>
02-24 17:36:35.237  9298  9298 D TEST_LOG: METHOD=<b.a.n.i: void onWindowAttributesChanged(android.view.WindowManager$LayoutParams)>
02-24 17:36:35.240  9298  9298 D TEST_LOG: METHOD=<b.h.l.t: void x0(android.view.View,b.h.l.p)>
02-24 17:36:35.240  9298  9298 D TEST_LOG: METHOD=<b.h.l.t$g: void d(android.view.View,b.h.l.p)>
02-24 17:36:35.240  9298  9298 D TEST_LOG: CLASS=b.h.l.t$g$a
02-24 17:36:35.240  9298  9298 D TEST_LOG: METHOD=<b.h.l.t$g$a: void <init>(android.view.View,b.h.l.p)>
02-24 17:36:35.240  9298  9298 D TEST_LOG: METHOD=<b.h.l.t: boolean S(android.view.View)>
02-24 17:36:35.241  9298  9298 D TEST_LOG: METHOD=<b.h.l.t: void e0(android.view.View,java.lang.Runnable)>
02-24 17:36:35.242  9298  9298 D TEST_LOG: METHOD=<b.h.k.i: java.lang.Object c(java.lang.Object)>
02-24 17:36:35.242  9298  9298 D TEST_LOG: METHOD=<b.h.l.t: boolean N(android.view.View)>
02-24 17:36:35.243  9298  9298 D TEST_LOG: CLASS=b.h.k.h
02-24 17:36:35.243  9298  9298 D TEST_LOG: METHOD=<b.h.k.h: void <init>(int)>
02-24 17:36:35.245  9298  9298 D TEST_LOG: CLASS=c.b.a.b.l
02-24 17:36:35.245  9298  9298 D TEST_LOG: METHOD=<c.b.a.b.l: void <clinit>()>
02-24 17:36:35.246  9298  9298 D TEST_LOG: CLASS=c.b.a.b.b0.g
02-24 17:36:35.246  9298  9298 D TEST_LOG: METHOD=<c.b.a.b.b0.g: void <clinit>()>
02-24 17:36:35.246  9298  9298 D TEST_LOG: METHOD=<c.b.a.b.b0.g: void <init>()>
02-24 17:36:35.246  9298  9298 D TEST_LOG: CLASS=c.b.a.b.b0.k
02-24 17:36:35.246  9298  9298 D TEST_LOG: METHOD=<c.b.a.b.b0.k: void <clinit>()>
02-24 17:36:35.246  9298  9298 D TEST_LOG: METHOD=<c.b.a.b.b0.k: void <init>()>
02-24 17:36:35.246  9298  9298 D TEST_LOG: METHOD=<c.b.a.b.b0.h: c.b.a.b.b0.d b()>
02-24 17:36:35.247  9298  9298 D TEST_LOG: CLASS=c.b.a.b.b0.j
02-24 17:36:35.247  9298  9298 D TEST_LOG: METHOD=<c.b.a.b.b0.j: void <init>()>
02-24 17:36:35.247  9298  9298 D TEST_LOG: CLASS=c.b.a.b.b0.d
02-24 17:36:35.247  9298  9298 D TEST_LOG: METHOD=<c.b.a.b.b0.d: void <init>()>
02-24 17:36:35.247  9298  9298 D TEST_LOG: CLASS=c.b.a.b.b0.a
02-24 17:36:35.247  9298  9298 D TEST_LOG: METHOD=<c.b.a.b.b0.a: void <init>(float)>
02-24 17:36:35.247  9298  9298 D TEST_LOG: METHOD=<c.b.a.b.b0.h: c.b.a.b.b0.f c()>
02-24 17:36:35.247  9298  9298 D TEST_LOG: CLASS=c.b.a.b.b0.f
02-24 17:36:35.247  9298  9298 D TEST_LOG: METHOD=<c.b.a.b.b0.f: void <init>()>
02-24 17:36:35.247  9298  9298 D TEST_LOG: METHOD=<c.b.a.b.b0.g: void <init>(c.b.a.b.b0.k)>
02-24 17:36:35.247  9298  9298 D TEST_LOG: CLASS=c.b.a.b.b0.g$c
02-24 17:36:35.247  9298  9298 D TEST_LOG: METHOD=<c.b.a.b.b0.g$c: void <init>(c.b.a.b.b0.k,c.b.a.b.u.a)>
02-24 17:36:35.247  9298  9298 D TEST_LOG: METHOD=<c.b.a.b.b0.g: void <init>(c.b.a.b.b0.g$c)>
02-24 17:36:35.247  9298  9298 D TEST_LOG: CLASS=c.b.a.b.a0.a
02-24 17:36:35.247  9298  9298 D TEST_LOG: METHOD=<c.b.a.b.a0.a: void <clinit>()>
02-24 17:36:35.247  9298  9298 D TEST_LOG: METHOD=<c.b.a.b.a0.a: void <init>()>
02-24 17:36:35.247  9298  9298 D TEST_LOG: METHOD=<c.b.a.b.a0.a: void <init>(int)>
02-24 17:36:35.247  9298  9298 D TEST_LOG: METHOD=<c.b.a.b.a0.a: void d(int)>
02-24 17:36:35.247  9298  9298 D TEST_LOG: CLASS=b.h.d.a
02-24 17:36:35.247  9298  9298 D TEST_LOG: METHOD=<b.h.d.a: void <clinit>()>
02-24 17:36:35.247  9298  9298 D TEST_LOG: METHOD=<b.h.d.a: int d(int,int)>
02-24 17:36:35.247  9298  9298 D TEST_LOG: METHOD=<c.b.a.b.b0.l: c.b.a.b.b0.l k()>
02-24 17:36:35.247  9298  9298 D TEST_LOG: CLASS=c.b.a.b.b0.l$a
02-24 17:36:35.247  9298  9298 D TEST_LOG: METHOD=<c.b.a.b.b0.l$a: void <clinit>()>
02-24 17:36:35.247  9298  9298 D TEST_LOG: CLASS=c.b.a.b.b0.l
02-24 17:36:35.247  9298  9298 D TEST_LOG: METHOD=<c.b.a.b.b0.l: void <init>()>
02-24 17:36:35.247  9298  9298 D TEST_LOG: CLASS=c.b.a.b.b0.m
02-24 17:36:35.247  9298  9298 D TEST_LOG: METHOD=<c.b.a.b.b0.m: void <init>()>
02-24 17:36:35.247  9298  9298 D TEST_LOG: METHOD=<c.b.a.b.b0.m: void n(float,float)>
02-24 17:36:35.247  9298  9298 D TEST_LOG: METHOD=<c.b.a.b.b0.m: void o(float,float,float,float)>
02-24 17:36:35.247  9298  9298 D TEST_LOG: METHOD=<c.b.a.b.b0.m: void t(float)>
02-24 17:36:35.247  9298  9298 D TEST_LOG: METHOD=<c.b.a.b.b0.m: void u(float)>
02-24 17:36:35.247  9298  9298 D TEST_LOG: METHOD=<c.b.a.b.b0.m: void r(float)>
02-24 17:36:35.247  9298  9298 D TEST_LOG: METHOD=<c.b.a.b.b0.m: void s(float)>
02-24 17:36:35.247  9298  9298 D TEST_LOG: METHOD=<c.b.a.b.b0.m: void p(float)>
02-24 17:36:35.247  9298  9298 D TEST_LOG: METHOD=<c.b.a.b.b0.m: void q(float)>
02-24 17:36:35.247  9298  9298 D TEST_LOG: METHOD=<c.b.a.b.b0.g: boolean h0()>
02-24 17:36:35.247  9298  9298 D TEST_LOG: METHOD=<c.b.a.b.b0.g: android.graphics.PorterDuffColorFilter k(android.content.res.ColorStateList,android.graphics.PorterDuff$Mode,android.graphics.Paint,boolean)>
02-24 17:36:35.247  9298  9298 D TEST_LOG: METHOD=<c.b.a.b.b0.g: android.graphics.PorterDuffColorFilter f(android.graphics.Paint,boolean)>
02-24 17:36:35.247  9298  9298 D TEST_LOG: METHOD=<c.b.a.b.b0.g: int l(int)>
02-24 17:36:35.247  9298  9298 D TEST_LOG: METHOD=<c.b.a.b.b0.g: float I()>
02-24 17:36:35.247  9298  9298 D TEST_LOG: METHOD=<c.b.a.b.b0.g: float w()>
02-24 17:36:35.247  9298  9298 D TEST_LOG: METHOD=<c.b.a.b.b0.g: float H()>
02-24 17:36:35.247  9298  9298 D TEST_LOG: METHOD=<c.b.a.b.b0.g: float y()>
02-24 17:36:35.247  9298  9298 D TEST_LOG: METHOD=<b.h.k.d: boolean a(java.lang.Object,java.lang.Object)>
02-24 17:36:35.247  9298  9298 D TEST_LOG: METHOD=<c.b.a.b.b0.g: boolean g0(int[])>
02-24 17:36:35.247  9298  9298 D TEST_LOG: CLASS=c.b.a.b.b0.g$a
02-24 17:36:35.247  9298  9298 D TEST_LOG: METHOD=<c.b.a.b.b0.g$a: void <init>(c.b.a.b.b0.g)>
02-24 17:36:35.247  9298  9298 D TEST_LOG: METHOD=<c.b.a.b.b0.g: void X(android.content.res.ColorStateList)>
02-24 17:36:35.247  9298  9298 D TEST_LOG: METHOD=<c.b.a.b.b0.g: boolean onStateChange(int[])>
02-24 17:36:35.247  9298  9298 D TEST_LOG: METHOD=<c.b.a.b.b0.g: void invalidateSelf()>
02-24 17:36:35.247  9298  9298 D TEST_LOG: METHOD=<c.b.a.b.b0.g: void M(android.content.Context)>
02-24 17:36:35.247  9298  9298 D TEST_LOG: CLASS=c.b.a.b.u.a
