02-24 17:36:35.247  9298  9298 D TEST_LOG: METHOD=<c.b.a.b.u.a: void <init>(android.content.Context)>
02-24 17:36:35.248  9298  9298 D TEST_LOG: METHOD=<c.b.a.b.y.b: boolean b(android.content.Context,int,boolean)>
02-24 17:36:35.248  9298  9298 D TEST_LOG: METHOD=<c.b.a.b.y.b: android.util.TypedValue a(android.content.Context,int)>
02-24 17:36:35.248  9298  9298 D TEST_LOG: METHOD=<c.b.a.b.s.a: int a(android.content.Context,int,int)>
02-24 17:36:35.248  9298  9298 D TEST_LOG: METHOD=<c.b.a.b.b0.g: void i0()>
02-24 17:36:35.248  9298  9298 D TEST_LOG: METHOD=<c.b.a.b.u.a: int c(int,float)>
02-24 17:36:35.248  9298  9298 D TEST_LOG: METHOD=<c.b.a.b.b0.g: void N()>
02-24 17:36:35.248  9298  9298 D TEST_LOG: METHOD=<c.b.a.b.b0.g: void W(float)>
02-24 17:36:35.248  9298  9298 D TEST_LOG: METHOD=<b.h.l.t: void p0(android.view.View,android.graphics.drawable.Drawable)>
02-24 17:36:35.248  9298  9298 D TEST_LOG: METHOD=<c.b.a.b.b0.g: boolean getPadding(android.graphics.Rect)>
02-24 17:36:35.248  9298  9298 D TEST_LOG: METHOD=<c.b.a.b.b0.g: boolean isStateful()>
02-24 17:36:35.248  9298  9298 D TEST_LOG: METHOD=<c.b.a.b.b0.g: int getOpacity()>
02-24 17:36:35.248  9298  9298 D TEST_LOG: METHOD=<c.b.a.b.y.c: android.graphics.drawable.Drawable d(android.content.Context,android.content.res.TypedArray,int)>
02-24 17:36:35.249  9298  9298 D TEST_LOG: CLASS=b.a.k.a.a
02-24 17:36:35.249  9298  9298 D TEST_LOG: METHOD=<b.a.k.a.a: void <clinit>()>
02-24 17:36:35.249  9298  9298 D TEST_LOG: METHOD=<b.a.k.a.a: android.graphics.drawable.Drawable d(android.content.Context,int)>
02-24 17:36:35.249  9298  9298 D TEST_LOG: METHOD=<b.h.l.t: void d0(android.view.View)>
02-24 17:36:35.250  9298  9298 D TEST_LOG: METHOD=<c.b.a.b.y.c: android.content.res.ColorStateList a(android.content.Context,android.content.res.TypedArray,int)>
02-24 17:36:35.250  9298  9298 D TEST_LOG: METHOD=<b.a.k.a.a: android.content.res.ColorStateList c(android.content.Context,int)>
02-24 17:36:35.250  9298  9298 D TEST_LOG: METHOD=<b.h.l.t: void y0(android.view.View,int,int,int,int)>
02-24 17:36:35.251  9298  9298 D TEST_LOG: METHOD=<b.a.n.i: android.view.Window$Callback a()>
02-24 17:36:35.252  9298  9298 D TEST_LOG: METHOD=<com.ram.sunflowerphotoframes.FilesScreen: void K()>
02-24 17:36:35.252  9298  9298 D TEST_LOG: METHOD=<com.ram.sunflowerphotoframes.FilesScreen: com.google.android.gms.ads.g I()>
02-24 17:36:35.253  9298  9298 D TEST_LOG: CLASS=com.ram.sunflowerphotoframes.FilesScreen$a
02-24 17:36:35.253  9298  9298 D TEST_LOG: METHOD=<com.ram.sunflowerphotoframes.FilesScreen$a: void <init>(com.ram.sunflowerphotoframes.FilesScreen)>
02-24 17:36:35.261  9298  9298 D TEST_LOG: METHOD=<com.ram.sunflowerphotoframes.FilesScreen: void L(androidx.viewpager.widget.ViewPager)>
02-24 17:36:35.261  9298  9298 D TEST_LOG: CLASS=com.ram.sunflowerphotoframes.FilesScreen$b
02-24 17:36:35.261  9298  9298 D TEST_LOG: METHOD=<com.ram.sunflowerphotoframes.FilesScreen$b: void <init>(com.ram.sunflowerphotoframes.FilesScreen,androidx.fragment.app.i)>
02-24 17:36:35.262  9298  9298 D TEST_LOG: CLASS=com.ram.sunflowerphotoframes.n
02-24 17:36:35.263  9298  9298 D TEST_LOG: METHOD=<com.ram.sunflowerphotoframes.n: void <init>()>
02-24 17:36:35.263  9298  9298 D TEST_LOG: METHOD=<com.ram.sunflowerphotoframes.FilesScreen$b: void v(androidx.fragment.app.Fragment,java.lang.String)>
02-24 17:36:35.264  9298  9298 D TEST_LOG: CLASS=com.ram.sunflowerphotoframes.o
02-24 17:36:35.264  9298  9298 D TEST_LOG: METHOD=<com.ram.sunflowerphotoframes.o: void <init>()>
02-24 17:36:35.264  9298  9298 D TEST_LOG: METHOD=<com.ram.sunflowerphotoframes.FilesScreen$b: int d()>
02-24 17:36:35.264  9298  9298 D TEST_LOG: METHOD=<b.h.k.h: java.lang.Object b()>
02-24 17:36:35.264  9298  9298 D TEST_LOG: CLASS=c.b.a.b.z.b
02-24 17:36:35.264  9298  9298 D TEST_LOG: METHOD=<c.b.a.b.z.b: void <clinit>()>
02-24 17:36:35.264  9298  9298 D TEST_LOG: METHOD=<c.b.a.b.z.b: android.content.res.ColorStateList a(android.content.res.ColorStateList)>
02-24 17:36:35.264  9298  9298 D TEST_LOG: METHOD=<c.b.a.b.z.b: int c(android.content.res.ColorStateList,int[])>
02-24 17:36:35.264  9298  9298 D TEST_LOG: METHOD=<c.b.a.b.z.b: int b(int)>
02-24 17:36:35.264  9298  9298 D TEST_LOG: METHOD=<b.h.l.r: b.h.l.r b(android.content.Context,int)>
02-24 17:36:35.264  9298  9298 D TEST_LOG: CLASS=b.h.l.r
02-24 17:36:35.264  9298  9298 D TEST_LOG: METHOD=<b.h.l.r: void <init>(java.lang.Object)>
02-24 17:36:35.264  9298  9298 D TEST_LOG: METHOD=<b.h.l.t: void z0(android.view.View,b.h.l.r)>
02-24 17:36:35.264  9298  9298 D TEST_LOG: METHOD=<b.h.l.r: java.lang.Object a()>
02-24 17:36:35.264  9298  9298 D TEST_LOG: CLASS=c.b.a.b.n.b
02-24 17:36:35.264  9298  9298 D TEST_LOG: METHOD=<c.b.a.b.n.b: void <clinit>()>
02-24 17:36:35.268  9298  9298 D TEST_LOG: CLASS=b.h.d.d
02-24 17:36:35.269  9298  9298 D TEST_LOG: METHOD=<b.h.d.d: void <clinit>()>
02-24 17:36:35.269  9298  9298 D TEST_LOG: CLASS=b.h.d.i
02-24 17:36:35.270  9298  9298 D TEST_LOG: METHOD=<b.h.d.i: void <init>()>
02-24 17:36:35.270  9298  9298 D TEST_LOG: CLASS=b.h.d.j
02-24 17:36:35.270  9298  9298 D TEST_LOG: METHOD=<b.h.d.j: void <init>()>
02-24 17:36:35.270  9298  9298 D TEST_LOG: METHOD=<b.h.d.d: android.graphics.Typeface f(android.content.res.Resources,int,int)>
02-24 17:36:35.270  9298  9298 D TEST_LOG: METHOD=<b.h.d.d: java.lang.String e(android.content.res.Resources,int,int)>
02-24 17:36:35.270  9298  9298 D TEST_LOG: METHOD=<b.e.e: java.lang.Object c(java.lang.Object)>
02-24 17:36:35.270  9298  9298 D TEST_LOG: METHOD=<b.e.e: java.lang.Object a(java.lang.Object)>
02-24 17:36:35.270  9298  9298 D TEST_LOG: METHOD=<b.h.d.d: android.graphics.Typeface d(android.content.Context,android.content.res.Resources,int,java.lang.String,int)>
02-24 17:36:35.270  9298  9298 D TEST_LOG: METHOD=<b.h.d.i: android.graphics.Typeface e(android.content.Context,android.content.res.Resources,int,java.lang.String,int)>
02-24 17:36:35.271  9298  9298 D TEST_LOG: METHOD=<b.e.e: java.lang.Object d(java.lang.Object,java.lang.Object)>
02-24 17:36:35.271  9298  9298 D TEST_LOG: METHOD=<b.e.e: int e(java.lang.Object,java.lang.Object)>
02-24 17:36:35.271  9298  9298 D TEST_LOG: METHOD=<b.e.e: int f(java.lang.Object,java.lang.Object)>
02-24 17:36:35.271  9298  9298 D TEST_LOG: METHOD=<b.e.e: void g(int)>
02-24 17:36:35.271  9298  9298 D TEST_LOG: METHOD=<com.ram.sunflowerphotoframes.FilesScreen$b: java.lang.CharSequence f(int)>
02-24 17:36:35.272  9298  9298 D TEST_LOG: METHOD=<b.b.a.b.a: java.lang.Object n(java.lang.Object)>
02-24 17:36:35.272  9298  9298 D TEST_LOG: METHOD=<b.b.a.b.b: java.lang.Object n(java.lang.Object)>
02-24 17:36:35.272  9298  9298 D TEST_LOG: METHOD=<b.b.a.b.b$d: void a(b.b.a.b.b$c)>
02-24 17:36:35.273  9298  9298 D TEST_LOG: METHOD=<com.ram.sunflowerphotoframes.FilesScreen: void onResume()>
02-24 17:36:35.274  9298  9298 D TEST_LOG: METHOD=<com.ram.sunflowerphotoframes.FilesScreen: void M()>
02-24 17:36:35.282  9298  9298 D TEST_LOG: METHOD=<b.a.n.i: void onAttachedToWindow()>
02-24 17:36:35.282  9298  9298 D TEST_LOG: METHOD=<c.b.a.b.b0.g: void getOutline(android.graphics.Outline)>
02-24 17:36:35.282  9298  9298 D TEST_LOG: METHOD=<c.b.a.b.b0.g: boolean P()>
02-24 17:36:35.282  9298  9298 D TEST_LOG: METHOD=<c.b.a.b.b0.g: android.graphics.RectF u()>
02-24 17:36:35.282  9298  9298 D TEST_LOG: METHOD=<c.b.a.b.b0.k: boolean u(android.graphics.RectF)>
02-24 17:36:35.282  9298  9298 D TEST_LOG: METHOD=<c.b.a.b.b0.a: float a(android.graphics.RectF)>
02-24 17:36:35.282  9298  9298 D TEST_LOG: METHOD=<c.b.a.b.b0.g: float F()>
02-24 17:36:35.282  9298  9298 D TEST_LOG: METHOD=<c.b.a.b.b0.k: c.b.a.b.b0.c r()>
02-24 17:36:35.282  9298  9298 D TEST_LOG: METHOD=<c.b.a.b.b0.h: void e(android.view.View)>
02-24 17:36:35.282  9298  9298 D TEST_LOG: METHOD=<c.b.a.b.b0.h: void f(android.view.View,c.b.a.b.b0.g)>
02-24 17:36:35.282  9298  9298 D TEST_LOG: METHOD=<c.b.a.b.b0.g: boolean O()>
02-24 17:36:35.282  9298  9298 D TEST_LOG: METHOD=<c.b.a.b.u.a: boolean d()>
02-24 17:36:35.287  9298  9298 D TEST_LOG: METHOD=<com.ram.sunflowerphotoframes.FilesScreen$b: androidx.fragment.app.Fragment s(int)>
02-24 17:36:35.288  9298  9298 D TEST_LOG: CLASS=b.q.e
02-24 17:36:35.289  9298  9298 D TEST_LOG: METHOD=<b.q.e: void <init>()>
02-24 17:36:35.289  9298  9298 D TEST_LOG: METHOD=<com.ram.sunflowerphotoframes.n: void f0(android.os.Bundle)>
02-24 17:36:35.290  9298  9298 D TEST_LOG: METHOD=<com.ram.sunflowerphotoframes.o: void f0(android.os.Bundle)>
02-24 17:36:35.290  9298  9298 D TEST_LOG: CLASS=b.e.a
02-24 17:36:35.291  9298  9298 D TEST_LOG: METHOD=<b.e.a: void <init>()>
02-24 17:36:35.291  9298  9298 D TEST_LOG: METHOD=<com.ram.sunflowerphotoframes.n: android.view.View j0(android.view.LayoutInflater,android.view.ViewGroup,android.os.Bundle)>
02-24 17:36:35.296  9298  9298 D TEST_LOG: CLASS=com.ram.sunflowerphotoframes.n$a
02-24 17:36:35.297  9298  9298 D TEST_LOG: METHOD=<com.ram.sunflowerphotoframes.n$a: void <init>(com.ram.sunflowerphotoframes.n)>
02-24 17:36:35.299  9298  9298 D TEST_LOG: METHOD=<com.ram.sunflowerphotoframes.n$a: int getCount()>
02-24 17:36:35.300  9298  9298 D TEST_LOG: CLASS=b.b.a.a.a
02-24 17:36:35.301  9298  9298 D TEST_LOG: METHOD=<b.b.a.a.a: void <clinit>()>
02-24 17:36:35.301  9298  9298 D TEST_LOG: CLASS=b.b.a.a.a$a
02-24 17:36:35.301  9298  9298 D TEST_LOG: METHOD=<b.b.a.a.a$a: void <init>()>
02-24 17:36:35.301  9298  9298 D TEST_LOG: METHOD=<b.b.a.a.a: b.b.a.a.a e()>
02-24 17:36:35.301  9298  9298 D TEST_LOG: METHOD=<b.b.a.a.a: void <init>()>
02-24 17:36:35.301  9298  9298 D TEST_LOG: CLASS=b.b.a.a.c
02-24 17:36:35.301  9298  9298 D TEST_LOG: METHOD=<b.b.a.a.c: void <init>()>
02-24 17:36:35.302  9298  9298 D TEST_LOG: CLASS=b.b.a.a.b
02-24 17:36:35.302  9298  9298 D TEST_LOG: METHOD=<b.b.a.a.b: void <init>()>
02-24 17:36:35.302  9298  9298 D TEST_LOG: CLASS=b.b.a.a.b$a
02-24 17:36:35.302  9298  9298 D TEST_LOG: METHOD=<b.b.a.a.b$a: void <init>(b.b.a.a.b)>
02-24 17:36:35.303  9298  9298 D TEST_LOG: METHOD=<b.b.a.a.a: boolean b()>
02-24 17:36:35.303  9298  9298 D TEST_LOG: METHOD=<b.b.a.a.b: boolean b()>
02-24 17:36:35.304  9298  9298 D TEST_LOG: METHOD=<com.ram.sunflowerphotoframes.n: void A0()>
02-24 17:36:35.304  9298  9298 D TEST_LOG: METHOD=<com.ram.sunflowerphotoframes.o: android.view.View j0(android.view.LayoutInflater,android.view.ViewGroup,android.os.Bundle)>
02-24 17:36:35.306  9298  9298 D TEST_LOG: CLASS=com.ram.sunflowerphotoframes.o$a
02-24 17:36:35.306  9298  9298 D TEST_LOG: METHOD=<com.ram.sunflowerphotoframes.o$a: void <init>(com.ram.sunflowerphotoframes.o)>
02-24 17:36:35.308  9298  9298 D TEST_LOG: METHOD=<com.ram.sunflowerphotoframes.o$a: int getCount()>
02-24 17:36:35.308  9298  9298 D TEST_LOG: METHOD=<com.ram.sunflowerphotoframes.o: void A0()>
02-24 17:36:35.313  9298  9298 D TEST_LOG: METHOD=<com.ram.sunflowerphotoframes.o$a: android.view.View getView(int,android.view.View,android.view.ViewGroup)>
02-24 17:36:35.313  9298  9298 D TEST_LOG: CLASS=com.ram.sunflowerphotoframes.o$a$a
02-24 17:36:35.313  9298  9298 D TEST_LOG: METHOD=<com.ram.sunflowerphotoframes.o$a$a: void <init>(com.ram.sunflowerphotoframes.o$a)>
02-24 17:36:35.313  9298  9298 D TEST_LOG: CLASS=c.e.a.t
02-24 17:36:35.313  9298  9298 D TEST_LOG: METHOD=<c.e.a.t: void <clinit>()>
02-24 17:36:35.313  9298  9298 D TEST_LOG: CLASS=c.e.a.t$a
02-24 17:36:35.313  9298  9298 D TEST_LOG: METHOD=<c.e.a.t$a: void <init>(android.os.Looper)>
02-24 17:36:35.313  9298  9298 D TEST_LOG: METHOD=<c.e.a.t: c.e.a.t q(android.content.Context)>
02-24 17:36:35.314  9298  9298 D TEST_LOG: CLASS=c.e.a.t$b
02-24 17:36:35.314  9298  9298 D TEST_LOG: METHOD=<c.e.a.t$b: void <init>(android.content.Context)>
02-24 17:36:35.314  9298  9298 D TEST_LOG: METHOD=<c.e.a.t$b: c.e.a.t a()>
02-24 17:36:35.315  9298  9298 D TEST_LOG: CLASS=c.e.a.e0
02-24 17:36:35.315  9298  9298 D TEST_LOG: METHOD=<c.e.a.e0: void <clinit>()>
02-24 17:36:35.315  9298  9298 D TEST_LOG: METHOD=<c.e.a.e0: c.e.a.j g(android.content.Context)>
02-24 17:36:35.316  9298  9298 D TEST_LOG: CLASS=c.e.a.d0
02-24 17:36:35.316  9298  9298 D TEST_LOG: METHOD=<c.e.a.d0: void <clinit>()>
02-24 17:36:35.317  9298  9298 D TEST_LOG: CLASS=c.e.a.d0$a
02-24 17:36:35.317  9298  9298 D TEST_LOG: METHOD=<c.e.a.d0$a: void <init>()>
02-24 17:36:35.317  9298  9298 D TEST_LOG: METHOD=<c.e.a.d0: void <init>(android.content.Context)>
02-24 17:36:35.317  9298  9298 D TEST_LOG: CLASS=c.e.a.m
02-24 17:36:35.317  9298  9298 D TEST_LOG: METHOD=<c.e.a.m: void <init>(android.content.Context)>
02-24 17:36:35.317  9298  9298 D TEST_LOG: METHOD=<c.e.a.e0: int b(android.content.Context)>
02-24 17:36:35.317  9298  9298 D TEST_LOG: METHOD=<c.e.a.e0: java.lang.Object o(android.content.Context,java.lang.String)>
02-24 17:36:35.317  9298  9298 D TEST_LOG: METHOD=<c.e.a.e0$a: int a(android.app.ActivityManager)>
02-24 17:36:35.317  9298  9298 D TEST_LOG: METHOD=<c.e.a.m: void <init>(int)>
02-24 17:36:35.317  9298  9298 D TEST_LOG: CLASS=c.e.a.v
02-24 17:36:35.317  9298  9298 D TEST_LOG: METHOD=<c.e.a.v: void <init>()>
02-24 17:36:35.317  9298  9298 D TEST_LOG: CLASS=c.e.a.e0$e
02-24 17:36:35.317  9298  9298 D TEST_LOG: METHOD=<c.e.a.e0$e: void <init>()>
02-24 17:36:35.317  9298  9298 D TEST_LOG: CLASS=c.e.a.t$g
02-24 17:36:35.317  9298  9298 D TEST_LOG: METHOD=<c.e.a.t$g: void <clinit>()>
02-24 17:36:35.317  9298  9298 D TEST_LOG: CLASS=c.e.a.t$g$a
02-24 17:36:35.317  9298  9298 D TEST_LOG: METHOD=<c.e.a.t$g$a: void <init>()>
02-24 17:36:35.317  9298  9298 D TEST_LOG: CLASS=c.e.a.a0
02-24 17:36:35.317  9298  9298 D TEST_LOG: METHOD=<c.e.a.a0: void <init>(c.e.a.d)>
02-24 17:36:35.318  9298  9298 D TEST_LOG: CLASS=c.e.a.a0$a
02-24 17:36:35.318  9298  9298 D TEST_LOG: METHOD=<c.e.a.a0$a: void <init>(android.os.Looper,c.e.a.a0)>
02-24 17:36:35.319  9298  9298 D TEST_LOG: CLASS=c.e.a.i
02-24 17:36:35.319  9298  9298 D TEST_LOG: METHOD=<c.e.a.i: void <init>(android.content.Context,java.util.concurrent.ExecutorService,android.os.Handler,c.e.a.j,c.e.a.d,c.e.a.a0)>
02-24 17:36:35.319  9298  9298 D TEST_LOG: CLASS=c.e.a.i$b
02-24 17:36:35.319  9298  9298 D TEST_LOG: METHOD=<c.e.a.i$b: void <init>()>
02-24 17:36:35.320  9298  9298 D TEST_LOG: CLASS=c.e.a.i$a
02-24 17:36:35.320  9298  9298 D TEST_LOG: METHOD=<c.e.a.i$a: void <init>(android.os.Looper,c.e.a.i)>
02-24 17:36:35.320  9298  9298 D TEST_LOG: METHOD=<c.e.a.e0: boolean q(android.content.Context)>
02-24 17:36:35.320  9298  9298 D TEST_LOG: METHOD=<c.e.a.e0: boolean p(android.content.Context,java.lang.String)>
02-24 17:36:35.320  9298  9298 D TEST_LOG: CLASS=c.e.a.i$c
02-24 17:36:35.320  9298  9298 D TEST_LOG: METHOD=<c.e.a.i$c: void <init>(c.e.a.i)>
02-24 17:36:35.320  9298  9298 D TEST_LOG: METHOD=<c.e.a.i$c: void a()>
02-24 17:36:35.321  9298  9298 D TEST_LOG: METHOD=<c.e.a.t: void <init>(android.content.Context,c.e.a.i,c.e.a.d,c.e.a.t$d,c.e.a.t$g,java.util.List,c.e.a.a0,android.graphics.Bitmap$Config,boolean,boolean)>
02-24 17:36:35.321  9298  9298 D TEST_LOG: CLASS=c.e.a.z
02-24 17:36:35.321  9298  9298 D TEST_LOG: METHOD=<c.e.a.z: void <init>(android.content.Context)>
02-24 17:36:35.321  9298  9298 D TEST_LOG: CLASS=c.e.a.y
02-24 17:36:35.321  9298  9298 D TEST_LOG: METHOD=<c.e.a.y: void <init>()>
02-24 17:36:35.322  9298  9298 D TEST_LOG: CLASS=c.e.a.f
02-24 17:36:35.322  9298  9298 D TEST_LOG: METHOD=<c.e.a.f: void <clinit>()>
02-24 17:36:35.322  9298  9298 D TEST_LOG: METHOD=<c.e.a.f: void <init>(android.content.Context)>
02-24 17:36:35.323  9298  9298 D TEST_LOG: CLASS=c.e.a.o
02-24 17:36:35.323  9298  9298 D TEST_LOG: METHOD=<c.e.a.o: void <clinit>()>
02-24 17:36:35.323  9298  9298 D TEST_LOG: METHOD=<c.e.a.o: void <init>(android.content.Context)>
02-24 17:36:35.323  9298  9298 D TEST_LOG: CLASS=c.e.a.g
02-24 17:36:35.323  9298  9298 D TEST_LOG: METHOD=<c.e.a.g: void <init>(android.content.Context)>
02-24 17:36:35.323  9298  9298 D TEST_LOG: CLASS=c.e.a.b
02-24 17:36:35.323  9298  9298 D TEST_LOG: METHOD=<c.e.a.b: void <clinit>()>
02-24 17:36:35.323  9298  9298 D TEST_LOG: METHOD=<c.e.a.b: void <init>(android.content.Context)>
02-24 17:36:35.323  9298  9298 D TEST_LOG: CLASS=c.e.a.k
02-24 17:36:35.323  9298  9298 D TEST_LOG: METHOD=<c.e.a.k: void <init>(android.content.Context)>
02-24 17:36:35.323  9298  9298 D TEST_LOG: CLASS=c.e.a.r
02-24 17:36:35.323  9298  9298 D TEST_LOG: METHOD=<c.e.a.r: void <init>(c.e.a.j,c.e.a.a0)>
02-24 17:36:35.323  9298  9298 D TEST_LOG: CLASS=c.e.a.t$c
02-24 17:36:35.323  9298  9298 D TEST_LOG: METHOD=<c.e.a.t$c: void <init>(java.lang.ref.ReferenceQueue,android.os.Handler)>
02-24 17:36:35.324  9298  9298 D TEST_LOG: METHOD=<c.e.a.t: c.e.a.x k(java.io.File)>
02-24 17:36:35.324  9298  9298 D TEST_LOG: METHOD=<c.e.a.t: c.e.a.x j(android.net.Uri)>
02-24 17:36:35.324  9298  9298 D TEST_LOG: CLASS=c.e.a.x
02-24 17:36:35.324  9298  9298 D TEST_LOG: METHOD=<c.e.a.x: void <clinit>()>
02-24 17:36:35.324  9298  9298 D TEST_LOG: METHOD=<c.e.a.x: void <init>(c.e.a.t,android.net.Uri,int)>
02-24 17:36:35.324  9298  9298 D TEST_LOG: CLASS=c.e.a.w$b
02-24 17:36:35.324  9298  9298 D TEST_LOG: METHOD=<c.e.a.w$b: void <init>(android.net.Uri,int,android.graphics.Bitmap$Config)>
02-24 17:36:35.324  9298  9298 D TEST_LOG: METHOD=<c.e.a.x: void c(android.widget.ImageView)>
02-24 17:36:35.324  9298  9298 D TEST_LOG: METHOD=<c.e.a.x: void d(android.widget.ImageView,c.e.a.e)>
02-24 17:36:35.324  9298  9298 D TEST_LOG: METHOD=<c.e.a.e0: void c()>
02-24 17:36:35.324  9298  9298 D TEST_LOG: METHOD=<c.e.a.e0: boolean r()>
02-24 17:36:35.324  9298  9298 D TEST_LOG: METHOD=<c.e.a.w$b: boolean b()>
02-24 17:36:35.324  9298  9298 D TEST_LOG: METHOD=<c.e.a.x: c.e.a.w a(long)>
02-24 17:36:35.324  9298  9298 D TEST_LOG: METHOD=<c.e.a.w$b: c.e.a.w a()>
02-24 17:36:35.324  9298  9298 D TEST_LOG: CLASS=c.e.a.t$f
02-24 17:36:35.324  9298  9298 D TEST_LOG: METHOD=<c.e.a.t$f: void <clinit>()>
02-24 17:36:35.324  9298  9298 D TEST_LOG: METHOD=<c.e.a.t$f: void <init>(java.lang.String,int)>
02-24 17:36:35.324  9298  9298 D TEST_LOG: CLASS=c.e.a.w
02-24 17:36:35.324  9298  9298 D TEST_LOG: METHOD=<c.e.a.w: void <clinit>()>
02-24 17:36:35.324  9298  9298 D TEST_LOG: METHOD=<c.e.a.w: void <init>(android.net.Uri,int,java.lang.String,java.util.List,int,int,boolean,boolean,boolean,float,float,float,boolean,android.graphics.Bitmap$Config,c.e.a.t$f,c.e.a.w$a)>
02-24 17:36:35.324  9298  9298 D TEST_LOG: METHOD=<c.e.a.w: void <init>(android.net.Uri,int,java.lang.String,java.util.List,int,int,boolean,boolean,boolean,float,float,float,boolean,android.graphics.Bitmap$Config,c.e.a.t$f)>
02-24 17:36:35.324  9298  9298 D TEST_LOG: METHOD=<c.e.a.t: c.e.a.w p(c.e.a.w)>
02-24 17:36:35.324  9298  9298 D TEST_LOG: METHOD=<c.e.a.t$g$a: c.e.a.w a(c.e.a.w)>
02-24 17:36:35.324  9298  9298 D TEST_LOG: METHOD=<c.e.a.e0: java.lang.String h(c.e.a.w)>
02-24 17:36:35.324  9298  9298 D TEST_LOG: METHOD=<c.e.a.e0: java.lang.String i(c.e.a.w,java.lang.StringBuilder)>
02-24 17:36:35.324  9298  9298 D TEST_LOG: METHOD=<c.e.a.w: boolean c()>
02-24 17:36:35.324  9298  9298 D TEST_LOG: CLASS=c.e.a.p
02-24 17:36:35.324  9298  9298 D TEST_LOG: METHOD=<c.e.a.p: void <clinit>()>
02-24 17:36:35.324  9298  9298 D TEST_LOG: METHOD=<c.e.a.p: void <init>(java.lang.String,int,int)>
02-24 17:36:35.324  9298  9298 D TEST_LOG: METHOD=<c.e.a.p: boolean c(int)>
02-24 17:36:35.324  9298  9298 D TEST_LOG: METHOD=<c.e.a.t: android.graphics.Bitmap m(java.lang.String)>
02-24 17:36:35.324  9298  9298 D TEST_LOG: METHOD=<c.e.a.m: android.graphics.Bitmap c(java.lang.String)>
02-24 17:36:35.324  9298  9298 D TEST_LOG: METHOD=<c.e.a.a0: void e()>
02-24 17:36:35.324  9298  9298 D TEST_LOG: METHOD=<c.e.a.x: android.graphics.drawable.Drawable b()>
02-24 17:36:35.324  9298  9298 D TEST_LOG: CLASS=c.e.a.u
02-24 17:36:35.324  9298  9298 D TEST_LOG: METHOD=<c.e.a.u: void <clinit>()>
02-24 17:36:35.324  9298  9298 D TEST_LOG: METHOD=<c.e.a.u: void d(android.widget.ImageView,android.graphics.drawable.Drawable)>
02-24 17:36:35.324  9298  9298 D TEST_LOG: CLASS=c.e.a.l
02-24 17:36:35.324  9298  9298 D TEST_LOG: METHOD=<c.e.a.l: void <init>(c.e.a.t,android.widget.ImageView,c.e.a.w,int,int,int,android.graphics.drawable.Drawable,java.lang.String,java.lang.Object,c.e.a.e,boolean)>
02-24 17:36:35.324  9298  9298 D TEST_LOG: CLASS=c.e.a.a
02-24 17:36:35.324  9298  9298 D TEST_LOG: METHOD=<c.e.a.a: void <init>(c.e.a.t,java.lang.Object,c.e.a.w,int,int,int,android.graphics.drawable.Drawable,java.lang.String,java.lang.Object,boolean)>
02-24 17:36:35.324  9298  9298 D TEST_LOG: CLASS=c.e.a.a$a
02-24 17:36:35.324  9298  9298 D TEST_LOG: METHOD=<c.e.a.a$a: void <init>(c.e.a.a,java.lang.Object,java.lang.ref.ReferenceQueue)>
02-24 17:36:35.324  9298  9298 D TEST_LOG: METHOD=<c.e.a.t: void g(c.e.a.a)>
02-24 17:36:35.324  9298  9298 D TEST_LOG: METHOD=<c.e.a.a: java.lang.Object k()>
02-24 17:36:35.324  9298  9298 D TEST_LOG: METHOD=<c.e.a.t: void b(java.lang.Object)>
02-24 17:36:35.324  9298  9298 D TEST_LOG: METHOD=<c.e.a.t: void o(c.e.a.a)>
02-24 17:36:35.324  9298  9298 D TEST_LOG: METHOD=<c.e.a.i: void h(c.e.a.a)>
02-24 17:36:35.324  9298  9298 D TEST_LOG: CLASS=com.ram.sunflowerphotoframes.b
02-24 17:36:35.324  9298  9298 D TEST_LOG: METHOD=<com.ram.sunflowerphotoframes.b: void <init>(com.ram.sunflowerphotoframes.o$a,int)>
02-24 17:36:35.324  9298  9298 D TEST_LOG: METHOD=<c.e.a.l: void a()>
02-24 17:36:35.324  9298  9298 D TEST_LOG: METHOD=<c.e.a.a: void a()>
02-24 17:36:35.324  9298  9298 D TEST_LOG: METHOD=<c.e.a.i: void c(c.e.a.a)>
02-24 17:36:35.326  9298  9493 D TEST_LOG: METHOD=<c.e.a.t$c: void run()>
02-24 17:36:35.328  9298  9298 D TEST_LOG: CLASS=c.b.a.b.m.a
02-24 17:36:35.328  9298  9298 D TEST_LOG: METHOD=<c.b.a.b.m.a: void <clinit>()>
02-24 17:36:35.329  9298  9298 D TEST_LOG: CLASS=b.k.a.a.b
02-24 17:36:35.329  9298  9298 D TEST_LOG: METHOD=<b.k.a.a.b: void <clinit>()>
02-24 17:36:35.329  9298  9298 D TEST_LOG: METHOD=<b.k.a.a.b: void <init>()>
02-24 17:36:35.329  9298  9298 D TEST_LOG: CLASS=b.k.a.a.d
02-24 17:36:35.329  9298  9298 D TEST_LOG: METHOD=<b.k.a.a.d: void <init>(float[])>
02-24 17:36:35.329  9298  9298 D TEST_LOG: CLASS=b.k.a.a.a
02-24 17:36:35.329  9298  9298 D TEST_LOG: METHOD=<b.k.a.a.a: void <clinit>()>
02-24 17:36:35.329  9298  9298 D TEST_LOG: METHOD=<b.k.a.a.a: void <init>()>
02-24 17:36:35.329  9298  9298 D TEST_LOG: CLASS=b.k.a.a.c
02-24 17:36:35.329  9298  9298 D TEST_LOG: METHOD=<b.k.a.a.c: void <clinit>()>
02-24 17:36:35.329  9298  9298 D TEST_LOG: METHOD=<b.k.a.a.c: void <init>()>
02-24 17:36:35.329  9298  9298 D TEST_LOG: METHOD=<c.b.a.b.m.a: int c(int,int,float)>
02-24 17:36:35.333  9298  9491 D TEST_LOG: METHOD=<c.e.a.a0$a: void handleMessage(android.os.Message)>
02-24 17:36:35.333  9298  9491 D TEST_LOG: METHOD=<c.e.a.a0: void k()>
02-24 17:36:35.338  9298  9492 D TEST_LOG: METHOD=<c.e.a.i$a: void handleMessage(android.os.Message)>
02-24 17:36:35.338  9298  9492 D TEST_LOG: METHOD=<c.e.a.i: void v(c.e.a.a)>
02-24 17:36:35.338  9298  9492 D TEST_LOG: METHOD=<c.e.a.i: void w(c.e.a.a,boolean)>
02-24 17:36:35.338  9298  9492 D TEST_LOG: METHOD=<c.e.a.a: java.lang.Object j()>
02-24 17:36:35.338  9298  9492 D TEST_LOG: METHOD=<c.e.a.a: java.lang.String d()>
02-24 17:36:35.338  9298  9492 D TEST_LOG: METHOD=<c.e.a.a: c.e.a.t g()>
02-24 17:36:35.339  9298  9492 D TEST_LOG: CLASS=c.e.a.c
02-24 17:36:35.339  9298  9492 D TEST_LOG: METHOD=<c.e.a.c: void <clinit>()>
02-24 17:36:35.339  9298  9492 D TEST_LOG: CLASS=c.e.a.c$a
02-24 17:36:35.339  9298  9492 D TEST_LOG: METHOD=<c.e.a.c$a: void <init>()>
02-24 17:36:35.339  9298  9492 D TEST_LOG: CLASS=c.e.a.c$b
02-24 17:36:35.339  9298  9492 D TEST_LOG: METHOD=<c.e.a.c$b: void <init>()>
02-24 17:36:35.339  9298  9492 D TEST_LOG: METHOD=<c.e.a.c: c.e.a.c g(c.e.a.t,c.e.a.i,c.e.a.d,c.e.a.a0,c.e.a.a)>
02-24 17:36:35.339  9298  9492 D TEST_LOG: METHOD=<c.e.a.a: c.e.a.w i()>
02-24 17:36:35.339  9298  9492 D TEST_LOG: METHOD=<c.e.a.t: java.util.List h()>
02-24 17:36:35.339  9298  9492 D TEST_LOG: METHOD=<c.e.a.z: boolean c(c.e.a.w)>
02-24 17:36:35.339  9298  9492 D TEST_LOG: METHOD=<c.e.a.f: boolean c(c.e.a.w)>
02-24 17:36:35.339  9298  9492 D TEST_LOG: METHOD=<c.e.a.o: boolean c(c.e.a.w)>
02-24 17:36:35.339  9298  9492 D TEST_LOG: METHOD=<c.e.a.g: boolean c(c.e.a.w)>
02-24 17:36:35.339  9298  9492 D TEST_LOG: METHOD=<c.e.a.b: boolean c(c.e.a.w)>
02-24 17:36:35.339  9298  9492 D TEST_LOG: METHOD=<c.e.a.k: boolean c(c.e.a.w)>
02-24 17:36:35.339  9298  9492 D TEST_LOG: METHOD=<c.e.a.c: void <init>(c.e.a.t,c.e.a.i,c.e.a.d,c.e.a.a0,c.e.a.a,c.e.a.y)>
02-24 17:36:35.339  9298  9492 D TEST_LOG: METHOD=<c.e.a.a: c.e.a.t$f h()>
02-24 17:36:35.339  9298  9492 D TEST_LOG: METHOD=<c.e.a.a: int e()>
02-24 17:36:35.339  9298  9492 D TEST_LOG: METHOD=<c.e.a.a: int f()>
02-24 17:36:35.339  9298  9492 D TEST_LOG: METHOD=<c.e.a.y: int e()>
02-24 17:36:35.339  9298  9492 D TEST_LOG: METHOD=<c.e.a.v: java.util.concurrent.Future submit(java.lang.Runnable)>
02-24 17:36:35.339  9298  9492 D TEST_LOG: CLASS=c.e.a.v$a
02-24 17:36:35.339  9298  9492 D TEST_LOG: METHOD=<c.e.a.v$a: void <init>(c.e.a.c)>
02-24 17:36:35.339  9298  9492 D TEST_LOG: METHOD=<c.e.a.e0$e: java.lang.Thread newThread(java.lang.Runnable)>
02-24 17:36:35.339  9298  9492 D TEST_LOG: CLASS=c.e.a.e0$d
02-24 17:36:35.339  9298  9492 D TEST_LOG: METHOD=<c.e.a.e0$d: void <init>(java.lang.Runnable)>
02-24 17:36:35.339  9298  9492 D TEST_LOG: METHOD=<c.e.a.i: void o(c.e.a.a)>
02-24 17:36:35.339  9298  9492 D TEST_LOG: METHOD=<c.e.a.c: void f(c.e.a.a)>
02-24 17:36:35.339  9298  9492 D TEST_LOG: METHOD=<c.e.a.c: c.e.a.t$f d()>
02-24 17:36:35.339  9298  9492 D TEST_LOG: METHOD=<c.e.a.c: boolean c()>
02-24 17:36:35.341  9298  9494 D TEST_LOG: METHOD=<c.e.a.e0$d: void run()>
02-24 17:36:35.346  9298  9298 D TEST_LOG: METHOD=<c.b.a.b.b0.g: void onBoundsChange(android.graphics.Rect)>
02-24 17:36:35.347  9298  9298 D TEST_LOG: METHOD=<c.b.a.b.b0.g: void draw(android.graphics.Canvas)>
02-24 17:36:35.350  9298  9298 D TEST_LOG: METHOD=<c.b.a.b.b0.g: int R(int,int)>
02-24 17:36:35.350  9298  9298 D TEST_LOG: METHOD=<c.b.a.b.b0.g: void i()>
02-24 17:36:35.350  9298  9298 D TEST_LOG: METHOD=<c.b.a.b.b0.g: float D()>
02-24 17:36:35.350  9298  9298 D TEST_LOG: METHOD=<c.b.a.b.b0.g: boolean L()>
02-24 17:36:35.350  9298  9298 D TEST_LOG: METHOD=<c.b.a.b.b0.g: c.b.a.b.b0.k C()>
02-24 17:36:35.350  9298  9298 D TEST_LOG: CLASS=c.b.a.b.b0.g$b
02-24 17:36:35.350  9298  9298 D TEST_LOG: METHOD=<c.b.a.b.b0.g$b: void <init>(c.b.a.b.b0.g,float)>
02-24 17:36:35.350  9298  9298 D TEST_LOG: METHOD=<c.b.a.b.b0.k: c.b.a.b.b0.k y(c.b.a.b.b0.k$c)>
02-24 17:36:35.350  9298  9298 D TEST_LOG: METHOD=<c.b.a.b.b0.k: c.b.a.b.b0.k$b v()>
02-24 17:36:35.350  9298  9298 D TEST_LOG: CLASS=c.b.a.b.b0.k$b
02-24 17:36:35.350  9298  9298 D TEST_LOG: METHOD=<c.b.a.b.b0.k$b: void <init>(c.b.a.b.b0.k)>
02-24 17:36:35.350  9298  9298 D TEST_LOG: METHOD=<c.b.a.b.b0.g$b: c.b.a.b.b0.c a(c.b.a.b.b0.c)>
02-24 17:36:35.350  9298  9298 D TEST_LOG: CLASS=c.b.a.b.b0.b
02-24 17:36:35.350  9298  9298 D TEST_LOG: METHOD=<c.b.a.b.b0.b: void <init>(float,c.b.a.b.b0.c)>
02-24 17:36:35.350  9298  9298 D TEST_LOG: METHOD=<c.b.a.b.b0.k$b: c.b.a.b.b0.k$b B(c.b.a.b.b0.c)>
02-24 17:36:35.350  9298  9298 D TEST_LOG: METHOD=<c.b.a.b.b0.k: c.b.a.b.b0.c t()>
02-24 17:36:35.350  9298  9298 D TEST_LOG: METHOD=<c.b.a.b.b0.k$b: c.b.a.b.b0.k$b F(c.b.a.b.b0.c)>
02-24 17:36:35.350  9298  9298 D TEST_LOG: METHOD=<c.b.a.b.b0.k: c.b.a.b.b0.c j()>
02-24 17:36:35.350  9298  9298 D TEST_LOG: METHOD=<c.b.a.b.b0.k$b: c.b.a.b.b0.k$b t(c.b.a.b.b0.c)>
02-24 17:36:35.350  9298  9298 D TEST_LOG: METHOD=<c.b.a.b.b0.k: c.b.a.b.b0.c l()>
02-24 17:36:35.350  9298  9298 D TEST_LOG: METHOD=<c.b.a.b.b0.k$b: c.b.a.b.b0.k$b x(c.b.a.b.b0.c)>
02-24 17:36:35.350  9298  9298 D TEST_LOG: METHOD=<c.b.a.b.b0.k$b: c.b.a.b.b0.k m()>
02-24 17:36:35.350  9298  9298 D TEST_LOG: METHOD=<c.b.a.b.b0.k: void <init>(c.b.a.b.b0.k$b,c.b.a.b.b0.k$a)>
02-24 17:36:35.350  9298  9298 D TEST_LOG: METHOD=<c.b.a.b.b0.k: void <init>(c.b.a.b.b0.k$b)>
02-24 17:36:35.350  9298  9298 D TEST_LOG: METHOD=<c.b.a.b.b0.k$b: c.b.a.b.b0.d a(c.b.a.b.b0.k$b)>
02-24 17:36:35.350  9298  9298 D TEST_LOG: METHOD=<c.b.a.b.b0.k$b: c.b.a.b.b0.d e(c.b.a.b.b0.k$b)>
02-24 17:36:35.350  9298  9298 D TEST_LOG: METHOD=<c.b.a.b.b0.k$b: c.b.a.b.b0.d f(c.b.a.b.b0.k$b)>
02-24 17:36:35.350  9298  9298 D TEST_LOG: METHOD=<c.b.a.b.b0.k$b: c.b.a.b.b0.d g(c.b.a.b.b0.k$b)>
02-24 17:36:35.350  9298  9298 D TEST_LOG: METHOD=<c.b.a.b.b0.k$b: c.b.a.b.b0.c h(c.b.a.b.b0.k$b)>
02-24 17:36:35.350  9298  9298 D TEST_LOG: METHOD=<c.b.a.b.b0.k$b: c.b.a.b.b0.c i(c.b.a.b.b0.k$b)>
02-24 17:36:35.350  9298  9298 D TEST_LOG: METHOD=<c.b.a.b.b0.k$b: c.b.a.b.b0.c j(c.b.a.b.b0.k$b)>
02-24 17:36:35.350  9298  9298 D TEST_LOG: METHOD=<c.b.a.b.b0.k$b: c.b.a.b.b0.c k(c.b.a.b.b0.k$b)>
02-24 17:36:35.350  9298  9298 D TEST_LOG: METHOD=<c.b.a.b.b0.k$b: c.b.a.b.b0.f l(c.b.a.b.b0.k$b)>
02-24 17:36:35.350  9298  9298 D TEST_LOG: METHOD=<c.b.a.b.b0.k$b: c.b.a.b.b0.f b(c.b.a.b.b0.k$b)>
02-24 17:36:35.350  9298  9298 D TEST_LOG: METHOD=<c.b.a.b.b0.k$b: c.b.a.b.b0.f c(c.b.a.b.b0.k$b)>
02-24 17:36:35.350  9298  9298 D TEST_LOG: METHOD=<c.b.a.b.b0.k$b: c.b.a.b.b0.f d(c.b.a.b.b0.k$b)>
02-24 17:36:35.350  9298  9298 D TEST_LOG: METHOD=<c.b.a.b.b0.g: android.graphics.RectF v()>
02-24 17:36:35.350  9298  9298 D TEST_LOG: METHOD=<c.b.a.b.b0.l: void d(c.b.a.b.b0.k,float,android.graphics.RectF,android.graphics.Path)>
02-24 17:36:35.350  9298  9298 D TEST_LOG: METHOD=<c.b.a.b.b0.l: void e(c.b.a.b.b0.k,float,android.graphics.RectF,c.b.a.b.b0.l$b,android.graphics.Path)>
02-24 17:36:35.350  9298  9298 D TEST_LOG: CLASS=c.b.a.b.b0.l$c
02-24 17:36:35.350  9298  9298 D TEST_LOG: METHOD=<c.b.a.b.b0.l$c: void <init>(c.b.a.b.b0.k,float,android.graphics.RectF,c.b.a.b.b0.l$b,android.graphics.Path)>
02-24 17:36:35.350  9298  9298 D TEST_LOG: METHOD=<c.b.a.b.b0.l: void m(c.b.a.b.b0.l$c,int)>
02-24 17:36:35.350  9298  9298 D TEST_LOG: METHOD=<c.b.a.b.b0.l: c.b.a.b.b0.c g(int,c.b.a.b.b0.k)>
02-24 17:36:35.350  9298  9298 D TEST_LOG: METHOD=<c.b.a.b.b0.l: c.b.a.b.b0.d h(int,c.b.a.b.b0.k)>
02-24 17:36:35.350  9298  9298 D TEST_LOG: METHOD=<c.b.a.b.b0.k: c.b.a.b.b0.d s()>
02-24 17:36:35.350  9298  9298 D TEST_LOG: METHOD=<c.b.a.b.b0.d: void b(c.b.a.b.b0.m,float,float,android.graphics.RectF,c.b.a.b.b0.c)>
02-24 17:36:35.350  9298  9298 D TEST_LOG: METHOD=<c.b.a.b.b0.b: float a(android.graphics.RectF)>
02-24 17:36:35.350  9298  9298 D TEST_LOG: METHOD=<c.b.a.b.b0.j: void a(c.b.a.b.b0.m,float,float,float)>
02-24 17:36:35.350  9298  9298 D TEST_LOG: METHOD=<c.b.a.b.b0.m: void a(float,float,float,float,float,float)>
02-24 17:36:35.350  9298  9298 D TEST_LOG: CLASS=c.b.a.b.b0.m$d
02-24 17:36:35.350  9298  9298 D TEST_LOG: METHOD=<c.b.a.b.b0.m$d: void <clinit>()>
02-24 17:36:35.350  9298  9298 D TEST_LOG: METHOD=<c.b.a.b.b0.m$d: void <init>(float,float,float,float)>
02-24 17:36:35.350  9298  9298 D TEST_LOG: CLASS=c.b.a.b.b0.m$f
02-24 17:36:35.350  9298  9298 D TEST_LOG: METHOD=<c.b.a.b.b0.m$f: void <init>()>
02-24 17:36:35.350  9298  9298 D TEST_LOG: METHOD=<c.b.a.b.b0.m$d: void q(float)>
02-24 17:36:35.350  9298  9298 D TEST_LOG: METHOD=<c.b.a.b.b0.m$d: void u(float)>
02-24 17:36:35.350  9298  9298 D TEST_LOG: METHOD=<c.b.a.b.b0.m$d: void r(float)>
02-24 17:36:35.350  9298  9298 D TEST_LOG: METHOD=<c.b.a.b.b0.m$d: void p(float)>
02-24 17:36:35.350  9298  9298 D TEST_LOG: METHOD=<c.b.a.b.b0.m$d: void f(c.b.a.b.b0.m$d,float)>
02-24 17:36:35.350  9298  9298 D TEST_LOG: METHOD=<c.b.a.b.b0.m$d: void s(float)>
02-24 17:36:35.350  9298  9298 D TEST_LOG: METHOD=<c.b.a.b.b0.m$d: void g(c.b.a.b.b0.m$d,float)>
02-24 17:36:35.350  9298  9298 D TEST_LOG: METHOD=<c.b.a.b.b0.m$d: void t(float)>
02-24 17:36:35.350  9298  9298 D TEST_LOG: CLASS=c.b.a.b.b0.m$g
02-24 17:36:35.350  9298  9298 D TEST_LOG: METHOD=<c.b.a.b.b0.m$g: void <clinit>()>
02-24 17:36:35.350  9298  9298 D TEST_LOG: CLASS=c.b.a.b.b0.m$b
02-24 17:36:35.350  9298  9298 D TEST_LOG: METHOD=<c.b.a.b.b0.m$b: void <init>(c.b.a.b.b0.m$d)>
02-24 17:36:35.350  9298  9298 D TEST_LOG: METHOD=<c.b.a.b.b0.m$g: void <init>()>
02-24 17:36:35.350  9298  9298 D TEST_LOG: METHOD=<c.b.a.b.b0.m: void c(c.b.a.b.b0.m$g,float,float)>
02-24 17:36:35.350  9298  9298 D TEST_LOG: METHOD=<c.b.a.b.b0.m: void b(float)>
02-24 17:36:35.350  9298  9298 D TEST_LOG: METHOD=<c.b.a.b.b0.m: float g()>
02-24 17:36:35.350  9298  9298 D TEST_LOG: METHOD=<c.b.a.b.b0.l: float a(int)>
02-24 17:36:35.350  9298  9298 D TEST_LOG: METHOD=<c.b.a.b.b0.l: void f(int,android.graphics.RectF,android.graphics.PointF)>
02-24 17:36:35.350  9298  9298 D TEST_LOG: METHOD=<c.b.a.b.b0.l: void n(int)>
02-24 17:36:35.350  9298  9298 D TEST_LOG: METHOD=<c.b.a.b.b0.m: float i()>
02-24 17:36:35.352  9298  9298 D TEST_LOG: METHOD=<c.b.a.b.b0.m: float j()>
02-24 17:36:35.352  9298  9298 D TEST_LOG: METHOD=<c.b.a.b.b0.k: c.b.a.b.b0.d k()>
02-24 17:36:35.352  9298  9298 D TEST_LOG: METHOD=<c.b.a.b.b0.k: c.b.a.b.b0.d i()>
02-24 17:36:35.352  9298  9298 D TEST_LOG: METHOD=<c.b.a.b.b0.k: c.b.a.b.b0.d q()>
02-24 17:36:35.352  9298  9298 D TEST_LOG: METHOD=<c.b.a.b.b0.l: void b(c.b.a.b.b0.l$c,int)>
02-24 17:36:35.352  9298  9298 D TEST_LOG: METHOD=<c.b.a.b.b0.m: float k()>
02-24 17:36:35.353  9298  9298 D TEST_LOG: METHOD=<c.b.a.b.b0.m: float l()>
02-24 17:36:35.353  9298  9298 D TEST_LOG: METHOD=<c.b.a.b.b0.m: void d(android.graphics.Matrix,android.graphics.Path)>
02-24 17:36:35.353  9298  9298 D TEST_LOG: METHOD=<c.b.a.b.b0.m$d: void a(android.graphics.Matrix,android.graphics.Path)>
02-24 17:36:35.353  9298  9298 D TEST_LOG: METHOD=<c.b.a.b.b0.m$d: float k()>
02-24 17:36:35.353  9298  9298 D TEST_LOG: METHOD=<c.b.a.b.b0.m$d: float o()>
02-24 17:36:35.353  9298  9298 D TEST_LOG: METHOD=<c.b.a.b.b0.m$d: float l()>
02-24 17:36:35.353  9298  9298 D TEST_LOG: METHOD=<c.b.a.b.b0.m$d: float j()>
02-24 17:36:35.353  9298  9298 D TEST_LOG: METHOD=<c.b.a.b.b0.m$d: float m()>
02-24 17:36:35.353  9298  9298 D TEST_LOG: METHOD=<c.b.a.b.b0.m$d: float n()>
02-24 17:36:35.353  9298  9298 D TEST_LOG: METHOD=<c.b.a.b.b0.l: void c(c.b.a.b.b0.l$c,int)>
02-24 17:36:35.353  9298  9298 D TEST_LOG: METHOD=<c.b.a.b.b0.l: float i(android.graphics.RectF,int)>
02-24 17:36:35.353  9298  9298 D TEST_LOG: METHOD=<c.b.a.b.b0.l: c.b.a.b.b0.f j(int,c.b.a.b.b0.k)>
02-24 17:36:35.353  9298  9298 D TEST_LOG: METHOD=<c.b.a.b.b0.k: c.b.a.b.b0.f o()>
02-24 17:36:35.353  9298  9298 D TEST_LOG: METHOD=<c.b.a.b.b0.f: void b(float,float,float,c.b.a.b.b0.m)>
02-24 17:36:35.353  9298  9298 D TEST_LOG: METHOD=<c.b.a.b.b0.m: void m(float,float)>
02-24 17:36:35.353  9298  9298 D TEST_LOG: CLASS=c.b.a.b.b0.m$e
02-24 17:36:35.353  9298  9298 D TEST_LOG: METHOD=<c.b.a.b.b0.m$e: void <init>()>
02-24 17:36:35.353  9298  9298 D TEST_LOG: METHOD=<c.b.a.b.b0.m$e: float c(c.b.a.b.b0.m$e,float)>
02-24 17:36:35.353  9298  9298 D TEST_LOG: METHOD=<c.b.a.b.b0.m$e: float e(c.b.a.b.b0.m$e,float)>
02-24 17:36:35.353  9298  9298 D TEST_LOG: CLASS=c.b.a.b.b0.m$c
02-24 17:36:35.353  9298  9298 D TEST_LOG: METHOD=<c.b.a.b.b0.m$c: void <init>(c.b.a.b.b0.m$e,float,float)>
02-24 17:36:35.353  9298  9298 D TEST_LOG: METHOD=<c.b.a.b.b0.m$c: float c()>
02-24 17:36:35.353  9298  9298 D TEST_LOG: METHOD=<c.b.a.b.b0.m$e: float d(c.b.a.b.b0.m$e)>
02-24 17:36:35.353  9298  9298 D TEST_LOG: METHOD=<c.b.a.b.b0.m$e: float b(c.b.a.b.b0.m$e)>
02-24 17:36:35.353  9298  9298 D TEST_LOG: METHOD=<c.b.a.b.b0.m$e: void a(android.graphics.Matrix,android.graphics.Path)>
02-24 17:36:35.353  9298  9298 D TEST_LOG: METHOD=<c.b.a.b.b0.f: boolean a()>
02-24 17:36:35.353  9298  9298 D TEST_LOG: METHOD=<c.b.a.b.b0.l: boolean l(android.graphics.Path,int)>
02-24 17:36:35.353  9298  9298 D TEST_LOG: METHOD=<c.b.a.b.b0.k: c.b.a.b.b0.f h()>
02-24 17:36:35.353  9298  9298 D TEST_LOG: METHOD=<c.b.a.b.b0.k: c.b.a.b.b0.f n()>
02-24 17:36:35.353  9298  9298 D TEST_LOG: METHOD=<c.b.a.b.b0.k: c.b.a.b.b0.f p()>
02-24 17:36:35.353  9298  9298 D TEST_LOG: METHOD=<c.b.a.b.b0.g: void g(android.graphics.RectF,android.graphics.Path)>
02-24 17:36:35.353  9298  9298 D TEST_LOG: METHOD=<c.b.a.b.b0.g: void h(android.graphics.RectF,android.graphics.Path)>
02-24 17:36:35.353  9298  9298 D TEST_LOG: METHOD=<c.b.a.b.b0.g$a: void b(c.b.a.b.b0.m,android.graphics.Matrix,int)>
02-24 17:36:35.353  9298  9298 D TEST_LOG: METHOD=<c.b.a.b.b0.g: java.util.BitSet b(c.b.a.b.b0.g)>
02-24 17:36:35.353  9298  9298 D TEST_LOG: METHOD=<c.b.a.b.b0.m: boolean e()>
02-24 17:36:35.353  9298  9298 D TEST_LOG: METHOD=<c.b.a.b.b0.g: c.b.a.b.b0.m$g[] c(c.b.a.b.b0.g)>
02-24 17:36:35.353  9298  9298 D TEST_LOG: METHOD=<c.b.a.b.b0.m: c.b.a.b.b0.m$g f(android.graphics.Matrix)>
02-24 17:36:35.353  9298  9298 D TEST_LOG: METHOD=<c.b.a.b.b0.m: float h()>
02-24 17:36:35.353  9298  9298 D TEST_LOG: CLASS=c.b.a.b.b0.m$a
02-24 17:36:35.353  9298  9298 D TEST_LOG: METHOD=<c.b.a.b.b0.m$a: void <init>(c.b.a.b.b0.m,java.util.List,android.graphics.Matrix)>
02-24 17:36:35.353  9298  9298 D TEST_LOG: METHOD=<c.b.a.b.b0.g$a: void a(c.b.a.b.b0.m,android.graphics.Matrix,int)>
02-24 17:36:35.353  9298  9298 D TEST_LOG: METHOD=<c.b.a.b.b0.g: c.b.a.b.b0.m$g[] d(c.b.a.b.b0.g)>
02-24 17:36:35.353  9298  9298 D TEST_LOG: METHOD=<c.b.a.b.b0.g: void Q(android.graphics.Canvas)>
02-24 17:36:35.353  9298  9298 D TEST_LOG: METHOD=<c.b.a.b.b0.g: boolean J()>
02-24 17:36:35.353  9298  9298 D TEST_LOG: METHOD=<c.b.a.b.b0.g: boolean K()>
02-24 17:36:35.353  9298  9298 D TEST_LOG: METHOD=<c.b.a.b.b0.g: void o(android.graphics.Canvas)>
02-24 17:36:35.353  9298  9298 D TEST_LOG: METHOD=<c.b.a.b.b0.g: void q(android.graphics.Canvas,android.graphics.Paint,android.graphics.Path,c.b.a.b.b0.k,android.graphics.RectF)>
02-24 17:36:35.371  9298  9492 D TEST_LOG: METHOD=<c.e.a.v$a: int compareTo(java.lang.Object)>
02-24 17:36:35.378  9298  9298 D TEST_LOG: BROADCASTRECEIVER=c.e.a.i$c
02-24 17:36:35.378  9298  9298 D TEST_LOG: METHOD=<c.e.a.i$c: void onReceive(android.content.Context,android.content.Intent)>
02-24 17:36:35.378  9298  9492 D TEST_LOG: METHOD=<c.e.a.v$a: int e(c.e.a.v$a)>
02-24 17:36:35.378  9298  9492 D TEST_LOG: METHOD=<c.e.a.c: c.e.a.t$f p()>
02-24 17:36:35.379  9298  9494 D TEST_LOG: METHOD=<c.e.a.c: void run()>
02-24 17:36:35.379  9298  9494 D TEST_LOG: METHOD=<c.e.a.c: void x(c.e.a.w)>
02-24 17:36:35.379  9298  9494 D TEST_LOG: METHOD=<c.e.a.w: java.lang.String a()>
02-24 17:36:35.379  9298  9494 D TEST_LOG: METHOD=<c.e.a.c$a: java.lang.Object initialValue()>
02-24 17:36:35.379  9298  9494 D TEST_LOG: METHOD=<c.e.a.c$a: java.lang.StringBuilder a()>
02-24 17:36:35.380  9298  9298 D TEST_LOG: METHOD=<c.e.a.i: void f(android.net.NetworkInfo)>
02-24 17:36:35.402  9298  9492 D TEST_LOG: METHOD=<c.e.a.i: void r(android.net.NetworkInfo)>
02-24 17:36:35.411  9298  9494 D TEST_LOG: METHOD=<c.e.a.c: android.graphics.Bitmap r()>
02-24 17:36:35.411  9298  9496 D TEST_LOG: METHOD=<c.e.a.c: android.graphics.Bitmap r()>
02-24 17:36:35.411  9298  9496 D TEST_LOG: CLASS=c.e.a.q
02-24 17:36:35.411  9298  9496 D TEST_LOG: METHOD=<c.e.a.q: void <clinit>()>
02-24 17:36:35.411  9298  9496 D TEST_LOG: METHOD=<c.e.a.q: void <init>(java.lang.String,int,int)>
02-24 17:36:35.411  9298  9496 D TEST_LOG: METHOD=<c.e.a.k: c.e.a.y$a f(c.e.a.w,int)>
02-24 17:36:35.411  9298  9496 D TEST_LOG: METHOD=<c.e.a.g: java.io.InputStream j(c.e.a.w)>
02-24 17:36:35.411  9298  9492 D TEST_LOG: METHOD=<c.e.a.v: void a(android.net.NetworkInfo)>
02-24 17:36:35.411  9298  9492 D TEST_LOG: METHOD=<c.e.a.v: void b(int)>
02-24 17:36:35.411  9298  9492 D TEST_LOG: METHOD=<c.e.a.i: void i()>
02-24 17:36:35.495  9298  9298 D TEST_LOG: METHOD=<b.a.n.i: void onWindowFocusChanged(boolean)>
02-24 17:36:35.525  9298  9494 D TEST_LOG: CLASS=c.e.a.t$e
02-24 17:36:35.525  9298  9494 D TEST_LOG: METHOD=<c.e.a.t$e: void <clinit>()>
02-24 17:36:35.525  9298  9494 D TEST_LOG: METHOD=<c.e.a.t$e: void <init>(java.lang.String,int,int)>
02-24 17:36:35.525  9298  9494 D TEST_LOG: METHOD=<c.e.a.k: int k(android.net.Uri)>
02-24 17:36:35.669  9298  9298 D TEST_LOG: METHOD=<com.ram.sunflowerphotoframes.FilesScreen$a: void g(com.google.android.gms.ads.l)>
02-24 17:36:35.726  9298  9496 D TEST_LOG: CLASS=c.e.a.y$a
02-24 17:36:35.727  9298  9496 D TEST_LOG: METHOD=<c.e.a.y$a: void <init>(android.graphics.Bitmap,java.io.InputStream,c.e.a.t$e,int)>
02-24 17:36:35.727  9298  9496 D TEST_LOG: METHOD=<c.e.a.e0: java.lang.Object d(java.lang.Object,java.lang.String)>
02-24 17:36:35.727  9298  9496 D TEST_LOG: METHOD=<c.e.a.y$a: c.e.a.t$e c()>
02-24 17:36:35.727  9298  9496 D TEST_LOG: METHOD=<c.e.a.y$a: int b()>
02-24 17:36:35.727  9298  9496 D TEST_LOG: METHOD=<c.e.a.y$a: android.graphics.Bitmap a()>
02-24 17:36:35.727  9298  9496 D TEST_LOG: METHOD=<c.e.a.y$a: java.io.InputStream d()>
02-24 17:36:35.727  9298  9496 D TEST_LOG: METHOD=<c.e.a.c: android.graphics.Bitmap e(java.io.InputStream,c.e.a.w)>
02-24 17:36:35.728  9298  9496 D TEST_LOG: CLASS=c.e.a.n
02-24 17:36:35.729  9298  9496 D TEST_LOG: METHOD=<c.e.a.n: void <init>(java.io.InputStream)>
02-24 17:36:35.729  9298  9496 D TEST_LOG: METHOD=<c.e.a.n: void <init>(java.io.InputStream,int)>
02-24 17:36:35.730  9298  9496 D TEST_LOG: METHOD=<c.e.a.n: long e(int)>
02-24 17:36:35.733  9298  9494 D TEST_LOG: CLASS=c.e.a.n
02-24 17:36:35.734  9298  9494 D TEST_LOG: METHOD=<c.e.a.n: long e(int)>
02-24 17:36:35.734  9298  9494 D TEST_LOG: METHOD=<c.e.a.n: void i(long)>
02-24 17:36:35.734  9298  9494 D TEST_LOG: METHOD=<c.e.a.y: android.graphics.BitmapFactory$Options d(c.e.a.w)>
02-24 17:36:35.735  9298  9494 D TEST_LOG: METHOD=<c.e.a.y: boolean g(android.graphics.BitmapFactory$Options)>
02-24 17:36:35.735  9298  9494 D TEST_LOG: METHOD=<c.e.a.e0: boolean s(java.io.InputStream)>
02-24 17:36:35.735  9298  9494 D TEST_LOG: METHOD=<c.e.a.n: int read(byte[],int,int)>
02-24 17:36:35.735  9298  9494 D TEST_LOG: METHOD=<c.e.a.n: void d(long)>
02-24 17:36:35.735  9298  9494 D TEST_LOG: METHOD=<c.e.a.n: void j(long,long)>
02-24 17:36:35.742  9298  9496 D TEST_LOG: METHOD=<c.e.a.n: void i(long)>
02-24 17:36:35.890  9298  9298 D TEST_LOG: CLASS=b.j.a.a
02-24 17:36:35.891  9298  9298 D TEST_LOG: METHOD=<b.j.a.a: void <clinit>()>
02-24 17:36:35.891  9298  9298 D TEST_LOG: CLASS=b.j.a.a$a
02-24 17:36:35.891  9298  9298 D TEST_LOG: METHOD=<b.j.a.a$a: void <init>()>
02-24 17:36:35.891  9298  9298 D TEST_LOG: METHOD=<b.j.a.a: void <init>(b.j.a.a$a)>
02-24 17:36:35.891  9298  9298 D TEST_LOG: METHOD=<b.j.a.a: void <init>()>
02-24 17:36:35.892  9298  9298 D TEST_LOG: CLASS=b.j.a.a$b
02-24 17:36:35.892  9298  9298 D TEST_LOG: METHOD=<b.j.a.a$b: void <init>()>
02-24 17:36:35.892  9298  9298 D TEST_LOG: METHOD=<b.j.a.a: void <init>(android.os.Parcelable)>
02-24 17:36:35.892  9298  9298 D TEST_LOG: METHOD=<c.b.a.a.d.e.r0: void onActivitySaveInstanceState(android.app.Activity,android.os.Bundle)>
02-24 17:36:35.892  9298  9298 D TEST_LOG: CLASS=c.b.a.a.d.e.h
02-24 17:36:35.892  9298  9298 D TEST_LOG: METHOD=<c.b.a.a.d.e.h: void <init>()>
02-24 17:36:35.892  9298  9298 D TEST_LOG: CLASS=c.b.a.a.d.e.l
02-24 17:36:35.892  9298  9298 D TEST_LOG: METHOD=<c.b.a.a.d.e.l: void <init>()>
02-24 17:36:35.892  9298  9298 D TEST_LOG: CLASS=c.b.a.a.d.e.b
02-24 17:36:35.892  9298  9298 D TEST_LOG: METHOD=<c.b.a.a.d.e.b: void <init>(java.lang.String)>
02-24 17:36:35.892  9298  9298 D TEST_LOG: CLASS=c.b.a.a.d.e.p0
02-24 17:36:35.892  9298  9298 D TEST_LOG: METHOD=<c.b.a.a.d.e.p0: void <init>(c.b.a.a.d.e.r0,android.app.Activity,c.b.a.a.d.e.h)>
02-24 17:36:35.893  9298  9298 D TEST_LOG: METHOD=<c.b.a.a.d.e.h: android.os.Bundle r0(long)>
02-24 17:36:35.895  9298  9318 D TEST_LOG: METHOD=<c.b.a.a.d.e.p0: void a()>
02-24 17:36:35.895  9298  9318 D TEST_LOG: METHOD=<c.b.a.a.d.e.i: void D3(c.b.a.a.c.a,c.b.a.a.d.e.m,long)>
02-24 17:36:35.895  9298  9318 D TEST_LOG: METHOD=<c.b.a.a.d.e.b: android.os.IBinder asBinder()>
02-24 17:36:35.895  9298  9318 D TEST_LOG: METHOD=<c.b.a.a.d.e.b: boolean onTransact(int,android.os.Parcel,android.os.Parcel,int)>
02-24 17:36:35.895  9298  9318 D TEST_LOG: METHOD=<c.b.a.a.d.e.l: boolean L(int,android.os.Parcel,android.os.Parcel,int)>
02-24 17:36:35.895  9298  9318 D TEST_LOG: METHOD=<c.b.a.a.d.e.c: android.os.Parcelable a(android.os.Parcel,android.os.Parcelable$Creator)>
02-24 17:36:35.895  9298  9318 D TEST_LOG: METHOD=<c.b.a.a.d.e.c: void b(android.os.Parcel)>
02-24 17:36:35.895  9298  9318 D TEST_LOG: METHOD=<c.b.a.a.d.e.h: void F0(android.os.Bundle)>
02-24 17:36:35.896  9298  9298 D TEST_LOG: METHOD=<com.ram.sunflowerphotoframes.AppOpenManager: void onActivitySaveInstanceState(android.app.Activity,android.os.Bundle)>
02-24 17:36:35.900  9298  9298 D TEST_LOG: METHOD=<b.j.a.a: void writeToParcel(android.os.Parcel,int)>
02-24 17:36:35.964  9298  9494 D TEST_LOG: METHOD=<c.e.a.e0: void e(java.io.InputStream)>
02-24 17:36:35.964  9298  9494 D TEST_LOG: METHOD=<c.e.a.a0: void b(android.graphics.Bitmap)>
02-24 17:36:35.964  9298  9494 D TEST_LOG: METHOD=<c.e.a.a0: void m(android.graphics.Bitmap,int)>
02-24 17:36:35.965  9298  9494 D TEST_LOG: METHOD=<c.e.a.e0: int j(android.graphics.Bitmap)>
02-24 17:36:35.965  9298  9494 D TEST_LOG: METHOD=<c.e.a.e0$b: int a(android.graphics.Bitmap)>
02-24 17:36:35.966  9298  9494 D TEST_LOG: METHOD=<c.e.a.w: boolean f()>
02-24 17:36:35.966  9298  9494 D TEST_LOG: METHOD=<c.e.a.w: boolean e()>
02-24 17:36:35.966  9298  9494 D TEST_LOG: METHOD=<c.e.a.w: boolean b()>
02-24 17:36:35.966  9298  9494 D TEST_LOG: METHOD=<c.e.a.i: void d(c.e.a.c)>
02-24 17:36:35.967  9298  9491 D TEST_LOG: METHOD=<c.e.a.a0: void h(long)>
02-24 17:36:35.967  9298  9491 D TEST_LOG: METHOD=<c.e.a.a0: long g(int,long)>
02-24 17:36:35.967  9298  9492 D TEST_LOG: METHOD=<c.e.a.i: void p(c.e.a.c)>
02-24 17:36:35.967  9298  9492 D TEST_LOG: METHOD=<c.e.a.c: int n()>
02-24 17:36:35.967  9298  9492 D TEST_LOG: METHOD=<c.e.a.p: boolean d(int)>
02-24 17:36:35.967  9298  9492 D TEST_LOG: METHOD=<c.e.a.c: java.lang.String l()>
02-24 17:36:35.967  9298  9492 D TEST_LOG: METHOD=<c.e.a.c: android.graphics.Bitmap q()>
02-24 17:36:35.967  9298  9492 D TEST_LOG: METHOD=<c.e.a.m: void b(java.lang.String,android.graphics.Bitmap)>
02-24 17:36:35.967  9298  9492 D TEST_LOG: METHOD=<c.e.a.m: void d(int)>
02-24 17:36:35.967  9298  9492 D TEST_LOG: METHOD=<c.e.a.i: void a(c.e.a.c)>
02-24 17:36:35.967  9298  9492 D TEST_LOG: METHOD=<c.e.a.c: boolean s()>
02-24 17:36:35.967  9298  9492 D TEST_LOG: METHOD=<c.e.a.c: c.e.a.t o()>
02-24 17:36:36.169  9298  9492 D TEST_LOG: METHOD=<c.e.a.i: void n()>
02-24 17:36:36.170  9298  9298 D TEST_LOG: METHOD=<c.e.a.t$a: void handleMessage(android.os.Message)>
02-24 17:36:36.170  9298  9298 D TEST_LOG: METHOD=<c.e.a.t: void d(c.e.a.c)>
02-24 17:36:36.170  9298  9298 D TEST_LOG: METHOD=<c.e.a.c: c.e.a.a h()>
02-24 17:36:36.170  9298  9298 D TEST_LOG: METHOD=<c.e.a.c: java.util.List i()>
02-24 17:36:36.170  9298  9298 D TEST_LOG: METHOD=<c.e.a.c: c.e.a.w j()>
02-24 17:36:36.170  9298  9298 D TEST_LOG: METHOD=<c.e.a.c: java.lang.Exception k()>
02-24 17:36:36.170  9298  9298 D TEST_LOG: METHOD=<c.e.a.c: c.e.a.t$e m()>
02-24 17:36:36.170  9298  9298 D TEST_LOG: METHOD=<c.e.a.t: void f(android.graphics.Bitmap,c.e.a.t$e,c.e.a.a)>
02-24 17:36:36.170  9298  9298 D TEST_LOG: METHOD=<c.e.a.a: boolean l()>
02-24 17:36:36.170  9298  9298 D TEST_LOG: METHOD=<c.e.a.a: boolean m()>
02-24 17:36:36.170  9298  9298 D TEST_LOG: METHOD=<c.e.a.l: void b(android.graphics.Bitmap,c.e.a.t$e)>
02-24 17:36:36.170  9298  9298 D TEST_LOG: METHOD=<c.e.a.u: void c(android.widget.ImageView,android.content.Context,android.graphics.Bitmap,c.e.a.t$e,boolean,boolean)>
02-24 17:36:36.170  9298  9298 D TEST_LOG: METHOD=<c.e.a.u: void <init>(android.content.Context,android.graphics.Bitmap,android.graphics.drawable.Drawable,c.e.a.t$e,boolean,boolean)>
02-24 17:36:36.170  9298  9298 D TEST_LOG: METHOD=<c.e.a.u: void onBoundsChange(android.graphics.Rect)>
02-24 17:36:36.171  9298  9492 D TEST_LOG: METHOD=<c.e.a.i: void j(java.util.List)>
02-24 17:36:36.181  9298  9298 D TEST_LOG: METHOD=<c.e.a.a0: void d()>
02-24 17:36:36.182  9298  9298 D TEST_LOG: METHOD=<c.e.a.t: void c(android.widget.ImageView)>
02-24 17:36:36.183  9298  9491 D TEST_LOG: METHOD=<c.e.a.a0: void j()>
02-24 17:36:36.679  9298  9298 D TEST_LOG: METHOD=<b.a.n.i: boolean dispatchTouchEvent(android.view.MotionEvent)>
02-24 17:36:36.751  9298  9298 D TEST_LOG: METHOD=<b.k.a.a.d: float getInterpolation(float)>
02-24 17:36:36.808  9298  9298 D TEST_LOG: METHOD=<c.e.a.u: void draw(android.graphics.Canvas)>
02-24 17:36:37.197  9298  9298 D TEST_LOG: METHOD=<com.ram.sunflowerphotoframes.Global$a: void a(com.google.android.gms.ads.a0.b)>
02-24 17:36:37.848  9298  9298 D TEST_LOG: METHOD=<com.ram.sunflowerphotoframes.b: void onClick(android.view.View)>
02-24 17:36:37.848  9298  9298 D TEST_LOG: METHOD=<com.ram.sunflowerphotoframes.o$a: void a(int,android.view.View)>
02-24 17:36:37.872  9298  9298 D TEST_LOG: METHOD=<b.b.a.b.b$b: b.b.a.b.b$c c(b.b.a.b.b$c)>
02-24 17:36:37.888  9298  9298 D TEST_LOG: CLASS=com.ram.sunflowerphotoframes.FullImageView
02-24 17:36:37.888  9298  9298 D TEST_LOG: METHOD=<com.ram.sunflowerphotoframes.FullImageView: void <init>()>
02-24 17:36:37.889  9298  9298 D TEST_LOG: ACTIVITY=com.ram.sunflowerphotoframes.FullImageView
02-24 17:36:37.890  9298  9298 D TEST_LOG: METHOD=<com.ram.sunflowerphotoframes.FullImageView: void onCreate(android.os.Bundle)>
02-24 17:36:37.919  9298  9298 D TEST_LOG: CLASS=com.ram.sunflowerphotoframes.FullImageView$a
02-24 17:36:37.919  9298  9298 D TEST_LOG: METHOD=<com.ram.sunflowerphotoframes.FullImageView$a: void <clinit>()>
02-24 17:36:37.919  9298  9298 D TEST_LOG: METHOD=<com.ram.sunflowerphotoframes.FullImageView$a: void <init>(com.ram.sunflowerphotoframes.FullImageView,android.content.Context,java.util.ArrayList)>
02-24 17:36:37.919  9298  9298 D TEST_LOG: METHOD=<com.ram.sunflowerphotoframes.FullImageView$a: int d()>
02-24 17:36:37.919  9298  9298 D TEST_LOG: CLASS=com.ram.sunflowerphotoframes.d
