02-24 16:16:00.379  4888  4941 D TEST_LOG: METHOD=<com.bumptech.glide.load.engine.Engine$LazyDiskCacheProvider: com.bumptech.glide.load.engine.cache.DiskCache getDiskCache()>
02-24 16:16:00.380  4888  4941 D TEST_LOG: METHOD=<com.bumptech.glide.load.engine.cache.DiskLruCacheFactory: com.bumptech.glide.load.engine.cache.DiskCache build()>
02-24 16:16:00.380  4888  4941 D TEST_LOG: METHOD=<com.bumptech.glide.load.engine.cache.InternalCacheDiskCacheFactory$1: java.io.File getCacheDirectory()>
02-24 16:16:00.381  4888  4912 D TEST_LOG: CLASS=com.google.android.gms.internal.zzls
02-24 16:16:00.381  4888  4912 D TEST_LOG: METHOD=<com.google.android.gms.internal.zzls: void <init>()>
02-24 16:16:00.383  4888  4888 D TEST_LOG: METHOD=<it.feio.android.omninotes.async.TextWorkerTask: void onPostExecute(java.lang.Object)>
02-24 16:16:00.383  4888  4888 D TEST_LOG: METHOD=<it.feio.android.omninotes.async.TextWorkerTask: void onPostExecute(android.text.Spanned[])>
02-24 16:16:00.383  4888  4888 D TEST_LOG: METHOD=<it.feio.android.omninotes.async.TextWorkerTask: boolean isAlive()>
02-24 16:16:00.384  4888  4912 D TEST_LOG: METHOD=<com.google.android.gms.internal.zzls: void setLanguage(java.lang.String)>
02-24 16:16:00.384  4888  4912 D TEST_LOG: METHOD=<com.google.android.gms.internal.zzls: void zzao(int)>
02-24 16:16:00.386  4888  4912 D TEST_LOG: METHOD=<com.google.android.gms.internal.zzls: void zzap(int)>
02-24 16:16:00.388  4888  4912 D TEST_LOG: METHOD=<com.google.android.gms.internal.zzls: java.lang.String getLanguage()>
02-24 16:16:00.388  4888  4912 D TEST_LOG: METHOD=<com.google.android.gms.analytics.Tracker: com.google.android.gms.analytics.internal.zzu zze(com.google.android.gms.analytics.Tracker)>
02-24 16:16:00.388  4888  4912 D TEST_LOG: METHOD=<com.google.android.gms.analytics.internal.zzu: java.lang.String zznF()>
02-24 16:16:00.388  4888  4912 D TEST_LOG: METHOD=<com.google.android.gms.internal.zzls: int zzlh()>
02-24 16:16:00.388  4888  4912 D TEST_LOG: METHOD=<com.google.android.gms.internal.zzls: int zzli()>
02-24 16:16:00.395  4888  4941 D TEST_LOG: CLASS=com.bumptech.glide.load.engine.cache.DiskLruCacheWrapper
02-24 16:16:00.395  4888  4888 D TEST_LOG: BROADCASTRECEIVER=com.bumptech.glide.manager.DefaultConnectivityMonitor$1
02-24 16:16:00.395  4888  4888 D TEST_LOG: METHOD=<com.bumptech.glide.manager.DefaultConnectivityMonitor$1: void onReceive(android.content.Context,android.content.Intent)>
02-24 16:16:00.395  4888  4888 D TEST_LOG: METHOD=<com.bumptech.glide.manager.DefaultConnectivityMonitor: boolean access$000(com.bumptech.glide.manager.DefaultConnectivityMonitor)>
02-24 16:16:00.395  4888  4888 D TEST_LOG: METHOD=<com.bumptech.glide.manager.DefaultConnectivityMonitor: boolean access$100(com.bumptech.glide.manager.DefaultConnectivityMonitor,android.content.Context)>
02-24 16:16:00.395  4888  4912 D TEST_LOG: METHOD=<com.google.android.gms.analytics.Tracker: com.google.android.gms.analytics.internal.zzad zzf(com.google.android.gms.analytics.Tracker)>
02-24 16:16:00.397  4888  4912 D TEST_LOG: METHOD=<com.google.android.gms.analytics.internal.zzad: boolean zznY()>
02-24 16:16:00.397  4888  4912 D TEST_LOG: METHOD=<com.google.android.gms.analytics.internal.zzao: long zzbX(java.lang.String)>
02-24 16:16:00.397  4888  4912 D TEST_LOG: METHOD=<com.google.android.gms.analytics.internal.zzao: void zza(java.util.Map,java.lang.String,java.util.Map)>
02-24 16:16:00.397  4888  4912 D TEST_LOG: CLASS=com.google.android.gms.analytics.internal.zzh
02-24 16:16:00.397  4888  4912 D TEST_LOG: METHOD=<com.google.android.gms.analytics.internal.zzh: void <init>(long,java.lang.String,java.lang.String,boolean,long,java.util.Map)>
02-24 16:16:00.397  4888  4912 D TEST_LOG: METHOD=<com.google.android.gms.analytics.Tracker: com.google.android.gms.analytics.internal.zzb zzi(com.google.android.gms.analytics.Tracker)>
02-24 16:16:00.397  4888  4912 D TEST_LOG: METHOD=<com.google.android.gms.analytics.internal.zzc: com.google.android.gms.analytics.internal.zzb zzkw()>
02-24 16:16:00.397  4888  4912 D TEST_LOG: METHOD=<com.google.android.gms.analytics.internal.zzb: long zza(com.google.android.gms.analytics.internal.zzh)>
02-24 16:16:00.397  4888  4912 D TEST_LOG: METHOD=<com.google.android.gms.analytics.internal.zzl: long zza(com.google.android.gms.analytics.internal.zzh,boolean)>
02-24 16:16:00.397  4888  4912 D TEST_LOG: METHOD=<com.google.android.gms.analytics.internal.zzj: void beginTransaction()>
02-24 16:16:00.397  4888  4912 D TEST_LOG: METHOD=<com.google.android.gms.analytics.internal.zzh: long zzmi()>
02-24 16:16:00.398  4888  4912 D TEST_LOG: METHOD=<com.google.android.gms.analytics.internal.zzh: java.lang.String zzku()>
02-24 16:16:00.398  4888  4912 D TEST_LOG: METHOD=<com.google.android.gms.analytics.internal.zzj: void zza(long,java.lang.String)>
02-24 16:16:00.412  4888  4888 D TEST_LOG: METHOD=<com.bumptech.glide.manager.DefaultConnectivityMonitor: boolean access$002(com.bumptech.glide.manager.DefaultConnectivityMonitor,boolean)>
02-24 16:16:00.412  4888  4941 D TEST_LOG: METHOD=<com.bumptech.glide.load.engine.cache.DiskLruCacheWrapper: void <clinit>()>
02-24 16:16:00.412  4888  4941 D TEST_LOG: METHOD=<com.bumptech.glide.load.engine.cache.DiskLruCacheWrapper: com.bumptech.glide.load.engine.cache.DiskCache get(java.io.File,int)>
02-24 16:16:00.412  4888  4941 D TEST_LOG: METHOD=<com.bumptech.glide.load.engine.cache.DiskLruCacheWrapper: void <init>(java.io.File,int)>
02-24 16:16:00.413  4888  4941 D TEST_LOG: CLASS=com.bumptech.glide.load.engine.cache.DiskCacheWriteLocker
02-24 16:16:00.413  4888  4941 D TEST_LOG: METHOD=<com.bumptech.glide.load.engine.cache.DiskCacheWriteLocker: void <init>()>
02-24 16:16:00.413  4888  4941 D TEST_LOG: CLASS=com.bumptech.glide.load.engine.cache.DiskCacheWriteLocker$WriteLockPool
02-24 16:16:00.417  4888  4941 D TEST_LOG: METHOD=<com.bumptech.glide.load.engine.cache.DiskCacheWriteLocker$WriteLockPool: void <init>(com.bumptech.glide.load.engine.cache.DiskCacheWriteLocker$1)>
02-24 16:16:00.417  4888  4941 D TEST_LOG: METHOD=<com.bumptech.glide.load.engine.cache.DiskCacheWriteLocker$WriteLockPool: void <init>()>
02-24 16:16:00.418  4888  4908 D TEST_LOG: METHOD=<it.feio.android.omninotes.commons.models.BaseNote: java.lang.Boolean isTrashed()>
02-24 16:16:00.418  4888  4908 D TEST_LOG: CLASS=it.feio.android.omninotes.async.bus.DynamicNavigationReadyEvent
02-24 16:16:00.418  4888  4912 D TEST_LOG: METHOD=<com.google.android.gms.analytics.internal.zzh: java.lang.String zzmj()>
02-24 16:16:00.418  4888  4912 D TEST_LOG: METHOD=<com.google.android.gms.analytics.internal.zzj: long zza(long,java.lang.String,java.lang.String)>
02-24 16:16:00.418  4888  4912 D TEST_LOG: METHOD=<com.google.android.gms.analytics.internal.zzj: long zza(java.lang.String,java.lang.String[],long)>
02-24 16:16:00.418  4888  4941 D TEST_LOG: CLASS=com.bumptech.glide.load.engine.cache.SafeKeyGenerator
02-24 16:16:00.419  4888  4908 D TEST_LOG: METHOD=<it.feio.android.omninotes.async.bus.DynamicNavigationReadyEvent: void <init>()>
02-24 16:16:00.419  4888  4908 D TEST_LOG: METHOD=<de.greenrobot.event.HandlerPoster: void enqueue(de.greenrobot.event.Subscription,java.lang.Object)>
02-24 16:16:00.419  4888  4908 D TEST_LOG: CLASS=de.greenrobot.event.PendingPost
02-24 16:16:00.419  4888  4908 D TEST_LOG: METHOD=<de.greenrobot.event.PendingPost: void <clinit>()>
02-24 16:16:00.419  4888  4908 D TEST_LOG: METHOD=<de.greenrobot.event.PendingPost: de.greenrobot.event.PendingPost obtainPendingPost(de.greenrobot.event.Subscription,java.lang.Object)>
02-24 16:16:00.419  4888  4908 D TEST_LOG: METHOD=<de.greenrobot.event.PendingPost: void <init>(java.lang.Object,de.greenrobot.event.Subscription)>
02-24 16:16:00.419  4888  4912 D TEST_LOG: METHOD=<com.google.android.gms.analytics.internal.zzh: void zzp(long)>
02-24 16:16:00.419  4888  4912 D TEST_LOG: METHOD=<com.google.android.gms.analytics.internal.zzj: void zzb(com.google.android.gms.analytics.internal.zzh)>
02-24 16:16:00.419  4888  4912 D TEST_LOG: METHOD=<com.google.android.gms.analytics.internal.zzh: java.util.Map zzm()>
02-24 16:16:00.419  4888  4912 D TEST_LOG: METHOD=<com.google.android.gms.analytics.internal.zzj: java.lang.String zzP(java.util.Map)>
02-24 16:16:00.419  4888  4912 D TEST_LOG: METHOD=<com.google.android.gms.analytics.internal.zzh: boolean zzmk()>
02-24 16:16:00.419  4888  4912 D TEST_LOG: METHOD=<com.google.android.gms.analytics.internal.zzh: long zzml()>
02-24 16:16:00.419  4888  4908 D TEST_LOG: METHOD=<de.greenrobot.event.PendingPostQueue: void enqueue(de.greenrobot.event.PendingPost)>
02-24 16:16:00.420  4888  4908 D TEST_LOG: CLASS=it.feio.android.omninotes.models.NavigationItem
02-24 16:16:00.420  4888  4908 D TEST_LOG: METHOD=<it.feio.android.omninotes.models.NavigationItem: void <init>(int,java.lang.String,int,int)>
02-24 16:16:00.420  4888  4941 D TEST_LOG: METHOD=<com.bumptech.glide.load.engine.cache.SafeKeyGenerator: void <init>()>
02-24 16:16:00.420  4888  4941 D TEST_LOG: METHOD=<com.bumptech.glide.load.engine.cache.DiskLruCacheWrapper: java.io.File get(com.bumptech.glide.load.Key)>
02-24 16:16:00.420  4888  4941 D TEST_LOG: METHOD=<com.bumptech.glide.load.engine.cache.SafeKeyGenerator: java.lang.String getSafeKey(com.bumptech.glide.load.Key)>
02-24 16:16:00.420  4888  4941 D TEST_LOG: METHOD=<com.bumptech.glide.util.LruCache: java.lang.Object get(java.lang.Object)>
02-24 16:16:00.420  4888  4908 D TEST_LOG: METHOD=<it.feio.android.omninotes.models.misc.DynamicNavigationLookupTable: int getArchived()>
02-24 16:16:00.420  4888  4908 D TEST_LOG: METHOD=<it.feio.android.omninotes.models.misc.DynamicNavigationLookupTable: int getReminders()>
02-24 16:16:00.420  4888  4908 D TEST_LOG: METHOD=<it.feio.android.omninotes.models.misc.DynamicNavigationLookupTable: int getTrashed()>
02-24 16:16:00.420  4888  4912 D TEST_LOG: METHOD=<com.google.android.gms.analytics.internal.zzj: void setTransactionSuccessful()>
02-24 16:16:00.421  4888  4912 D TEST_LOG: METHOD=<com.google.android.gms.analytics.internal.zzj: void endTransaction()>
02-24 16:16:00.421  4888  4941 D TEST_LOG: METHOD=<com.bumptech.glide.load.engine.EngineKey: void updateDiskCacheKey(java.security.MessageDigest)>
02-24 16:16:00.421  4888  4941 D TEST_LOG: METHOD=<com.bumptech.glide.signature.EmptySignature: void updateDiskCacheKey(java.security.MessageDigest)>
02-24 16:16:00.421  4888  4941 D TEST_LOG: METHOD=<com.bumptech.glide.util.Util: java.lang.String sha256BytesToHex(byte[])>
02-24 16:16:00.422  4888  4941 D TEST_LOG: METHOD=<com.bumptech.glide.util.Util: java.lang.String bytesToHex(byte[],char[])>
02-24 16:16:00.422  4888  4941 D TEST_LOG: METHOD=<com.bumptech.glide.util.LruCache: java.lang.Object put(java.lang.Object,java.lang.Object)>
02-24 16:16:00.422  4888  4941 D TEST_LOG: METHOD=<com.bumptech.glide.util.LruCache: int getSize(java.lang.Object)>
02-24 16:16:00.422  4888  4941 D TEST_LOG: METHOD=<com.bumptech.glide.util.LruCache: void evict()>
02-24 16:16:00.422  4888  4941 D TEST_LOG: METHOD=<com.bumptech.glide.util.LruCache: void trimToSize(int)>
02-24 16:16:00.422  4888  4941 D TEST_LOG: METHOD=<com.bumptech.glide.load.engine.cache.DiskLruCacheWrapper: com.bumptech.glide.disklrucache.DiskLruCache getDiskCache()>
02-24 16:16:00.426  4888  4888 D TEST_LOG: METHOD=<de.greenrobot.event.HandlerPoster: void handleMessage(android.os.Message)>
02-24 16:16:00.426  4888  4888 D TEST_LOG: METHOD=<de.greenrobot.event.PendingPostQueue: de.greenrobot.event.PendingPost poll()>
02-24 16:16:00.426  4888  4888 D TEST_LOG: METHOD=<de.greenrobot.event.EventBus: void invokeSubscriber(de.greenrobot.event.PendingPost)>
02-24 16:16:00.426  4888  4888 D TEST_LOG: METHOD=<de.greenrobot.event.PendingPost: void releasePendingPost(de.greenrobot.event.PendingPost)>
02-24 16:16:00.426  4888  4888 D TEST_LOG: METHOD=<it.feio.android.omninotes.NavigationDrawerFragment: void onEventMainThread(it.feio.android.omninotes.async.bus.DynamicNavigationReadyEvent)>
02-24 16:16:00.426  4888  4888 D TEST_LOG: METHOD=<it.feio.android.omninotes.async.MainMenuTask: void onPostExecute(java.lang.Object)>
02-24 16:16:00.426  4888  4888 D TEST_LOG: METHOD=<it.feio.android.omninotes.async.MainMenuTask: void onPostExecute(java.util.List)>
02-24 16:16:00.427  4888  4888 D TEST_LOG: CLASS=it.feio.android.omninotes.models.adapters.NavDrawerAdapter
02-24 16:16:00.427  4888  4888 D TEST_LOG: METHOD=<it.feio.android.omninotes.models.adapters.NavDrawerAdapter: void <init>(android.app.Activity,java.util.List)>
02-24 16:16:00.427  4888  4888 D TEST_LOG: METHOD=<it.feio.android.omninotes.models.adapters.NavDrawerAdapter: int getCount()>
02-24 16:16:00.427  4888  4888 D TEST_LOG: METHOD=<it.feio.android.omninotes.async.MainMenuTask$$Lambda$1: android.widget.AdapterView$OnItemClickListener lambdaFactory$(it.feio.android.omninotes.async.MainMenuTask,java.util.List)>
02-24 16:16:00.427  4888  4888 D TEST_LOG: CLASS=it.feio.android.omninotes.async.MainMenuTask$$Lambda$1
02-24 16:16:00.427  4888  4888 D TEST_LOG: METHOD=<it.feio.android.omninotes.async.MainMenuTask$$Lambda$1: void <init>(it.feio.android.omninotes.async.MainMenuTask,java.util.List)>
02-24 16:16:00.427  4888  4888 D TEST_LOG: METHOD=<it.feio.android.omninotes.models.adapters.NavDrawerAdapter: android.view.View getView(int,android.view.View,android.view.ViewGroup)>
02-24 16:16:00.428  4888  4888 D TEST_LOG: CLASS=it.feio.android.omninotes.models.adapters.NoteDrawerAdapterViewHolder
02-24 16:16:00.428  4888  4888 D TEST_LOG: METHOD=<it.feio.android.omninotes.models.adapters.NoteDrawerAdapterViewHolder: void <init>()>
02-24 16:16:00.428  4888  4888 D TEST_LOG: METHOD=<it.feio.android.omninotes.models.NavigationItem: java.lang.String getText()>
02-24 16:16:00.428  4888  4888 D TEST_LOG: METHOD=<it.feio.android.omninotes.models.adapters.NavDrawerAdapter: boolean isSelected(int)>
02-24 16:16:00.428  4888  4888 D TEST_LOG: METHOD=<it.feio.android.omninotes.models.NavigationItem: int getIconSelected()>
02-24 16:16:00.428  4888  4888 D TEST_LOG: METHOD=<android.support.v7.widget.AppCompatImageView: void setImageResource(int)>
02-24 16:16:00.428  4888  4888 D TEST_LOG: METHOD=<android.support.v7.widget.AppCompatImageHelper: void setImageResource(int)>
02-24 16:16:00.431  4888  4888 D TEST_LOG: METHOD=<it.feio.android.omninotes.models.NavigationItem: int getIcon()>
02-24 16:16:00.433  4888  4941 D TEST_LOG: METHOD=<com.bumptech.glide.disklrucache.DiskLruCache: com.bumptech.glide.disklrucache.DiskLruCache open(java.io.File,int,int,long)>
02-24 16:16:00.435  4888  4912 D TEST_LOG: CLASS=com.google.android.gms.analytics.internal.zzab
02-24 16:16:00.435  4888  4912 D TEST_LOG: METHOD=<com.google.android.gms.analytics.internal.zzab: void <init>(com.google.android.gms.analytics.internal.zzc,java.util.Map,long,boolean)>
02-24 16:16:00.435  4888  4912 D TEST_LOG: METHOD=<com.google.android.gms.analytics.internal.zzab: void <init>(com.google.android.gms.analytics.internal.zzc,java.util.Map,long,boolean,long,int,java.util.List)>
02-24 16:16:00.435  4888  4912 D TEST_LOG: METHOD=<com.google.android.gms.analytics.internal.zzab: java.lang.String zzr(java.util.List)>
02-24 16:16:00.435  4888  4912 D TEST_LOG: METHOD=<com.google.android.gms.analytics.internal.zzab: boolean zzl(java.lang.Object)>
02-24 16:16:00.435  4888  4912 D TEST_LOG: METHOD=<com.google.android.gms.analytics.internal.zzab: java.lang.String zza(com.google.android.gms.analytics.internal.zzc,java.lang.Object)>
02-24 16:16:00.435  4888  4912 D TEST_LOG: METHOD=<com.google.android.gms.analytics.internal.zzab: java.lang.String zzb(com.google.android.gms.analytics.internal.zzc,java.lang.Object)>
02-24 16:16:00.435  4888  4912 D TEST_LOG: METHOD=<com.google.android.gms.analytics.Tracker: com.google.android.gms.analytics.internal.zzb zzj(com.google.android.gms.analytics.Tracker)>
02-24 16:16:00.435  4888  4912 D TEST_LOG: METHOD=<com.google.android.gms.analytics.internal.zzb: void zza(com.google.android.gms.analytics.internal.zzab)>
02-24 16:16:00.435  4888  4912 D TEST_LOG: METHOD=<com.google.android.gms.analytics.internal.zzc: void zzb(java.lang.String,java.lang.Object)>
02-24 16:16:00.435  4888  4912 D TEST_LOG: CLASS=com.google.android.gms.analytics.internal.zzb$4
02-24 16:16:00.435  4888  4912 D TEST_LOG: METHOD=<com.google.android.gms.analytics.internal.zzb$4: void <init>(com.google.android.gms.analytics.internal.zzb,com.google.android.gms.analytics.internal.zzab)>
02-24 16:16:00.435  4888  4912 D TEST_LOG: METHOD=<com.google.android.gms.analytics.internal.zzb$4: void run()>
02-24 16:16:00.435  4888  4912 D TEST_LOG: METHOD=<com.google.android.gms.analytics.internal.zzb: com.google.android.gms.analytics.internal.zzl zza(com.google.android.gms.analytics.internal.zzb)>
02-24 16:16:00.435  4888  4912 D TEST_LOG: METHOD=<com.google.android.gms.analytics.internal.zzl: void zza(com.google.android.gms.analytics.internal.zzab)>
02-24 16:16:00.435  4888  4912 D TEST_LOG: METHOD=<com.google.android.gms.analytics.internal.zzl: com.google.android.gms.analytics.internal.zzab zzf(com.google.android.gms.analytics.internal.zzab)>
02-24 16:16:00.435  4888  4912 D TEST_LOG: METHOD=<com.google.android.gms.analytics.internal.zzab: java.lang.String zznX()>
02-24 16:16:00.435  4888  4912 D TEST_LOG: METHOD=<com.google.android.gms.analytics.internal.zzab: java.lang.String zzq(java.lang.String,java.lang.String)>
02-24 16:16:00.435  4888  4912 D TEST_LOG: METHOD=<com.google.android.gms.analytics.internal.zzai$zza: android.util.Pair zzop()>
02-24 16:16:00.435  4888  4912 D TEST_LOG: METHOD=<com.google.android.gms.analytics.internal.zzai$zza: long zzoo()>
02-24 16:16:00.435  4888  4912 D TEST_LOG: METHOD=<com.google.android.gms.analytics.internal.zzi: boolean zzb(com.google.android.gms.analytics.internal.zzab)>
02-24 16:16:00.435  4888  4912 D TEST_LOG: METHOD=<com.google.android.gms.analytics.internal.zzj: void zzc(com.google.android.gms.analytics.internal.zzab)>
02-24 16:16:00.435  4888  4912 D TEST_LOG: METHOD=<com.google.android.gms.analytics.internal.zzj: java.lang.String zze(com.google.android.gms.analytics.internal.zzab)>
02-24 16:16:00.435  4888  4912 D TEST_LOG: METHOD=<com.google.android.gms.analytics.internal.zzab: java.util.Map zzm()>
02-24 16:16:00.435  4888  4912 D TEST_LOG: METHOD=<com.google.android.gms.analytics.internal.zzj: void zzmu()>
02-24 16:16:00.436  4888  4912 D TEST_LOG: METHOD=<com.google.android.gms.analytics.internal.zzr: int zznu()>
02-24 16:16:00.436  4888  4912 D TEST_LOG: METHOD=<com.google.android.gms.analytics.internal.zzab: long zznT()>
02-24 16:16:00.436  4888  4912 D TEST_LOG: METHOD=<com.google.android.gms.analytics.internal.zzab: int zznR()>
02-24 16:16:00.436  4888  4912 D TEST_LOG: METHOD=<com.google.android.gms.analytics.internal.zzj: java.lang.String zzd(com.google.android.gms.analytics.internal.zzab)>
02-24 16:16:00.436  4888  4912 D TEST_LOG: METHOD=<com.google.android.gms.analytics.internal.zzab: boolean zznV()>
02-24 16:16:00.436  4888  4912 D TEST_LOG: METHOD=<com.google.android.gms.analytics.internal.zzr: java.lang.String zznk()>
02-24 16:16:00.436  4888  4941 D TEST_LOG: CLASS=com.bumptech.glide.disklrucache.DiskLruCache
02-24 16:16:00.438  4888  4941 D TEST_LOG: METHOD=<com.bumptech.glide.disklrucache.DiskLruCache: void <init>(java.io.File,int,int,long)>
02-24 16:16:00.442  4888  4912 D TEST_LOG: METHOD=<com.google.android.gms.analytics.internal.zzc: void zzb(java.lang.String,java.lang.Object,java.lang.Object)>
02-24 16:16:00.442  4888  4912 D TEST_LOG: METHOD=<com.google.android.gms.analytics.internal.zzt: long zznD()>
02-24 16:16:00.442  4888  4912 D TEST_LOG: METHOD=<com.google.android.gms.analytics.internal.zzt: void zzw(long)>
02-24 16:16:00.442  4888  4941 D TEST_LOG: CLASS=com.bumptech.glide.disklrucache.DiskLruCache$1
02-24 16:16:00.442  4888  4941 D TEST_LOG: METHOD=<com.bumptech.glide.disklrucache.DiskLruCache$1: void <init>(com.bumptech.glide.disklrucache.DiskLruCache)>
02-24 16:16:00.442  4888  4941 D TEST_LOG: METHOD=<com.bumptech.glide.disklrucache.DiskLruCache: void readJournal()>
02-24 16:16:00.443  4888  4941 D TEST_LOG: CLASS=com.bumptech.glide.disklrucache.Util
02-24 16:16:00.443  4888  4941 D TEST_LOG: METHOD=<com.bumptech.glide.disklrucache.Util: void <clinit>()>
02-24 16:16:00.443  4888  4941 D TEST_LOG: CLASS=com.bumptech.glide.disklrucache.StrictLineReader
02-24 16:16:00.443  4888  4941 D TEST_LOG: METHOD=<com.bumptech.glide.disklrucache.StrictLineReader: void <init>(java.io.InputStream,java.nio.charset.Charset)>
02-24 16:16:00.443  4888  4941 D TEST_LOG: METHOD=<com.bumptech.glide.disklrucache.StrictLineReader: void <init>(java.io.InputStream,int,java.nio.charset.Charset)>
02-24 16:16:00.443  4888  4941 D TEST_LOG: METHOD=<com.bumptech.glide.disklrucache.StrictLineReader: java.lang.String readLine()>
02-24 16:16:00.443  4888  4941 D TEST_LOG: METHOD=<com.bumptech.glide.disklrucache.StrictLineReader: void fillBuf()>
02-24 16:16:00.443  4888  4941 D TEST_LOG: METHOD=<com.bumptech.glide.disklrucache.StrictLineReader: boolean hasUnterminatedLine()>
02-24 16:16:00.444  4888  4941 D TEST_LOG: METHOD=<com.bumptech.glide.disklrucache.Util: void closeQuietly(java.io.Closeable)>
02-24 16:16:00.444  4888  4941 D TEST_LOG: METHOD=<com.bumptech.glide.disklrucache.StrictLineReader: void close()>
02-24 16:16:00.444  4888  4941 D TEST_LOG: METHOD=<com.bumptech.glide.disklrucache.DiskLruCache: void processJournal()>
02-24 16:16:00.444  4888  4941 D TEST_LOG: METHOD=<com.bumptech.glide.disklrucache.DiskLruCache: void deleteIfExists(java.io.File)>
02-24 16:16:00.444  4888  4941 D TEST_LOG: METHOD=<com.bumptech.glide.disklrucache.DiskLruCache: com.bumptech.glide.disklrucache.DiskLruCache$Value get(java.lang.String)>
02-24 16:16:00.444  4888  4941 D TEST_LOG: METHOD=<com.bumptech.glide.disklrucache.DiskLruCache: void checkNotClosed()>
02-24 16:16:00.444  4888  4941 D TEST_LOG: METHOD=<com.bumptech.glide.load.engine.DecodeJob: com.bumptech.glide.load.engine.Resource transcode(com.bumptech.glide.load.engine.Resource)>
02-24 16:16:00.444  4888  4941 D TEST_LOG: METHOD=<com.bumptech.glide.load.engine.DecodeJob: com.bumptech.glide.load.engine.Resource decodeSourceFromCache()>
02-24 16:16:00.444  4888  4941 D TEST_LOG: METHOD=<com.bumptech.glide.load.engine.EngineRunnable: void onLoadFailed(java.lang.Exception)>
02-24 16:16:00.444  4888  4941 D TEST_LOG: METHOD=<com.bumptech.glide.load.engine.EngineJob: void submitForSource(com.bumptech.glide.load.engine.EngineRunnable)>
02-24 16:16:00.445  4888  4942 D TEST_LOG: METHOD=<com.bumptech.glide.load.engine.EngineRunnable: com.bumptech.glide.load.engine.Resource decodeFromSource()>
02-24 16:16:00.445  4888  4942 D TEST_LOG: METHOD=<com.bumptech.glide.load.engine.DecodeJob: com.bumptech.glide.load.engine.Resource decodeFromSource()>
02-24 16:16:00.445  4888  4942 D TEST_LOG: METHOD=<com.bumptech.glide.load.engine.DecodeJob: com.bumptech.glide.load.engine.Resource decodeSource()>
02-24 16:16:00.445  4888  4942 D TEST_LOG: METHOD=<com.bumptech.glide.load.model.ImageVideoModelLoader$ImageVideoFetcher: java.lang.Object loadData(com.bumptech.glide.Priority)>
02-24 16:16:00.445  4888  4942 D TEST_LOG: METHOD=<com.bumptech.glide.load.model.ImageVideoModelLoader$ImageVideoFetcher: com.bumptech.glide.load.model.ImageVideoWrapper loadData(com.bumptech.glide.Priority)>
02-24 16:16:00.445  4888  4942 D TEST_LOG: METHOD=<com.bumptech.glide.load.data.LocalUriFetcher: java.lang.Object loadData(com.bumptech.glide.Priority)>
02-24 16:16:00.445  4888  4941 D TEST_LOG: METHOD=<com.bumptech.glide.load.engine.executor.FifoPriorityThreadPoolExecutor: void afterExecute(java.lang.Runnable,java.lang.Throwable)>
02-24 16:16:00.446  4888  4942 D TEST_LOG: METHOD=<com.bumptech.glide.load.data.StreamLocalUriFetcher: java.lang.Object loadResource(android.net.Uri,android.content.ContentResolver)>
02-24 16:16:00.446  4888  4942 D TEST_LOG: METHOD=<com.bumptech.glide.load.data.StreamLocalUriFetcher: java.io.InputStream loadResource(android.net.Uri,android.content.ContentResolver)>
02-24 16:16:00.446  4888  4942 D TEST_LOG: METHOD=<com.bumptech.glide.load.data.FileDescriptorLocalUriFetcher: java.lang.Object loadResource(android.net.Uri,android.content.ContentResolver)>
02-24 16:16:00.446  4888  4942 D TEST_LOG: METHOD=<com.bumptech.glide.load.data.FileDescriptorLocalUriFetcher: android.os.ParcelFileDescriptor loadResource(android.net.Uri,android.content.ContentResolver)>
02-24 16:16:00.446  4888  4942 D TEST_LOG: CLASS=com.bumptech.glide.load.model.ImageVideoWrapper
02-24 16:16:00.446  4888  4942 D TEST_LOG: METHOD=<com.bumptech.glide.load.model.ImageVideoWrapper: void <init>(java.io.InputStream,android.os.ParcelFileDescriptor)>
02-24 16:16:00.446  4888  4942 D TEST_LOG: METHOD=<com.bumptech.glide.load.engine.DecodeJob: com.bumptech.glide.load.engine.Resource decodeFromSourceData(java.lang.Object)>
02-24 16:16:00.446  4888  4942 D TEST_LOG: METHOD=<com.bumptech.glide.load.resource.gifbitmap.GifBitmapWrapperResourceDecoder: com.bumptech.glide.load.engine.Resource decode(java.lang.Object,int,int)>
02-24 16:16:00.446  4888  4942 D TEST_LOG: METHOD=<com.bumptech.glide.load.resource.gifbitmap.GifBitmapWrapperResourceDecoder: com.bumptech.glide.load.engine.Resource decode(com.bumptech.glide.load.model.ImageVideoWrapper,int,int)>
02-24 16:16:00.446  4888  4942 D TEST_LOG: CLASS=com.bumptech.glide.util.ByteArrayPool
02-24 16:16:00.446  4888  4942 D TEST_LOG: METHOD=<com.bumptech.glide.util.ByteArrayPool: void <clinit>()>
02-24 16:16:00.446  4888  4942 D TEST_LOG: METHOD=<com.bumptech.glide.util.ByteArrayPool: void <init>()>
02-24 16:16:00.446  4888  4942 D TEST_LOG: METHOD=<com.bumptech.glide.util.ByteArrayPool: com.bumptech.glide.util.ByteArrayPool get()>
02-24 16:16:00.446  4888  4942 D TEST_LOG: METHOD=<com.bumptech.glide.util.ByteArrayPool: byte[] getBytes()>
02-24 16:16:00.446  4888  4942 D TEST_LOG: METHOD=<com.bumptech.glide.load.resource.gifbitmap.GifBitmapWrapperResourceDecoder: com.bumptech.glide.load.resource.gifbitmap.GifBitmapWrapper decode(com.bumptech.glide.load.model.ImageVideoWrapper,int,int,byte[])>
02-24 16:16:00.446  4888  4942 D TEST_LOG: METHOD=<com.bumptech.glide.load.model.ImageVideoWrapper: java.io.InputStream getStream()>
02-24 16:16:00.446  4888  4942 D TEST_LOG: METHOD=<com.bumptech.glide.load.resource.gifbitmap.GifBitmapWrapperResourceDecoder: com.bumptech.glide.load.resource.gifbitmap.GifBitmapWrapper decodeStream(com.bumptech.glide.load.model.ImageVideoWrapper,int,int,byte[])>
02-24 16:16:00.446  4888  4942 D TEST_LOG: METHOD=<com.bumptech.glide.load.resource.gifbitmap.GifBitmapWrapperResourceDecoder$BufferedStreamFactory: java.io.InputStream build(java.io.InputStream,byte[])>
02-24 16:16:00.447  4888  4942 D TEST_LOG: CLASS=com.bumptech.glide.load.resource.bitmap.RecyclableBufferedInputStream
02-24 16:16:00.447  4888  4942 D TEST_LOG: METHOD=<com.bumptech.glide.load.resource.bitmap.RecyclableBufferedInputStream: void <init>(java.io.InputStream,byte[])>
02-24 16:16:00.447  4888  4942 D TEST_LOG: METHOD=<com.bumptech.glide.load.resource.bitmap.RecyclableBufferedInputStream: void mark(int)>
02-24 16:16:00.447  4888  4942 D TEST_LOG: METHOD=<com.bumptech.glide.load.resource.gifbitmap.GifBitmapWrapperResourceDecoder$ImageTypeParser: com.bumptech.glide.load.resource.bitmap.ImageHeaderParser$ImageType parse(java.io.InputStream)>
02-24 16:16:00.447  4888  4942 D TEST_LOG: CLASS=com.bumptech.glide.load.resource.bitmap.ImageHeaderParser
02-24 16:16:00.447  4888  4942 D TEST_LOG: METHOD=<com.bumptech.glide.load.resource.bitmap.ImageHeaderParser: void <clinit>()>
02-24 16:16:00.447  4888  4942 D TEST_LOG: METHOD=<com.bumptech.glide.load.resource.bitmap.ImageHeaderParser: void <init>(java.io.InputStream)>
02-24 16:16:00.447  4888  4942 D TEST_LOG: CLASS=com.bumptech.glide.load.resource.bitmap.ImageHeaderParser$StreamReader
02-24 16:16:00.447  4888  4942 D TEST_LOG: METHOD=<com.bumptech.glide.load.resource.bitmap.ImageHeaderParser$StreamReader: void <init>(java.io.InputStream)>
02-24 16:16:00.447  4888  4942 D TEST_LOG: METHOD=<com.bumptech.glide.load.resource.bitmap.ImageHeaderParser: com.bumptech.glide.load.resource.bitmap.ImageHeaderParser$ImageType getType()>
02-24 16:16:00.447  4888  4942 D TEST_LOG: METHOD=<com.bumptech.glide.load.resource.bitmap.ImageHeaderParser$StreamReader: int getUInt16()>
02-24 16:16:00.447  4888  4942 D TEST_LOG: METHOD=<com.bumptech.glide.load.resource.bitmap.RecyclableBufferedInputStream: int read()>
02-24 16:16:00.447  4888  4942 D TEST_LOG: METHOD=<com.bumptech.glide.load.resource.bitmap.RecyclableBufferedInputStream: int fillbuf(java.io.InputStream,byte[])>
02-24 16:16:00.447  4888  4942 D TEST_LOG: METHOD=<com.bumptech.glide.load.resource.bitmap.RecyclableBufferedInputStream: void reset()>
02-24 16:16:00.447  4888  4942 D TEST_LOG: METHOD=<com.bumptech.glide.load.model.ImageVideoWrapper: android.os.ParcelFileDescriptor getFileDescriptor()>
02-24 16:16:00.447  4888  4942 D TEST_LOG: METHOD=<com.bumptech.glide.load.resource.gifbitmap.GifBitmapWrapperResourceDecoder: com.bumptech.glide.load.resource.gifbitmap.GifBitmapWrapper decodeBitmapWrapper(com.bumptech.glide.load.model.ImageVideoWrapper,int,int)>
02-24 16:16:00.447  4888  4942 D TEST_LOG: METHOD=<com.bumptech.glide.load.resource.bitmap.ImageVideoBitmapDecoder: com.bumptech.glide.load.engine.Resource decode(java.lang.Object,int,int)>
02-24 16:16:00.447  4888  4942 D TEST_LOG: METHOD=<com.bumptech.glide.load.resource.bitmap.ImageVideoBitmapDecoder: com.bumptech.glide.load.engine.Resource decode(com.bumptech.glide.load.model.ImageVideoWrapper,int,int)>
02-24 16:16:00.447  4888  4942 D TEST_LOG: METHOD=<com.bumptech.glide.load.resource.bitmap.StreamBitmapDecoder: com.bumptech.glide.load.engine.Resource decode(java.lang.Object,int,int)>
02-24 16:16:00.447  4888  4942 D TEST_LOG: METHOD=<com.bumptech.glide.load.resource.bitmap.StreamBitmapDecoder: com.bumptech.glide.load.engine.Resource decode(java.io.InputStream,int,int)>
02-24 16:16:00.447  4888  4942 D TEST_LOG: METHOD=<com.bumptech.glide.load.resource.bitmap.Downsampler: android.graphics.Bitmap decode(java.io.InputStream,com.bumptech.glide.load.engine.bitmap_recycle.BitmapPool,int,int,com.bumptech.glide.load.DecodeFormat)>
02-24 16:16:00.447  4888  4942 D TEST_LOG: METHOD=<com.bumptech.glide.load.resource.bitmap.Downsampler: android.graphics.BitmapFactory$Options getDefaultOptions()>
02-24 16:16:00.447  4888  4942 D TEST_LOG: METHOD=<com.bumptech.glide.load.resource.bitmap.Downsampler: void resetOptions(android.graphics.BitmapFactory$Options)>
02-24 16:16:00.447  4888  4942 D TEST_LOG: CLASS=com.bumptech.glide.util.ExceptionCatchingInputStream
02-24 16:16:00.447  4888  4942 D TEST_LOG: METHOD=<com.bumptech.glide.util.ExceptionCatchingInputStream: void <clinit>()>
02-24 16:16:00.447  4888  4942 D TEST_LOG: METHOD=<com.bumptech.glide.util.ExceptionCatchingInputStream: com.bumptech.glide.util.ExceptionCatchingInputStream obtain(java.io.InputStream)>
02-24 16:16:00.447  4888  4942 D TEST_LOG: METHOD=<com.bumptech.glide.util.ExceptionCatchingInputStream: void <init>()>
02-24 16:16:00.447  4888  4942 D TEST_LOG: METHOD=<com.bumptech.glide.util.ExceptionCatchingInputStream: void setInputStream(java.io.InputStream)>
02-24 16:16:00.447  4888  4942 D TEST_LOG: CLASS=com.bumptech.glide.util.MarkEnforcingInputStream
02-24 16:16:00.447  4888  4942 D TEST_LOG: METHOD=<com.bumptech.glide.util.MarkEnforcingInputStream: void <init>(java.io.InputStream)>
02-24 16:16:00.447  4888  4942 D TEST_LOG: METHOD=<com.bumptech.glide.util.ExceptionCatchingInputStream: void mark(int)>
02-24 16:16:00.447  4888  4942 D TEST_LOG: METHOD=<com.bumptech.glide.load.resource.bitmap.ImageHeaderParser: int getOrientation()>
02-24 16:16:00.447  4888  4942 D TEST_LOG: METHOD=<com.bumptech.glide.util.ExceptionCatchingInputStream: int read()>
02-24 16:16:00.447  4888  4942 D TEST_LOG: METHOD=<com.bumptech.glide.load.resource.bitmap.RecyclableBufferedInputStream: int read(byte[],int,int)>
02-24 16:16:00.447  4888  4942 D TEST_LOG: METHOD=<com.bumptech.glide.load.resource.bitmap.ImageHeaderParser: boolean handles(int)>
02-24 16:16:00.447  4888  4942 D TEST_LOG: METHOD=<com.bumptech.glide.load.resource.bitmap.ImageHeaderParser: byte[] getExifSegment()>
02-24 16:16:00.447  4888  4942 D TEST_LOG: METHOD=<com.bumptech.glide.load.resource.bitmap.ImageHeaderParser$StreamReader: short getUInt8()>
02-24 16:16:00.447  4888  4942 D TEST_LOG: METHOD=<com.bumptech.glide.load.resource.bitmap.ImageHeaderParser$StreamReader: long skip(long)>
02-24 16:16:00.447  4888  4942 D TEST_LOG: METHOD=<com.bumptech.glide.util.ExceptionCatchingInputStream: long skip(long)>
02-24 16:16:00.447  4888  4942 D TEST_LOG: METHOD=<com.bumptech.glide.load.resource.bitmap.RecyclableBufferedInputStream: long skip(long)>
02-24 16:16:00.447  4888  4942 D TEST_LOG: METHOD=<com.bumptech.glide.util.ExceptionCatchingInputStream: void reset()>
02-24 16:16:00.447  4888  4942 D TEST_LOG: METHOD=<com.bumptech.glide.load.resource.bitmap.Downsampler: int[] getDimensions(com.bumptech.glide.util.MarkEnforcingInputStream,com.bumptech.glide.load.resource.bitmap.RecyclableBufferedInputStream,android.graphics.BitmapFactory$Options)>
02-24 16:16:00.447  4888  4942 D TEST_LOG: METHOD=<com.bumptech.glide.load.resource.bitmap.Downsampler: android.graphics.Bitmap decodeStream(com.bumptech.glide.util.MarkEnforcingInputStream,com.bumptech.glide.load.resource.bitmap.RecyclableBufferedInputStream,android.graphics.BitmapFactory$Options)>
02-24 16:16:00.447  4888  4942 D TEST_LOG: METHOD=<com.bumptech.glide.util.MarkEnforcingInputStream: void mark(int)>
02-24 16:16:00.447  4888  4942 D TEST_LOG: METHOD=<com.bumptech.glide.util.MarkEnforcingInputStream: int read(byte[],int,int)>
02-24 16:16:00.447  4888  4942 D TEST_LOG: METHOD=<com.bumptech.glide.util.MarkEnforcingInputStream: long getBytesToRead(long)>
02-24 16:16:00.447  4888  4942 D TEST_LOG: METHOD=<com.bumptech.glide.util.ExceptionCatchingInputStream: int read(byte[],int,int)>
02-24 16:16:00.447  4888  4942 D TEST_LOG: METHOD=<com.bumptech.glide.util.MarkEnforcingInputStream: void updateAvailableBytesAfterRead(long)>
02-24 16:16:00.448  4888  4942 D TEST_LOG: METHOD=<com.bumptech.glide.util.MarkEnforcingInputStream: void reset()>
02-24 16:16:00.448  4888  4942 D TEST_LOG: METHOD=<com.bumptech.glide.load.resource.bitmap.TransformationUtils: int getExifOrientationDegrees(int)>
02-24 16:16:00.448  4888  4942 D TEST_LOG: METHOD=<com.bumptech.glide.load.resource.bitmap.Downsampler: int getRoundedSampleSize(int,int,int,int,int)>
02-24 16:16:00.448  4888  4942 D TEST_LOG: METHOD=<com.bumptech.glide.load.resource.bitmap.Downsampler$1: int getSampleSize(int,int,int,int)>
02-24 16:16:00.448  4888  4942 D TEST_LOG: METHOD=<com.bumptech.glide.load.resource.bitmap.Downsampler: android.graphics.Bitmap downsampleWithSize(com.bumptech.glide.util.MarkEnforcingInputStream,com.bumptech.glide.load.resource.bitmap.RecyclableBufferedInputStream,android.graphics.BitmapFactory$Options,com.bumptech.glide.load.engine.bitmap_recycle.BitmapPool,int,int,int,com.bumptech.glide.load.DecodeFormat)>
02-24 16:16:00.448  4888  4942 D TEST_LOG: METHOD=<com.bumptech.glide.load.resource.bitmap.Downsampler: android.graphics.Bitmap$Config getConfig(java.io.InputStream,com.bumptech.glide.load.DecodeFormat)>
02-24 16:16:00.448  4888  4942 D TEST_LOG: METHOD=<com.bumptech.glide.load.resource.bitmap.ImageHeaderParser: boolean hasAlpha()>
02-24 16:16:00.449  4888  4942 D TEST_LOG: METHOD=<com.bumptech.glide.util.MarkEnforcingInputStream: int read()>
02-24 16:16:00.449  4888  4942 D TEST_LOG: METHOD=<com.bumptech.glide.load.resource.bitmap.ImageHeaderParser$ImageType: boolean hasAlpha()>
02-24 16:16:00.449  4888  4942 D TEST_LOG: METHOD=<com.bumptech.glide.load.resource.bitmap.Downsampler: boolean shouldUsePool(java.io.InputStream)>
02-24 16:16:00.449  4888  4942 D TEST_LOG: METHOD=<com.bumptech.glide.load.engine.bitmap_recycle.LruBitmapPool: android.graphics.Bitmap getDirty(int,int,android.graphics.Bitmap$Config)>
02-24 16:16:00.449  4888  4942 D TEST_LOG: METHOD=<com.bumptech.glide.load.engine.bitmap_recycle.SizeConfigStrategy: android.graphics.Bitmap get(int,int,android.graphics.Bitmap$Config)>
02-24 16:16:00.449  4888  4942 D TEST_LOG: METHOD=<com.bumptech.glide.util.Util: int getBitmapByteSize(int,int,android.graphics.Bitmap$Config)>
02-24 16:16:00.449  4888  4942 D TEST_LOG: METHOD=<com.bumptech.glide.util.Util: int getBytesPerPixel(android.graphics.Bitmap$Config)>
02-24 16:16:00.449  4888  4942 D TEST_LOG: CLASS=com.bumptech.glide.util.Util$1
02-24 16:16:00.449  4888  4942 D TEST_LOG: METHOD=<com.bumptech.glide.util.Util$1: void <clinit>()>
02-24 16:16:00.449  4888  4942 D TEST_LOG: METHOD=<com.bumptech.glide.load.engine.bitmap_recycle.SizeConfigStrategy$KeyPool: com.bumptech.glide.load.engine.bitmap_recycle.SizeConfigStrategy$Key get(int,android.graphics.Bitmap$Config)>
02-24 16:16:00.449  4888  4942 D TEST_LOG: METHOD=<com.bumptech.glide.load.engine.bitmap_recycle.BaseKeyPool: com.bumptech.glide.load.engine.bitmap_recycle.Poolable get()>
02-24 16:16:00.449  4888  4942 D TEST_LOG: METHOD=<com.bumptech.glide.load.engine.bitmap_recycle.SizeConfigStrategy$KeyPool: com.bumptech.glide.load.engine.bitmap_recycle.Poolable create()>
02-24 16:16:00.449  4888  4942 D TEST_LOG: METHOD=<com.bumptech.glide.load.engine.bitmap_recycle.SizeConfigStrategy$KeyPool: com.bumptech.glide.load.engine.bitmap_recycle.SizeConfigStrategy$Key create()>
02-24 16:16:00.449  4888  4942 D TEST_LOG: CLASS=com.bumptech.glide.load.engine.bitmap_recycle.SizeConfigStrategy$Key
02-24 16:16:00.449  4888  4942 D TEST_LOG: METHOD=<com.bumptech.glide.load.engine.bitmap_recycle.SizeConfigStrategy$Key: void <init>(com.bumptech.glide.load.engine.bitmap_recycle.SizeConfigStrategy$KeyPool)>
02-24 16:16:00.449  4888  4942 D TEST_LOG: METHOD=<com.bumptech.glide.load.engine.bitmap_recycle.SizeConfigStrategy$Key: void init(int,android.graphics.Bitmap$Config)>
02-24 16:16:00.449  4888  4942 D TEST_LOG: METHOD=<com.bumptech.glide.load.engine.bitmap_recycle.SizeConfigStrategy: com.bumptech.glide.load.engine.bitmap_recycle.SizeConfigStrategy$Key findBestKey(com.bumptech.glide.load.engine.bitmap_recycle.SizeConfigStrategy$Key,int,android.graphics.Bitmap$Config)>
02-24 16:16:00.449  4888  4942 D TEST_LOG: METHOD=<com.bumptech.glide.load.engine.bitmap_recycle.SizeConfigStrategy: android.graphics.Bitmap$Config[] getInConfigs(android.graphics.Bitmap$Config)>
02-24 16:16:00.449  4888  4942 D TEST_LOG: CLASS=com.bumptech.glide.load.engine.bitmap_recycle.SizeConfigStrategy$1
02-24 16:16:00.449  4888  4942 D TEST_LOG: METHOD=<com.bumptech.glide.load.engine.bitmap_recycle.SizeConfigStrategy$1: void <clinit>()>
02-24 16:16:00.449  4888  4942 D TEST_LOG: METHOD=<com.bumptech.glide.load.engine.bitmap_recycle.SizeConfigStrategy: java.util.NavigableMap getSizesForConfig(android.graphics.Bitmap$Config)>
02-24 16:16:00.449  4888  4942 D TEST_LOG: METHOD=<com.bumptech.glide.load.engine.bitmap_recycle.GroupedLinkedMap: java.lang.Object get(com.bumptech.glide.load.engine.bitmap_recycle.Poolable)>
02-24 16:16:00.449  4888  4942 D TEST_LOG: METHOD=<com.bumptech.glide.load.engine.bitmap_recycle.SizeConfigStrategy$Key: int hashCode()>
02-24 16:16:00.449  4888  4942 D TEST_LOG: METHOD=<com.bumptech.glide.load.engine.bitmap_recycle.GroupedLinkedMap: void makeHead(com.bumptech.glide.load.engine.bitmap_recycle.GroupedLinkedMap$LinkedEntry)>
02-24 16:16:00.449  4888  4942 D TEST_LOG: METHOD=<com.bumptech.glide.load.engine.bitmap_recycle.GroupedLinkedMap: void removeEntry(com.bumptech.glide.load.engine.bitmap_recycle.GroupedLinkedMap$LinkedEntry)>
02-24 16:16:00.449  4888  4942 D TEST_LOG: METHOD=<com.bumptech.glide.load.engine.bitmap_recycle.GroupedLinkedMap: void updateEntry(com.bumptech.glide.load.engine.bitmap_recycle.GroupedLinkedMap$LinkedEntry)>
02-24 16:16:00.449  4888  4942 D TEST_LOG: METHOD=<com.bumptech.glide.load.engine.bitmap_recycle.GroupedLinkedMap$LinkedEntry: java.lang.Object removeLast()>
02-24 16:16:00.449  4888  4942 D TEST_LOG: METHOD=<com.bumptech.glide.load.engine.bitmap_recycle.GroupedLinkedMap$LinkedEntry: int size()>
02-24 16:16:00.449  4888  4942 D TEST_LOG: METHOD=<com.bumptech.glide.load.engine.bitmap_recycle.LruBitmapPool: void dump()>
02-24 16:16:00.449  4888  4942 D TEST_LOG: METHOD=<com.bumptech.glide.load.resource.bitmap.Downsampler: void setInBitmap(android.graphics.BitmapFactory$Options,android.graphics.Bitmap)>
02-24 16:16:00.449  4888  4942 D TEST_LOG: METHOD=<com.bumptech.glide.load.resource.bitmap.RecyclableBufferedInputStream: void fixMarkLimit()>
02-24 16:16:00.449  4888  4942 D TEST_LOG: METHOD=<com.bumptech.glide.util.ExceptionCatchingInputStream: java.io.IOException getException()>
02-24 16:16:00.449  4888  4942 D TEST_LOG: METHOD=<com.bumptech.glide.util.ByteArrayPool: boolean releaseBytes(byte[])>
02-24 16:16:00.449  4888  4942 D TEST_LOG: METHOD=<com.bumptech.glide.util.ExceptionCatchingInputStream: void release()>
02-24 16:16:00.449  4888  4942 D TEST_LOG: METHOD=<com.bumptech.glide.load.resource.bitmap.Downsampler: void releaseOptions(android.graphics.BitmapFactory$Options)>
02-24 16:16:00.449  4888  4942 D TEST_LOG: METHOD=<com.bumptech.glide.load.resource.bitmap.BitmapResource: com.bumptech.glide.load.resource.bitmap.BitmapResource obtain(android.graphics.Bitmap,com.bumptech.glide.load.engine.bitmap_recycle.BitmapPool)>
02-24 16:16:00.449  4888  4942 D TEST_LOG: METHOD=<com.bumptech.glide.load.resource.bitmap.FileDescriptorBitmapDecoder: com.bumptech.glide.load.engine.Resource decode(java.lang.Object,int,int)>
02-24 16:16:00.449  4888  4942 D TEST_LOG: METHOD=<com.bumptech.glide.load.resource.bitmap.FileDescriptorBitmapDecoder: com.bumptech.glide.load.engine.Resource decode(android.os.ParcelFileDescriptor,int,int)>
02-24 16:16:00.449  4888  4942 D TEST_LOG: METHOD=<com.bumptech.glide.load.resource.bitmap.VideoBitmapDecoder: android.graphics.Bitmap decode(android.os.ParcelFileDescriptor,com.bumptech.glide.load.engine.bitmap_recycle.BitmapPool,int,int,com.bumptech.glide.load.DecodeFormat)>
02-24 16:16:00.449  4888  4942 D TEST_LOG: METHOD=<com.bumptech.glide.load.resource.bitmap.VideoBitmapDecoder$MediaMetadataRetrieverFactory: android.media.MediaMetadataRetriever build()>
02-24 16:16:00.465  4888  4942 D TEST_LOG: METHOD=<com.bumptech.glide.load.model.ImageVideoModelLoader$ImageVideoFetcher: void cleanup()>
02-24 16:16:00.465  4888  4942 D TEST_LOG: METHOD=<com.bumptech.glide.load.data.LocalUriFetcher: void cleanup()>
02-24 16:16:00.465  4888  4942 D TEST_LOG: METHOD=<com.bumptech.glide.load.data.StreamLocalUriFetcher: void close(java.lang.Object)>
02-24 16:16:00.465  4888  4942 D TEST_LOG: METHOD=<com.bumptech.glide.load.data.StreamLocalUriFetcher: void close(java.io.InputStream)>
02-24 16:16:00.465  4888  4942 D TEST_LOG: METHOD=<com.bumptech.glide.load.data.FileDescriptorLocalUriFetcher: void close(java.lang.Object)>
02-24 16:16:00.465  4888  4942 D TEST_LOG: METHOD=<com.bumptech.glide.load.data.FileDescriptorLocalUriFetcher: void close(android.os.ParcelFileDescriptor)>
02-24 16:16:00.465  4888  4942 D TEST_LOG: METHOD=<com.bumptech.glide.load.engine.EngineJob: void onException(java.lang.Exception)>
02-24 16:16:00.466  4888  4942 D TEST_LOG: METHOD=<com.bumptech.glide.load.engine.bitmap_recycle.SizeConfigStrategy$Key: boolean equals(java.lang.Object)>
02-24 16:16:00.466  4888  4942 D TEST_LOG: METHOD=<com.bumptech.glide.load.engine.bitmap_recycle.SizeConfigStrategy$Key: void offer()>
02-24 16:16:00.466  4888  4942 D TEST_LOG: METHOD=<com.bumptech.glide.load.engine.bitmap_recycle.BaseKeyPool: void offer(com.bumptech.glide.load.engine.bitmap_recycle.Poolable)>
02-24 16:16:00.475  4888  4888 D TEST_LOG: METHOD=<com.bumptech.glide.load.engine.EngineJob$MainThreadCallback: boolean handleMessage(android.os.Message)>
02-24 16:16:00.475  4888  4888 D TEST_LOG: METHOD=<com.bumptech.glide.load.engine.EngineJob: void access$200(com.bumptech.glide.load.engine.EngineJob)>
02-24 16:16:00.475  4888  4888 D TEST_LOG: METHOD=<com.bumptech.glide.load.engine.EngineJob: void handleExceptionOnMainThread()>
02-24 16:16:00.475  4888  4888 D TEST_LOG: METHOD=<com.bumptech.glide.load.engine.Engine: void onEngineJobComplete(com.bumptech.glide.load.Key,com.bumptech.glide.load.engine.EngineResource)>
02-24 16:16:00.475  4888  4888 D TEST_LOG: METHOD=<com.bumptech.glide.load.engine.EngineJob: boolean isInIgnoredCallbacks(com.bumptech.glide.request.ResourceCallback)>
02-24 16:16:00.475  4888  4888 D TEST_LOG: METHOD=<com.bumptech.glide.request.GenericRequest: void onException(java.lang.Exception)>
02-24 16:16:00.475  4888  4888 D TEST_LOG: METHOD=<com.bumptech.glide.request.GenericRequest: void setErrorPlaceholder(java.lang.Exception)>
02-24 16:16:00.475  4888  4888 D TEST_LOG: METHOD=<com.bumptech.glide.request.GenericRequest: android.graphics.drawable.Drawable getErrorDrawable()>
02-24 16:16:00.475  4888  4888 D TEST_LOG: METHOD=<com.bumptech.glide.request.target.ImageViewTarget: void onLoadFailed(java.lang.Exception,android.graphics.drawable.Drawable)>
02-24 16:16:00.840  4888  4888 D TEST_LOG: METHOD=<com.pnikosis.materialishprogress.ProgressWheel: void runCallback(float)>
02-24 16:16:02.012  4888  4888 D TEST_LOG: METHOD=<android.support.v7.view.WindowCallbackWrapper: boolean dispatchTouchEvent(android.view.MotionEvent)>
02-24 16:16:02.012  4888  4888 D TEST_LOG: METHOD=<android.support.v4.widget.DrawerLayout: boolean onInterceptTouchEvent(android.view.MotionEvent)>
02-24 16:16:02.012  4888  4888 D TEST_LOG: CLASS=android.support.v4.view.MotionEventCompat
02-24 16:16:02.012  4888  4888 D TEST_LOG: METHOD=<android.support.v4.view.MotionEventCompat: void <clinit>()>
02-24 16:16:02.012  4888  4888 D TEST_LOG: CLASS=android.support.v4.view.MotionEventCompat$HoneycombMr1MotionEventVersionImpl
02-24 16:16:02.012  4888  4888 D TEST_LOG: METHOD=<android.support.v4.view.MotionEventCompat$HoneycombMr1MotionEventVersionImpl: void <init>()>
02-24 16:16:02.012  4888  4888 D TEST_LOG: CLASS=android.support.v4.view.MotionEventCompat$GingerbreadMotionEventVersionImpl
02-24 16:16:02.012  4888  4888 D TEST_LOG: METHOD=<android.support.v4.view.MotionEventCompat$GingerbreadMotionEventVersionImpl: void <init>()>
02-24 16:16:02.013  4888  4888 D TEST_LOG: CLASS=android.support.v4.view.MotionEventCompat$EclairMotionEventVersionImpl
02-24 16:16:02.013  4888  4888 D TEST_LOG: METHOD=<android.support.v4.view.MotionEventCompat$EclairMotionEventVersionImpl: void <init>()>
02-24 16:16:02.013  4888  4888 D TEST_LOG: CLASS=android.support.v4.view.MotionEventCompat$BaseMotionEventVersionImpl
02-24 16:16:02.013  4888  4888 D TEST_LOG: METHOD=<android.support.v4.view.MotionEventCompat$BaseMotionEventVersionImpl: void <init>()>
02-24 16:16:02.013  4888  4888 D TEST_LOG: METHOD=<android.support.v4.view.MotionEventCompat: int getActionMasked(android.view.MotionEvent)>
02-24 16:16:02.013  4888  4888 D TEST_LOG: METHOD=<android.support.v4.widget.ViewDragHelper: boolean shouldInterceptTouchEvent(android.view.MotionEvent)>
02-24 16:16:02.013  4888  4888 D TEST_LOG: METHOD=<android.support.v4.view.MotionEventCompat: int getActionIndex(android.view.MotionEvent)>
02-24 16:16:02.013  4888  4888 D TEST_LOG: METHOD=<android.support.v4.widget.ViewDragHelper: void cancel()>
02-24 16:16:02.013  4888  4888 D TEST_LOG: METHOD=<android.support.v4.widget.ViewDragHelper: void clearMotionHistory()>
02-24 16:16:02.015  4888  4888 D TEST_LOG: METHOD=<android.support.v4.view.MotionEventCompat: int getPointerId(android.view.MotionEvent,int)>
02-24 16:16:02.015  4888  4888 D TEST_LOG: METHOD=<android.support.v4.view.MotionEventCompat$EclairMotionEventVersionImpl: int getPointerId(android.view.MotionEvent,int)>
02-24 16:16:02.015  4888  4888 D TEST_LOG: METHOD=<android.support.v4.view.MotionEventCompatEclair: int getPointerId(android.view.MotionEvent,int)>
02-24 16:16:02.015  4888  4888 D TEST_LOG: METHOD=<android.support.v4.widget.ViewDragHelper: void saveInitialMotion(float,float,int)>
02-24 16:16:02.015  4888  4888 D TEST_LOG: METHOD=<android.support.v4.widget.ViewDragHelper: void ensureMotionHistorySizeForId(int)>
02-24 16:16:02.015  4888  4888 D TEST_LOG: METHOD=<android.support.v4.widget.ViewDragHelper: int getEdgesTouched(int,int)>
02-24 16:16:02.015  4888  4888 D TEST_LOG: METHOD=<android.support.v4.widget.ViewDragHelper: android.view.View findTopChildUnder(int,int)>
02-24 16:16:02.015  4888  4888 D TEST_LOG: METHOD=<android.support.v4.widget.ViewDragHelper$Callback: int getOrderedChildIndex(int)>
02-24 16:16:02.015  4888  4888 D TEST_LOG: METHOD=<android.support.v4.widget.DrawerLayout: boolean hasPeekingDrawer()>
02-24 16:16:02.015  4888  4888 D TEST_LOG: METHOD=<android.support.v4.widget.DrawerLayout$LayoutParams: boolean access$200(android.support.v4.widget.DrawerLayout$LayoutParams)>
02-24 16:16:02.015  4888  4888 D TEST_LOG: METHOD=<it.feio.android.omninotes.models.views.InterceptorLinearLayout: boolean onInterceptTouchEvent(android.view.MotionEvent)>
02-24 16:16:02.015  4888  4888 D TEST_LOG: METHOD=<it.feio.android.omninotes.ListFragment: void onViewTouchOccurred(android.view.MotionEvent)>
02-24 16:16:02.015  4888  4888 D TEST_LOG: METHOD=<it.feio.android.omninotes.ListFragment: void commitPending()>
02-24 16:16:02.015  4888  4888 D TEST_LOG: METHOD=<com.nhaarman.listviewanimations.itemmanipulation.DynamicListView: boolean dispatchTouchEvent(android.view.MotionEvent)>
02-24 16:16:02.015  4888  4888 D TEST_LOG: METHOD=<com.nhaarman.listviewanimations.itemmanipulation.swipedismiss.SwipeTouchListener: boolean onTouchEvent(android.view.MotionEvent)>
02-24 16:16:02.015  4888  4888 D TEST_LOG: METHOD=<com.nhaarman.listviewanimations.itemmanipulation.swipedismiss.SwipeTouchListener: boolean onTouch(android.view.View,android.view.MotionEvent)>
