02-24 16:15:59.639  4888  4911 D TEST_LOG: METHOD=<it.feio.android.omninotes.models.Category$1: void <init>()>
02-24 16:15:59.639  4888  4911 D TEST_LOG: METHOD=<it.feio.android.omninotes.models.Category: void <init>(java.lang.Long,java.lang.String,java.lang.String,java.lang.String)>
02-24 16:15:59.639  4888  4911 D TEST_LOG: CLASS=it.feio.android.omninotes.commons.models.BaseCategory
02-24 16:15:59.639  4888  4911 D TEST_LOG: METHOD=<it.feio.android.omninotes.commons.models.BaseCategory: void <init>(java.lang.Long,java.lang.String,java.lang.String,java.lang.String)>
02-24 16:15:59.639  4888  4911 D TEST_LOG: METHOD=<it.feio.android.omninotes.commons.models.BaseCategory: void <init>(java.lang.Long,java.lang.String,java.lang.String,java.lang.String,int)>
02-24 16:15:59.639  4888  4911 D TEST_LOG: METHOD=<it.feio.android.omninotes.models.Note: void setCategory(it.feio.android.omninotes.models.Category)>
02-24 16:15:59.639  4888  4911 D TEST_LOG: METHOD=<it.feio.android.omninotes.commons.models.BaseNote: void setCategory(it.feio.android.omninotes.commons.models.BaseCategory)>
02-24 16:15:59.639  4888  4911 D TEST_LOG: METHOD=<it.feio.android.omninotes.db.DbHelper: java.util.ArrayList getNoteAttachments(it.feio.android.omninotes.models.Note)>
02-24 16:15:59.639  4888  4911 D TEST_LOG: METHOD=<it.feio.android.omninotes.commons.models.BaseNote: java.lang.Long get_id()>
02-24 16:15:59.639  4888  4911 D TEST_LOG: METHOD=<it.feio.android.omninotes.db.DbHelper: java.util.ArrayList getAttachments(java.lang.String)>
02-24 16:15:59.651  4888  4908 D TEST_LOG: METHOD=<org.acra.collector.ConfigurationCollector: java.lang.String getFieldValueName(android.content.res.Configuration,java.lang.reflect.Field)>
02-24 16:15:59.651  4888  4908 D TEST_LOG: METHOD=<org.acra.collector.ConfigurationCollector: java.lang.String activeFlags(android.util.SparseArray,int)>
02-24 16:15:59.652  4888  4908 D TEST_LOG: CLASS=org.acra.collector.CrashReportDataFactory
02-24 16:15:59.652  4888  4908 D TEST_LOG: METHOD=<org.acra.collector.CrashReportDataFactory: void <init>(android.content.Context,org.acra.config.ACRAConfiguration,android.content.SharedPreferences,java.util.Calendar,java.lang.String)>
02-24 16:15:59.652  4888  4908 D TEST_LOG: CLASS=org.acra.builder.LastActivityManager
02-24 16:15:59.652  4888  4908 D TEST_LOG: METHOD=<org.acra.builder.LastActivityManager: void <init>(android.app.Application)>
02-24 16:15:59.652  4888  4908 D TEST_LOG: CLASS=org.acra.builder.LastActivityManager$1
02-24 16:15:59.652  4888  4908 D TEST_LOG: METHOD=<org.acra.builder.LastActivityManager$1: void <init>(org.acra.builder.LastActivityManager)>
02-24 16:15:59.652  4888  4908 D TEST_LOG: METHOD=<org.acra.ErrorReporter: org.acra.builder.ReportPrimer getReportPrimer(org.acra.config.ACRAConfiguration)>
02-24 16:15:59.652  4888  4908 D TEST_LOG: METHOD=<org.acra.config.ACRAConfiguration: java.lang.Class reportPrimerClass()>
02-24 16:15:59.652  4888  4908 D TEST_LOG: CLASS=org.acra.builder.NoOpReportPrimer
02-24 16:15:59.652  4888  4908 D TEST_LOG: METHOD=<org.acra.builder.NoOpReportPrimer: void <init>()>
02-24 16:15:59.652  4888  4908 D TEST_LOG: CLASS=org.acra.builder.ReportExecutor
02-24 16:15:59.652  4888  4908 D TEST_LOG: METHOD=<org.acra.builder.ReportExecutor: void <clinit>()>
02-24 16:15:59.652  4888  4908 D TEST_LOG: METHOD=<org.acra.builder.ReportExecutor: void <init>(android.content.Context,org.acra.config.ACRAConfiguration,org.acra.collector.CrashReportDataFactory,org.acra.builder.LastActivityManager,java.lang.Thread$UncaughtExceptionHandler,org.acra.builder.ReportPrimer)>
02-24 16:15:59.652  4888  4908 D TEST_LOG: METHOD=<org.acra.builder.ReportExecutor: void setEnabled(boolean)>
02-24 16:15:59.652  4888  4908 D TEST_LOG: CLASS=org.acra.util.ApplicationStartupProcessor
02-24 16:15:59.652  4888  4908 D TEST_LOG: METHOD=<org.acra.util.ApplicationStartupProcessor: void <init>(android.content.Context,org.acra.config.ACRAConfiguration)>
02-24 16:15:59.652  4888  4908 D TEST_LOG: METHOD=<org.acra.config.ACRAConfiguration: boolean deleteOldUnsentReportsOnApplicationStart()>
02-24 16:15:59.652  4888  4908 D TEST_LOG: METHOD=<org.acra.util.ApplicationStartupProcessor: void deleteUnsentReportsFromOldAppVersion()>
02-24 16:15:59.652  4888  4908 D TEST_LOG: METHOD=<org.acra.util.ApplicationStartupProcessor: int getAppVersion()>
02-24 16:15:59.652  4888  4908 D TEST_LOG: CLASS=org.acra.util.PackageManagerWrapper
02-24 16:15:59.652  4888  4908 D TEST_LOG: METHOD=<org.acra.util.PackageManagerWrapper: void <init>(android.content.Context)>
02-24 16:15:59.652  4888  4908 D TEST_LOG: METHOD=<org.acra.util.PackageManagerWrapper: android.content.pm.PackageInfo getPackageInfo()>
02-24 16:15:59.652  4888  4908 D TEST_LOG: METHOD=<org.acra.config.ACRAConfiguration: boolean deleteUnapprovedReportsOnApplicationStart()>
02-24 16:15:59.652  4888  4908 D TEST_LOG: METHOD=<org.acra.util.ApplicationStartupProcessor: void deleteAllUnapprovedReportsBarOne()>
02-24 16:15:59.652  4888  4908 D TEST_LOG: CLASS=org.acra.file.BulkReportDeleter
02-24 16:15:59.652  4888  4908 D TEST_LOG: METHOD=<org.acra.file.BulkReportDeleter: void <init>(android.content.Context)>
02-24 16:15:59.652  4888  4908 D TEST_LOG: CLASS=org.acra.file.ReportLocator
02-24 16:15:59.652  4888  4908 D TEST_LOG: METHOD=<org.acra.file.ReportLocator: void <init>(android.content.Context)>
02-24 16:15:59.652  4888  4908 D TEST_LOG: METHOD=<org.acra.file.BulkReportDeleter: void deleteReports(boolean,int)>
02-24 16:15:59.652  4888  4908 D TEST_LOG: METHOD=<org.acra.file.ReportLocator: java.io.File[] getUnapprovedReports()>
02-24 16:15:59.652  4888  4908 D TEST_LOG: METHOD=<org.acra.file.ReportLocator: java.io.File getUnapprovedFolder()>
02-24 16:15:59.653  4888  4888 D TEST_LOG: METHOD=<android.support.v4.widget.DrawerLayout: void onRtlPropertiesChanged(int)>
02-24 16:15:59.654  4888  4888 D TEST_LOG: METHOD=<android.support.v4.widget.DrawerLayout: void resolveShadowDrawables()>
02-24 16:15:59.654  4888  4888 D TEST_LOG: METHOD=<android.support.v7.widget.Toolbar: void onRtlPropertiesChanged(int)>
02-24 16:15:59.654  4888  4888 D TEST_LOG: METHOD=<android.support.v7.widget.RtlSpacingHelper: void setDirection(boolean)>
02-24 16:15:59.654  4888  4888 D TEST_LOG: METHOD=<android.support.v7.view.WindowCallbackWrapper: void onAttachedToWindow()>
02-24 16:15:59.654  4888  4888 D TEST_LOG: METHOD=<android.support.v7.widget.ContentFrameLayout: void onAttachedToWindow()>
02-24 16:15:59.654  4888  4888 D TEST_LOG: METHOD=<android.support.v7.app.AppCompatDelegateImplV7$4: void onAttachedFromWindow()>
02-24 16:15:59.654  4888  4888 D TEST_LOG: METHOD=<android.support.v4.widget.DrawerLayout: void onAttachedToWindow()>
02-24 16:15:59.654  4888  4888 D TEST_LOG: METHOD=<android.support.v7.widget.AppCompatTextView: void drawableStateChanged()>
02-24 16:15:59.654  4888  4888 D TEST_LOG: METHOD=<android.support.v7.widget.AppCompatBackgroundHelper: void applySupportBackgroundTint()>
02-24 16:15:59.655  4888  4888 D TEST_LOG: METHOD=<android.support.v7.widget.AppCompatImageView: void drawableStateChanged()>
02-24 16:15:59.655  4888  4888 D TEST_LOG: METHOD=<com.pnikosis.materialishprogress.ProgressWheel: void onVisibilityChanged(android.view.View,int)>
02-24 16:15:59.655  4888  4888 D TEST_LOG: METHOD=<android.support.v7.widget.AppCompatButton: void drawableStateChanged()>
02-24 16:15:59.655  4888  4888 D TEST_LOG: METHOD=<android.support.design.widget.CoordinatorLayout: void onAttachedToWindow()>
02-24 16:15:59.655  4888  4888 D TEST_LOG: METHOD=<android.support.design.widget.CoordinatorLayout: void resetTouchBehaviors()>
02-24 16:15:59.655  4888  4888 D TEST_LOG: METHOD=<android.support.design.widget.CoordinatorLayout: void drawableStateChanged()>
02-24 16:15:59.663  4888  4888 D TEST_LOG: METHOD=<android.support.v4.view.ViewCompatLollipop$1: android.view.WindowInsets onApplyWindowInsets(android.view.View,android.view.WindowInsets)>
02-24 16:15:59.663  4888  4888 D TEST_LOG: CLASS=android.support.v4.view.WindowInsetsCompatApi21
02-24 16:15:59.663  4888  4888 D TEST_LOG: METHOD=<android.support.v4.view.WindowInsetsCompatApi21: void <init>(android.view.WindowInsets)>
02-24 16:15:59.663  4888  4888 D TEST_LOG: CLASS=android.support.v4.view.WindowInsetsCompat
02-24 16:15:59.663  4888  4888 D TEST_LOG: METHOD=<android.support.v4.view.WindowInsetsCompat: void <init>()>
02-24 16:15:59.663  4888  4888 D TEST_LOG: METHOD=<android.support.v7.app.AppCompatDelegateImplV7$2: android.support.v4.view.WindowInsetsCompat onApplyWindowInsets(android.view.View,android.support.v4.view.WindowInsetsCompat)>
02-24 16:15:59.663  4888  4888 D TEST_LOG: METHOD=<android.support.v4.view.WindowInsetsCompatApi21: int getSystemWindowInsetTop()>
02-24 16:15:59.663  4888  4888 D TEST_LOG: METHOD=<android.support.v7.app.AppCompatDelegateImplV7: int access$300(android.support.v7.app.AppCompatDelegateImplV7,int)>
02-24 16:15:59.663  4888  4888 D TEST_LOG: METHOD=<android.support.v7.app.AppCompatDelegateImplV7: int updateStatusGuard(int)>
02-24 16:15:59.663  4888  4888 D TEST_LOG: METHOD=<android.support.v4.view.ViewCompat: android.support.v4.view.WindowInsetsCompat onApplyWindowInsets(android.view.View,android.support.v4.view.WindowInsetsCompat)>
02-24 16:15:59.663  4888  4888 D TEST_LOG: METHOD=<android.support.v4.view.ViewCompat$LollipopViewCompatImpl: android.support.v4.view.WindowInsetsCompat onApplyWindowInsets(android.view.View,android.support.v4.view.WindowInsetsCompat)>
02-24 16:15:59.663  4888  4888 D TEST_LOG: METHOD=<android.support.v4.view.ViewCompatLollipop: android.support.v4.view.WindowInsetsCompat onApplyWindowInsets(android.view.View,android.support.v4.view.WindowInsetsCompat)>
02-24 16:15:59.663  4888  4888 D TEST_LOG: METHOD=<android.support.v4.view.WindowInsetsCompatApi21: android.view.WindowInsets unwrap()>
02-24 16:15:59.663  4888  4888 D TEST_LOG: METHOD=<android.support.v7.widget.FitWindowsFrameLayout: boolean fitSystemWindows(android.graphics.Rect)>
02-24 16:15:59.664  4888  4888 D TEST_LOG: METHOD=<android.support.v7.widget.ContentFrameLayout: void onMeasure(int,int)>
02-24 16:15:59.664  4888  4888 D TEST_LOG: METHOD=<android.support.v4.widget.DrawerLayout: void onMeasure(int,int)>
02-24 16:15:59.664  4888  4888 D TEST_LOG: METHOD=<android.support.v4.widget.DrawerLayout: boolean isContentView(android.view.View)>
02-24 16:15:59.665  4888  4888 D TEST_LOG: METHOD=<com.pnikosis.materialishprogress.ProgressWheel: void onMeasure(int,int)>
02-24 16:15:59.665  4888  4888 D TEST_LOG: METHOD=<com.getbase.floatingactionbutton.FloatingActionsMenu: void onMeasure(int,int)>
02-24 16:15:59.665  4888  4888 D TEST_LOG: METHOD=<com.getbase.floatingactionbutton.FloatingActionButton: void onMeasure(int,int)>
02-24 16:15:59.670  4888  4888 D TEST_LOG: METHOD=<com.getbase.floatingactionbutton.FloatingActionsMenu: int adjustForOvershoot(int)>
02-24 16:15:59.670  4888  4888 D TEST_LOG: METHOD=<android.support.design.widget.CoordinatorLayout: void onMeasure(int,int)>
02-24 16:15:59.670  4888  4888 D TEST_LOG: METHOD=<android.support.design.widget.CoordinatorLayout: void prepareChildren()>
02-24 16:15:59.670  4888  4888 D TEST_LOG: METHOD=<android.support.design.widget.CoordinatorLayout: void selectionSort(java.util.List,java.util.Comparator)>
02-24 16:15:59.670  4888  4888 D TEST_LOG: METHOD=<android.support.design.widget.CoordinatorLayout: void ensurePreDrawListener()>
02-24 16:15:59.670  4888  4888 D TEST_LOG: METHOD=<android.support.design.widget.CoordinatorLayout: int getSuggestedMinimumWidth()>
02-24 16:15:59.670  4888  4888 D TEST_LOG: METHOD=<android.support.design.widget.CoordinatorLayout: int getSuggestedMinimumHeight()>
02-24 16:15:59.670  4888  4888 D TEST_LOG: METHOD=<android.support.v4.view.ViewCompat: int resolveSizeAndState(int,int,int)>
02-24 16:15:59.670  4888  4888 D TEST_LOG: METHOD=<android.support.v4.view.ViewCompat$HCViewCompatImpl: int resolveSizeAndState(int,int,int)>
02-24 16:15:59.670  4888  4888 D TEST_LOG: METHOD=<android.support.v4.view.ViewCompatHC: int resolveSizeAndState(int,int,int)>
02-24 16:15:59.670  4888  4888 D TEST_LOG: METHOD=<android.support.v7.widget.Toolbar: void onMeasure(int,int)>
02-24 16:15:59.670  4888  4888 D TEST_LOG: METHOD=<android.support.v7.widget.ViewUtils: boolean isLayoutRtl(android.view.View)>
02-24 16:15:59.670  4888  4888 D TEST_LOG: METHOD=<android.support.v7.widget.Toolbar: boolean shouldLayout(android.view.View)>
02-24 16:15:59.670  4888  4888 D TEST_LOG: METHOD=<android.support.v7.widget.Toolbar: void measureChildConstrained(android.view.View,int,int,int,int,int)>
02-24 16:15:59.670  4888  4888 D TEST_LOG: METHOD=<android.support.v7.widget.Toolbar: int getHorizontalMargins(android.view.View)>
02-24 16:15:59.671  4888  4888 D TEST_LOG: CLASS=android.support.v4.view.MarginLayoutParamsCompat
02-24 16:15:59.671  4888  4888 D TEST_LOG: METHOD=<android.support.v4.view.MarginLayoutParamsCompat: void <clinit>()>
02-24 16:15:59.671  4888  4888 D TEST_LOG: CLASS=android.support.v4.view.MarginLayoutParamsCompat$MarginLayoutParamsCompatImplJbMr1
02-24 16:15:59.671  4888  4888 D TEST_LOG: METHOD=<android.support.v4.view.MarginLayoutParamsCompat$MarginLayoutParamsCompatImplJbMr1: void <init>()>
02-24 16:15:59.671  4888  4888 D TEST_LOG: METHOD=<android.support.v4.view.MarginLayoutParamsCompat: int getMarginStart(android.view.ViewGroup$MarginLayoutParams)>
02-24 16:15:59.671  4888  4888 D TEST_LOG: METHOD=<android.support.v4.view.MarginLayoutParamsCompat$MarginLayoutParamsCompatImplJbMr1: int getMarginStart(android.view.ViewGroup$MarginLayoutParams)>
02-24 16:15:59.671  4888  4888 D TEST_LOG: METHOD=<android.support.v4.view.MarginLayoutParamsCompatJellybeanMr1: int getMarginStart(android.view.ViewGroup$MarginLayoutParams)>
02-24 16:15:59.671  4888  4888 D TEST_LOG: METHOD=<android.support.v4.view.MarginLayoutParamsCompat: int getMarginEnd(android.view.ViewGroup$MarginLayoutParams)>
02-24 16:15:59.671  4888  4888 D TEST_LOG: METHOD=<android.support.v4.view.MarginLayoutParamsCompat$MarginLayoutParamsCompatImplJbMr1: int getMarginEnd(android.view.ViewGroup$MarginLayoutParams)>
02-24 16:15:59.671  4888  4888 D TEST_LOG: METHOD=<android.support.v4.view.MarginLayoutParamsCompatJellybeanMr1: int getMarginEnd(android.view.ViewGroup$MarginLayoutParams)>
02-24 16:15:59.671  4888  4888 D TEST_LOG: METHOD=<android.support.v7.widget.Toolbar: int getVerticalMargins(android.view.View)>
02-24 16:15:59.671  4888  4888 D TEST_LOG: METHOD=<android.support.v4.view.ViewCompat: int getMeasuredState(android.view.View)>
02-24 16:15:59.671  4888  4888 D TEST_LOG: METHOD=<android.support.v4.view.ViewCompat$HCViewCompatImpl: int getMeasuredState(android.view.View)>
02-24 16:15:59.671  4888  4888 D TEST_LOG: METHOD=<android.support.v4.view.ViewCompatHC: int getMeasuredState(android.view.View)>
02-24 16:15:59.671  4888  4888 D TEST_LOG: METHOD=<android.support.v7.widget.ViewUtils: int combineMeasuredStates(int,int)>
02-24 16:15:59.671  4888  4888 D TEST_LOG: METHOD=<android.support.v7.widget.Toolbar: int getContentInsetStart()>
02-24 16:15:59.671  4888  4888 D TEST_LOG: METHOD=<android.support.v7.widget.RtlSpacingHelper: int getStart()>
02-24 16:15:59.671  4888  4888 D TEST_LOG: METHOD=<android.support.v7.widget.Toolbar: int getContentInsetEnd()>
02-24 16:15:59.671  4888  4888 D TEST_LOG: METHOD=<android.support.v7.widget.RtlSpacingHelper: int getEnd()>
02-24 16:15:59.671  4888  4888 D TEST_LOG: METHOD=<android.support.v7.widget.Toolbar: int measureChildCollapseMargins(android.view.View,int,int,int,int,int[])>
02-24 16:15:59.672  4888  4888 D TEST_LOG: METHOD=<android.support.v7.widget.Toolbar: boolean shouldCollapse()>
02-24 16:15:59.678  4888  4888 D TEST_LOG: METHOD=<android.support.v4.view.ViewCompat: float getElevation(android.view.View)>
02-24 16:15:59.678  4888  4888 D TEST_LOG: METHOD=<android.support.v4.view.ViewCompat$LollipopViewCompatImpl: float getElevation(android.view.View)>
02-24 16:15:59.678  4888  4888 D TEST_LOG: METHOD=<android.support.v4.view.ViewCompatLollipop: float getElevation(android.view.View)>
02-24 16:15:59.678  4888  4888 D TEST_LOG: METHOD=<android.support.v4.view.ViewCompat: void setElevation(android.view.View,float)>
02-24 16:15:59.678  4888  4888 D TEST_LOG: METHOD=<android.support.v4.view.ViewCompat$LollipopViewCompatImpl: void setElevation(android.view.View,float)>
02-24 16:15:59.678  4888  4888 D TEST_LOG: METHOD=<android.support.v4.view.ViewCompatLollipop: void setElevation(android.view.View,float)>
02-24 16:15:59.679  4888  4888 D TEST_LOG: METHOD=<android.support.v4.widget.DrawerLayout: int getDrawerViewAbsoluteGravity(android.view.View)>
02-24 16:15:59.695  4888  4888 D TEST_LOG: METHOD=<android.support.v4.widget.DrawerLayout: void onLayout(boolean,int,int,int,int)>
02-24 16:15:59.695  4888  4888 D TEST_LOG: METHOD=<android.support.v7.widget.Toolbar: void onLayout(boolean,int,int,int,int)>
02-24 16:15:59.695  4888  4888 D TEST_LOG: METHOD=<android.support.v4.view.ViewCompat: int getMinimumHeight(android.view.View)>
02-24 16:15:59.695  4888  4888 D TEST_LOG: METHOD=<android.support.v4.view.ViewCompat$JBViewCompatImpl: int getMinimumHeight(android.view.View)>
02-24 16:15:59.696  4888  4888 D TEST_LOG: METHOD=<android.support.v4.view.ViewCompatJB: int getMinimumHeight(android.view.View)>
02-24 16:15:59.696  4888  4888 D TEST_LOG: METHOD=<android.support.v7.widget.Toolbar: int layoutChildLeft(android.view.View,int,int[],int)>
02-24 16:15:59.696  4888  4888 D TEST_LOG: METHOD=<android.support.v7.widget.Toolbar: int getChildTop(android.view.View,int)>
02-24 16:15:59.696  4888  4888 D TEST_LOG: METHOD=<android.support.v7.widget.Toolbar: int getChildVerticalGravity(int)>
02-24 16:15:59.696  4888  4888 D TEST_LOG: METHOD=<android.support.v7.widget.Toolbar: int getContentInsetLeft()>
02-24 16:15:59.696  4888  4888 D TEST_LOG: METHOD=<android.support.v7.widget.RtlSpacingHelper: int getLeft()>
02-24 16:15:59.696  4888  4888 D TEST_LOG: METHOD=<android.support.v7.widget.Toolbar: int getContentInsetRight()>
02-24 16:15:59.696  4888  4888 D TEST_LOG: METHOD=<android.support.v7.widget.RtlSpacingHelper: int getRight()>
02-24 16:15:59.696  4888  4888 D TEST_LOG: METHOD=<android.support.v7.widget.Toolbar: void addCustomViewsWithGravity(java.util.List,int)>
02-24 16:15:59.696  4888  4888 D TEST_LOG: METHOD=<android.support.v7.widget.Toolbar: int getViewListMeasuredWidth(java.util.List,int[])>
02-24 16:15:59.696  4888  4888 D TEST_LOG: METHOD=<it.feio.android.omninotes.models.listeners.AbsListViewScrollDetector: void onScroll(android.widget.AbsListView,int,int,int)>
02-24 16:15:59.696  4888  4888 D TEST_LOG: METHOD=<it.feio.android.omninotes.models.listeners.AbsListViewScrollDetector: boolean isSameRow(int)>
02-24 16:15:59.696  4888  4888 D TEST_LOG: METHOD=<it.feio.android.omninotes.models.listeners.AbsListViewScrollDetector: int getTopItemScrollY()>
02-24 16:15:59.696  4888  4888 D TEST_LOG: METHOD=<com.pnikosis.materialishprogress.ProgressWheel: void onSizeChanged(int,int,int,int)>
02-24 16:15:59.696  4888  4888 D TEST_LOG: METHOD=<com.pnikosis.materialishprogress.ProgressWheel: void setupBounds(int,int)>
02-24 16:15:59.696  4888  4888 D TEST_LOG: METHOD=<com.pnikosis.materialishprogress.ProgressWheel: void setupPaints()>
02-24 16:15:59.696  4888  4888 D TEST_LOG: METHOD=<com.getbase.floatingactionbutton.FloatingActionsMenu: void onLayout(boolean,int,int,int,int)>
02-24 16:15:59.696  4888  4888 D TEST_LOG: METHOD=<com.getbase.floatingactionbutton.TouchDelegateGroup: void clearTouchDelegates()>
02-24 16:15:59.696  4888  4888 D TEST_LOG: METHOD=<com.getbase.floatingactionbutton.FloatingActionsMenu$LayoutParams: android.animation.ObjectAnimator access$700(com.getbase.floatingactionbutton.FloatingActionsMenu$LayoutParams)>
02-24 16:15:59.696  4888  4888 D TEST_LOG: METHOD=<com.getbase.floatingactionbutton.FloatingActionsMenu$LayoutParams: android.animation.ObjectAnimator access$800(com.getbase.floatingactionbutton.FloatingActionsMenu$LayoutParams)>
02-24 16:15:59.696  4888  4888 D TEST_LOG: METHOD=<com.getbase.floatingactionbutton.FloatingActionsMenu$LayoutParams: void setAnimationsTarget(android.view.View)>
02-24 16:15:59.696  4888  4888 D TEST_LOG: METHOD=<com.getbase.floatingactionbutton.FloatingActionsMenu$LayoutParams: void addLayerTypeListener(android.animation.Animator,android.view.View)>
02-24 16:15:59.696  4888  4888 D TEST_LOG: CLASS=com.getbase.floatingactionbutton.FloatingActionsMenu$LayoutParams$1
02-24 16:15:59.696  4888  4888 D TEST_LOG: METHOD=<com.getbase.floatingactionbutton.FloatingActionsMenu$LayoutParams$1: void <init>(com.getbase.floatingactionbutton.FloatingActionsMenu$LayoutParams,android.view.View)>
02-24 16:15:59.696  4888  4888 D TEST_LOG: METHOD=<com.getbase.floatingactionbutton.TouchDelegateGroup: void addTouchDelegate(android.view.TouchDelegate)>
02-24 16:15:59.696  4888  4888 D TEST_LOG: METHOD=<android.support.design.widget.CoordinatorLayout: void onLayout(boolean,int,int,int,int)>
02-24 16:15:59.696  4888  4888 D TEST_LOG: METHOD=<android.support.v4.widget.DrawerLayout: boolean checkDrawerViewAbsoluteGravity(android.view.View,int)>
02-24 16:15:59.696  4888  4888 D TEST_LOG: METHOD=<android.support.v4.widget.DrawerLayout$LayoutParams: float access$000(android.support.v4.widget.DrawerLayout$LayoutParams)>
02-24 16:15:59.696  4888  4888 D TEST_LOG: METHOD=<com.neopixl.pixlui.components.textview.EllipsizingTextView: void onSizeChanged(int,int,int,int)>
02-24 16:15:59.696  4888  4888 D TEST_LOG: METHOD=<com.neopixl.pixlui.components.textview.EllipsizingTextView: boolean ellipsizingLastFullyVisibleLine()>
02-24 16:15:59.699  4888  4888 D TEST_LOG: METHOD=<android.support.v4.widget.DrawerLayout: void computeScroll()>
02-24 16:15:59.702  4888  4888 D TEST_LOG: METHOD=<android.support.v4.widget.ViewDragHelper: boolean continueSettling(boolean)>
02-24 16:15:59.702  4888  4888 D TEST_LOG: METHOD=<android.support.v4.widget.DrawerLayout: boolean drawChild(android.graphics.Canvas,android.view.View,long)>
02-24 16:15:59.703  4888  4888 D TEST_LOG: METHOD=<com.nhaarman.listviewanimations.itemmanipulation.DynamicListView: void dispatchDraw(android.graphics.Canvas)>
02-24 16:15:59.703  4888  4888 D TEST_LOG: METHOD=<com.nhaarman.listviewanimations.itemmanipulation.DynamicListView: int computeVerticalScrollRange()>
02-24 16:15:59.703  4888  4888 D TEST_LOG: METHOD=<com.nhaarman.listviewanimations.itemmanipulation.DynamicListView: int computeVerticalScrollOffset()>
02-24 16:15:59.703  4888  4888 D TEST_LOG: METHOD=<com.nhaarman.listviewanimations.itemmanipulation.DynamicListView: int computeVerticalScrollExtent()>
02-24 16:15:59.703  4888  4888 D TEST_LOG: METHOD=<com.pnikosis.materialishprogress.ProgressWheel: void onDraw(android.graphics.Canvas)>
02-24 16:15:59.703  4888  4888 D TEST_LOG: METHOD=<com.pnikosis.materialishprogress.ProgressWheel: void updateBarLength(long)>
02-24 16:15:59.712  4888  4912 D TEST_LOG: CLASS=com.google.android.gms.common.util.zzt
02-24 16:15:59.713  4888  4912 D TEST_LOG: METHOD=<com.google.android.gms.common.util.zzt: void <clinit>()>
02-24 16:15:59.713  4888  4912 D TEST_LOG: METHOD=<com.google.android.gms.common.util.zzt: java.lang.String zzvj()>
02-24 16:15:59.713  4888  4912 D TEST_LOG: METHOD=<com.google.android.gms.common.util.zzt: java.lang.String zzcz(int)>
02-24 16:15:59.713  4888  4912 D TEST_LOG: METHOD=<com.google.android.gms.analytics.internal.zzaf: java.lang.String zzm(java.lang.Object)>
02-24 16:15:59.721  4888  4912 D TEST_LOG: METHOD=<com.google.android.gms.analytics.internal.zzf: com.google.android.gms.analytics.internal.zzai zzmf()>
02-24 16:15:59.721  4888  4912 D TEST_LOG: METHOD=<com.google.android.gms.analytics.internal.zzai: com.google.android.gms.analytics.internal.zzai$zza zzom()>
02-24 16:15:59.721  4888  4912 D TEST_LOG: METHOD=<com.google.android.gms.analytics.internal.zzai$zza: void zzbU(java.lang.String)>
02-24 16:15:59.721  4888  4912 D TEST_LOG: METHOD=<com.google.android.gms.analytics.internal.zzai$zza: long zzoq()>
02-24 16:15:59.721  4888  4912 D TEST_LOG: METHOD=<com.google.android.gms.analytics.internal.zzai: android.content.SharedPreferences zza(com.google.android.gms.analytics.internal.zzai)>
02-24 16:15:59.721  4888  4912 D TEST_LOG: METHOD=<com.google.android.gms.analytics.internal.zzai$zza: java.lang.String zzor()>
02-24 16:15:59.721  4888  4912 D TEST_LOG: METHOD=<com.google.android.gms.analytics.internal.zzai$zza: java.lang.String zzos()>
02-24 16:15:59.752  4888  4911 D TEST_LOG: CLASS=it.feio.android.omninotes.models.Attachment
02-24 16:15:59.752  4888  4911 D TEST_LOG: METHOD=<it.feio.android.omninotes.models.Attachment: void <clinit>()>
02-24 16:15:59.752  4888  4911 D TEST_LOG: CLASS=it.feio.android.omninotes.models.Attachment$1
02-24 16:15:59.752  4888  4911 D TEST_LOG: METHOD=<it.feio.android.omninotes.models.Attachment$1: void <init>()>
02-24 16:15:59.753  4888  4911 D TEST_LOG: METHOD=<it.feio.android.omninotes.models.Attachment: void <init>(long,android.net.Uri,java.lang.String,long,long,java.lang.String)>
02-24 16:15:59.753  4888  4911 D TEST_LOG: CLASS=it.feio.android.omninotes.commons.models.BaseAttachment
02-24 16:15:59.753  4888  4911 D TEST_LOG: METHOD=<it.feio.android.omninotes.commons.models.BaseAttachment: void <init>(java.lang.Long,java.lang.String,java.lang.String,long,long,java.lang.String)>
02-24 16:15:59.753  4888  4911 D TEST_LOG: METHOD=<it.feio.android.omninotes.commons.models.BaseAttachment: void setMime_type(java.lang.String)>
02-24 16:15:59.753  4888  4911 D TEST_LOG: METHOD=<it.feio.android.omninotes.models.Attachment: void setUri(android.net.Uri)>
02-24 16:15:59.753  4888  4911 D TEST_LOG: METHOD=<it.feio.android.omninotes.commons.models.BaseAttachment: void setUriPath(java.lang.String)>
02-24 16:15:59.753  4888  4911 D TEST_LOG: METHOD=<it.feio.android.omninotes.models.Note: void setAttachmentsList(java.util.ArrayList)>
02-24 16:15:59.753  4888  4911 D TEST_LOG: METHOD=<it.feio.android.omninotes.commons.models.BaseNote: void setAttachmentsList(java.util.List)>
02-24 16:15:59.785  4888  4912 D TEST_LOG: CLASS=com.google.android.gms.analytics.CampaignTrackingReceiver
02-24 16:15:59.785  4888  4912 D TEST_LOG: METHOD=<com.google.android.gms.analytics.CampaignTrackingReceiver: void <clinit>()>
02-24 16:15:59.785  4888  4912 D TEST_LOG: METHOD=<com.google.android.gms.analytics.CampaignTrackingReceiver: boolean zzU(android.content.Context)>
02-24 16:15:59.788  4888  4912 D TEST_LOG: METHOD=<com.google.android.gms.analytics.internal.zzc: com.google.android.gms.analytics.internal.zzai zzlV()>
02-24 16:15:59.791  4888  4912 D TEST_LOG: METHOD=<com.google.android.gms.analytics.internal.zzf: com.google.android.gms.analytics.internal.zzai zzlV()>
02-24 16:15:59.792  4888  4908 D TEST_LOG: CLASS=org.acra.file.LastModifiedComparator
02-24 16:15:59.792  4888  4908 D TEST_LOG: METHOD=<org.acra.file.LastModifiedComparator: void <init>()>
02-24 16:15:59.792  4888  4908 D TEST_LOG: METHOD=<org.acra.util.ApplicationStartupProcessor: void sendApprovedReports()>
02-24 16:15:59.792  4888  4908 D TEST_LOG: METHOD=<org.acra.util.ApplicationStartupProcessor: boolean hasNonSilentApprovedReports()>
02-24 16:15:59.792  4888  4908 D TEST_LOG: CLASS=org.acra.file.CrashReportFileNameParser
02-24 16:15:59.794  4888  4908 D TEST_LOG: METHOD=<org.acra.file.CrashReportFileNameParser: void <init>()>
02-24 16:15:59.797  4888  4908 D TEST_LOG: METHOD=<org.acra.file.ReportLocator: java.io.File[] getApprovedReports()>
02-24 16:15:59.797  4888  4888 D TEST_LOG: METHOD=<android.support.v7.app.AppCompatDelegateImplV7$1: void run()>
02-24 16:15:59.797  4888  4888 D TEST_LOG: METHOD=<android.support.v7.app.AppCompatDelegateImplV7: int access$000(android.support.v7.app.AppCompatDelegateImplV7)>
02-24 16:15:59.797  4888  4888 D TEST_LOG: METHOD=<android.support.v7.app.AppCompatDelegateImplV7: void access$100(android.support.v7.app.AppCompatDelegateImplV7,int)>
02-24 16:15:59.797  4888  4888 D TEST_LOG: METHOD=<android.support.v7.app.AppCompatDelegateImplV7: void doInvalidatePanelMenu(int)>
02-24 16:15:59.797  4888  4888 D TEST_LOG: METHOD=<android.support.v7.app.AppCompatDelegateImplV7: boolean access$202(android.support.v7.app.AppCompatDelegateImplV7,boolean)>
02-24 16:15:59.797  4888  4888 D TEST_LOG: METHOD=<android.support.v7.app.AppCompatDelegateImplV7: int access$002(android.support.v7.app.AppCompatDelegateImplV7,int)>
02-24 16:15:59.797  4888  4888 D TEST_LOG: METHOD=<android.support.v7.app.ToolbarActionBar$1: void run()>
02-24 16:15:59.797  4888  4888 D TEST_LOG: METHOD=<android.support.v7.app.ToolbarActionBar: void populateOptionsMenu()>
02-24 16:15:59.797  4888  4888 D TEST_LOG: METHOD=<android.support.v7.app.ToolbarActionBar: android.view.Menu getMenu()>
02-24 16:15:59.798  4888  4888 D TEST_LOG: CLASS=android.support.v7.app.ToolbarActionBar$ActionMenuPresenterCallback
02-24 16:15:59.798  4888  4888 D TEST_LOG: METHOD=<android.support.v7.app.ToolbarActionBar$ActionMenuPresenterCallback: void <init>(android.support.v7.app.ToolbarActionBar,android.support.v7.app.ToolbarActionBar$1)>
02-24 16:15:59.798  4888  4888 D TEST_LOG: METHOD=<android.support.v7.app.ToolbarActionBar$ActionMenuPresenterCallback: void <init>(android.support.v7.app.ToolbarActionBar)>
02-24 16:15:59.798  4888  4888 D TEST_LOG: CLASS=android.support.v7.app.ToolbarActionBar$MenuBuilderCallback
02-24 16:15:59.798  4888  4888 D TEST_LOG: METHOD=<android.support.v7.app.ToolbarActionBar$MenuBuilderCallback: void <init>(android.support.v7.app.ToolbarActionBar,android.support.v7.app.ToolbarActionBar$1)>
02-24 16:15:59.798  4888  4888 D TEST_LOG: METHOD=<android.support.v7.app.ToolbarActionBar$MenuBuilderCallback: void <init>(android.support.v7.app.ToolbarActionBar)>
02-24 16:15:59.798  4888  4888 D TEST_LOG: METHOD=<android.support.v7.widget.ToolbarWidgetWrapper: void setMenuCallbacks(android.support.v7.view.menu.MenuPresenter$Callback,android.support.v7.view.menu.MenuBuilder$Callback)>
02-24 16:15:59.798  4888  4888 D TEST_LOG: METHOD=<android.support.v7.widget.Toolbar: void setMenuCallbacks(android.support.v7.view.menu.MenuPresenter$Callback,android.support.v7.view.menu.MenuBuilder$Callback)>
02-24 16:15:59.798  4888  4888 D TEST_LOG: METHOD=<android.support.v7.widget.ToolbarWidgetWrapper: android.view.Menu getMenu()>
02-24 16:15:59.798  4888  4888 D TEST_LOG: METHOD=<android.support.v7.widget.Toolbar: android.view.Menu getMenu()>
02-24 16:15:59.798  4888  4888 D TEST_LOG: METHOD=<android.support.v7.widget.Toolbar: void ensureMenu()>
02-24 16:15:59.798  4888  4888 D TEST_LOG: METHOD=<android.support.v7.widget.Toolbar: void ensureMenuView()>
02-24 16:15:59.798  4888  4888 D TEST_LOG: CLASS=android.support.v7.widget.ActionMenuView
02-24 16:15:59.798  4888  4888 D TEST_LOG: METHOD=<android.support.v7.widget.ActionMenuView: void <init>(android.content.Context)>
02-24 16:15:59.798  4888  4888 D TEST_LOG: METHOD=<android.support.v7.widget.ActionMenuView: void <init>(android.content.Context,android.util.AttributeSet)>
02-24 16:15:59.798  4888  4888 D TEST_LOG: CLASS=android.support.v7.widget.LinearLayoutCompat
02-24 16:15:59.798  4888  4888 D TEST_LOG: METHOD=<android.support.v7.widget.LinearLayoutCompat: void <init>(android.content.Context,android.util.AttributeSet)>
02-24 16:15:59.798  4888  4888 D TEST_LOG: METHOD=<android.support.v7.widget.LinearLayoutCompat: void <init>(android.content.Context,android.util.AttributeSet,int)>
02-24 16:15:59.799  4888  4888 D TEST_LOG: METHOD=<android.support.v7.widget.TintTypedArray: int getInt(int,int)>
02-24 16:15:59.799  4888  4888 D TEST_LOG: METHOD=<android.support.v7.widget.TintTypedArray: boolean getBoolean(int,boolean)>
02-24 16:15:59.799  4888  4888 D TEST_LOG: METHOD=<android.support.v7.widget.TintTypedArray: float getFloat(int,float)>
02-24 16:15:59.799  4888  4888 D TEST_LOG: METHOD=<android.support.v7.widget.LinearLayoutCompat: void setDividerDrawable(android.graphics.drawable.Drawable)>
02-24 16:15:59.799  4888  4888 D TEST_LOG: METHOD=<android.support.v7.widget.LinearLayoutCompat: void setBaselineAligned(boolean)>
02-24 16:15:59.799  4888  4888 D TEST_LOG: METHOD=<android.support.v7.widget.ActionMenuView: void setPopupTheme(int)>
02-24 16:15:59.799  4888  4888 D TEST_LOG: METHOD=<android.support.v7.widget.ActionMenuView: void setOnMenuItemClickListener(android.support.v7.widget.ActionMenuView$OnMenuItemClickListener)>
02-24 16:15:59.799  4888  4888 D TEST_LOG: METHOD=<android.support.v7.widget.ActionMenuView: void setMenuCallbacks(android.support.v7.view.menu.MenuPresenter$Callback,android.support.v7.view.menu.MenuBuilder$Callback)>
02-24 16:15:59.799  4888  4888 D TEST_LOG: METHOD=<android.support.v7.widget.ActionMenuView: android.support.v7.view.menu.MenuBuilder peekMenu()>
02-24 16:15:59.799  4888  4888 D TEST_LOG: METHOD=<android.support.v7.widget.ActionMenuView: android.view.Menu getMenu()>
02-24 16:15:59.799  4888  4888 D TEST_LOG: CLASS=android.support.v7.view.menu.MenuBuilder
02-24 16:15:59.799  4888  4888 D TEST_LOG: METHOD=<android.support.v7.view.menu.MenuBuilder: void <clinit>()>
02-24 16:15:59.799  4888  4888 D TEST_LOG: METHOD=<android.support.v7.view.menu.MenuBuilder: void <init>(android.content.Context)>
02-24 16:15:59.799  4888  4888 D TEST_LOG: METHOD=<android.support.v7.view.menu.MenuBuilder: void setShortcutsVisibleInner(boolean)>
02-24 16:15:59.799  4888  4888 D TEST_LOG: CLASS=android.support.v7.widget.ActionMenuView$MenuBuilderCallback
02-24 16:15:59.799  4888  4888 D TEST_LOG: METHOD=<android.support.v7.widget.ActionMenuView$MenuBuilderCallback: void <init>(android.support.v7.widget.ActionMenuView,android.support.v7.widget.ActionMenuView$1)>
02-24 16:15:59.799  4888  4888 D TEST_LOG: METHOD=<android.support.v7.widget.ActionMenuView$MenuBuilderCallback: void <init>(android.support.v7.widget.ActionMenuView)>
02-24 16:15:59.799  4888  4888 D TEST_LOG: METHOD=<android.support.v7.view.menu.MenuBuilder: void setCallback(android.support.v7.view.menu.MenuBuilder$Callback)>
02-24 16:15:59.799  4888  4888 D TEST_LOG: CLASS=android.support.v7.widget.ActionMenuPresenter
02-24 16:15:59.799  4888  4888 D TEST_LOG: METHOD=<android.support.v7.widget.ActionMenuPresenter: void <init>(android.content.Context)>
02-24 16:15:59.799  4888  4888 D TEST_LOG: CLASS=android.support.v7.view.menu.BaseMenuPresenter
02-24 16:15:59.799  4888  4888 D TEST_LOG: METHOD=<android.support.v7.view.menu.BaseMenuPresenter: void <init>(android.content.Context,int,int)>
02-24 16:15:59.799  4888  4888 D TEST_LOG: METHOD=<android.support.v7.view.ContextThemeWrapper: java.lang.Object getSystemService(java.lang.String)>
02-24 16:15:59.799  4888  4888 D TEST_LOG: CLASS=android.support.v7.widget.ActionMenuPresenter$PopupPresenterCallback
02-24 16:15:59.799  4888  4888 D TEST_LOG: METHOD=<android.support.v7.widget.ActionMenuPresenter$PopupPresenterCallback: void <init>(android.support.v7.widget.ActionMenuPresenter,android.support.v7.widget.ActionMenuPresenter$1)>
02-24 16:15:59.799  4888  4888 D TEST_LOG: METHOD=<android.support.v7.widget.ActionMenuPresenter$PopupPresenterCallback: void <init>(android.support.v7.widget.ActionMenuPresenter)>
02-24 16:15:59.799  4888  4888 D TEST_LOG: METHOD=<android.support.v7.widget.ActionMenuPresenter: void setReserveOverflow(boolean)>
02-24 16:15:59.799  4888  4888 D TEST_LOG: METHOD=<android.support.v7.view.menu.BaseMenuPresenter: void setCallback(android.support.v7.view.menu.MenuPresenter$Callback)>
02-24 16:15:59.799  4888  4888 D TEST_LOG: METHOD=<android.support.v7.view.menu.MenuBuilder: void addMenuPresenter(android.support.v7.view.menu.MenuPresenter,android.content.Context)>
02-24 16:15:59.799  4888  4888 D TEST_LOG: METHOD=<android.support.v7.widget.ActionMenuPresenter: void initForMenu(android.content.Context,android.support.v7.view.menu.MenuBuilder)>
02-24 16:15:59.799  4888  4888 D TEST_LOG: METHOD=<android.support.v7.view.menu.BaseMenuPresenter: void initForMenu(android.content.Context,android.support.v7.view.menu.MenuBuilder)>
02-24 16:15:59.799  4888  4888 D TEST_LOG: METHOD=<android.support.v7.view.ActionBarPolicy: android.support.v7.view.ActionBarPolicy get(android.content.Context)>
02-24 16:15:59.799  4888  4888 D TEST_LOG: CLASS=android.support.v7.view.ActionBarPolicy
02-24 16:15:59.799  4888  4888 D TEST_LOG: METHOD=<android.support.v7.view.ActionBarPolicy: void <init>(android.content.Context)>
02-24 16:15:59.799  4888  4888 D TEST_LOG: METHOD=<android.support.v7.view.ActionBarPolicy: int getEmbeddedMenuWidthLimit()>
02-24 16:15:59.799  4888  4888 D TEST_LOG: METHOD=<android.support.v7.view.ActionBarPolicy: int getMaxActionButtons()>
02-24 16:15:59.799  4888  4888 D TEST_LOG: CLASS=android.support.v7.widget.ActionMenuPresenter$OverflowMenuButton
02-24 16:15:59.799  4888  4888 D TEST_LOG: METHOD=<android.support.v7.widget.ActionMenuPresenter$OverflowMenuButton: void <init>(android.support.v7.widget.ActionMenuPresenter,android.content.Context)>
02-24 16:15:59.800  4888  4912 D TEST_LOG: METHOD=<com.google.android.gms.analytics.internal.zzai: long zzoh()>
02-24 16:15:59.801  4888  4888 D TEST_LOG: METHOD=<android.support.v7.widget.AppCompatImageView: void setBackgroundDrawable(android.graphics.drawable.Drawable)>
02-24 16:15:59.801  4888  4888 D TEST_LOG: CLASS=android.support.v7.widget.ActionMenuPresenter$OverflowMenuButton$1
02-24 16:15:59.801  4888  4888 D TEST_LOG: METHOD=<android.support.v7.widget.ActionMenuPresenter$OverflowMenuButton$1: void <init>(android.support.v7.widget.ActionMenuPresenter$OverflowMenuButton,android.view.View,android.support.v7.widget.ActionMenuPresenter)>
02-24 16:15:59.802  4888  4888 D TEST_LOG: CLASS=android.support.v7.widget.ListPopupWindow$ForwardingListener
02-24 16:15:59.802  4888  4888 D TEST_LOG: METHOD=<android.support.v7.widget.ListPopupWindow$ForwardingListener: void <init>(android.view.View)>
02-24 16:15:59.802  4888  4888 D TEST_LOG: METHOD=<android.support.v7.widget.ActionMenuPresenter: void setMenuView(android.support.v7.widget.ActionMenuView)>
02-24 16:15:59.802  4888  4888 D TEST_LOG: METHOD=<android.support.v7.widget.ActionMenuView: void initialize(android.support.v7.view.menu.MenuBuilder)>
02-24 16:15:59.802  4888  4888 D TEST_LOG: CLASS=android.support.v7.widget.Toolbar$ExpandedActionViewMenuPresenter
02-24 16:15:59.802  4888  4888 D TEST_LOG: METHOD=<android.support.v7.widget.Toolbar$ExpandedActionViewMenuPresenter: void <init>(android.support.v7.widget.Toolbar,android.support.v7.widget.Toolbar$1)>
02-24 16:15:59.802  4888  4888 D TEST_LOG: METHOD=<android.support.v7.widget.Toolbar$ExpandedActionViewMenuPresenter: void <init>(android.support.v7.widget.Toolbar)>
02-24 16:15:59.802  4888  4888 D TEST_LOG: METHOD=<android.support.v7.widget.ActionMenuView: void setExpandedActionViewsExclusive(boolean)>
02-24 16:15:59.802  4888  4888 D TEST_LOG: METHOD=<android.support.v7.widget.ActionMenuPresenter: void setExpandedActionViewsExclusive(boolean)>
02-24 16:15:59.802  4888  4888 D TEST_LOG: METHOD=<android.support.v7.widget.Toolbar$ExpandedActionViewMenuPresenter: void initForMenu(android.content.Context,android.support.v7.view.menu.MenuBuilder)>
02-24 16:15:59.802  4888  4888 D TEST_LOG: METHOD=<android.support.v7.view.menu.MenuBuilder: void stopDispatchingItemsChanged()>
02-24 16:15:59.802  4888  4888 D TEST_LOG: METHOD=<android.support.v7.view.menu.MenuBuilder: void clear()>
02-24 16:15:59.802  4888  4888 D TEST_LOG: METHOD=<android.support.v7.view.menu.MenuBuilder: void onItemsChanged(boolean)>
02-24 16:15:59.802  4888  4888 D TEST_LOG: METHOD=<android.support.v7.view.WindowCallbackWrapper: boolean onCreatePanelMenu(int,android.view.Menu)>
02-24 16:15:59.802  4888  4888 D TEST_LOG: METHOD=<android.support.v7.app.AppCompatDelegateImplBase$AppCompatWindowCallbackBase: boolean onCreatePanelMenu(int,android.view.Menu)>
02-24 16:15:59.802  4888  4888 D TEST_LOG: METHOD=<android.support.v4.app.FragmentActivity: boolean onCreatePanelMenu(int,android.view.Menu)>
02-24 16:15:59.802  4888  4888 D TEST_LOG: METHOD=<it.feio.android.omninotes.BaseActivity: boolean onCreateOptionsMenu(android.view.Menu)>
02-24 16:15:59.802  4888  4888 D TEST_LOG: METHOD=<android.support.v7.app.AppCompatActivity: android.view.MenuInflater getMenuInflater()>
02-24 16:15:59.802  4888  4888 D TEST_LOG: METHOD=<android.support.v7.app.AppCompatDelegateImplBase: android.view.MenuInflater getMenuInflater()>
02-24 16:15:59.803  4888  4912 D TEST_LOG: METHOD=<com.google.android.gms.analytics.internal.zzl: boolean zzbN(java.lang.String)>
02-24 16:15:59.804  4888  4888 D TEST_LOG: CLASS=android.support.v7.view.SupportMenuInflater
02-24 16:15:59.804  4888  4888 D TEST_LOG: METHOD=<android.support.v7.view.SupportMenuInflater: void <clinit>()>
02-24 16:15:59.804  4888  4888 D TEST_LOG: METHOD=<android.support.v7.app.ToolbarActionBar: android.content.Context getThemedContext()>
02-24 16:15:59.804  4888  4888 D TEST_LOG: METHOD=<android.support.v7.view.SupportMenuInflater: void <init>(android.content.Context)>
02-24 16:15:59.804  4888  4888 D TEST_LOG: METHOD=<android.support.v7.view.SupportMenuInflater: void inflate(int,android.view.Menu)>
02-24 16:15:59.804  4888  4888 D TEST_LOG: METHOD=<android.support.v7.view.SupportMenuInflater: void parseMenu(org.xmlpull.v1.XmlPullParser,android.util.AttributeSet,android.view.Menu)>
02-24 16:15:59.804  4888  4888 D TEST_LOG: CLASS=android.support.v7.view.SupportMenuInflater$MenuState
02-24 16:15:59.804  4888  4888 D TEST_LOG: METHOD=<android.support.v7.view.SupportMenuInflater$MenuState: void <init>(android.support.v7.view.SupportMenuInflater,android.view.Menu)>
02-24 16:15:59.804  4888  4888 D TEST_LOG: METHOD=<android.support.v7.view.SupportMenuInflater$MenuState: void resetGroup()>
02-24 16:15:59.804  4888  4888 D TEST_LOG: METHOD=<android.support.v7.view.SupportMenuInflater$MenuState: void readItem(android.util.AttributeSet)>
02-24 16:15:59.804  4888  4888 D TEST_LOG: METHOD=<android.support.v7.view.SupportMenuInflater: android.content.Context access$100(android.support.v7.view.SupportMenuInflater)>
02-24 16:15:59.804  4888  4888 D TEST_LOG: METHOD=<android.support.v7.view.SupportMenuInflater$MenuState: char getShortcut(java.lang.String)>
02-24 16:15:59.804  4888  4888 D TEST_LOG: METHOD=<android.support.v7.view.SupportMenuInflater$MenuState: boolean hasAddedItem()>
02-24 16:15:59.804  4888  4888 D TEST_LOG: METHOD=<android.support.v7.view.SupportMenuInflater$MenuState: android.support.v4.view.ActionProvider access$000(android.support.v7.view.SupportMenuInflater$MenuState)>
02-24 16:15:59.804  4888  4888 D TEST_LOG: METHOD=<android.support.v7.view.SupportMenuInflater$MenuState: void addItem()>
02-24 16:15:59.804  4888  4888 D TEST_LOG: METHOD=<android.support.v7.view.menu.MenuBuilder: android.view.MenuItem add(int,int,int,java.lang.CharSequence)>
02-24 16:15:59.804  4888  4888 D TEST_LOG: METHOD=<android.support.v7.view.menu.MenuBuilder: android.view.MenuItem addInternal(int,int,int,java.lang.CharSequence)>
02-24 16:15:59.804  4888  4888 D TEST_LOG: METHOD=<android.support.v7.view.menu.MenuBuilder: int getOrdering(int)>
02-24 16:15:59.804  4888  4888 D TEST_LOG: METHOD=<android.support.v7.view.menu.MenuBuilder: android.support.v7.view.menu.MenuItemImpl createNewMenuItem(int,int,int,int,java.lang.CharSequence,int)>
02-24 16:15:59.804  4888  4888 D TEST_LOG: CLASS=android.support.v7.view.menu.MenuItemImpl
02-24 16:15:59.804  4888  4888 D TEST_LOG: METHOD=<android.support.v7.view.menu.MenuItemImpl: void <init>(android.support.v7.view.menu.MenuBuilder,int,int,int,int,java.lang.CharSequence,int)>
02-24 16:15:59.804  4888  4888 D TEST_LOG: METHOD=<android.support.v7.view.menu.MenuBuilder: int findInsertIndex(java.util.ArrayList,int)>
02-24 16:15:59.804  4888  4888 D TEST_LOG: METHOD=<android.support.v7.view.SupportMenuInflater$MenuState: void setItem(android.view.MenuItem)>
02-24 16:15:59.804  4888  4888 D TEST_LOG: METHOD=<android.support.v7.view.menu.MenuItemImpl: android.view.MenuItem setChecked(boolean)>
02-24 16:15:59.804  4888  4888 D TEST_LOG: METHOD=<android.support.v7.view.menu.MenuItemImpl: void setCheckedInt(boolean)>
02-24 16:15:59.804  4888  4888 D TEST_LOG: METHOD=<android.support.v7.view.menu.MenuItemImpl: android.view.MenuItem setVisible(boolean)>
02-24 16:15:59.804  4888  4888 D TEST_LOG: METHOD=<android.support.v7.view.menu.MenuItemImpl: boolean setVisibleInt(boolean)>
02-24 16:15:59.804  4888  4888 D TEST_LOG: METHOD=<android.support.v7.view.menu.MenuBuilder: void onItemVisibleChanged(android.support.v7.view.menu.MenuItemImpl)>
02-24 16:15:59.804  4888  4888 D TEST_LOG: METHOD=<android.support.v7.view.menu.MenuItemImpl: android.view.MenuItem setEnabled(boolean)>
02-24 16:15:59.804  4888  4888 D TEST_LOG: METHOD=<android.support.v7.view.menu.MenuItemImpl: android.view.MenuItem setCheckable(boolean)>
02-24 16:15:59.804  4888  4888 D TEST_LOG: METHOD=<android.support.v7.view.menu.MenuItemImpl: android.view.MenuItem setTitleCondensed(java.lang.CharSequence)>
02-24 16:15:59.804  4888  4888 D TEST_LOG: METHOD=<android.support.v7.view.menu.MenuItemImpl: android.view.MenuItem setIcon(int)>
02-24 16:15:59.804  4888  4888 D TEST_LOG: METHOD=<android.support.v7.view.menu.MenuItemImpl: android.view.MenuItem setAlphabeticShortcut(char)>
02-24 16:15:59.804  4888  4888 D TEST_LOG: METHOD=<android.support.v7.view.menu.MenuItemImpl: android.view.MenuItem setNumericShortcut(char)>
02-24 16:15:59.804  4888  4888 D TEST_LOG: CLASS=android.support.v4.view.MenuItemCompat
02-24 16:15:59.804  4888  4888 D TEST_LOG: METHOD=<android.support.v4.view.MenuItemCompat: void <clinit>()>
02-24 16:15:59.804  4888  4888 D TEST_LOG: CLASS=android.support.v4.view.MenuItemCompat$IcsMenuVersionImpl
02-24 16:15:59.804  4888  4888 D TEST_LOG: METHOD=<android.support.v4.view.MenuItemCompat$IcsMenuVersionImpl: void <init>()>
02-24 16:15:59.804  4888  4888 D TEST_LOG: CLASS=android.support.v4.view.MenuItemCompat$HoneycombMenuVersionImpl
02-24 16:15:59.804  4888  4888 D TEST_LOG: METHOD=<android.support.v4.view.MenuItemCompat$HoneycombMenuVersionImpl: void <init>()>
02-24 16:15:59.804  4888  4888 D TEST_LOG: METHOD=<android.support.v4.view.MenuItemCompat: void setShowAsAction(android.view.MenuItem,int)>
02-24 16:15:59.804  4888  4888 D TEST_LOG: METHOD=<android.support.v7.view.menu.MenuItemImpl: void setShowAsAction(int)>
02-24 16:15:59.804  4888  4888 D TEST_LOG: METHOD=<android.support.v7.view.menu.MenuBuilder: void onItemActionRequestChanged(android.support.v7.view.menu.MenuItemImpl)>
02-24 16:15:59.804  4888  4888 D TEST_LOG: METHOD=<android.support.v7.view.SupportMenuInflater: java.lang.Class[] access$500()>
02-24 16:15:59.804  4888  4888 D TEST_LOG: METHOD=<android.support.v7.view.SupportMenuInflater: java.lang.Object[] access$600(android.support.v7.view.SupportMenuInflater)>
02-24 16:15:59.804  4888  4888 D TEST_LOG: METHOD=<android.support.v7.view.SupportMenuInflater$MenuState: java.lang.Object newInstance(java.lang.String,java.lang.Class[],java.lang.Object[])>
02-24 16:15:59.805  4888  4908 D TEST_LOG: METHOD=<org.acra.file.ReportLocator: java.io.File getApprovedFolder()>
02-24 16:15:59.812  4888  4888 D TEST_LOG: CLASS=android.support.v7.widget.SearchView
02-24 16:15:59.812  4888  4888 D TEST_LOG: METHOD=<android.support.v7.widget.SearchView: void <clinit>()>
02-24 16:15:59.812  4888  4888 D TEST_LOG: CLASS=android.support.v7.widget.SearchView$AutoCompleteTextViewReflector
02-24 16:15:59.812  4888  4888 D TEST_LOG: METHOD=<android.support.v7.widget.SearchView$AutoCompleteTextViewReflector: void <init>()>
02-24 16:15:59.812  4888  4888 D TEST_LOG: METHOD=<android.support.v7.widget.SearchView: void <init>(android.content.Context)>
02-24 16:15:59.812  4888  4888 D TEST_LOG: METHOD=<android.support.v7.widget.SearchView: void <init>(android.content.Context,android.util.AttributeSet)>
02-24 16:15:59.812  4888  4888 D TEST_LOG: METHOD=<android.support.v7.widget.SearchView: void <init>(android.content.Context,android.util.AttributeSet,int)>
02-24 16:15:59.813  4888  4888 D TEST_LOG: CLASS=android.support.v7.widget.SearchView$1
02-24 16:15:59.813  4888  4888 D TEST_LOG: METHOD=<android.support.v7.widget.SearchView$1: void <init>(android.support.v7.widget.SearchView)>
02-24 16:15:59.813  4888  4888 D TEST_LOG: CLASS=android.support.v7.widget.SearchView$2
02-24 16:15:59.813  4888  4888 D TEST_LOG: METHOD=<android.support.v7.widget.SearchView$2: void <init>(android.support.v7.widget.SearchView)>
02-24 16:15:59.813  4888  4888 D TEST_LOG: CLASS=android.support.v7.widget.SearchView$3
02-24 16:15:59.813  4888  4888 D TEST_LOG: METHOD=<android.support.v7.widget.SearchView$3: void <init>(android.support.v7.widget.SearchView)>
02-24 16:15:59.813  4888  4888 D TEST_LOG: CLASS=android.support.v7.widget.SearchView$7
02-24 16:15:59.813  4888  4888 D TEST_LOG: METHOD=<android.support.v7.widget.SearchView$7: void <init>(android.support.v7.widget.SearchView)>
02-24 16:15:59.813  4888  4888 D TEST_LOG: CLASS=android.support.v7.widget.SearchView$8
02-24 16:15:59.813  4888  4888 D TEST_LOG: METHOD=<android.support.v7.widget.SearchView$8: void <init>(android.support.v7.widget.SearchView)>
02-24 16:15:59.813  4888  4888 D TEST_LOG: CLASS=android.support.v7.widget.SearchView$9
02-24 16:15:59.813  4888  4888 D TEST_LOG: METHOD=<android.support.v7.widget.SearchView$9: void <init>(android.support.v7.widget.SearchView)>
02-24 16:15:59.814  4888  4888 D TEST_LOG: CLASS=android.support.v7.widget.SearchView$10
02-24 16:15:59.814  4888  4888 D TEST_LOG: METHOD=<android.support.v7.widget.SearchView$10: void <init>(android.support.v7.widget.SearchView)>
02-24 16:15:59.814  4888  4888 D TEST_LOG: CLASS=android.support.v7.widget.SearchView$11
02-24 16:15:59.814  4888  4888 D TEST_LOG: METHOD=<android.support.v7.widget.SearchView$11: void <init>(android.support.v7.widget.SearchView)>
02-24 16:15:59.814  4888  4888 D TEST_LOG: CLASS=android.support.v7.widget.SearchView$12
