02-24 11:36:57.633  9264  9264 D TEST_LOG: METHOD=<org.schabi.newpipe.fragments.list.BaseListInfoFragment$$Icepick: void restore(java.lang.Object,android.os.Bundle)>
02-24 11:36:57.633  9264  9264 D TEST_LOG: METHOD=<org.schabi.newpipe.fragments.list.BaseListInfoFragment$$Icepick: void restore(org.schabi.newpipe.fragments.list.BaseListInfoFragment,android.os.Bundle)>
02-24 11:36:57.633  9264  9264 D TEST_LOG: METHOD=<org.schabi.newpipe.fragments.list.comments.CommentsFragment: android.view.View onCreateView(android.view.LayoutInflater,android.view.ViewGroup,android.os.Bundle)>
02-24 11:36:57.635  9264  9264 D TEST_LOG: METHOD=<org.schabi.newpipe.fragments.list.comments.CommentsFragment: void initViews(android.view.View,android.os.Bundle)>
02-24 11:36:57.635  9264  9264 D TEST_LOG: METHOD=<org.schabi.newpipe.fragments.list.comments.CommentsFragment: org.schabi.newpipe.info_list.ItemViewMode getItemViewMode()>
02-24 11:36:57.635  9264  9264 D TEST_LOG: METHOD=<org.schabi.newpipe.fragments.list.comments.CommentsFragment: void setTitle(java.lang.String)>
02-24 11:36:57.635  9264  9264 D TEST_LOG: METHOD=<org.schabi.newpipe.fragments.list.comments.CommentsFragment: io.reactivex.rxjava3.core.Single loadResult(boolean)>
02-24 11:36:57.635  9264  9264 D TEST_LOG: METHOD=<org.schabi.newpipe.util.ExtractorHelper: io.reactivex.rxjava3.core.Single getCommentsInfo(int,java.lang.String,boolean)>
02-24 11:36:57.635  9264  9264 D TEST_LOG: CLASS=org.schabi.newpipe.util.ExtractorHelper$$ExternalSyntheticLambda4
02-24 11:36:57.635  9264  9264 D TEST_LOG: METHOD=<org.schabi.newpipe.util.ExtractorHelper$$ExternalSyntheticLambda4: void <init>(int,java.lang.String)>
02-24 11:36:57.635  9264  9264 D TEST_LOG: METHOD=<org.schabi.newpipe.fragments.EmptyFragment: android.view.View onCreateView(android.view.LayoutInflater,android.view.ViewGroup,android.os.Bundle)>
02-24 11:36:57.635  9264  9304 D TEST_LOG: METHOD=<org.schabi.newpipe.util.ExtractorHelper$$ExternalSyntheticLambda3: java.lang.Object call()>
02-24 11:36:57.635  9264  9304 D TEST_LOG: METHOD=<org.schabi.newpipe.util.ExtractorHelper: org.schabi.newpipe.extractor.stream.StreamInfo $r8$lambda$YTHJjScxCJNO1LTCqs3IKy35iyY(int,java.lang.String)>
02-24 11:36:57.635  9264  9304 D TEST_LOG: METHOD=<org.schabi.newpipe.util.ExtractorHelper: org.schabi.newpipe.extractor.stream.StreamInfo lambda$getStreamInfo$3(int,java.lang.String)>
02-24 11:36:57.635  9264  9304 D TEST_LOG: METHOD=<org.schabi.newpipe.extractor.stream.StreamInfo: org.schabi.newpipe.extractor.stream.StreamInfo getInfo(org.schabi.newpipe.extractor.StreamingService,java.lang.String)>
02-24 11:36:57.636  9264  9304 D TEST_LOG: METHOD=<org.schabi.newpipe.extractor.StreamingService: org.schabi.newpipe.extractor.stream.StreamExtractor getStreamExtractor(java.lang.String)>
02-24 11:36:57.636  9264  9304 D TEST_LOG: METHOD=<org.schabi.newpipe.extractor.linkhandler.LinkHandlerFactory: org.schabi.newpipe.extractor.linkhandler.LinkHandler fromUrl(java.lang.String)>
02-24 11:36:57.636  9264  9304 D TEST_LOG: METHOD=<org.schabi.newpipe.extractor.utils.Utils: java.lang.String getQueryValue(java.net.URL,java.lang.String)>
02-24 11:36:57.636  9264  9304 D TEST_LOG: METHOD=<org.schabi.newpipe.extractor.utils.Utils: java.lang.String decodeUrlUtf8(java.lang.String)>
02-24 11:36:57.637  9264  9304 D TEST_LOG: METHOD=<org.schabi.newpipe.extractor.services.youtube.linkHandler.YoutubeStreamLinkHandlerFactory: java.lang.String getIdFromSubpathsInPath(java.lang.String)>
02-24 11:36:57.637  9264  9304 D TEST_LOG: METHOD=<org.schabi.newpipe.extractor.services.youtube.linkHandler.YoutubeStreamLinkHandlerFactory: java.lang.String assertIsId(java.lang.String)>
02-24 11:36:57.637  9264  9304 D TEST_LOG: METHOD=<org.schabi.newpipe.extractor.services.youtube.linkHandler.YoutubeStreamLinkHandlerFactory: java.lang.String extractId(java.lang.String)>
02-24 11:36:57.637  9264  9304 D TEST_LOG: METHOD=<org.schabi.newpipe.extractor.linkhandler.LinkHandlerFactory: java.lang.String getUrl(java.lang.String,java.lang.String)>
02-24 11:36:57.637  9264  9304 D TEST_LOG: METHOD=<org.schabi.newpipe.extractor.services.youtube.YoutubeService: org.schabi.newpipe.extractor.stream.StreamExtractor getStreamExtractor(org.schabi.newpipe.extractor.linkhandler.LinkHandler)>
02-24 11:36:57.638  9264  9264 D TEST_LOG: METHOD=<org.schabi.newpipe.fragments.detail.VideoDetailFragment$$ExternalSyntheticLambda10: void onOffsetChanged(com.google.android.material.appbar.AppBarLayout,int)>
02-24 11:36:57.638  9264  9264 D TEST_LOG: METHOD=<org.schabi.newpipe.fragments.detail.VideoDetailFragment: void $r8$lambda$hlsp2rbi8kkb7WfwNC4OzcG13jw(org.schabi.newpipe.fragments.detail.VideoDetailFragment,com.google.android.material.appbar.AppBarLayout,int)>
02-24 11:36:57.638  9264  9264 D TEST_LOG: METHOD=<org.schabi.newpipe.fragments.detail.VideoDetailFragment: void lambda$initListeners$29(com.google.android.material.appbar.AppBarLayout,int)>
02-24 11:36:57.641  9264  9264 D TEST_LOG: METHOD=<org.schabi.newpipe.fragments.detail.VideoDetailFragment$4: void onStateChanged(android.view.View,int)>
02-24 11:36:57.641  9264  9264 D TEST_LOG: METHOD=<org.schabi.newpipe.fragments.detail.VideoDetailFragment: void '-$$Nest$mupdateBottomSheetState'(org.schabi.newpipe.fragments.detail.VideoDetailFragment,int)>
02-24 11:36:57.641  9264  9264 D TEST_LOG: METHOD=<org.schabi.newpipe.fragments.detail.VideoDetailFragment: boolean '-$$Nest$misFullscreen'(org.schabi.newpipe.fragments.detail.VideoDetailFragment)>
02-24 11:36:57.641  9264  9264 D TEST_LOG: METHOD=<org.schabi.newpipe.fragments.detail.VideoDetailFragment$$ExternalSyntheticLambda6: void run()>
02-24 11:36:57.641  9264  9264 D TEST_LOG: METHOD=<org.schabi.newpipe.fragments.detail.VideoDetailFragment: void $r8$lambda$cjn-JdLW6wTDiBTmiEuWxq0YFEU(org.schabi.newpipe.fragments.detail.VideoDetailFragment)>
02-24 11:36:57.641  9264  9264 D TEST_LOG: METHOD=<org.schabi.newpipe.fragments.detail.VideoDetailFragment: void lambda$updateTabLayoutVisibility$34()>
02-24 11:36:57.641  9264  9264 D TEST_LOG: METHOD=<org.schabi.newpipe.util.DeviceUtils: int getWindowHeight(android.view.WindowManager)>
02-24 11:36:57.641  9264  9264 D TEST_LOG: METHOD=<org.schabi.newpipe.player.ui.PopupPlayerUi$$ExternalSyntheticApiModelOutline0: android.view.WindowMetrics m(android.view.WindowManager)>
02-24 11:36:57.641  9264  9264 D TEST_LOG: METHOD=<org.schabi.newpipe.player.ui.PopupPlayerUi$$ExternalSyntheticApiModelOutline2: android.view.WindowInsets m(android.view.WindowMetrics)>
02-24 11:36:57.641  9264  9264 D TEST_LOG: METHOD=<org.schabi.newpipe.player.ui.PopupPlayerUi$$ExternalSyntheticApiModelOutline3: android.graphics.Insets m(android.view.WindowInsets,int)>
02-24 11:36:57.641  9264  9264 D TEST_LOG: METHOD=<org.schabi.newpipe.player.ui.PopupPlayerUi$$ExternalSyntheticApiModelOutline1: android.graphics.Rect m(android.view.WindowMetrics)>
02-24 11:36:57.642  9264  9264 D TEST_LOG: BROADCASTRECEIVER=org.schabi.newpipe.fragments.detail.VideoDetailFragment$3
02-24 11:36:57.642  9264  9264 D TEST_LOG: METHOD=<org.schabi.newpipe.fragments.detail.VideoDetailFragment$3: void onReceive(android.content.Context,android.content.Intent)>
02-24 11:36:57.642  9264  9264 D TEST_LOG: METHOD=<org.schabi.newpipe.fragments.detail.VideoDetailFragment: com.google.android.material.bottomsheet.BottomSheetBehavior '-$$Nest$fgetbottomSheetBehavior'(org.schabi.newpipe.fragments.detail.VideoDetailFragment)>
02-24 11:36:57.642  9264  9313 D TEST_LOG: METHOD=<org.schabi.newpipe.util.ExtractorHelper$$ExternalSyntheticLambda4: java.lang.Object call()>
02-24 11:36:57.642  9264  9313 D TEST_LOG: METHOD=<org.schabi.newpipe.util.ExtractorHelper: org.schabi.newpipe.extractor.comments.CommentsInfo $r8$lambda$60N_-UL7E5eaxFaFO1bZZmnfwM8(int,java.lang.String)>
02-24 11:36:57.642  9264  9313 D TEST_LOG: METHOD=<org.schabi.newpipe.util.ExtractorHelper: org.schabi.newpipe.extractor.comments.CommentsInfo lambda$getCommentsInfo$7(int,java.lang.String)>
02-24 11:36:57.642  9264  9313 D TEST_LOG: METHOD=<org.schabi.newpipe.extractor.comments.CommentsInfo: org.schabi.newpipe.extractor.comments.CommentsInfo getInfo(org.schabi.newpipe.extractor.StreamingService,java.lang.String)>
02-24 11:36:57.643  9264  9313 D TEST_LOG: METHOD=<org.schabi.newpipe.extractor.StreamingService: org.schabi.newpipe.extractor.comments.CommentsExtractor getCommentsExtractor(java.lang.String)>
02-24 11:36:57.643  9264  9313 D TEST_LOG: METHOD=<org.schabi.newpipe.extractor.services.youtube.YoutubeService: org.schabi.newpipe.extractor.linkhandler.ListLinkHandlerFactory getCommentsLHFactory()>
02-24 11:36:57.643  9264  9313 D TEST_LOG: CLASS=org.schabi.newpipe.extractor.services.youtube.linkHandler.YoutubeCommentsLinkHandlerFactory
02-24 11:36:57.643  9264  9313 D TEST_LOG: METHOD=<org.schabi.newpipe.extractor.services.youtube.linkHandler.YoutubeCommentsLinkHandlerFactory: void <clinit>()>
02-24 11:36:57.643  9264  9313 D TEST_LOG: METHOD=<org.schabi.newpipe.extractor.services.youtube.linkHandler.YoutubeCommentsLinkHandlerFactory: void <init>()>
02-24 11:36:57.643  9264  9313 D TEST_LOG: METHOD=<org.schabi.newpipe.extractor.services.youtube.linkHandler.YoutubeCommentsLinkHandlerFactory: org.schabi.newpipe.extractor.services.youtube.linkHandler.YoutubeCommentsLinkHandlerFactory getInstance()>
02-24 11:36:57.643  9264  9313 D TEST_LOG: METHOD=<org.schabi.newpipe.extractor.services.youtube.linkHandler.YoutubeCommentsLinkHandlerFactory: boolean onAcceptUrl(java.lang.String)>
02-24 11:36:57.643  9264  9313 D TEST_LOG: METHOD=<org.schabi.newpipe.extractor.services.youtube.linkHandler.YoutubeCommentsLinkHandlerFactory: java.lang.String getId(java.lang.String)>
02-24 11:36:57.643  9264  9313 D TEST_LOG: METHOD=<org.schabi.newpipe.extractor.services.youtube.linkHandler.YoutubeCommentsLinkHandlerFactory: java.lang.String getUrl(java.lang.String,java.util.List,java.lang.String)>
02-24 11:36:57.643  9264  9313 D TEST_LOG: METHOD=<org.schabi.newpipe.extractor.services.youtube.linkHandler.YoutubeCommentsLinkHandlerFactory: java.lang.String getUrl(java.lang.String)>
02-24 11:36:57.643  9264  9313 D TEST_LOG: METHOD=<org.schabi.newpipe.extractor.services.youtube.YoutubeService: org.schabi.newpipe.extractor.comments.CommentsExtractor getCommentsExtractor(org.schabi.newpipe.extractor.linkhandler.ListLinkHandler)>
02-24 11:36:57.643  9264  9313 D TEST_LOG: CLASS=org.schabi.newpipe.extractor.services.youtube.extractors.YoutubeCommentsExtractor
02-24 11:36:57.643  9264  9313 D TEST_LOG: METHOD=<org.schabi.newpipe.extractor.services.youtube.extractors.YoutubeCommentsExtractor: void <init>(org.schabi.newpipe.extractor.StreamingService,org.schabi.newpipe.extractor.linkhandler.ListLinkHandler)>
02-24 11:36:57.643  9264  9313 D TEST_LOG: CLASS=org.schabi.newpipe.extractor.comments.CommentsExtractor
02-24 11:36:57.643  9264  9313 D TEST_LOG: METHOD=<org.schabi.newpipe.extractor.comments.CommentsExtractor: void <init>(org.schabi.newpipe.extractor.StreamingService,org.schabi.newpipe.extractor.linkhandler.ListLinkHandler)>
02-24 11:36:57.643  9264  9313 D TEST_LOG: METHOD=<org.schabi.newpipe.extractor.comments.CommentsInfo: org.schabi.newpipe.extractor.comments.CommentsInfo getInfo(org.schabi.newpipe.extractor.comments.CommentsExtractor)>
02-24 11:36:57.643  9264  9313 D TEST_LOG: METHOD=<org.schabi.newpipe.extractor.services.youtube.extractors.YoutubeCommentsExtractor: void onFetchPage(org.schabi.newpipe.extractor.downloader.Downloader)>
02-24 11:36:57.643  9264  9313 D TEST_LOG: METHOD=<org.schabi.newpipe.extractor.Extractor: java.lang.String getId()>
02-24 11:36:57.643  9264  9264 D TEST_LOG: METHOD=<org.schabi.newpipe.fragments.list.comments.CommentsFragment: void onCreateOptionsMenu(android.view.Menu,android.view.MenuInflater)>
02-24 11:36:57.646  9264  9304 D TEST_LOG: CLASS=org.schabi.newpipe.extractor.services.youtube.extractors.YoutubeStreamExtractor
02-24 11:36:57.646  9264  9304 D TEST_LOG: METHOD=<org.schabi.newpipe.extractor.services.youtube.extractors.YoutubeStreamExtractor: void <clinit>()>
02-24 11:36:57.646  9264  9304 D TEST_LOG: METHOD=<org.schabi.newpipe.extractor.services.youtube.extractors.YoutubeStreamExtractor: void <init>(org.schabi.newpipe.extractor.StreamingService,org.schabi.newpipe.extractor.linkhandler.LinkHandler)>
02-24 11:36:57.646  9264  9304 D TEST_LOG: CLASS=org.schabi.newpipe.extractor.stream.StreamExtractor
02-24 11:36:57.646  9264  9304 D TEST_LOG: METHOD=<org.schabi.newpipe.extractor.stream.StreamExtractor: void <init>(org.schabi.newpipe.extractor.StreamingService,org.schabi.newpipe.extractor.linkhandler.LinkHandler)>
02-24 11:36:57.646  9264  9304 D TEST_LOG: METHOD=<org.schabi.newpipe.extractor.stream.StreamInfo: org.schabi.newpipe.extractor.stream.StreamInfo getInfo(org.schabi.newpipe.extractor.stream.StreamExtractor)>
02-24 11:36:57.646  9264  9304 D TEST_LOG: METHOD=<org.schabi.newpipe.extractor.services.youtube.extractors.YoutubeStreamExtractor: void onFetchPage(org.schabi.newpipe.extractor.downloader.Downloader)>
02-24 11:36:57.646  9264  9304 D TEST_LOG: METHOD=<org.schabi.newpipe.extractor.services.youtube.extractors.YoutubeStreamExtractor: void initStsFromPlayerJsIfNeeded()>
02-24 11:36:57.646  9264  9304 D TEST_LOG: METHOD=<org.schabi.newpipe.extractor.services.youtube.extractors.YoutubeStreamExtractor: void storePlayerJs()>
02-24 11:36:57.646  9264  9304 D TEST_LOG: METHOD=<org.schabi.newpipe.extractor.services.youtube.YoutubeJavaScriptExtractor: java.lang.String extractJavaScriptCode()>
02-24 11:36:57.646  9264  9304 D TEST_LOG: METHOD=<org.schabi.newpipe.extractor.services.youtube.YoutubeJavaScriptExtractor: java.lang.String extractJavaScriptCode(java.lang.String)>
02-24 11:36:57.646  9264  9304 D TEST_LOG: METHOD=<org.schabi.newpipe.extractor.services.youtube.YoutubeJavaScriptExtractor: java.lang.String extractJavaScriptUrl()>
02-24 11:36:57.646  9264  9304 D TEST_LOG: METHOD=<org.schabi.newpipe.extractor.downloader.Downloader: org.schabi.newpipe.extractor.downloader.Response get(java.lang.String,org.schabi.newpipe.extractor.localization.Localization)>
02-24 11:36:57.658  9264  9264 D TEST_LOG: METHOD=<org.schabi.newpipe.fragments.detail.VideoDetailFragment$4: void onSlide(android.view.View,float)>
02-24 11:36:57.658  9264  9264 D TEST_LOG: METHOD=<org.schabi.newpipe.fragments.detail.VideoDetailFragment: org.schabi.newpipe.databinding.FragmentVideoDetailBinding '-$$Nest$fgetbinding'(org.schabi.newpipe.fragments.detail.VideoDetailFragment)>
02-24 11:36:57.658  9264  9264 D TEST_LOG: METHOD=<org.schabi.newpipe.fragments.detail.VideoDetailFragment: void '-$$Nest$msetOverlayLook'(org.schabi.newpipe.fragments.detail.VideoDetailFragment,com.google.android.material.appbar.AppBarLayout,com.google.android.material.appbar.AppBarLayout$Behavior,float)>
02-24 11:36:57.658  9264  9264 D TEST_LOG: METHOD=<org.schabi.newpipe.fragments.detail.VideoDetailFragment: void setOverlayLook(com.google.android.material.appbar.AppBarLayout,com.google.android.material.appbar.AppBarLayout$Behavior,float)>
02-24 11:36:57.672  9264  9272 D TEST_LOG: METHOD=<org.schabi.newpipe.database.playlist.dao.PlaylistStreamDAO_Impl$10: void finalize()>
02-24 11:36:57.672  9264  9272 D TEST_LOG: METHOD=<org.schabi.newpipe.database.playlist.dao.PlaylistRemoteDAO_Impl$6: void finalize()>
02-24 11:36:57.672  9264  9272 D TEST_LOG: METHOD=<org.schabi.newpipe.database.feed.dao.FeedDAO_Impl$7: void finalize()>
02-24 11:36:57.680  9264  9272 D TEST_LOG: METHOD=<org.schabi.newpipe.database.history.dao.SearchHistoryDAO_Impl$8: void finalize()>
02-24 11:36:57.680  9264  9272 D TEST_LOG: METHOD=<org.schabi.newpipe.database.history.dao.SearchHistoryDAO_Impl$9: void finalize()>
02-24 11:36:57.681  9264  9272 D TEST_LOG: METHOD=<org.schabi.newpipe.database.stream.dao.StreamDAO_Impl$11: void finalize()>
02-24 11:36:57.717  9264  9304 D TEST_LOG: METHOD=<org.schabi.newpipe.extractor.services.youtube.YoutubeJavaScriptExtractor: java.lang.String cleanJavaScriptUrl(java.lang.String)>
02-24 11:36:57.717  9264  9304 D TEST_LOG: METHOD=<org.schabi.newpipe.extractor.services.youtube.YoutubeJavaScriptExtractor: java.lang.String downloadJavaScriptCode(java.lang.String)>
02-24 11:36:57.757  9264  9264 D TEST_LOG: METHOD=<org.schabi.newpipe.fragments.detail.VideoDetailFragment: void onResume()>
02-24 11:36:57.758  9264  9264 D TEST_LOG: METHOD=<org.schabi.newpipe.fragments.detail.VideoDetailFragment: void updateOverlayPlayQueueButtonVisibility()>
02-24 11:36:57.758  9264  9264 D TEST_LOG: METHOD=<org.schabi.newpipe.fragments.detail.VideoDetailFragment: void setupBrightness()>
02-24 11:36:57.758  9264  9264 D TEST_LOG: METHOD=<org.schabi.newpipe.fragments.detail.VideoDetailFragment: void restoreDefaultBrightness()>
02-24 11:36:57.837  9264  9304 D TEST_LOG: METHOD=<org.schabi.newpipe.extractor.services.youtube.YoutubeParsingHelper: java.lang.String generateContentPlaybackNonce()>
02-24 11:36:57.837  9264  9304 D TEST_LOG: METHOD=<org.schabi.newpipe.extractor.utils.RandomStringFromAlphabetGenerator: java.lang.String generate(java.lang.String,int,java.util.Random)>
02-24 11:36:57.837  9264  9304 D TEST_LOG: METHOD=<org.schabi.newpipe.extractor.services.youtube.YoutubeParsingHelper: byte[] createDesktopPlayerBody(org.schabi.newpipe.extractor.localization.Localization,org.schabi.newpipe.extractor.localization.ContentCountry,java.lang.String,java.lang.String,boolean,java.lang.String)>
02-24 11:36:57.952  9264  9304 D TEST_LOG: METHOD=<org.schabi.newpipe.extractor.services.youtube.extractors.YoutubeStreamExtractor: void setStreamType()>
02-24 11:36:57.953  9264  9304 D TEST_LOG: METHOD=<org.schabi.newpipe.extractor.services.youtube.extractors.YoutubeStreamExtractor: boolean isPlayerResponseNotValid(com.grack.nanojson.JsonObject,java.lang.String)>
02-24 11:36:58.074  9264  9264 D TEST_LOG: METHOD=<org.schabi.newpipe.fragments.detail.VideoDetailFragment: void '-$$Nest$mmoveFocusToMainFragment'(org.schabi.newpipe.fragments.detail.VideoDetailFragment,boolean)>
02-24 11:36:58.074  9264  9264 D TEST_LOG: METHOD=<org.schabi.newpipe.fragments.detail.VideoDetailFragment: void moveFocusToMainFragment(boolean)>
02-24 11:36:58.074  9264  9264 D TEST_LOG: METHOD=<org.schabi.newpipe.fragments.detail.VideoDetailFragment: void '-$$Nest$mmanageSpaceAtTheBottom'(org.schabi.newpipe.fragments.detail.VideoDetailFragment,boolean)>
02-24 11:36:58.074  9264  9264 D TEST_LOG: METHOD=<org.schabi.newpipe.fragments.detail.VideoDetailFragment: void '-$$Nest$msetOverlayElementsClickable'(org.schabi.newpipe.fragments.detail.VideoDetailFragment,boolean)>
02-24 11:36:58.074  9264  9264 D TEST_LOG: METHOD=<org.schabi.newpipe.fragments.detail.VideoDetailFragment: void hideSystemUiIfNeeded()>
02-24 11:36:58.074  9264  9264 D TEST_LOG: METHOD=<org.schabi.newpipe.util.DeviceUtils: boolean isLandscape(android.content.Context)>
02-24 11:36:58.449  9264  9313 D TEST_LOG: METHOD=<org.schabi.newpipe.extractor.services.youtube.extractors.YoutubeCommentsExtractor: java.lang.String findInitialCommentsToken(com.grack.nanojson.JsonObject)>
02-24 11:36:58.449  9264  9313 D TEST_LOG: METHOD=<org.schabi.newpipe.extractor.services.youtube.extractors.YoutubeCommentsExtractor: com.grack.nanojson.JsonArray getJsonContents(com.grack.nanojson.JsonObject)>
02-24 11:36:58.449  9264  9313 D TEST_LOG: CLASS=org.schabi.newpipe.extractor.services.youtube.extractors.YoutubeCommentsExtractor$$ExternalSyntheticLambda0
02-24 11:36:58.449  9264  9313 D TEST_LOG: METHOD=<org.schabi.newpipe.extractor.services.youtube.extractors.YoutubeCommentsExtractor$$ExternalSyntheticLambda0: void <init>()>
02-24 11:36:58.449  9264  9313 D TEST_LOG: METHOD=<org.schabi.newpipe.extractor.services.youtube.extractors.YoutubeCommentsExtractor$$ExternalSyntheticLambda0: boolean test(java.lang.Object)>
02-24 11:36:58.449  9264  9313 D TEST_LOG: METHOD=<org.schabi.newpipe.extractor.services.youtube.extractors.YoutubeCommentsExtractor: boolean $r8$lambda$IrqQhkIX61ZKB8wKXml-JpfQ-Wc(com.grack.nanojson.JsonObject)>
02-24 11:36:58.449  9264  9313 D TEST_LOG: METHOD=<org.schabi.newpipe.extractor.services.youtube.extractors.YoutubeCommentsExtractor: boolean lambda$findInitialCommentsToken$0(com.grack.nanojson.JsonObject)>
02-24 11:36:58.449  9264  9313 D TEST_LOG: METHOD=<org.schabi.newpipe.extractor.utils.JsonUtils: java.lang.String getString(com.grack.nanojson.JsonObject,java.lang.String)>
02-24 11:36:58.449  9264  9313 D TEST_LOG: CLASS=org.schabi.newpipe.extractor.services.youtube.extractors.YoutubeCommentsExtractor$$ExternalSyntheticLambda1
02-24 11:36:58.449  9264  9313 D TEST_LOG: METHOD=<org.schabi.newpipe.extractor.services.youtube.extractors.YoutubeCommentsExtractor$$ExternalSyntheticLambda1: void <init>()>
02-24 11:36:58.449  9264  9313 D TEST_LOG: METHOD=<org.schabi.newpipe.extractor.services.youtube.extractors.YoutubeCommentsExtractor$$ExternalSyntheticLambda1: java.lang.Object apply(java.lang.Object)>
02-24 11:36:58.449  9264  9313 D TEST_LOG: METHOD=<org.schabi.newpipe.extractor.services.youtube.extractors.YoutubeCommentsExtractor: java.lang.String $r8$lambda$HNp12JLu_QzSHIxQUWgoH0n7B0w(com.grack.nanojson.JsonObject)>
02-24 11:36:58.449  9264  9313 D TEST_LOG: METHOD=<org.schabi.newpipe.extractor.services.youtube.extractors.YoutubeCommentsExtractor: java.lang.String lambda$findInitialCommentsToken$1(com.grack.nanojson.JsonObject)>
02-24 11:36:58.863  9264  9304 D TEST_LOG: METHOD=<org.schabi.newpipe.extractor.services.youtube.extractors.YoutubeStreamExtractor: void fetchAndroidMobileJsonPlayer(org.schabi.newpipe.extractor.localization.ContentCountry,org.schabi.newpipe.extractor.localization.Localization,java.lang.String)>
02-24 11:36:58.864  9264  9304 D TEST_LOG: METHOD=<org.schabi.newpipe.extractor.services.youtube.YoutubeParsingHelper: com.grack.nanojson.JsonBuilder prepareAndroidMobileJsonBuilder(org.schabi.newpipe.extractor.localization.Localization,org.schabi.newpipe.extractor.localization.ContentCountry)>
02-24 11:36:58.864  9264  9304 D TEST_LOG: METHOD=<org.schabi.newpipe.extractor.services.youtube.YoutubeParsingHelper: java.lang.String generateTParameter()>
02-24 11:36:58.864  9264  9304 D TEST_LOG: METHOD=<org.schabi.newpipe.extractor.services.youtube.YoutubeParsingHelper: com.grack.nanojson.JsonObject getJsonAndroidPostResponse(java.lang.String,byte[],org.schabi.newpipe.extractor.localization.Localization,java.lang.String)>
02-24 11:36:58.864  9264  9304 D TEST_LOG: METHOD=<org.schabi.newpipe.extractor.services.youtube.YoutubeParsingHelper: java.lang.String getAndroidUserAgent(org.schabi.newpipe.extractor.localization.Localization)>
02-24 11:36:58.864  9264  9304 D TEST_LOG: METHOD=<org.schabi.newpipe.extractor.services.youtube.YoutubeParsingHelper: com.grack.nanojson.JsonObject getMobilePostResponse(java.lang.String,byte[],org.schabi.newpipe.extractor.localization.Localization,java.lang.String,java.lang.String,java.lang.String)>
02-24 11:36:58.917  9264  9313 D TEST_LOG: METHOD=<org.schabi.newpipe.extractor.comments.CommentsExtractor: java.lang.String getName()>
02-24 11:36:58.917  9264  9313 D TEST_LOG: CLASS=org.schabi.newpipe.extractor.comments.CommentsInfo
02-24 11:36:58.917  9264  9313 D TEST_LOG: METHOD=<org.schabi.newpipe.extractor.comments.CommentsInfo: void <init>(int,org.schabi.newpipe.extractor.linkhandler.ListLinkHandler,java.lang.String)>
02-24 11:36:58.917  9264  9313 D TEST_LOG: METHOD=<org.schabi.newpipe.extractor.comments.CommentsInfo: void setCommentsExtractor(org.schabi.newpipe.extractor.comments.CommentsExtractor)>
02-24 11:36:58.917  9264  9313 D TEST_LOG: METHOD=<org.schabi.newpipe.extractor.services.youtube.extractors.YoutubeCommentsExtractor: org.schabi.newpipe.extractor.ListExtractor$InfoItemsPage getInitialPage()>
02-24 11:36:58.917  9264  9313 D TEST_LOG: METHOD=<org.schabi.newpipe.extractor.services.youtube.extractors.YoutubeCommentsExtractor: org.schabi.newpipe.extractor.ListExtractor$InfoItemsPage extractComments(com.grack.nanojson.JsonObject)>
02-24 11:36:58.917  9264  9313 D TEST_LOG: CLASS=org.schabi.newpipe.extractor.comments.CommentsInfoItemsCollector
02-24 11:36:58.917  9264  9313 D TEST_LOG: METHOD=<org.schabi.newpipe.extractor.comments.CommentsInfoItemsCollector: void <init>(int)>
02-24 11:36:58.917  9264  9313 D TEST_LOG: METHOD=<org.schabi.newpipe.extractor.services.youtube.extractors.YoutubeCommentsExtractor: void collectCommentsFrom(org.schabi.newpipe.extractor.comments.CommentsInfoItemsCollector,com.grack.nanojson.JsonObject)>
02-24 11:36:58.917  9264  9313 D TEST_LOG: METHOD=<org.schabi.newpipe.extractor.utils.JsonUtils: java.util.List getValues(com.grack.nanojson.JsonArray,java.lang.String)>
02-24 11:36:58.917  9264  9313 D TEST_LOG: METHOD=<org.schabi.newpipe.extractor.Extractor: java.lang.String getUrl()>
02-24 11:36:58.917  9264  9313 D TEST_LOG: CLASS=org.schabi.newpipe.extractor.services.youtube.extractors.YoutubeCommentsExtractor$$ExternalSyntheticLambda2
02-24 11:36:58.917  9264  9313 D TEST_LOG: METHOD=<org.schabi.newpipe.extractor.services.youtube.extractors.YoutubeCommentsExtractor$$ExternalSyntheticLambda2: void <init>(org.schabi.newpipe.extractor.services.youtube.extractors.YoutubeCommentsExtractor,java.lang.String)>
02-24 11:36:58.917  9264  9313 D TEST_LOG: CLASS=org.schabi.newpipe.extractor.services.youtube.extractors.YoutubeCommentsExtractor$$ExternalSyntheticLambda3
02-24 11:36:58.917  9264  9313 D TEST_LOG: METHOD=<org.schabi.newpipe.extractor.services.youtube.extractors.YoutubeCommentsExtractor$$ExternalSyntheticLambda3: void <init>(org.schabi.newpipe.extractor.comments.CommentsInfoItemsCollector)>
02-24 11:36:58.917  9264  9313 D TEST_LOG: METHOD=<org.schabi.newpipe.extractor.services.youtube.extractors.YoutubeCommentsExtractor$$ExternalSyntheticLambda2: java.lang.Object apply(java.lang.Object)>
02-24 11:36:58.917  9264  9313 D TEST_LOG: METHOD=<org.schabi.newpipe.extractor.services.youtube.extractors.YoutubeCommentsExtractor: org.schabi.newpipe.extractor.services.youtube.extractors.YoutubeCommentsInfoItemExtractor $r8$lambda$UYcDUY6QmUY98gQbZQZNTZPNC9k(org.schabi.newpipe.extractor.services.youtube.extractors.YoutubeCommentsExtractor,java.lang.String,com.grack.nanojson.JsonObject)>
02-24 11:36:58.917  9264  9313 D TEST_LOG: METHOD=<org.schabi.newpipe.extractor.services.youtube.extractors.YoutubeCommentsExtractor: org.schabi.newpipe.extractor.services.youtube.extractors.YoutubeCommentsInfoItemExtractor lambda$collectCommentsFrom$2(java.lang.String,com.grack.nanojson.JsonObject)>
02-24 11:36:58.917  9264  9313 D TEST_LOG: CLASS=org.schabi.newpipe.extractor.services.youtube.extractors.YoutubeCommentsInfoItemExtractor
02-24 11:36:58.917  9264  9313 D TEST_LOG: METHOD=<org.schabi.newpipe.extractor.services.youtube.extractors.YoutubeCommentsInfoItemExtractor: void <init>(com.grack.nanojson.JsonObject,java.lang.String,org.schabi.newpipe.extractor.localization.TimeAgoParser)>
02-24 11:36:58.917  9264  9313 D TEST_LOG: METHOD=<org.schabi.newpipe.extractor.services.youtube.extractors.YoutubeCommentsExtractor$$ExternalSyntheticLambda3: void accept(java.lang.Object)>
02-24 11:36:58.917  9264  9313 D TEST_LOG: METHOD=<org.schabi.newpipe.extractor.comments.CommentsInfoItemsCollector: void commit(org.schabi.newpipe.extractor.comments.CommentsInfoItemExtractor)>
02-24 11:36:58.917  9264  9313 D TEST_LOG: METHOD=<org.schabi.newpipe.extractor.comments.CommentsInfoItemsCollector: org.schabi.newpipe.extractor.comments.CommentsInfoItem extract(org.schabi.newpipe.extractor.comments.CommentsInfoItemExtractor)>
02-24 11:36:58.917  9264  9313 D TEST_LOG: METHOD=<org.schabi.newpipe.extractor.services.youtube.extractors.YoutubeCommentsInfoItemExtractor: java.lang.String getUrl()>
02-24 11:36:58.917  9264  9313 D TEST_LOG: METHOD=<org.schabi.newpipe.extractor.services.youtube.extractors.YoutubeCommentsInfoItemExtractor: java.lang.String getName()>
02-24 11:36:58.917  9264  9313 D TEST_LOG: METHOD=<org.schabi.newpipe.extractor.services.youtube.extractors.YoutubeCommentsInfoItemExtractor: com.grack.nanojson.JsonObject getCommentRenderer()>
02-24 11:36:58.917  9264  9313 D TEST_LOG: METHOD=<org.schabi.newpipe.extractor.utils.JsonUtils: com.grack.nanojson.JsonObject getObject(com.grack.nanojson.JsonObject,java.lang.String)>
02-24 11:36:58.917  9264  9313 D TEST_LOG: CLASS=org.schabi.newpipe.extractor.comments.CommentsInfoItem
02-24 11:36:58.917  9264  9313 D TEST_LOG: METHOD=<org.schabi.newpipe.extractor.comments.CommentsInfoItem: void <init>(int,java.lang.String,java.lang.String)>
02-24 11:36:58.917  9264  9313 D TEST_LOG: METHOD=<org.schabi.newpipe.extractor.services.youtube.extractors.YoutubeCommentsInfoItemExtractor: java.lang.String getCommentId()>
02-24 11:36:58.917  9264  9313 D TEST_LOG: METHOD=<org.schabi.newpipe.extractor.InfoItemsCollector: void addError(java.lang.Exception)>
02-24 11:36:58.917  9264  9313 D TEST_LOG: METHOD=<org.schabi.newpipe.extractor.services.youtube.extractors.YoutubeCommentsInfoItemExtractor: org.schabi.newpipe.extractor.stream.Description getCommentText()>
02-24 11:36:58.917  9264  9313 D TEST_LOG: METHOD=<org.schabi.newpipe.extractor.services.youtube.extractors.YoutubeCommentsInfoItemExtractor: java.lang.String getUploaderName()>
02-24 11:36:58.917  9264  9313 D TEST_LOG: METHOD=<org.schabi.newpipe.extractor.comments.CommentsInfoItem: void setUploaderName(java.lang.String)>
02-24 11:36:58.917  9264  9313 D TEST_LOG: METHOD=<org.schabi.newpipe.extractor.services.youtube.extractors.YoutubeCommentsInfoItemExtractor: java.lang.String getUploaderAvatarUrl()>
02-24 11:36:58.917  9264  9313 D TEST_LOG: METHOD=<org.schabi.newpipe.extractor.services.youtube.extractors.YoutubeCommentsInfoItemExtractor: java.lang.String getUploaderUrl()>
02-24 11:36:58.917  9264  9313 D TEST_LOG: METHOD=<org.schabi.newpipe.extractor.comments.CommentsInfoItem: void setUploaderUrl(java.lang.String)>
02-24 11:36:58.917  9264  9313 D TEST_LOG: METHOD=<org.schabi.newpipe.extractor.services.youtube.extractors.YoutubeCommentsInfoItemExtractor: java.lang.String getTextualUploadDate()>
02-24 11:36:58.917  9264  9313 D TEST_LOG: METHOD=<org.schabi.newpipe.extractor.services.youtube.extractors.YoutubeCommentsInfoItemExtractor: org.schabi.newpipe.extractor.localization.DateWrapper getUploadDate()>
02-24 11:36:58.917  9264  9313 D TEST_LOG: METHOD=<org.schabi.newpipe.extractor.services.youtube.extractors.YoutubeCommentsInfoItemExtractor: int getLikeCount()>
02-24 11:36:58.917  9264  9313 D TEST_LOG: METHOD=<org.schabi.newpipe.extractor.services.youtube.extractors.YoutubeCommentsInfoItemExtractor: java.lang.String getTextualLikeCount()>
02-24 11:36:58.917  9264  9313 D TEST_LOG: METHOD=<org.schabi.newpipe.extractor.comments.CommentsInfoItem: void setLikeCount(int)>
02-24 11:36:58.917  9264  9313 D TEST_LOG: METHOD=<org.schabi.newpipe.extractor.comments.CommentsInfoItem: void setTextualLikeCount(java.lang.String)>
02-24 11:36:58.917  9264  9313 D TEST_LOG: METHOD=<org.schabi.newpipe.extractor.services.youtube.extractors.YoutubeCommentsInfoItemExtractor: java.lang.String getThumbnailUrl()>
02-24 11:36:58.917  9264  9313 D TEST_LOG: METHOD=<org.schabi.newpipe.extractor.services.youtube.extractors.YoutubeCommentsInfoItemExtractor: boolean isHeartedByUploader()>
02-24 11:36:58.917  9264  9313 D TEST_LOG: METHOD=<org.schabi.newpipe.extractor.comments.CommentsInfoItem: void setHeartedByUploader(boolean)>
02-24 11:36:58.917  9264  9313 D TEST_LOG: METHOD=<org.schabi.newpipe.extractor.services.youtube.extractors.YoutubeCommentsInfoItemExtractor: boolean isPinned()>
02-24 11:36:58.917  9264  9313 D TEST_LOG: METHOD=<org.schabi.newpipe.extractor.comments.CommentsInfoItem: void setPinned(boolean)>
02-24 11:36:58.917  9264  9313 D TEST_LOG: METHOD=<org.schabi.newpipe.extractor.services.youtube.extractors.YoutubeCommentsInfoItemExtractor: int getStreamPosition()>
02-24 11:36:58.917  9264  9313 D TEST_LOG: METHOD=<org.schabi.newpipe.extractor.comments.CommentsInfoItemExtractor$-CC: int $default$getStreamPosition(org.schabi.newpipe.extractor.comments.CommentsInfoItemExtractor)>
02-24 11:36:58.917  9264  9313 D TEST_LOG: METHOD=<org.schabi.newpipe.extractor.comments.CommentsInfoItem: void setStreamPosition(int)>
02-24 11:36:58.917  9264  9313 D TEST_LOG: METHOD=<org.schabi.newpipe.extractor.services.youtube.extractors.YoutubeCommentsInfoItemExtractor: int getReplyCount()>
02-24 11:36:58.917  9264  9313 D TEST_LOG: METHOD=<org.schabi.newpipe.extractor.comments.CommentsInfoItem: void setReplyCount(int)>
02-24 11:36:58.917  9264  9313 D TEST_LOG: METHOD=<org.schabi.newpipe.extractor.services.youtube.extractors.YoutubeCommentsInfoItemExtractor: org.schabi.newpipe.extractor.Page getReplies()>
02-24 11:36:58.917  9264  9313 D TEST_LOG: METHOD=<org.schabi.newpipe.extractor.comments.CommentsInfoItem: void setReplies(org.schabi.newpipe.extractor.Page)>
02-24 11:36:58.919  9264  9313 D TEST_LOG: METHOD=<org.schabi.newpipe.extractor.services.youtube.extractors.YoutubeCommentsExtractor: org.schabi.newpipe.extractor.Page getNextPage(com.grack.nanojson.JsonObject)>
02-24 11:36:58.919  9264  9313 D TEST_LOG: METHOD=<org.schabi.newpipe.extractor.services.youtube.extractors.YoutubeCommentsExtractor: org.schabi.newpipe.extractor.Page getNextPage(java.lang.String)>
02-24 11:36:58.919  9264  9313 D TEST_LOG: METHOD=<org.schabi.newpipe.extractor.services.youtube.extractors.YoutubeCommentsExtractor: boolean isCommentsDisabled()>
02-24 11:36:58.919  9264  9313 D TEST_LOG: METHOD=<org.schabi.newpipe.extractor.comments.CommentsInfo: void setCommentsDisabled(boolean)>
02-24 11:36:58.919  9264  9313 D TEST_LOG: METHOD=<org.schabi.newpipe.extractor.services.youtube.extractors.YoutubeCommentsExtractor: int getCommentsCount()>
02-24 11:36:58.919  9264  9313 D TEST_LOG: METHOD=<org.schabi.newpipe.extractor.Extractor: void assertPageFetched()>
02-24 11:36:58.919  9264  9313 D TEST_LOG: METHOD=<org.schabi.newpipe.extractor.comments.CommentsInfo: void setCommentsCount(int)>
02-24 11:36:58.920  9264  9313 D TEST_LOG: METHOD=<org.schabi.newpipe.util.ExtractorHelper$$ExternalSyntheticLambda13: void accept(java.lang.Object)>
02-24 11:36:58.920  9264  9313 D TEST_LOG: METHOD=<org.schabi.newpipe.util.ExtractorHelper: void $r8$lambda$NMvNL4m4yrP-lyvKKI0uMCd0L6Y(int,java.lang.String,org.schabi.newpipe.extractor.InfoItem$InfoType,org.schabi.newpipe.extractor.Info)>
02-24 11:36:58.920  9264  9313 D TEST_LOG: METHOD=<org.schabi.newpipe.util.ExtractorHelper: void lambda$checkCache$13(int,java.lang.String,org.schabi.newpipe.extractor.InfoItem$InfoType,org.schabi.newpipe.extractor.Info)>
02-24 11:36:58.920  9264  9313 D TEST_LOG: METHOD=<org.schabi.newpipe.util.InfoCache: void putInfo(int,java.lang.String,org.schabi.newpipe.extractor.Info,org.schabi.newpipe.extractor.InfoItem$InfoType)>
02-24 11:36:58.920  9264  9313 D TEST_LOG: METHOD=<org.schabi.newpipe.extractor.Info: int getServiceId()>
02-24 11:36:58.920  9264  9313 D TEST_LOG: METHOD=<org.schabi.newpipe.util.ServiceHelper: long getCacheExpirationMillis(int)>
02-24 11:36:58.920  9264  9313 D TEST_LOG: CLASS=org.schabi.newpipe.util.InfoCache$CacheData
02-24 11:36:58.920  9264  9313 D TEST_LOG: METHOD=<org.schabi.newpipe.util.InfoCache$CacheData: void <init>(org.schabi.newpipe.extractor.Info,long,org.schabi.newpipe.util.InfoCache$CacheData-IA)>
02-24 11:36:58.920  9264  9313 D TEST_LOG: METHOD=<org.schabi.newpipe.util.InfoCache$CacheData: void <init>(org.schabi.newpipe.extractor.Info,long)>
02-24 11:36:58.920  9264  9264 D TEST_LOG: METHOD=<org.schabi.newpipe.fragments.list.BaseListInfoFragment$$ExternalSyntheticLambda4: void accept(java.lang.Object)>
02-24 11:36:58.920  9264  9264 D TEST_LOG: METHOD=<org.schabi.newpipe.fragments.list.BaseListInfoFragment: void $r8$lambda$yX6S2nKGSbR70YowNdSpGemC7q4(org.schabi.newpipe.fragments.list.BaseListInfoFragment,org.schabi.newpipe.extractor.ListInfo)>
02-24 11:36:58.920  9264  9264 D TEST_LOG: METHOD=<org.schabi.newpipe.fragments.list.BaseListInfoFragment: void lambda$startLoading$0(org.schabi.newpipe.extractor.ListInfo)>
02-24 11:36:58.920  9264  9264 D TEST_LOG: METHOD=<org.schabi.newpipe.fragments.list.comments.CommentsFragment: void handleResult(org.schabi.newpipe.extractor.ListInfo)>
02-24 11:36:58.920  9264  9264 D TEST_LOG: METHOD=<org.schabi.newpipe.fragments.list.comments.CommentsFragment: void handleResult(org.schabi.newpipe.extractor.comments.CommentsInfo)>
02-24 11:36:58.920  9264  9264 D TEST_LOG: METHOD=<org.schabi.newpipe.fragments.list.BaseListInfoFragment: void handleResult(org.schabi.newpipe.extractor.ListInfo)>
02-24 11:36:58.920  9264  9264 D TEST_LOG: METHOD=<org.schabi.newpipe.extractor.Info: java.lang.String getName()>
02-24 11:36:58.920  9264  9264 D TEST_LOG: CLASS=org.schabi.newpipe.fragments.list.BaseListInfoFragment$$ExternalSyntheticLambda0
02-24 11:36:58.920  9264  9264 D TEST_LOG: METHOD=<org.schabi.newpipe.fragments.list.BaseListInfoFragment$$ExternalSyntheticLambda0: void <init>(java.lang.Class)>
02-24 11:36:58.920  9264  9264 D TEST_LOG: METHOD=<org.schabi.newpipe.fragments.list.BaseListInfoFragment$$ExternalSyntheticLambda0: boolean test(java.lang.Object)>
02-24 11:36:58.920  9264  9264 D TEST_LOG: METHOD=<org.schabi.newpipe.error.ErrorInfo: void <init>(java.util.List,org.schabi.newpipe.error.UserAction,java.lang.String,int)>
02-24 11:36:58.920  9264  9264 D TEST_LOG: METHOD=<org.schabi.newpipe.error.ErrorInfo: void <init>(java.util.List,org.schabi.newpipe.error.UserAction,java.lang.String,java.lang.String)>
02-24 11:36:58.920  9264  9264 D TEST_LOG: METHOD=<org.schabi.newpipe.error.ErrorInfo$Companion: java.lang.String[] throwableListToStringList(java.util.List)>
02-24 11:36:58.934  9264  9264 D TEST_LOG: METHOD=<org.schabi.newpipe.fragments.list.BaseListInfoFragment: void dynamicallyShowErrorPanelOrSnackbar(org.schabi.newpipe.error.ErrorInfo)>
02-24 11:36:58.934  9264  9264 D TEST_LOG: METHOD=<org.schabi.newpipe.fragments.BaseStateFragment: void showSnackBarError(org.schabi.newpipe.error.ErrorInfo)>
02-24 11:36:58.934  9264  9264 D TEST_LOG: CLASS=org.schabi.newpipe.error.ErrorUtil
02-24 11:36:58.934  9264  9264 D TEST_LOG: METHOD=<org.schabi.newpipe.error.ErrorUtil: void <clinit>()>
02-24 11:36:58.934  9264  9264 D TEST_LOG: CLASS=org.schabi.newpipe.error.ErrorUtil$Companion
02-24 11:36:58.934  9264  9264 D TEST_LOG: METHOD=<org.schabi.newpipe.error.ErrorUtil$Companion: void <init>(kotlin.jvm.internal.DefaultConstructorMarker)>
02-24 11:36:58.934  9264  9264 D TEST_LOG: METHOD=<org.schabi.newpipe.error.ErrorUtil$Companion: void <init>()>
02-24 11:36:58.934  9264  9264 D TEST_LOG: METHOD=<org.schabi.newpipe.error.ErrorUtil: void showSnackbar(androidx.fragment.app.Fragment,org.schabi.newpipe.error.ErrorInfo)>
02-24 11:36:58.934  9264  9264 D TEST_LOG: METHOD=<org.schabi.newpipe.error.ErrorUtil$Companion: void showSnackbar(androidx.fragment.app.Fragment,org.schabi.newpipe.error.ErrorInfo)>
02-24 11:36:58.934  9264  9264 D TEST_LOG: METHOD=<org.schabi.newpipe.error.ErrorUtil$Companion: void showSnackbar(android.content.Context,android.view.View,org.schabi.newpipe.error.ErrorInfo)>
02-24 11:36:58.938  9264  9264 D TEST_LOG: CLASS=org.schabi.newpipe.error.ErrorUtil$Companion$$ExternalSyntheticLambda0
02-24 11:36:58.938  9264  9264 D TEST_LOG: METHOD=<org.schabi.newpipe.error.ErrorUtil$Companion$$ExternalSyntheticLambda0: void <init>(android.content.Context,org.schabi.newpipe.error.ErrorInfo)>
02-24 11:36:58.939  9264  9264 D TEST_LOG: METHOD=<org.schabi.newpipe.extractor.comments.CommentsInfo: boolean isCommentsDisabled()>
02-24 11:36:58.939  9264  9264 D TEST_LOG: METHOD=<org.schabi.newpipe.ktx.ViewUtils: void slideUp(android.view.View,long,long,float)>
02-24 11:36:58.939  9264  9264 D TEST_LOG: METHOD=<org.schabi.newpipe.ktx.ViewUtils: void slideUp$default(android.view.View,long,long,float,java.lang.Runnable,int,java.lang.Object)>
02-24 11:36:58.939  9264  9264 D TEST_LOG: METHOD=<org.schabi.newpipe.ktx.ViewUtils: void slideUp(android.view.View,long,long,float,java.lang.Runnable)>
02-24 11:36:58.941  9264  9264 D TEST_LOG: CLASS=org.schabi.newpipe.info_list.holder.CommentsInfoItemHolder
02-24 11:36:58.941  9264  9264 D TEST_LOG: METHOD=<org.schabi.newpipe.info_list.holder.CommentsInfoItemHolder: void <init>(org.schabi.newpipe.info_list.InfoItemBuilder,android.view.ViewGroup)>
02-24 11:36:58.941  9264  9264 D TEST_LOG: CLASS=org.schabi.newpipe.info_list.holder.CommentsMiniInfoItemHolder
02-24 11:36:58.941  9264  9264 D TEST_LOG: METHOD=<org.schabi.newpipe.info_list.holder.CommentsMiniInfoItemHolder: void <init>(org.schabi.newpipe.info_list.InfoItemBuilder,int,android.view.ViewGroup)>
02-24 11:36:58.946  9264  9264 D TEST_LOG: METHOD=<org.schabi.newpipe.info_list.holder.CommentsInfoItemHolder: void updateFromItem(org.schabi.newpipe.extractor.InfoItem,org.schabi.newpipe.local.history.HistoryRecordManager)>
02-24 11:36:58.946  9264  9264 D TEST_LOG: METHOD=<org.schabi.newpipe.info_list.holder.CommentsMiniInfoItemHolder: void updateFromItem(org.schabi.newpipe.extractor.InfoItem,org.schabi.newpipe.local.history.HistoryRecordManager)>
02-24 11:36:58.947  9264  9264 D TEST_LOG: METHOD=<org.schabi.newpipe.extractor.comments.CommentsInfoItem: java.lang.String getUploaderAvatarUrl()>
02-24 11:36:58.947  9264  9264 D TEST_LOG: METHOD=<org.schabi.newpipe.util.PicassoHelper: com.squareup.picasso.RequestCreator loadAvatar(java.lang.String)>
02-24 11:36:58.947  9264  9264 D TEST_LOG: METHOD=<org.schabi.newpipe.util.PicassoHelper: boolean getShouldLoadImages()>
02-24 11:36:58.947  9264  9264 D TEST_LOG: CLASS=org.schabi.newpipe.info_list.holder.CommentsMiniInfoItemHolder$$ExternalSyntheticLambda0
02-24 11:36:58.947  9264  9264 D TEST_LOG: METHOD=<org.schabi.newpipe.info_list.holder.CommentsMiniInfoItemHolder$$ExternalSyntheticLambda0: void <init>(org.schabi.newpipe.info_list.holder.CommentsMiniInfoItemHolder,org.schabi.newpipe.extractor.comments.CommentsInfoItem)>
02-24 11:36:58.947  9264  9264 D TEST_LOG: METHOD=<org.schabi.newpipe.extractor.comments.CommentsInfoItem: org.schabi.newpipe.extractor.stream.Description getCommentText()>
02-24 11:36:58.947  9264  9264 D TEST_LOG: METHOD=<org.schabi.newpipe.info_list.holder.CommentsMiniInfoItemHolder: void ellipsize()>
02-24 11:36:58.947  9264  9264 D TEST_LOG: CLASS=org.schabi.newpipe.info_list.holder.CommentsMiniInfoItemHolder$$ExternalSyntheticLambda4
02-24 11:36:58.947  9264  9264 D TEST_LOG: METHOD=<org.schabi.newpipe.info_list.holder.CommentsMiniInfoItemHolder$$ExternalSyntheticLambda4: void <init>(org.schabi.newpipe.info_list.holder.CommentsMiniInfoItemHolder)>
02-24 11:36:58.947  9264  9264 D TEST_LOG: METHOD=<org.schabi.newpipe.info_list.holder.CommentsMiniInfoItemHolder: void linkifyCommentContentView(java.util.function.Consumer)>
02-24 11:36:58.947  9264  9264 D TEST_LOG: CLASS=org.schabi.newpipe.util.text.CommentTextOnTouchListener
02-24 11:36:58.947  9264  9264 D TEST_LOG: METHOD=<org.schabi.newpipe.util.text.CommentTextOnTouchListener: void <clinit>()>
02-24 11:36:58.947  9264  9264 D TEST_LOG: METHOD=<org.schabi.newpipe.util.text.CommentTextOnTouchListener: void <init>()>
02-24 11:36:58.947  9264  9264 D TEST_LOG: METHOD=<org.schabi.newpipe.extractor.comments.CommentsInfoItem: int getLikeCount()>
02-24 11:36:58.947  9264  9264 D TEST_LOG: METHOD=<org.schabi.newpipe.extractor.comments.CommentsInfoItem: org.schabi.newpipe.extractor.localization.DateWrapper getUploadDate()>
02-24 11:36:58.947  9264  9264 D TEST_LOG: METHOD=<org.schabi.newpipe.extractor.comments.CommentsInfoItem: java.lang.String getTextualUploadDate()>
02-24 11:36:58.947  9264  9264 D TEST_LOG: CLASS=org.schabi.newpipe.info_list.holder.CommentsMiniInfoItemHolder$$ExternalSyntheticLambda1
02-24 11:36:58.947  9264  9264 D TEST_LOG: METHOD=<org.schabi.newpipe.info_list.holder.CommentsMiniInfoItemHolder$$ExternalSyntheticLambda1: void <init>(org.schabi.newpipe.info_list.holder.CommentsMiniInfoItemHolder,org.schabi.newpipe.extractor.comments.CommentsInfoItem)>
02-24 11:36:58.947  9264  9264 D TEST_LOG: CLASS=org.schabi.newpipe.info_list.holder.CommentsMiniInfoItemHolder$$ExternalSyntheticLambda2
02-24 11:36:58.947  9264  9264 D TEST_LOG: METHOD=<org.schabi.newpipe.info_list.holder.CommentsMiniInfoItemHolder$$ExternalSyntheticLambda2: void <init>(org.schabi.newpipe.info_list.holder.CommentsMiniInfoItemHolder,org.schabi.newpipe.extractor.comments.CommentsInfoItem)>
02-24 11:36:58.947  9264  9264 D TEST_LOG: METHOD=<org.schabi.newpipe.extractor.comments.CommentsInfoItem: java.lang.String getUploaderName()>
02-24 11:36:58.947  9264  9264 D TEST_LOG: METHOD=<org.schabi.newpipe.extractor.comments.CommentsInfoItem: boolean isHeartedByUploader()>
02-24 11:36:58.947  9264  9264 D TEST_LOG: METHOD=<org.schabi.newpipe.extractor.comments.CommentsInfoItem: boolean isPinned()>
02-24 11:36:58.994  9264  9304 D TEST_LOG: METHOD=<org.schabi.newpipe.extractor.stream.StreamInfo: org.schabi.newpipe.extractor.stream.StreamInfo extractImportantData(org.schabi.newpipe.extractor.stream.StreamExtractor)>
02-24 11:36:58.995  9264  9304 D TEST_LOG: METHOD=<org.schabi.newpipe.extractor.services.youtube.extractors.YoutubeStreamExtractor: org.schabi.newpipe.extractor.stream.StreamType getStreamType()>
02-24 11:36:58.995  9264  9304 D TEST_LOG: METHOD=<org.schabi.newpipe.extractor.services.youtube.extractors.YoutubeStreamExtractor: java.lang.String getName()>
02-24 11:36:58.996  9264  9304 D TEST_LOG: METHOD=<org.schabi.newpipe.extractor.services.youtube.extractors.YoutubeStreamExtractor: int getAgeLimit()>
02-24 11:36:58.996  9264  9304 D TEST_LOG: METHOD=<org.schabi.newpipe.extractor.services.youtube.extractors.YoutubeStreamExtractor: com.grack.nanojson.JsonObject getVideoSecondaryInfoRenderer()>
02-24 11:36:58.996  9264  9304 D TEST_LOG: METHOD=<org.schabi.newpipe.extractor.services.youtube.extractors.YoutubeStreamExtractor: com.grack.nanojson.JsonObject getVideoInfoRenderer(java.lang.String)>
02-24 11:36:58.996  9264  9304 D TEST_LOG: CLASS=org.schabi.newpipe.extractor.services.youtube.extractors.YoutubeStreamExtractor$$ExternalSyntheticLambda16
02-24 11:36:58.996  9264  9304 D TEST_LOG: METHOD=<org.schabi.newpipe.extractor.services.youtube.extractors.YoutubeStreamExtractor$$ExternalSyntheticLambda16: void <init>(java.lang.String)>
02-24 11:36:58.996  9264  9304 D TEST_LOG: CLASS=org.schabi.newpipe.extractor.services.youtube.extractors.YoutubeStreamExtractor$$ExternalSyntheticLambda17
02-24 11:36:58.996  9264  9304 D TEST_LOG: METHOD=<org.schabi.newpipe.extractor.services.youtube.extractors.YoutubeStreamExtractor$$ExternalSyntheticLambda17: void <init>(java.lang.String)>
02-24 11:36:58.996  9264  9304 D TEST_LOG: METHOD=<org.schabi.newpipe.extractor.services.youtube.extractors.YoutubeStreamExtractor$$ExternalSyntheticLambda16: boolean test(java.lang.Object)>
02-24 11:36:58.996  9264  9304 D TEST_LOG: METHOD=<org.schabi.newpipe.extractor.services.youtube.extractors.YoutubeStreamExtractor: boolean $r8$lambda$ecy1ah3nE_BrVrBiWDjlApkUWZw(java.lang.String,com.grack.nanojson.JsonObject)>
02-24 11:36:58.996  9264  9304 D TEST_LOG: METHOD=<org.schabi.newpipe.extractor.services.youtube.extractors.YoutubeStreamExtractor: boolean lambda$getVideoInfoRenderer$11(java.lang.String,com.grack.nanojson.JsonObject)>
02-24 11:36:58.996  9264  9304 D TEST_LOG: METHOD=<org.schabi.newpipe.extractor.services.youtube.extractors.YoutubeStreamExtractor$$ExternalSyntheticLambda17: java.lang.Object apply(java.lang.Object)>
02-24 11:36:58.996  9264  9304 D TEST_LOG: METHOD=<org.schabi.newpipe.extractor.services.youtube.extractors.YoutubeStreamExtractor: com.grack.nanojson.JsonObject $r8$lambda$wlNdFpebIjhkZ6nrUcc1iGnqsTk(java.lang.String,com.grack.nanojson.JsonObject)>
02-24 11:36:58.996  9264  9304 D TEST_LOG: METHOD=<org.schabi.newpipe.extractor.services.youtube.extractors.YoutubeStreamExtractor: com.grack.nanojson.JsonObject lambda$getVideoInfoRenderer$12(java.lang.String,com.grack.nanojson.JsonObject)>
02-24 11:36:58.997  9264  9304 D TEST_LOG: CLASS=org.schabi.newpipe.extractor.services.youtube.extractors.YoutubeStreamExtractor$$ExternalSyntheticLambda7
02-24 11:36:58.997  9264  9304 D TEST_LOG: METHOD=<org.schabi.newpipe.extractor.services.youtube.extractors.YoutubeStreamExtractor$$ExternalSyntheticLambda7: void <init>()>
02-24 11:36:58.997  9264  9304 D TEST_LOG: CLASS=org.schabi.newpipe.extractor.services.youtube.extractors.YoutubeStreamExtractor$$ExternalSyntheticLambda8
02-24 11:36:58.997  9264  9304 D TEST_LOG: METHOD=<org.schabi.newpipe.extractor.services.youtube.extractors.YoutubeStreamExtractor$$ExternalSyntheticLambda8: void <init>()>
02-24 11:36:58.997  9264  9304 D TEST_LOG: CLASS=org.schabi.newpipe.extractor.services.youtube.extractors.YoutubeStreamExtractor$$ExternalSyntheticLambda9
02-24 11:36:58.997  9264  9304 D TEST_LOG: METHOD=<org.schabi.newpipe.extractor.services.youtube.extractors.YoutubeStreamExtractor$$ExternalSyntheticLambda9: void <init>()>
02-24 11:36:58.997  9264  9304 D TEST_LOG: CLASS=org.schabi.newpipe.extractor.services.youtube.extractors.YoutubeStreamExtractor$$ExternalSyntheticLambda10
02-24 11:36:58.997  9264  9304 D TEST_LOG: METHOD=<org.schabi.newpipe.extractor.services.youtube.extractors.YoutubeStreamExtractor$$ExternalSyntheticLambda10: void <init>()>
02-24 11:36:58.997  9264  9304 D TEST_LOG: CLASS=org.schabi.newpipe.extractor.stream.StreamInfo
02-24 11:36:58.997  9264  9304 D TEST_LOG: METHOD=<org.schabi.newpipe.extractor.stream.StreamInfo: void <init>(int,java.lang.String,java.lang.String,org.schabi.newpipe.extractor.stream.StreamType,java.lang.String,java.lang.String,int)>
02-24 11:36:58.997  9264  9304 D TEST_LOG: METHOD=<org.schabi.newpipe.extractor.stream.StreamInfo: void extractStreams(org.schabi.newpipe.extractor.stream.StreamInfo,org.schabi.newpipe.extractor.stream.StreamExtractor)>
02-24 11:36:58.997  9264  9304 D TEST_LOG: METHOD=<org.schabi.newpipe.extractor.services.youtube.extractors.YoutubeStreamExtractor: java.lang.String getDashMpdUrl()>
