02-24 11:27:25.659  8719  8719 D TEST_LOG: METHOD=<org.schabi.newpipe.fragments.list.kiosk.DefaultKioskFragment: void onResume()>
02-24 11:27:25.660  8719  8748 D TEST_LOG: METHOD=<org.schabi.newpipe.extractor.localization.ContentCountry: java.lang.String getCountryCode()>
02-24 11:27:25.660  8719  8748 D TEST_LOG: METHOD=<org.schabi.newpipe.extractor.services.youtube.YoutubeParsingHelper: java.lang.String getClientVersion()>
02-24 11:27:25.660  8719  8748 D TEST_LOG: METHOD=<org.schabi.newpipe.extractor.utils.Utils: boolean isNullOrEmpty(java.lang.String)>
02-24 11:27:25.660  8719  8748 D TEST_LOG: METHOD=<org.schabi.newpipe.extractor.services.youtube.YoutubeParsingHelper: void extractClientVersionAndKeyFromSwJs()>
02-24 11:27:25.660  8719  8748 D TEST_LOG: METHOD=<org.schabi.newpipe.extractor.services.youtube.YoutubeParsingHelper: java.util.Map getOriginReferrerHeaders(java.lang.String)>
02-24 11:27:25.660  8719  8748 D TEST_LOG: METHOD=<org.schabi.newpipe.extractor.downloader.Downloader: org.schabi.newpipe.extractor.downloader.Response get(java.lang.String,java.util.Map)>
02-24 11:27:25.661  8719  8748 D TEST_LOG: METHOD=<org.schabi.newpipe.extractor.downloader.Downloader: org.schabi.newpipe.extractor.downloader.Response get(java.lang.String,java.util.Map,org.schabi.newpipe.extractor.localization.Localization)>
02-24 11:27:25.661  8719  8748 D TEST_LOG: METHOD=<org.schabi.newpipe.extractor.downloader.Request: org.schabi.newpipe.extractor.downloader.Request$Builder newBuilder()>
02-24 11:27:25.661  8719  8748 D TEST_LOG: CLASS=org.schabi.newpipe.extractor.downloader.Request$Builder
02-24 11:27:25.661  8719  8719 D TEST_LOG: METHOD=<org.schabi.newpipe.fragments.list.kiosk.KioskFragment: void onResume()>
02-24 11:27:25.661  8719  8719 D TEST_LOG: METHOD=<org.schabi.newpipe.fragments.list.BaseListInfoFragment: void onResume()>
02-24 11:27:25.661  8719  8719 D TEST_LOG: METHOD=<org.schabi.newpipe.fragments.list.BaseListFragment: void onResume()>
02-24 11:27:25.661  8719  8719 D TEST_LOG: METHOD=<org.schabi.newpipe.fragments.BaseStateFragment: void onResume()>
02-24 11:27:25.663  8719  8748 D TEST_LOG: METHOD=<org.schabi.newpipe.extractor.downloader.Request$Builder: void <init>()>
02-24 11:27:25.663  8719  8748 D TEST_LOG: METHOD=<org.schabi.newpipe.extractor.downloader.Request$Builder: org.schabi.newpipe.extractor.downloader.Request$Builder get(java.lang.String)>
02-24 11:27:25.663  8719  8748 D TEST_LOG: METHOD=<org.schabi.newpipe.extractor.downloader.Request$Builder: org.schabi.newpipe.extractor.downloader.Request$Builder headers(java.util.Map)>
02-24 11:27:25.663  8719  8748 D TEST_LOG: METHOD=<org.schabi.newpipe.extractor.downloader.Request$Builder: org.schabi.newpipe.extractor.downloader.Request$Builder localization(org.schabi.newpipe.extractor.localization.Localization)>
02-24 11:27:25.664  8719  8748 D TEST_LOG: METHOD=<org.schabi.newpipe.extractor.downloader.Request$Builder: org.schabi.newpipe.extractor.downloader.Request build()>
02-24 11:27:25.664  8719  8748 D TEST_LOG: CLASS=org.schabi.newpipe.extractor.downloader.Request
02-24 11:27:25.664  8719  8748 D TEST_LOG: METHOD=<org.schabi.newpipe.extractor.downloader.Request: void <init>(org.schabi.newpipe.extractor.downloader.Request$Builder,org.schabi.newpipe.extractor.downloader.Request-IA)>
02-24 11:27:25.665  8719  8748 D TEST_LOG: METHOD=<org.schabi.newpipe.extractor.downloader.Request: void <init>(org.schabi.newpipe.extractor.downloader.Request$Builder)>
02-24 11:27:25.665  8719  8748 D TEST_LOG: METHOD=<org.schabi.newpipe.extractor.downloader.Request$Builder: java.lang.String '-$$Nest$fgethttpMethod'(org.schabi.newpipe.extractor.downloader.Request$Builder)>
02-24 11:27:25.665  8719  8748 D TEST_LOG: METHOD=<org.schabi.newpipe.extractor.downloader.Request$Builder: java.lang.String '-$$Nest$fgeturl'(org.schabi.newpipe.extractor.downloader.Request$Builder)>
02-24 11:27:25.665  8719  8748 D TEST_LOG: METHOD=<org.schabi.newpipe.extractor.downloader.Request$Builder: java.util.Map '-$$Nest$fgetheaders'(org.schabi.newpipe.extractor.downloader.Request$Builder)>
02-24 11:27:25.665  8719  8748 D TEST_LOG: METHOD=<org.schabi.newpipe.extractor.downloader.Request$Builder: byte[] '-$$Nest$fgetdataToSend'(org.schabi.newpipe.extractor.downloader.Request$Builder)>
02-24 11:27:25.665  8719  8748 D TEST_LOG: METHOD=<org.schabi.newpipe.extractor.downloader.Request$Builder: org.schabi.newpipe.extractor.localization.Localization '-$$Nest$fgetlocalization'(org.schabi.newpipe.extractor.downloader.Request$Builder)>
02-24 11:27:25.665  8719  8748 D TEST_LOG: METHOD=<org.schabi.newpipe.extractor.downloader.Request$Builder: boolean '-$$Nest$fgetautomaticLocalizationHeader'(org.schabi.newpipe.extractor.downloader.Request$Builder)>
02-24 11:27:25.665  8719  8748 D TEST_LOG: METHOD=<org.schabi.newpipe.extractor.downloader.Request: void <init>(java.lang.String,java.lang.String,java.util.Map,byte[],org.schabi.newpipe.extractor.localization.Localization,boolean)>
02-24 11:27:25.665  8719  8748 D TEST_LOG: METHOD=<org.schabi.newpipe.extractor.downloader.Request: java.util.Map getHeadersFromLocalization(org.schabi.newpipe.extractor.localization.Localization)>
02-24 11:27:25.665  8719  8748 D TEST_LOG: METHOD=<org.schabi.newpipe.DownloaderImpl: org.schabi.newpipe.extractor.downloader.Response execute(org.schabi.newpipe.extractor.downloader.Request)>
02-24 11:27:25.665  8719  8748 D TEST_LOG: METHOD=<org.schabi.newpipe.extractor.downloader.Request: java.lang.String httpMethod()>
02-24 11:27:25.665  8719  8748 D TEST_LOG: METHOD=<org.schabi.newpipe.extractor.downloader.Request: java.lang.String url()>
02-24 11:27:25.665  8719  8748 D TEST_LOG: METHOD=<org.schabi.newpipe.extractor.downloader.Request: java.util.Map headers()>
02-24 11:27:25.665  8719  8748 D TEST_LOG: METHOD=<org.schabi.newpipe.extractor.downloader.Request: byte[] dataToSend()>
02-24 11:27:25.666  8719  8748 D TEST_LOG: METHOD=<org.schabi.newpipe.DownloaderImpl: java.lang.String getCookies(java.lang.String)>
02-24 11:27:25.673  8719  8748 D TEST_LOG: METHOD=<org.schabi.newpipe.DownloaderImpl: java.lang.String getCookie(java.lang.String)>
02-24 11:27:25.673  8719  8755 D TEST_LOG: METHOD=<org.schabi.newpipe.database.AppDatabase_Impl$1: void onOpen(androidx.sqlite.db.SupportSQLiteDatabase)>
02-24 11:27:25.673  8719  8719 D TEST_LOG: METHOD=<org.schabi.newpipe.views.ScrollableTabLayout: void onSizeChanged(int,int,int,int)>
02-24 11:27:25.673  8719  8719 D TEST_LOG: METHOD=<org.schabi.newpipe.views.ScrollableTabLayout: void onLayout(boolean,int,int,int,int)>
02-24 11:27:25.674  8719  8719 D TEST_LOG: METHOD=<org.schabi.newpipe.views.ScrollableTabLayout: void setMode(int)>
02-24 11:27:25.676  8719  8719 D TEST_LOG: METHOD=<org.schabi.newpipe.info_list.InfoListAdapter: int getItemCount()>
02-24 11:27:25.676  8719  8719 D TEST_LOG: METHOD=<org.schabi.newpipe.info_list.InfoListAdapter: boolean hasHeader()>
02-24 11:27:25.676  8719  8719 D TEST_LOG: METHOD=<org.schabi.newpipe.local.LocalItemListAdapter: int getItemCount()>
02-24 11:27:25.686  8719  8755 D TEST_LOG: METHOD=<org.schabi.newpipe.database.AppDatabase_Impl: androidx.sqlite.db.SupportSQLiteDatabase access$602(org.schabi.newpipe.database.AppDatabase_Impl,androidx.sqlite.db.SupportSQLiteDatabase)>
02-24 11:27:25.686  8719  8755 D TEST_LOG: METHOD=<org.schabi.newpipe.database.AppDatabase_Impl: void access$700(org.schabi.newpipe.database.AppDatabase_Impl,androidx.sqlite.db.SupportSQLiteDatabase)>
02-24 11:27:25.686  8719  8755 D TEST_LOG: METHOD=<org.schabi.newpipe.database.AppDatabase_Impl: java.util.List access$800(org.schabi.newpipe.database.AppDatabase_Impl)>
02-24 11:27:25.686  8719  8755 D TEST_LOG: METHOD=<org.schabi.newpipe.database.AppDatabase_Impl: java.util.List access$900(org.schabi.newpipe.database.AppDatabase_Impl)>
02-24 11:27:25.689  8719  8748 D TEST_LOG: CLASS=org.schabi.newpipe.DownloaderImpl$$ExternalSyntheticLambda0
02-24 11:27:25.691  8719  8748 D TEST_LOG: METHOD=<org.schabi.newpipe.DownloaderImpl$$ExternalSyntheticLambda0: void <init>()>
02-24 11:27:25.691  8719  8748 D TEST_LOG: CLASS=org.schabi.newpipe.DownloaderImpl$$ExternalSyntheticLambda1
02-24 11:27:25.691  8719  8748 D TEST_LOG: METHOD=<org.schabi.newpipe.DownloaderImpl$$ExternalSyntheticLambda1: void <init>()>
02-24 11:27:25.691  8719  8748 D TEST_LOG: METHOD=<org.schabi.newpipe.DownloaderImpl$$ExternalSyntheticLambda0: boolean test(java.lang.Object)>
02-24 11:27:25.702  8719  8756 D TEST_LOG: METHOD=<org.schabi.newpipe.local.subscription.SubscriptionViewModel$stateItemsDisposable$1: java.lang.Object apply(java.lang.Object)>
02-24 11:27:25.704  8719  8756 D TEST_LOG: METHOD=<org.schabi.newpipe.local.subscription.SubscriptionViewModel$stateItemsDisposable$1: java.util.List apply(java.util.List)>
02-24 11:27:25.704  8719  8756 D TEST_LOG: METHOD=<org.schabi.newpipe.local.subscription.SubscriptionViewModel$stateItemsDisposable$2: void accept(java.lang.Object)>
02-24 11:27:25.704  8719  8756 D TEST_LOG: METHOD=<org.schabi.newpipe.local.subscription.SubscriptionViewModel$stateItemsDisposable$2: void accept(java.util.List)>
02-24 11:27:25.704  8719  8756 D TEST_LOG: METHOD=<org.schabi.newpipe.local.subscription.SubscriptionViewModel: androidx.lifecycle.MutableLiveData access$getMutableStateLiveData$p(org.schabi.newpipe.local.subscription.SubscriptionViewModel)>
02-24 11:27:25.704  8719  8756 D TEST_LOG: CLASS=org.schabi.newpipe.local.subscription.SubscriptionViewModel$SubscriptionState$LoadedState
02-24 11:27:25.704  8719  8756 D TEST_LOG: METHOD=<org.schabi.newpipe.local.subscription.SubscriptionViewModel$SubscriptionState$LoadedState: void <init>(java.util.List)>
02-24 11:27:25.704  8719  8756 D TEST_LOG: CLASS=org.schabi.newpipe.local.subscription.SubscriptionViewModel$SubscriptionState
02-24 11:27:25.704  8719  8756 D TEST_LOG: METHOD=<org.schabi.newpipe.local.subscription.SubscriptionViewModel$SubscriptionState: void <init>(kotlin.jvm.internal.DefaultConstructorMarker)>
02-24 11:27:25.704  8719  8756 D TEST_LOG: METHOD=<org.schabi.newpipe.local.subscription.SubscriptionViewModel$SubscriptionState: void <init>()>
02-24 11:27:25.704  8719  8753 D TEST_LOG: METHOD=<org.schabi.newpipe.local.subscription.SubscriptionViewModel$feedGroupItemsDisposable$1: java.lang.Object apply(java.lang.Object,java.lang.Object)>
02-24 11:27:25.704  8719  8753 D TEST_LOG: METHOD=<org.schabi.newpipe.local.subscription.SubscriptionViewModel$feedGroupItemsDisposable$1: kotlin.Pair apply(java.util.List,java.lang.Boolean)>
02-24 11:27:25.704  8719  8753 D TEST_LOG: METHOD=<org.schabi.newpipe.local.subscription.SubscriptionViewModel$feedGroupItemsDisposable$2: java.lang.Object apply(java.lang.Object)>
02-24 11:27:25.704  8719  8753 D TEST_LOG: METHOD=<org.schabi.newpipe.local.subscription.SubscriptionViewModel$feedGroupItemsDisposable$2: kotlin.Pair apply(kotlin.Pair)>
02-24 11:27:25.705  8719  8753 D TEST_LOG: CLASS=org.schabi.newpipe.local.subscription.SubscriptionViewModel$feedGroupItemsDisposable$2$1
02-24 11:27:25.705  8719  8753 D TEST_LOG: METHOD=<org.schabi.newpipe.local.subscription.SubscriptionViewModel$feedGroupItemsDisposable$2$1: void <clinit>()>
02-24 11:27:25.705  8719  8753 D TEST_LOG: METHOD=<org.schabi.newpipe.local.subscription.SubscriptionViewModel$feedGroupItemsDisposable$2$1: void <init>()>
02-24 11:27:25.705  8719  8753 D TEST_LOG: METHOD=<org.schabi.newpipe.local.subscription.SubscriptionViewModel$feedGroupItemsDisposable$3: void accept(java.lang.Object)>
02-24 11:27:25.705  8719  8753 D TEST_LOG: METHOD=<org.schabi.newpipe.local.subscription.SubscriptionViewModel$feedGroupItemsDisposable$3: void accept(kotlin.Pair)>
02-24 11:27:25.705  8719  8753 D TEST_LOG: METHOD=<org.schabi.newpipe.local.subscription.SubscriptionViewModel: androidx.lifecycle.MutableLiveData access$getMutableFeedGroupsLiveData$p(org.schabi.newpipe.local.subscription.SubscriptionViewModel)>
02-24 11:27:25.705  8719  8753 D TEST_LOG: METHOD=<org.schabi.newpipe.database.playlist.dao.PlaylistRemoteDAO_Impl$6: java.lang.Object call()>
02-24 11:27:25.705  8719  8753 D TEST_LOG: METHOD=<org.schabi.newpipe.database.playlist.dao.PlaylistRemoteDAO_Impl$6: java.util.List call()>
02-24 11:27:25.705  8719  8753 D TEST_LOG: METHOD=<org.schabi.newpipe.database.playlist.dao.PlaylistRemoteDAO_Impl: androidx.room.RoomDatabase '-$$Nest$fget__db'(org.schabi.newpipe.database.playlist.dao.PlaylistRemoteDAO_Impl)>
02-24 11:27:25.705  8719  8754 D TEST_LOG: CLASS=org.schabi.newpipe.database.Converters
02-24 11:27:25.705  8719  8754 D TEST_LOG: METHOD=<org.schabi.newpipe.database.Converters: void <clinit>()>
02-24 11:27:25.705  8719  8754 D TEST_LOG: METHOD=<org.schabi.newpipe.database.Converters: void <init>()>
02-24 11:27:25.705  8719  8754 D TEST_LOG: METHOD=<org.schabi.newpipe.database.Converters: j$.time.OffsetDateTime offsetDateTimeFromTimestamp(java.lang.Long)>
02-24 11:27:25.705  8719  8754 D TEST_LOG: METHOD=<org.schabi.newpipe.local.feed.FeedViewModel$$ExternalSyntheticLambda0: java.lang.Object apply(java.lang.Object,java.lang.Object,java.lang.Object,java.lang.Object,java.lang.Object,java.lang.Object)>
02-24 11:27:25.705  8719  8754 D TEST_LOG: METHOD=<org.schabi.newpipe.local.feed.FeedViewModel: org.schabi.newpipe.local.feed.FeedViewModel$CombineResultEventHolder $r8$lambda$MQdHP4pAfE5PUcWReNUVj7Obd0M(org.schabi.newpipe.local.feed.service.FeedEventManager$Event,boolean,boolean,boolean,long,java.util.List)>
02-24 11:27:25.705  8719  8754 D TEST_LOG: METHOD=<org.schabi.newpipe.local.feed.FeedViewModel: org.schabi.newpipe.local.feed.FeedViewModel$CombineResultEventHolder combineDisposable$lambda$0(org.schabi.newpipe.local.feed.service.FeedEventManager$Event,boolean,boolean,boolean,long,java.util.List)>
02-24 11:27:25.705  8719  8754 D TEST_LOG: CLASS=org.schabi.newpipe.local.feed.FeedViewModel$CombineResultEventHolder
02-24 11:27:25.705  8719  8754 D TEST_LOG: METHOD=<org.schabi.newpipe.local.feed.FeedViewModel$CombineResultEventHolder: void <init>(org.schabi.newpipe.local.feed.service.FeedEventManager$Event,boolean,boolean,boolean,long,j$.time.OffsetDateTime)>
02-24 11:27:25.707  8719  8755 D TEST_LOG: METHOD=<org.schabi.newpipe.database.playlist.dao.PlaylistStreamDAO_Impl$10: java.lang.Object call()>
02-24 11:27:25.707  8719  8755 D TEST_LOG: METHOD=<org.schabi.newpipe.database.playlist.dao.PlaylistStreamDAO_Impl$10: java.util.List call()>
02-24 11:27:25.707  8719  8755 D TEST_LOG: METHOD=<org.schabi.newpipe.database.playlist.dao.PlaylistStreamDAO_Impl: androidx.room.RoomDatabase '-$$Nest$fget__db'(org.schabi.newpipe.database.playlist.dao.PlaylistStreamDAO_Impl)>
02-24 11:27:25.708  8719  8755 D TEST_LOG: CLASS=org.schabi.newpipe.database.playlist.PlaylistMetadataEntry
02-24 11:27:25.725  8719  8755 D TEST_LOG: METHOD=<org.schabi.newpipe.database.playlist.PlaylistMetadataEntry: void <init>(long,java.lang.String,java.lang.String,long)>
02-24 11:27:25.726  8719  8749 D TEST_LOG: METHOD=<org.schabi.newpipe.local.feed.FeedViewModel$combineDisposable$2: java.lang.Object apply(java.lang.Object)>
02-24 11:27:25.727  8719  8749 D TEST_LOG: METHOD=<org.schabi.newpipe.local.feed.FeedViewModel$combineDisposable$2: org.schabi.newpipe.local.feed.FeedViewModel$CombineResultDataHolder apply(org.schabi.newpipe.local.feed.FeedViewModel$CombineResultEventHolder)>
02-24 11:27:25.727  8719  8749 D TEST_LOG: METHOD=<org.schabi.newpipe.local.feed.FeedViewModel$CombineResultEventHolder: org.schabi.newpipe.local.feed.service.FeedEventManager$Event component1()>
02-24 11:27:25.727  8719  8749 D TEST_LOG: METHOD=<org.schabi.newpipe.local.feed.FeedViewModel$CombineResultEventHolder: boolean component2()>
02-24 11:27:25.727  8719  8749 D TEST_LOG: METHOD=<org.schabi.newpipe.local.feed.FeedViewModel$CombineResultEventHolder: boolean component3()>
02-24 11:27:25.727  8719  8749 D TEST_LOG: METHOD=<org.schabi.newpipe.local.feed.FeedViewModel$CombineResultEventHolder: boolean component4()>
02-24 11:27:25.727  8719  8749 D TEST_LOG: METHOD=<org.schabi.newpipe.local.feed.FeedViewModel$CombineResultEventHolder: long component5()>
02-24 11:27:25.727  8719  8749 D TEST_LOG: METHOD=<org.schabi.newpipe.local.feed.FeedViewModel$CombineResultEventHolder: j$.time.OffsetDateTime component6()>
02-24 11:27:25.727  8719  8749 D TEST_LOG: METHOD=<org.schabi.newpipe.local.feed.FeedViewModel: org.schabi.newpipe.local.feed.FeedDatabaseManager access$getFeedDatabaseManager$p(org.schabi.newpipe.local.feed.FeedViewModel)>
02-24 11:27:25.727  8719  8749 D TEST_LOG: METHOD=<org.schabi.newpipe.local.feed.FeedDatabaseManager: io.reactivex.rxjava3.core.Maybe getStreams(long,boolean,boolean,boolean)>
02-24 11:27:25.727  8719  8749 D TEST_LOG: METHOD=<org.schabi.newpipe.database.feed.dao.FeedDAO_Impl: io.reactivex.rxjava3.core.Maybe getStreams(long,boolean,boolean,j$.time.OffsetDateTime)>
02-24 11:27:25.727  8719  8749 D TEST_LOG: METHOD=<org.schabi.newpipe.database.Converters: java.lang.Long offsetDateTimeToTimestamp(j$.time.OffsetDateTime)>
02-24 11:27:25.727  8719  8749 D TEST_LOG: CLASS=org.schabi.newpipe.database.feed.dao.FeedDAO_Impl$7
02-24 11:27:25.727  8719  8749 D TEST_LOG: METHOD=<org.schabi.newpipe.database.feed.dao.FeedDAO_Impl$7: void <init>(org.schabi.newpipe.database.feed.dao.FeedDAO_Impl,androidx.room.RoomSQLiteQuery)>
02-24 11:27:25.727  8719  8749 D TEST_LOG: METHOD=<org.schabi.newpipe.database.feed.dao.FeedDAO_Impl$7: java.lang.Object call()>
02-24 11:27:25.733  8719  8749 D TEST_LOG: METHOD=<org.schabi.newpipe.database.feed.dao.FeedDAO_Impl$7: java.util.List call()>
02-24 11:27:25.736  8719  8755 D TEST_LOG: METHOD=<org.schabi.newpipe.local.bookmark.BookmarkFragment$$ExternalSyntheticLambda0: java.lang.Object apply(java.lang.Object,java.lang.Object)>
02-24 11:27:25.736  8719  8755 D TEST_LOG: METHOD=<org.schabi.newpipe.database.playlist.PlaylistLocalItem$-CC: java.util.List merge(java.util.List,java.util.List)>
02-24 11:27:25.736  8719  8755 D TEST_LOG: CLASS=org.schabi.newpipe.database.playlist.PlaylistLocalItem$$ExternalSyntheticLambda0
02-24 11:27:25.736  8719  8755 D TEST_LOG: METHOD=<org.schabi.newpipe.database.playlist.PlaylistLocalItem$$ExternalSyntheticLambda0: void <init>()>
02-24 11:27:25.753  8719  8749 D TEST_LOG: CLASS=org.schabi.newpipe.local.feed.FeedViewModel$CombineResultDataHolder
02-24 11:27:25.753  8719  8749 D TEST_LOG: METHOD=<org.schabi.newpipe.local.feed.FeedViewModel$CombineResultDataHolder: void <init>(org.schabi.newpipe.local.feed.service.FeedEventManager$Event,java.util.List,long,j$.time.OffsetDateTime)>
02-24 11:27:25.876  8719  8719 D TEST_LOG: METHOD=<org.schabi.newpipe.MainActivity: boolean onCreateOptionsMenu(android.view.Menu)>
02-24 11:27:25.876  8719  8719 D TEST_LOG: METHOD=<org.schabi.newpipe.databinding.ToolbarSearchLayoutBinding: android.widget.FrameLayout getRoot()>
02-24 11:27:25.876  8719  8719 D TEST_LOG: METHOD=<org.schabi.newpipe.MainActivity: void updateDrawerNavigation()>
02-24 11:27:25.876  8719  8719 D TEST_LOG: CLASS=org.schabi.newpipe.MainActivity$$ExternalSyntheticLambda2
02-24 11:27:25.876  8719  8719 D TEST_LOG: METHOD=<org.schabi.newpipe.MainActivity$$ExternalSyntheticLambda2: void <init>(org.schabi.newpipe.MainActivity)>
02-24 11:27:25.877  8719  8719 D TEST_LOG: METHOD=<org.schabi.newpipe.fragments.MainFragment: void onCreateOptionsMenu(android.view.Menu,android.view.MenuInflater)>
02-24 11:27:25.878  8719  8719 D TEST_LOG: METHOD=<org.schabi.newpipe.fragments.list.kiosk.KioskFragment: void onCreateOptionsMenu(android.view.Menu,android.view.MenuInflater)>
02-24 11:27:25.878  8719  8719 D TEST_LOG: METHOD=<org.schabi.newpipe.fragments.list.BaseListFragment: void onCreateOptionsMenu(android.view.Menu,android.view.MenuInflater)>
02-24 11:27:25.945  8719  8719 D TEST_LOG: METHOD=<org.schabi.newpipe.fragments.list.BaseListFragment$$ExternalSyntheticLambda0: void run()>
02-24 11:27:25.947  8719  8719 D TEST_LOG: METHOD=<org.schabi.newpipe.fragments.list.BaseListFragment: void $r8$lambda$1dnIdqIFpXDky2r_UbSDuwtofCo(org.schabi.newpipe.fragments.list.BaseListFragment,boolean)>
02-24 11:27:25.947  8719  8719 D TEST_LOG: METHOD=<org.schabi.newpipe.fragments.list.BaseListFragment: void lambda$showListFooter$3(boolean)>
02-24 11:27:25.947  8719  8719 D TEST_LOG: METHOD=<org.schabi.newpipe.info_list.InfoListAdapter: void showFooter(boolean)>
02-24 11:27:25.948  8719  8719 D TEST_LOG: METHOD=<org.schabi.newpipe.local.feed.FeedViewModel$combineDisposable$3: void accept(java.lang.Object)>
02-24 11:27:25.948  8719  8719 D TEST_LOG: METHOD=<org.schabi.newpipe.local.feed.FeedViewModel$combineDisposable$3: void accept(org.schabi.newpipe.local.feed.FeedViewModel$CombineResultDataHolder)>
02-24 11:27:25.948  8719  8719 D TEST_LOG: METHOD=<org.schabi.newpipe.local.feed.FeedViewModel$CombineResultDataHolder: org.schabi.newpipe.local.feed.service.FeedEventManager$Event component1()>
02-24 11:27:25.948  8719  8719 D TEST_LOG: METHOD=<org.schabi.newpipe.local.feed.FeedViewModel$CombineResultDataHolder: java.util.List component2()>
02-24 11:27:25.948  8719  8719 D TEST_LOG: METHOD=<org.schabi.newpipe.local.feed.FeedViewModel$CombineResultDataHolder: long component3()>
02-24 11:27:25.948  8719  8719 D TEST_LOG: METHOD=<org.schabi.newpipe.local.feed.FeedViewModel$CombineResultDataHolder: j$.time.OffsetDateTime component4()>
02-24 11:27:25.948  8719  8719 D TEST_LOG: METHOD=<org.schabi.newpipe.local.feed.FeedViewModel: androidx.lifecycle.MutableLiveData access$getMutableStateLiveData$p(org.schabi.newpipe.local.feed.FeedViewModel)>
02-24 11:27:25.948  8719  8719 D TEST_LOG: CLASS=org.schabi.newpipe.local.feed.FeedState$LoadedState
02-24 11:27:25.948  8719  8719 D TEST_LOG: METHOD=<org.schabi.newpipe.local.feed.FeedState$LoadedState: void <init>(java.util.List,j$.time.OffsetDateTime,long,java.util.List,int,kotlin.jvm.internal.DefaultConstructorMarker)>
02-24 11:27:25.948  8719  8719 D TEST_LOG: METHOD=<org.schabi.newpipe.local.feed.FeedState$LoadedState: void <init>(java.util.List,j$.time.OffsetDateTime,long,java.util.List)>
02-24 11:27:25.948  8719  8719 D TEST_LOG: CLASS=org.schabi.newpipe.local.feed.FeedState
02-24 11:27:25.948  8719  8719 D TEST_LOG: METHOD=<org.schabi.newpipe.local.feed.FeedState: void <init>(kotlin.jvm.internal.DefaultConstructorMarker)>
02-24 11:27:25.948  8719  8719 D TEST_LOG: METHOD=<org.schabi.newpipe.local.feed.FeedState: void <init>()>
02-24 11:27:25.948  8719  8719 D TEST_LOG: METHOD=<org.schabi.newpipe.local.bookmark.BookmarkFragment$2: void onNext(java.lang.Object)>
02-24 11:27:25.948  8719  8719 D TEST_LOG: METHOD=<org.schabi.newpipe.local.bookmark.BookmarkFragment$2: void onNext(java.util.List)>
02-24 11:27:25.948  8719  8719 D TEST_LOG: METHOD=<org.schabi.newpipe.local.bookmark.BookmarkFragment: void handleResult(java.util.List)>
02-24 11:27:25.948  8719  8719 D TEST_LOG: METHOD=<org.schabi.newpipe.fragments.BaseStateFragment: void handleResult(java.lang.Object)>
02-24 11:27:25.948  8719  8719 D TEST_LOG: METHOD=<org.schabi.newpipe.local.BaseLocalListFragment: void hideLoading()>
02-24 11:27:25.948  8719  8719 D TEST_LOG: METHOD=<org.schabi.newpipe.fragments.BaseStateFragment: void hideLoading()>
02-24 11:27:25.948  8719  8719 D TEST_LOG: METHOD=<org.schabi.newpipe.local.LocalItemListAdapter: void addItems(java.util.List)>
02-24 11:27:25.949  8719  8719 D TEST_LOG: METHOD=<org.schabi.newpipe.local.LocalItemListAdapter: int sizeConsideringHeader()>
02-24 11:27:25.949  8719  8719 D TEST_LOG: METHOD=<org.schabi.newpipe.MainActivity$$ExternalSyntheticLambda1: void run()>
02-24 11:27:25.949  8719  8719 D TEST_LOG: METHOD=<org.schabi.newpipe.MainActivity: void $r8$lambda$Z9MJVugtwh_udKJNeojwdvchD6E(org.schabi.newpipe.MainActivity)>
02-24 11:27:25.949  8719  8719 D TEST_LOG: METHOD=<org.schabi.newpipe.MainActivity: void lambda$onResume$1()>
02-24 11:27:25.949  8719  8719 D TEST_LOG: METHOD=<org.schabi.newpipe.local.subscription.SubscriptionFragment$$ExternalSyntheticLambda0: void onChanged(java.lang.Object)>
02-24 11:27:25.949  8719  8719 D TEST_LOG: METHOD=<org.schabi.newpipe.local.subscription.SubscriptionFragment: void $r8$lambda$an_Ibj0VXaceIkVil8l-5HRozb8(kotlin.jvm.functions.Function1,java.lang.Object)>
02-24 11:27:25.950  8719  8719 D TEST_LOG: METHOD=<org.schabi.newpipe.local.subscription.SubscriptionFragment: void initViews$lambda$5(kotlin.jvm.functions.Function1,java.lang.Object)>
02-24 11:27:25.950  8719  8719 D TEST_LOG: METHOD=<org.schabi.newpipe.local.subscription.SubscriptionFragment$initViews$2: java.lang.Object invoke(java.lang.Object)>
02-24 11:27:25.950  8719  8719 D TEST_LOG: METHOD=<org.schabi.newpipe.local.subscription.SubscriptionFragment$initViews$2: void invoke(org.schabi.newpipe.local.subscription.SubscriptionViewModel$SubscriptionState)>
02-24 11:27:25.950  8719  8719 D TEST_LOG: METHOD=<org.schabi.newpipe.local.subscription.SubscriptionFragment: void handleResult(org.schabi.newpipe.local.subscription.SubscriptionViewModel$SubscriptionState)>
02-24 11:27:25.950  8719  8719 D TEST_LOG: METHOD=<org.schabi.newpipe.local.subscription.SubscriptionFragment: void hideLoading()>
02-24 11:27:25.950  8719  8719 D TEST_LOG: METHOD=<org.schabi.newpipe.local.subscription.SubscriptionViewModel$SubscriptionState$LoadedState: java.util.List getSubscriptions()>
02-24 11:27:25.956  8719  8719 D TEST_LOG: METHOD=<org.schabi.newpipe.local.subscription.SubscriptionFragment$$ExternalSyntheticLambda1: void onChanged(java.lang.Object)>
02-24 11:27:25.957  8719  8719 D TEST_LOG: METHOD=<org.schabi.newpipe.local.subscription.SubscriptionFragment: void $r8$lambda$40vNiIWdWu1GArNuWGtBzPBqB5M(kotlin.jvm.functions.Function1,java.lang.Object)>
02-24 11:27:25.958  8719  8719 D TEST_LOG: METHOD=<org.schabi.newpipe.local.subscription.SubscriptionFragment: void initViews$lambda$6(kotlin.jvm.functions.Function1,java.lang.Object)>
02-24 11:27:25.958  8719  8719 D TEST_LOG: METHOD=<org.schabi.newpipe.local.subscription.SubscriptionFragment$initViews$3: java.lang.Object invoke(java.lang.Object)>
02-24 11:27:25.958  8719  8719 D TEST_LOG: METHOD=<org.schabi.newpipe.local.subscription.SubscriptionFragment$initViews$3: void invoke(kotlin.Pair)>
02-24 11:27:25.958  8719  8719 D TEST_LOG: METHOD=<org.schabi.newpipe.local.subscription.SubscriptionFragment: void access$handleFeedGroups(org.schabi.newpipe.local.subscription.SubscriptionFragment,java.util.List,boolean)>
02-24 11:27:25.958  8719  8719 D TEST_LOG: METHOD=<org.schabi.newpipe.local.subscription.SubscriptionFragment: void handleFeedGroups(java.util.List,boolean)>
02-24 11:27:25.958  8719  8719 D TEST_LOG: CLASS=org.schabi.newpipe.local.subscription.SubscriptionFragment$$ExternalSyntheticLambda7
02-24 11:27:25.958  8719  8719 D TEST_LOG: METHOD=<org.schabi.newpipe.local.subscription.SubscriptionFragment$$ExternalSyntheticLambda7: void <init>(org.schabi.newpipe.local.subscription.SubscriptionFragment,boolean,java.util.List)>
02-24 11:27:25.958  8719  8719 D TEST_LOG: METHOD=<org.schabi.newpipe.local.subscription.item.GroupsHeader: int getLayout()>
02-24 11:27:25.961  8719  8719 D TEST_LOG: METHOD=<org.schabi.newpipe.local.subscription.item.GroupsHeader: androidx.viewbinding.ViewBinding initializeViewBinding(android.view.View)>
02-24 11:27:25.961  8719  8719 D TEST_LOG: METHOD=<org.schabi.newpipe.local.subscription.item.GroupsHeader: org.schabi.newpipe.databinding.SubscriptionGroupsHeaderBinding initializeViewBinding(android.view.View)>
02-24 11:27:25.961  8719  8719 D TEST_LOG: METHOD=<org.schabi.newpipe.databinding.SubscriptionGroupsHeaderBinding: org.schabi.newpipe.databinding.SubscriptionGroupsHeaderBinding bind(android.view.View)>
02-24 11:27:25.962  8719  8719 D TEST_LOG: CLASS=org.schabi.newpipe.databinding.SubscriptionGroupsHeaderBinding
02-24 11:27:25.962  8719  8719 D TEST_LOG: METHOD=<org.schabi.newpipe.databinding.SubscriptionGroupsHeaderBinding: void <init>(android.widget.LinearLayout,android.widget.ImageButton,org.schabi.newpipe.views.NewPipeTextView,android.widget.ImageButton)>
02-24 11:27:25.962  8719  8719 D TEST_LOG: METHOD=<org.schabi.newpipe.databinding.SubscriptionGroupsHeaderBinding: android.view.View getRoot()>
02-24 11:27:25.964  8719  8719 D TEST_LOG: METHOD=<org.schabi.newpipe.databinding.SubscriptionGroupsHeaderBinding: android.widget.LinearLayout getRoot()>
02-24 11:27:25.965  8719  8719 D TEST_LOG: METHOD=<org.schabi.newpipe.local.subscription.item.GroupsHeader: void bind(androidx.viewbinding.ViewBinding,int,java.util.List)>
02-24 11:27:25.965  8719  8719 D TEST_LOG: METHOD=<org.schabi.newpipe.local.subscription.item.GroupsHeader: void bind(org.schabi.newpipe.databinding.SubscriptionGroupsHeaderBinding,int,java.util.List)>
02-24 11:27:25.965  8719  8719 D TEST_LOG: METHOD=<org.schabi.newpipe.local.subscription.item.GroupsHeader: void bind(androidx.viewbinding.ViewBinding,int)>
02-24 11:27:25.965  8719  8719 D TEST_LOG: METHOD=<org.schabi.newpipe.local.subscription.item.GroupsHeader: void bind(org.schabi.newpipe.databinding.SubscriptionGroupsHeaderBinding,int)>
02-24 11:27:25.965  8719  8719 D TEST_LOG: CLASS=org.schabi.newpipe.local.subscription.item.GroupsHeader$$ExternalSyntheticLambda0
02-24 11:27:25.965  8719  8719 D TEST_LOG: METHOD=<org.schabi.newpipe.local.subscription.item.GroupsHeader$$ExternalSyntheticLambda0: void <init>(org.schabi.newpipe.local.subscription.item.GroupsHeader)>
02-24 11:27:25.967  8719  8719 D TEST_LOG: CLASS=org.schabi.newpipe.local.subscription.item.GroupsHeader$$ExternalSyntheticLambda1
02-24 11:27:25.967  8719  8719 D TEST_LOG: METHOD=<org.schabi.newpipe.local.subscription.item.GroupsHeader$$ExternalSyntheticLambda1: void <init>(org.schabi.newpipe.local.subscription.item.GroupsHeader)>
02-24 11:27:25.967  8719  8719 D TEST_LOG: METHOD=<org.schabi.newpipe.local.subscription.item.GroupsHeader: void updateIcons(org.schabi.newpipe.databinding.SubscriptionGroupsHeaderBinding)>
02-24 11:27:25.970  8719  8719 D TEST_LOG: METHOD=<org.schabi.newpipe.local.subscription.item.FeedGroupCarouselItem: int getLayout()>
02-24 11:27:25.971  8719  8719 D TEST_LOG: METHOD=<org.schabi.newpipe.local.subscription.item.FeedGroupCarouselItem: androidx.viewbinding.ViewBinding initializeViewBinding(android.view.View)>
02-24 11:27:25.971  8719  8719 D TEST_LOG: METHOD=<org.schabi.newpipe.local.subscription.item.FeedGroupCarouselItem: org.schabi.newpipe.databinding.FeedItemCarouselBinding initializeViewBinding(android.view.View)>
02-24 11:27:25.971  8719  8719 D TEST_LOG: METHOD=<org.schabi.newpipe.databinding.FeedItemCarouselBinding: org.schabi.newpipe.databinding.FeedItemCarouselBinding bind(android.view.View)>
02-24 11:27:25.971  8719  8719 D TEST_LOG: CLASS=org.schabi.newpipe.databinding.FeedItemCarouselBinding
02-24 11:27:25.971  8719  8719 D TEST_LOG: METHOD=<org.schabi.newpipe.databinding.FeedItemCarouselBinding: void <init>(androidx.recyclerview.widget.RecyclerView,androidx.recyclerview.widget.RecyclerView)>
02-24 11:27:25.971  8719  8719 D TEST_LOG: METHOD=<org.schabi.newpipe.local.subscription.item.FeedGroupCarouselItem: void updateViewMode(org.schabi.newpipe.databinding.FeedItemCarouselBinding)>
02-24 11:27:25.971  8719  8719 D TEST_LOG: METHOD=<org.schabi.newpipe.databinding.FeedItemCarouselBinding: androidx.recyclerview.widget.RecyclerView getRoot()>
02-24 11:27:25.971  8719  8719 D TEST_LOG: METHOD=<org.schabi.newpipe.databinding.FeedItemCarouselBinding: android.view.View getRoot()>
02-24 11:27:25.971  8719  8719 D TEST_LOG: METHOD=<org.schabi.newpipe.local.subscription.item.FeedGroupCarouselItem: void bind(androidx.viewbinding.ViewBinding,int,java.util.List)>
02-24 11:27:25.971  8719  8719 D TEST_LOG: METHOD=<org.schabi.newpipe.local.subscription.item.FeedGroupCarouselItem: void bind(org.schabi.newpipe.databinding.FeedItemCarouselBinding,int,java.util.List)>
02-24 11:27:25.971  8719  8719 D TEST_LOG: METHOD=<org.schabi.newpipe.local.subscription.item.FeedGroupCarouselItem: void bind(androidx.viewbinding.ViewBinding,int)>
02-24 11:27:25.971  8719  8719 D TEST_LOG: METHOD=<org.schabi.newpipe.local.subscription.item.FeedGroupCarouselItem: void bind(org.schabi.newpipe.databinding.FeedItemCarouselBinding,int)>
02-24 11:27:25.971  8719  8719 D TEST_LOG: METHOD=<org.schabi.newpipe.local.subscription.item.Header: int getLayout()>
02-24 11:27:25.972  8719  8719 D TEST_LOG: METHOD=<org.schabi.newpipe.local.subscription.item.Header: androidx.viewbinding.ViewBinding initializeViewBinding(android.view.View)>
02-24 11:27:25.972  8719  8719 D TEST_LOG: METHOD=<org.schabi.newpipe.local.subscription.item.Header: org.schabi.newpipe.databinding.SubscriptionHeaderBinding initializeViewBinding(android.view.View)>
02-24 11:27:25.972  8719  8719 D TEST_LOG: METHOD=<org.schabi.newpipe.databinding.SubscriptionHeaderBinding: org.schabi.newpipe.databinding.SubscriptionHeaderBinding bind(android.view.View)>
02-24 11:27:25.972  8719  8719 D TEST_LOG: CLASS=org.schabi.newpipe.databinding.SubscriptionHeaderBinding
02-24 11:27:25.972  8719  8719 D TEST_LOG: METHOD=<org.schabi.newpipe.databinding.SubscriptionHeaderBinding: void <init>(org.schabi.newpipe.views.NewPipeTextView)>
02-24 11:27:25.972  8719  8719 D TEST_LOG: METHOD=<org.schabi.newpipe.databinding.SubscriptionHeaderBinding: android.view.View getRoot()>
02-24 11:27:25.972  8719  8719 D TEST_LOG: METHOD=<org.schabi.newpipe.databinding.SubscriptionHeaderBinding: org.schabi.newpipe.views.NewPipeTextView getRoot()>
02-24 11:27:25.972  8719  8719 D TEST_LOG: METHOD=<org.schabi.newpipe.local.subscription.item.Header: void bind(androidx.viewbinding.ViewBinding,int)>
02-24 11:27:25.972  8719  8719 D TEST_LOG: METHOD=<org.schabi.newpipe.local.subscription.item.Header: void bind(org.schabi.newpipe.databinding.SubscriptionHeaderBinding,int)>
02-24 11:27:25.972  8719  8719 D TEST_LOG: METHOD=<org.schabi.newpipe.local.subscription.item.ImportSubscriptionsHintPlaceholderItem: int getSpanSize(int,int)>
02-24 11:27:25.972  8719  8719 D TEST_LOG: METHOD=<org.schabi.newpipe.local.subscription.item.ImportSubscriptionsHintPlaceholderItem: int getLayout()>
02-24 11:27:25.972  8719  8719 D TEST_LOG: METHOD=<org.schabi.newpipe.local.subscription.item.ImportSubscriptionsHintPlaceholderItem: androidx.viewbinding.ViewBinding initializeViewBinding(android.view.View)>
02-24 11:27:25.972  8719  8719 D TEST_LOG: METHOD=<org.schabi.newpipe.local.subscription.item.ImportSubscriptionsHintPlaceholderItem: org.schabi.newpipe.databinding.ListEmptyViewBinding initializeViewBinding(android.view.View)>
02-24 11:27:25.972  8719  8719 D TEST_LOG: METHOD=<org.schabi.newpipe.databinding.ListEmptyViewBinding: android.view.View getRoot()>
02-24 11:27:25.972  8719  8719 D TEST_LOG: METHOD=<org.schabi.newpipe.databinding.ListEmptyViewBinding: android.widget.LinearLayout getRoot()>
02-24 11:27:25.972  8719  8719 D TEST_LOG: METHOD=<org.schabi.newpipe.local.subscription.item.ImportSubscriptionsHintPlaceholderItem: void bind(androidx.viewbinding.ViewBinding,int)>
02-24 11:27:25.972  8719  8719 D TEST_LOG: METHOD=<org.schabi.newpipe.local.subscription.item.ImportSubscriptionsHintPlaceholderItem: void bind(org.schabi.newpipe.databinding.ListEmptyViewBinding,int)>
02-24 11:27:25.985  8719  8719 D TEST_LOG: METHOD=<org.schabi.newpipe.local.LocalItemListAdapter: int getItemViewType(int)>
02-24 11:27:25.985  8719  8719 D TEST_LOG: CLASS=org.schabi.newpipe.local.LocalItemListAdapter$2
02-24 11:27:25.985  8719  8719 D TEST_LOG: METHOD=<org.schabi.newpipe.local.LocalItemListAdapter$2: void <clinit>()>
02-24 11:27:25.985  8719  8719 D TEST_LOG: METHOD=<org.schabi.newpipe.database.LocalItem$LocalItemType: org.schabi.newpipe.database.LocalItem$LocalItemType[] values()>
02-24 11:27:25.985  8719  8719 D TEST_LOG: METHOD=<org.schabi.newpipe.database.playlist.PlaylistMetadataEntry: org.schabi.newpipe.database.LocalItem$LocalItemType getLocalItemType()>
02-24 11:27:25.985  8719  8719 D TEST_LOG: METHOD=<org.schabi.newpipe.local.LocalItemListAdapter: androidx.recyclerview.widget.RecyclerView$ViewHolder onCreateViewHolder(android.view.ViewGroup,int)>
02-24 11:27:25.986  8719  8719 D TEST_LOG: CLASS=org.schabi.newpipe.local.holder.LocalPlaylistItemHolder
02-24 11:27:25.986  8719  8719 D TEST_LOG: METHOD=<org.schabi.newpipe.local.holder.LocalPlaylistItemHolder: void <init>(org.schabi.newpipe.local.LocalItemBuilder,android.view.ViewGroup)>
02-24 11:27:25.986  8719  8719 D TEST_LOG: CLASS=org.schabi.newpipe.local.holder.PlaylistItemHolder
02-24 11:27:25.986  8719  8719 D TEST_LOG: METHOD=<org.schabi.newpipe.local.holder.PlaylistItemHolder: void <init>(org.schabi.newpipe.local.LocalItemBuilder,android.view.ViewGroup)>
02-24 11:27:25.986  8719  8719 D TEST_LOG: METHOD=<org.schabi.newpipe.local.holder.PlaylistItemHolder: void <init>(org.schabi.newpipe.local.LocalItemBuilder,int,android.view.ViewGroup)>
02-24 11:27:25.986  8719  8719 D TEST_LOG: CLASS=org.schabi.newpipe.local.holder.LocalItemHolder
02-24 11:27:25.986  8719  8719 D TEST_LOG: METHOD=<org.schabi.newpipe.local.holder.LocalItemHolder: void <init>(org.schabi.newpipe.local.LocalItemBuilder,int,android.view.ViewGroup)>
02-24 11:27:25.986  8719  8719 D TEST_LOG: METHOD=<org.schabi.newpipe.local.LocalItemBuilder: android.content.Context getContext()>
02-24 11:27:25.988  8719  8719 D TEST_LOG: METHOD=<org.schabi.newpipe.local.LocalItemListAdapter: void onBindViewHolder(androidx.recyclerview.widget.RecyclerView$ViewHolder,int,java.util.List)>
02-24 11:27:25.988  8719  8719 D TEST_LOG: METHOD=<org.schabi.newpipe.local.LocalItemListAdapter: void onBindViewHolder(androidx.recyclerview.widget.RecyclerView$ViewHolder,int)>
02-24 11:27:25.988  8719  8719 D TEST_LOG: METHOD=<org.schabi.newpipe.local.holder.LocalPlaylistItemHolder: void updateFromItem(org.schabi.newpipe.database.LocalItem,org.schabi.newpipe.local.history.HistoryRecordManager,j$.time.format.DateTimeFormatter)>
02-24 11:27:25.988  8719  8719 D TEST_LOG: METHOD=<org.schabi.newpipe.util.Localization: java.lang.String localizeStreamCountMini(android.content.Context,long)>
02-24 11:27:25.988  8719  8719 D TEST_LOG: METHOD=<org.schabi.newpipe.util.PicassoHelper: com.squareup.picasso.RequestCreator loadPlaylistThumbnail(java.lang.String)>
02-24 11:27:25.988  8719  8719 D TEST_LOG: METHOD=<org.schabi.newpipe.util.PicassoHelper: com.squareup.picasso.RequestCreator loadImageDefault(java.lang.String,int)>
02-24 11:27:25.988  8719  8719 D TEST_LOG: METHOD=<org.schabi.newpipe.util.PicassoHelper: com.squareup.picasso.RequestCreator loadImageDefault(java.lang.String,int,boolean)>
02-24 11:27:25.988  8719  8719 D TEST_LOG: METHOD=<org.schabi.newpipe.extractor.utils.Utils: boolean isBlank(java.lang.String)>
02-24 11:27:25.988  8719  8719 D TEST_LOG: METHOD=<org.schabi.newpipe.extractor.utils.Utils$$ExternalSyntheticBackport0: boolean m(java.lang.String)>
02-24 11:27:25.989  8719  8719 D TEST_LOG: METHOD=<org.schabi.newpipe.local.holder.PlaylistItemHolder: void updateFromItem(org.schabi.newpipe.database.LocalItem,org.schabi.newpipe.local.history.HistoryRecordManager,j$.time.format.DateTimeFormatter)>
02-24 11:27:25.989  8719  8719 D TEST_LOG: CLASS=org.schabi.newpipe.local.holder.PlaylistItemHolder$$ExternalSyntheticLambda0
02-24 11:27:25.989  8719  8719 D TEST_LOG: METHOD=<org.schabi.newpipe.local.holder.PlaylistItemHolder$$ExternalSyntheticLambda0: void <init>(org.schabi.newpipe.local.holder.PlaylistItemHolder,org.schabi.newpipe.database.LocalItem)>
02-24 11:27:25.989  8719  8719 D TEST_LOG: CLASS=org.schabi.newpipe.local.holder.PlaylistItemHolder$$ExternalSyntheticLambda1
02-24 11:27:25.989  8719  8719 D TEST_LOG: METHOD=<org.schabi.newpipe.local.holder.PlaylistItemHolder$$ExternalSyntheticLambda1: void <init>(org.schabi.newpipe.local.holder.PlaylistItemHolder,org.schabi.newpipe.database.LocalItem)>
02-24 11:27:26.002  8719  8719 D TEST_LOG: METHOD=<org.schabi.newpipe.local.feed.FeedFragment$$ExternalSyntheticLambda5: void onChanged(java.lang.Object)>
02-24 11:27:26.002  8719  8719 D TEST_LOG: METHOD=<org.schabi.newpipe.local.feed.FeedFragment: void $r8$lambda$mE2UKJipSy16F3uobBNFtA1U3x8(kotlin.jvm.functions.Function1,java.lang.Object)>
02-24 11:27:26.002  8719  8719 D TEST_LOG: METHOD=<org.schabi.newpipe.local.feed.FeedFragment: void onViewCreated$lambda$1(kotlin.jvm.functions.Function1,java.lang.Object)>
02-24 11:27:26.002  8719  8719 D TEST_LOG: METHOD=<org.schabi.newpipe.local.feed.FeedFragment$onViewCreated$1: java.lang.Object invoke(java.lang.Object)>
02-24 11:27:26.002  8719  8719 D TEST_LOG: METHOD=<org.schabi.newpipe.local.feed.FeedFragment$onViewCreated$1: void invoke(org.schabi.newpipe.local.feed.FeedState)>
02-24 11:27:26.002  8719  8719 D TEST_LOG: METHOD=<org.schabi.newpipe.local.feed.FeedFragment: void handleResult(org.schabi.newpipe.local.feed.FeedState)>
02-24 11:27:26.002  8719  8719 D TEST_LOG: METHOD=<org.schabi.newpipe.local.feed.FeedFragment: void handleLoadedState(org.schabi.newpipe.local.feed.FeedState$LoadedState)>
02-24 11:27:26.002  8719  8719 D TEST_LOG: CLASS=org.schabi.newpipe.local.feed.FeedFragment$WhenMappings
02-24 11:27:26.002  8719  8719 D TEST_LOG: METHOD=<org.schabi.newpipe.local.feed.FeedFragment$WhenMappings: void <clinit>()>
02-24 11:27:26.002  8719  8719 D TEST_LOG: METHOD=<org.schabi.newpipe.info_list.ItemViewMode: org.schabi.newpipe.info_list.ItemViewMode[] values()>
02-24 11:27:26.002  8719  8719 D TEST_LOG: CLASS=org.schabi.newpipe.local.feed.item.StreamItem$ItemVersion
02-24 11:27:26.002  8719  8719 D TEST_LOG: METHOD=<org.schabi.newpipe.local.feed.item.StreamItem$ItemVersion: void <clinit>()>
02-24 11:27:26.002  8719  8719 D TEST_LOG: METHOD=<org.schabi.newpipe.local.feed.item.StreamItem$ItemVersion: void <init>(java.lang.String,int)>
02-24 11:27:26.002  8719  8719 D TEST_LOG: METHOD=<org.schabi.newpipe.local.feed.item.StreamItem$ItemVersion: org.schabi.newpipe.local.feed.item.StreamItem$ItemVersion[] $values()>
02-24 11:27:26.002  8719  8719 D TEST_LOG: METHOD=<org.schabi.newpipe.local.feed.FeedState$LoadedState: java.util.List getItems()>
02-24 11:27:26.002  8719  8719 D TEST_LOG: CLASS=org.schabi.newpipe.local.feed.FeedFragment$$ExternalSyntheticLambda6
02-24 11:27:26.002  8719  8719 D TEST_LOG: METHOD=<org.schabi.newpipe.local.feed.FeedFragment$$ExternalSyntheticLambda6: void <init>(j$.time.OffsetDateTime,org.schabi.newpipe.local.feed.FeedFragment)>
02-24 11:27:26.002  8719  8719 D TEST_LOG: METHOD=<org.schabi.newpipe.local.feed.FeedFragment$$ExternalSyntheticLambda6: void onUpdateComplete()>
02-24 11:27:26.002  8719  8719 D TEST_LOG: METHOD=<org.schabi.newpipe.local.feed.FeedFragment: void $r8$lambda$BLo2f7SqMRDylXOcnJDcu9Up0dM(j$.time.OffsetDateTime,org.schabi.newpipe.local.feed.FeedFragment)>
02-24 11:27:26.003  8719  8719 D TEST_LOG: METHOD=<org.schabi.newpipe.local.feed.FeedFragment: void handleLoadedState$lambda$13(j$.time.OffsetDateTime,org.schabi.newpipe.local.feed.FeedFragment)>
02-24 11:27:26.003  8719  8719 D TEST_LOG: METHOD=<org.schabi.newpipe.local.feed.FeedState$LoadedState: long getNotLoadedCount()>
02-24 11:27:26.003  8719  8719 D TEST_LOG: METHOD=<org.schabi.newpipe.local.feed.FeedState$LoadedState: j$.time.OffsetDateTime getOldestUpdate()>
02-24 11:27:26.003  8719  8719 D TEST_LOG: METHOD=<org.schabi.newpipe.local.feed.FeedState$LoadedState: java.util.List getItemsErrors()>
02-24 11:27:26.003  8719  8719 D TEST_LOG: METHOD=<org.schabi.newpipe.local.feed.FeedFragment: void handleItemsErrors(java.util.List)>
02-24 11:27:26.003  8719  8719 D TEST_LOG: METHOD=<org.schabi.newpipe.local.feed.FeedFragment: void showEmptyState()>
02-24 11:27:26.003  8719  8719 D TEST_LOG: METHOD=<org.schabi.newpipe.fragments.BaseStateFragment: void showEmptyState()>
02-24 11:27:26.003  8719  8719 D TEST_LOG: METHOD=<org.schabi.newpipe.local.feed.FeedFragment: void updateRefreshViewState()>
02-24 11:27:26.004  8719  8719 D TEST_LOG: METHOD=<org.schabi.newpipe.local.subscription.SubscriptionFragment$$ExternalSyntheticLambda7: void run()>
02-24 11:27:26.004  8719  8719 D TEST_LOG: METHOD=<org.schabi.newpipe.local.subscription.SubscriptionFragment: void $r8$lambda$DTQllRyJOH6Ma503XsnEQERhDJU(org.schabi.newpipe.local.subscription.SubscriptionFragment,boolean,java.util.List)>
02-24 11:27:26.004  8719  8719 D TEST_LOG: METHOD=<org.schabi.newpipe.local.subscription.SubscriptionFragment: void handleFeedGroups$lambda$15(org.schabi.newpipe.local.subscription.SubscriptionFragment,boolean,java.util.List)>
02-24 11:27:26.004  8719  8719 D TEST_LOG: METHOD=<org.schabi.newpipe.local.subscription.item.FeedGroupCarouselItem: void setListViewMode(boolean)>
02-24 11:27:26.004  8719  8719 D TEST_LOG: METHOD=<org.schabi.newpipe.local.subscription.item.GroupsHeader: void setShowSortButton(boolean)>
02-24 11:27:26.004  8719  8719 D TEST_LOG: METHOD=<org.schabi.newpipe.local.subscription.item.GroupsHeader: void setListViewMode(boolean)>
02-24 11:27:26.004  8719  8719 D TEST_LOG: CLASS=org.schabi.newpipe.local.subscription.item.FeedGroupAddNewItem
02-24 11:27:26.004  8719  8719 D TEST_LOG: METHOD=<org.schabi.newpipe.local.subscription.item.FeedGroupAddNewItem: void <init>()>
02-24 11:27:26.004  8719  8719 D TEST_LOG: CLASS=org.schabi.newpipe.local.subscription.FeedGroupIcon
02-24 11:27:26.008  8719  8719 D TEST_LOG: METHOD=<org.schabi.newpipe.local.subscription.FeedGroupIcon: void <clinit>()>
02-24 11:27:26.008  8719  8719 D TEST_LOG: METHOD=<org.schabi.newpipe.local.subscription.FeedGroupIcon: void <init>(java.lang.String,int,int,int)>
02-24 11:27:26.008  8719  8719 D TEST_LOG: METHOD=<org.schabi.newpipe.local.subscription.FeedGroupIcon: org.schabi.newpipe.local.subscription.FeedGroupIcon[] $values()>
02-24 11:27:26.008  8719  8719 D TEST_LOG: CLASS=org.schabi.newpipe.local.subscription.item.FeedGroupCardItem
02-24 11:27:26.008  8719  8719 D TEST_LOG: METHOD=<org.schabi.newpipe.local.subscription.item.FeedGroupCardItem: void <init>(long,java.lang.String,org.schabi.newpipe.local.subscription.FeedGroupIcon)>
02-24 11:27:26.009  8719  8719 D TEST_LOG: METHOD=<org.schabi.newpipe.local.subscription.item.FeedGroupAddNewItem: int getLayout()>
02-24 11:27:26.010  8719  8719 D TEST_LOG: METHOD=<org.schabi.newpipe.local.subscription.item.FeedGroupAddNewItem: androidx.viewbinding.ViewBinding initializeViewBinding(android.view.View)>
02-24 11:27:26.010  8719  8719 D TEST_LOG: METHOD=<org.schabi.newpipe.local.subscription.item.FeedGroupAddNewItem: org.schabi.newpipe.databinding.FeedGroupAddNewItemBinding initializeViewBinding(android.view.View)>
02-24 11:27:26.010  8719  8719 D TEST_LOG: METHOD=<org.schabi.newpipe.databinding.FeedGroupAddNewItemBinding: org.schabi.newpipe.databinding.FeedGroupAddNewItemBinding bind(android.view.View)>
02-24 11:27:26.010  8719  8719 D TEST_LOG: CLASS=org.schabi.newpipe.databinding.FeedGroupAddNewItemBinding
02-24 11:27:26.010  8719  8719 D TEST_LOG: METHOD=<org.schabi.newpipe.databinding.FeedGroupAddNewItemBinding: void <init>(androidx.cardview.widget.CardView,android.widget.ImageView,org.schabi.newpipe.views.NewPipeTextView)>
02-24 11:27:26.010  8719  8719 D TEST_LOG: METHOD=<org.schabi.newpipe.databinding.FeedGroupAddNewItemBinding: android.view.View getRoot()>
02-24 11:27:26.010  8719  8719 D TEST_LOG: METHOD=<org.schabi.newpipe.databinding.FeedGroupAddNewItemBinding: androidx.cardview.widget.CardView getRoot()>
02-24 11:27:26.010  8719  8719 D TEST_LOG: METHOD=<org.schabi.newpipe.local.subscription.item.FeedGroupAddNewItem: void bind(androidx.viewbinding.ViewBinding,int)>
02-24 11:27:26.010  8719  8719 D TEST_LOG: METHOD=<org.schabi.newpipe.local.subscription.item.FeedGroupAddNewItem: void bind(org.schabi.newpipe.databinding.FeedGroupAddNewItemBinding,int)>
02-24 11:27:26.010  8719  8719 D TEST_LOG: METHOD=<org.schabi.newpipe.local.subscription.item.FeedGroupCardItem: int getLayout()>
02-24 11:27:26.010  8719  8719 D TEST_LOG: METHOD=<org.schabi.newpipe.local.subscription.item.FeedGroupCardItem: androidx.viewbinding.ViewBinding initializeViewBinding(android.view.View)>
02-24 11:27:26.010  8719  8719 D TEST_LOG: METHOD=<org.schabi.newpipe.local.subscription.item.FeedGroupCardItem: org.schabi.newpipe.databinding.FeedGroupCardItemBinding initializeViewBinding(android.view.View)>
02-24 11:27:26.010  8719  8719 D TEST_LOG: METHOD=<org.schabi.newpipe.databinding.FeedGroupCardItemBinding: org.schabi.newpipe.databinding.FeedGroupCardItemBinding bind(android.view.View)>
02-24 11:27:26.010  8719  8719 D TEST_LOG: CLASS=org.schabi.newpipe.databinding.FeedGroupCardItemBinding
02-24 11:27:26.010  8719  8719 D TEST_LOG: METHOD=<org.schabi.newpipe.databinding.FeedGroupCardItemBinding: void <init>(androidx.cardview.widget.CardView,android.widget.ImageView,org.schabi.newpipe.views.NewPipeTextView)>
02-24 11:27:26.010  8719  8719 D TEST_LOG: METHOD=<org.schabi.newpipe.databinding.FeedGroupCardItemBinding: android.view.View getRoot()>
02-24 11:27:26.010  8719  8719 D TEST_LOG: METHOD=<org.schabi.newpipe.databinding.FeedGroupCardItemBinding: androidx.cardview.widget.CardView getRoot()>
02-24 11:27:26.010  8719  8719 D TEST_LOG: METHOD=<org.schabi.newpipe.local.subscription.item.FeedGroupCardItem: void bind(androidx.viewbinding.ViewBinding,int)>
02-24 11:27:26.010  8719  8719 D TEST_LOG: METHOD=<org.schabi.newpipe.local.subscription.item.FeedGroupCardItem: void bind(org.schabi.newpipe.databinding.FeedGroupCardItemBinding,int)>
02-24 11:27:26.010  8719  8719 D TEST_LOG: METHOD=<org.schabi.newpipe.local.subscription.FeedGroupIcon: int getDrawableRes()>
02-24 11:27:26.114  8719  8748 D TEST_LOG: CLASS=org.schabi.newpipe.extractor.downloader.Response
02-24 11:27:26.120  8719  8748 D TEST_LOG: METHOD=<org.schabi.newpipe.extractor.downloader.Response: void <init>(int,java.lang.String,java.util.Map,java.lang.String,java.lang.String)>
02-24 11:27:26.120  8719  8748 D TEST_LOG: METHOD=<org.schabi.newpipe.extractor.downloader.Response: java.lang.String responseBody()>
02-24 11:27:26.120  8719  8748 D TEST_LOG: METHOD=<org.schabi.newpipe.extractor.utils.Utils: java.lang.String getStringResultFromRegexArray(java.lang.String,java.lang.String[],int)>
