02-24 11:27:25.615  8719  8719 D TEST_LOG: CLASS=org.schabi.newpipe.database.feed.dao.FeedDAO_Impl$1
02-24 11:27:25.615  8719  8719 D TEST_LOG: METHOD=<org.schabi.newpipe.database.feed.dao.FeedDAO_Impl$1: void <init>(org.schabi.newpipe.database.feed.dao.FeedDAO_Impl,androidx.room.RoomDatabase)>
02-24 11:27:25.615  8719  8719 D TEST_LOG: CLASS=org.schabi.newpipe.database.feed.dao.FeedDAO_Impl$2
02-24 11:27:25.615  8719  8719 D TEST_LOG: METHOD=<org.schabi.newpipe.database.feed.dao.FeedDAO_Impl$2: void <init>(org.schabi.newpipe.database.feed.dao.FeedDAO_Impl,androidx.room.RoomDatabase)>
02-24 11:27:25.616  8719  8719 D TEST_LOG: CLASS=org.schabi.newpipe.database.feed.dao.FeedDAO_Impl$3
02-24 11:27:25.616  8719  8719 D TEST_LOG: METHOD=<org.schabi.newpipe.database.feed.dao.FeedDAO_Impl$3: void <init>(org.schabi.newpipe.database.feed.dao.FeedDAO_Impl,androidx.room.RoomDatabase)>
02-24 11:27:25.616  8719  8719 D TEST_LOG: CLASS=org.schabi.newpipe.database.feed.dao.FeedDAO_Impl$4
02-24 11:27:25.616  8719  8719 D TEST_LOG: METHOD=<org.schabi.newpipe.database.feed.dao.FeedDAO_Impl$4: void <init>(org.schabi.newpipe.database.feed.dao.FeedDAO_Impl,androidx.room.RoomDatabase)>
02-24 11:27:25.616  8719  8719 D TEST_LOG: CLASS=org.schabi.newpipe.database.feed.dao.FeedDAO_Impl$5
02-24 11:27:25.616  8719  8719 D TEST_LOG: METHOD=<org.schabi.newpipe.database.feed.dao.FeedDAO_Impl$5: void <init>(org.schabi.newpipe.database.feed.dao.FeedDAO_Impl,androidx.room.RoomDatabase)>
02-24 11:27:25.616  8719  8719 D TEST_LOG: CLASS=org.schabi.newpipe.database.feed.dao.FeedDAO_Impl$6
02-24 11:27:25.616  8719  8719 D TEST_LOG: METHOD=<org.schabi.newpipe.database.feed.dao.FeedDAO_Impl$6: void <init>(org.schabi.newpipe.database.feed.dao.FeedDAO_Impl,androidx.room.RoomDatabase)>
02-24 11:27:25.616  8719  8719 D TEST_LOG: METHOD=<org.schabi.newpipe.database.AppDatabase_Impl: org.schabi.newpipe.database.feed.dao.FeedGroupDAO feedGroupDAO()>
02-24 11:27:25.616  8719  8719 D TEST_LOG: CLASS=org.schabi.newpipe.database.feed.dao.FeedGroupDAO_Impl
02-24 11:27:25.616  8719  8719 D TEST_LOG: METHOD=<org.schabi.newpipe.database.feed.dao.FeedGroupDAO_Impl: void <init>(androidx.room.RoomDatabase)>
02-24 11:27:25.616  8719  8719 D TEST_LOG: CLASS=org.schabi.newpipe.database.feed.dao.FeedGroupDAO
02-24 11:27:25.616  8719  8719 D TEST_LOG: METHOD=<org.schabi.newpipe.database.feed.dao.FeedGroupDAO: void <init>()>
02-24 11:27:25.616  8719  8719 D TEST_LOG: CLASS=org.schabi.newpipe.database.feed.dao.FeedGroupDAO_Impl$1
02-24 11:27:25.616  8719  8719 D TEST_LOG: METHOD=<org.schabi.newpipe.database.feed.dao.FeedGroupDAO_Impl$1: void <init>(org.schabi.newpipe.database.feed.dao.FeedGroupDAO_Impl,androidx.room.RoomDatabase)>
02-24 11:27:25.616  8719  8719 D TEST_LOG: CLASS=org.schabi.newpipe.database.feed.dao.FeedGroupDAO_Impl$2
02-24 11:27:25.616  8719  8719 D TEST_LOG: METHOD=<org.schabi.newpipe.database.feed.dao.FeedGroupDAO_Impl$2: void <init>(org.schabi.newpipe.database.feed.dao.FeedGroupDAO_Impl,androidx.room.RoomDatabase)>
02-24 11:27:25.616  8719  8719 D TEST_LOG: CLASS=org.schabi.newpipe.database.feed.dao.FeedGroupDAO_Impl$3
02-24 11:27:25.616  8719  8719 D TEST_LOG: METHOD=<org.schabi.newpipe.database.feed.dao.FeedGroupDAO_Impl$3: void <init>(org.schabi.newpipe.database.feed.dao.FeedGroupDAO_Impl,androidx.room.RoomDatabase)>
02-24 11:27:25.616  8719  8719 D TEST_LOG: CLASS=org.schabi.newpipe.database.feed.dao.FeedGroupDAO_Impl$4
02-24 11:27:25.616  8719  8719 D TEST_LOG: METHOD=<org.schabi.newpipe.database.feed.dao.FeedGroupDAO_Impl$4: void <init>(org.schabi.newpipe.database.feed.dao.FeedGroupDAO_Impl,androidx.room.RoomDatabase)>
02-24 11:27:25.616  8719  8719 D TEST_LOG: CLASS=org.schabi.newpipe.database.feed.dao.FeedGroupDAO_Impl$5
02-24 11:27:25.616  8719  8719 D TEST_LOG: METHOD=<org.schabi.newpipe.database.feed.dao.FeedGroupDAO_Impl$5: void <init>(org.schabi.newpipe.database.feed.dao.FeedGroupDAO_Impl,androidx.room.RoomDatabase)>
02-24 11:27:25.616  8719  8719 D TEST_LOG: CLASS=org.schabi.newpipe.database.feed.dao.FeedGroupDAO_Impl$6
02-24 11:27:25.616  8719  8719 D TEST_LOG: METHOD=<org.schabi.newpipe.database.feed.dao.FeedGroupDAO_Impl$6: void <init>(org.schabi.newpipe.database.feed.dao.FeedGroupDAO_Impl,androidx.room.RoomDatabase)>
02-24 11:27:25.616  8719  8719 D TEST_LOG: CLASS=org.schabi.newpipe.database.feed.dao.FeedGroupDAO_Impl$7
02-24 11:27:25.616  8719  8719 D TEST_LOG: METHOD=<org.schabi.newpipe.database.feed.dao.FeedGroupDAO_Impl$7: void <init>(org.schabi.newpipe.database.feed.dao.FeedGroupDAO_Impl,androidx.room.RoomDatabase)>
02-24 11:27:25.616  8719  8719 D TEST_LOG: CLASS=org.schabi.newpipe.local.feed.service.FeedEventManager
02-24 11:27:25.618  8719  8719 D TEST_LOG: METHOD=<org.schabi.newpipe.local.feed.service.FeedEventManager: void <clinit>()>
02-24 11:27:25.618  8719  8719 D TEST_LOG: METHOD=<org.schabi.newpipe.local.feed.service.FeedEventManager: void <init>()>
02-24 11:27:25.618  8719  8719 D TEST_LOG: CLASS=org.schabi.newpipe.local.feed.service.FeedEventManager$Event$IdleEvent
02-24 11:27:25.618  8719  8719 D TEST_LOG: METHOD=<org.schabi.newpipe.local.feed.service.FeedEventManager$Event$IdleEvent: void <clinit>()>
02-24 11:27:25.618  8719  8719 D TEST_LOG: METHOD=<org.schabi.newpipe.local.feed.service.FeedEventManager$Event$IdleEvent: void <init>()>
02-24 11:27:25.618  8719  8719 D TEST_LOG: CLASS=org.schabi.newpipe.local.feed.service.FeedEventManager$Event
02-24 11:27:25.618  8719  8719 D TEST_LOG: METHOD=<org.schabi.newpipe.local.feed.service.FeedEventManager$Event: void <init>(kotlin.jvm.internal.DefaultConstructorMarker)>
02-24 11:27:25.618  8719  8719 D TEST_LOG: METHOD=<org.schabi.newpipe.local.feed.service.FeedEventManager$Event: void <init>()>
02-24 11:27:25.618  8719  8719 D TEST_LOG: METHOD=<org.schabi.newpipe.local.feed.service.FeedEventManager: io.reactivex.rxjava3.core.Flowable events()>
02-24 11:27:25.618  8719  8719 D TEST_LOG: CLASS=org.schabi.newpipe.local.feed.service.FeedEventManager$events$1
02-24 11:27:25.618  8719  8719 D TEST_LOG: METHOD=<org.schabi.newpipe.local.feed.service.FeedEventManager$events$1: void <clinit>()>
02-24 11:27:25.618  8719  8719 D TEST_LOG: METHOD=<org.schabi.newpipe.local.feed.service.FeedEventManager$events$1: void <init>()>
02-24 11:27:25.618  8719  8719 D TEST_LOG: METHOD=<org.schabi.newpipe.local.feed.FeedDatabaseManager: io.reactivex.rxjava3.core.Flowable notLoadedCount(long)>
02-24 11:27:25.618  8719  8719 D TEST_LOG: METHOD=<org.schabi.newpipe.database.feed.dao.FeedDAO_Impl: io.reactivex.rxjava3.core.Flowable notLoadedCount()>
02-24 11:27:25.618  8719  8719 D TEST_LOG: CLASS=org.schabi.newpipe.database.feed.dao.FeedDAO_Impl$10
02-24 11:27:25.618  8719  8719 D TEST_LOG: METHOD=<org.schabi.newpipe.database.feed.dao.FeedDAO_Impl$10: void <init>(org.schabi.newpipe.database.feed.dao.FeedDAO_Impl,androidx.room.RoomSQLiteQuery)>
02-24 11:27:25.621  8719  8719 D TEST_LOG: METHOD=<org.schabi.newpipe.local.feed.FeedDatabaseManager: io.reactivex.rxjava3.core.Flowable oldestSubscriptionUpdate(long)>
02-24 11:27:25.621  8719  8719 D TEST_LOG: METHOD=<org.schabi.newpipe.database.feed.dao.FeedDAO_Impl: io.reactivex.rxjava3.core.Flowable oldestSubscriptionUpdateFromAll()>
02-24 11:27:25.621  8719  8719 D TEST_LOG: CLASS=org.schabi.newpipe.database.feed.dao.FeedDAO_Impl$9
02-24 11:27:25.621  8719  8719 D TEST_LOG: METHOD=<org.schabi.newpipe.database.feed.dao.FeedDAO_Impl$9: void <init>(org.schabi.newpipe.database.feed.dao.FeedDAO_Impl,androidx.room.RoomSQLiteQuery)>
02-24 11:27:25.621  8719  8719 D TEST_LOG: CLASS=org.schabi.newpipe.local.feed.FeedViewModel$$ExternalSyntheticLambda0
02-24 11:27:25.621  8719  8719 D TEST_LOG: METHOD=<org.schabi.newpipe.local.feed.FeedViewModel$$ExternalSyntheticLambda0: void <init>()>
02-24 11:27:25.622  8719  8719 D TEST_LOG: CLASS=org.schabi.newpipe.local.feed.FeedViewModel$combineDisposable$2
02-24 11:27:25.622  8719  8719 D TEST_LOG: METHOD=<org.schabi.newpipe.local.feed.FeedViewModel$combineDisposable$2: void <init>(org.schabi.newpipe.local.feed.FeedViewModel,long)>
02-24 11:27:25.622  8719  8719 D TEST_LOG: CLASS=org.schabi.newpipe.local.feed.FeedViewModel$combineDisposable$3
02-24 11:27:25.622  8719  8719 D TEST_LOG: METHOD=<org.schabi.newpipe.local.feed.FeedViewModel$combineDisposable$3: void <init>(org.schabi.newpipe.local.feed.FeedViewModel)>
02-24 11:27:25.623  8719  8719 D TEST_LOG: METHOD=<org.schabi.newpipe.local.feed.FeedViewModel: androidx.lifecycle.LiveData getStateLiveData()>
02-24 11:27:25.623  8719  8719 D TEST_LOG: CLASS=org.schabi.newpipe.local.feed.FeedFragment$onViewCreated$1
02-24 11:27:25.623  8719  8719 D TEST_LOG: METHOD=<org.schabi.newpipe.local.feed.FeedFragment$onViewCreated$1: void <init>(org.schabi.newpipe.local.feed.FeedFragment)>
02-24 11:27:25.623  8719  8719 D TEST_LOG: CLASS=org.schabi.newpipe.local.feed.FeedFragment$$ExternalSyntheticLambda5
02-24 11:27:25.623  8719  8719 D TEST_LOG: METHOD=<org.schabi.newpipe.local.feed.FeedFragment$$ExternalSyntheticLambda5: void <init>(kotlin.jvm.functions.Function1)>
02-24 11:27:25.623  8719  8719 D TEST_LOG: CLASS=org.schabi.newpipe.local.feed.FeedFragment$onViewCreated$3
02-24 11:27:25.623  8719  8719 D TEST_LOG: METHOD=<org.schabi.newpipe.local.feed.FeedFragment$onViewCreated$3: void <init>(org.schabi.newpipe.local.feed.FeedFragment)>
02-24 11:27:25.623  8719  8719 D TEST_LOG: METHOD=<org.schabi.newpipe.local.feed.FeedFragment: void setupListViewMode()>
02-24 11:27:25.623  8719  8719 D TEST_LOG: METHOD=<org.schabi.newpipe.util.ThemeHelper: boolean shouldUseGridLayout(android.content.Context)>
02-24 11:27:25.624  8719  8719 D TEST_LOG: METHOD=<org.schabi.newpipe.local.subscription.SubscriptionFragment: void onAttach(android.content.Context)>
02-24 11:27:25.625  8719  8719 D TEST_LOG: CLASS=org.schabi.newpipe.local.subscription.SubscriptionManager
02-24 11:27:25.625  8719  8719 D TEST_LOG: METHOD=<org.schabi.newpipe.local.subscription.SubscriptionManager: void <init>(android.content.Context)>
02-24 11:27:25.625  8719  8719 D TEST_LOG: METHOD=<org.schabi.newpipe.database.AppDatabase_Impl: org.schabi.newpipe.database.subscription.SubscriptionDAO subscriptionDAO()>
02-24 11:27:25.625  8719  8719 D TEST_LOG: CLASS=org.schabi.newpipe.database.subscription.SubscriptionDAO_Impl
02-24 11:27:25.625  8719  8719 D TEST_LOG: METHOD=<org.schabi.newpipe.database.subscription.SubscriptionDAO_Impl: void <init>(androidx.room.RoomDatabase)>
02-24 11:27:25.625  8719  8719 D TEST_LOG: CLASS=org.schabi.newpipe.database.subscription.SubscriptionDAO
02-24 11:27:25.625  8719  8719 D TEST_LOG: METHOD=<org.schabi.newpipe.database.subscription.SubscriptionDAO: void <init>()>
02-24 11:27:25.625  8719  8719 D TEST_LOG: CLASS=org.schabi.newpipe.database.subscription.SubscriptionDAO_Impl$1
02-24 11:27:25.625  8719  8719 D TEST_LOG: METHOD=<org.schabi.newpipe.database.subscription.SubscriptionDAO_Impl$1: void <init>(org.schabi.newpipe.database.subscription.SubscriptionDAO_Impl,androidx.room.RoomDatabase)>
02-24 11:27:25.625  8719  8719 D TEST_LOG: CLASS=org.schabi.newpipe.database.subscription.SubscriptionDAO_Impl$2
02-24 11:27:25.625  8719  8748 D TEST_LOG: METHOD=<org.schabi.newpipe.extractor.utils.Utils: boolean isHTTP(java.net.URL)>
02-24 11:27:25.625  8719  8719 D TEST_LOG: METHOD=<org.schabi.newpipe.database.subscription.SubscriptionDAO_Impl$2: void <init>(org.schabi.newpipe.database.subscription.SubscriptionDAO_Impl,androidx.room.RoomDatabase)>
02-24 11:27:25.625  8719  8719 D TEST_LOG: CLASS=org.schabi.newpipe.database.subscription.SubscriptionDAO_Impl$3
02-24 11:27:25.625  8719  8719 D TEST_LOG: METHOD=<org.schabi.newpipe.database.subscription.SubscriptionDAO_Impl$3: void <init>(org.schabi.newpipe.database.subscription.SubscriptionDAO_Impl,androidx.room.RoomDatabase)>
02-24 11:27:25.625  8719  8719 D TEST_LOG: CLASS=org.schabi.newpipe.database.subscription.SubscriptionDAO_Impl$4
02-24 11:27:25.625  8719  8719 D TEST_LOG: METHOD=<org.schabi.newpipe.database.subscription.SubscriptionDAO_Impl$4: void <init>(org.schabi.newpipe.database.subscription.SubscriptionDAO_Impl,androidx.room.RoomDatabase)>
02-24 11:27:25.625  8719  8719 D TEST_LOG: CLASS=org.schabi.newpipe.database.subscription.SubscriptionDAO_Impl$5
02-24 11:27:25.625  8719  8719 D TEST_LOG: METHOD=<org.schabi.newpipe.database.subscription.SubscriptionDAO_Impl$5: void <init>(org.schabi.newpipe.database.subscription.SubscriptionDAO_Impl,androidx.room.RoomDatabase)>
02-24 11:27:25.625  8719  8719 D TEST_LOG: CLASS=org.schabi.newpipe.database.subscription.SubscriptionDAO_Impl$6
02-24 11:27:25.625  8719  8719 D TEST_LOG: METHOD=<org.schabi.newpipe.database.subscription.SubscriptionDAO_Impl$6: void <init>(org.schabi.newpipe.database.subscription.SubscriptionDAO_Impl,androidx.room.RoomDatabase)>
02-24 11:27:25.625  8719  8719 D TEST_LOG: CLASS=org.schabi.newpipe.local.subscription.SubscriptionFragment$$Icepick
02-24 11:27:25.626  8719  8719 D TEST_LOG: METHOD=<org.schabi.newpipe.local.subscription.SubscriptionFragment$$Icepick: void <clinit>()>
02-24 11:27:25.626  8719  8719 D TEST_LOG: METHOD=<org.schabi.newpipe.local.subscription.SubscriptionFragment$$Icepick: void <init>()>
02-24 11:27:25.626  8719  8719 D TEST_LOG: METHOD=<org.schabi.newpipe.local.subscription.SubscriptionFragment$$Icepick: void restore(java.lang.Object,android.os.Bundle)>
02-24 11:27:25.626  8719  8719 D TEST_LOG: METHOD=<org.schabi.newpipe.local.subscription.SubscriptionFragment$$Icepick: void restore(org.schabi.newpipe.local.subscription.SubscriptionFragment,android.os.Bundle)>
02-24 11:27:25.626  8719  8719 D TEST_LOG: METHOD=<org.schabi.newpipe.local.subscription.SubscriptionFragment: android.view.View onCreateView(android.view.LayoutInflater,android.view.ViewGroup,android.os.Bundle)>
02-24 11:27:25.627  8719  8719 D TEST_LOG: METHOD=<org.schabi.newpipe.local.subscription.SubscriptionFragment: void initViews(android.view.View,android.os.Bundle)>
02-24 11:27:25.629  8719  8750 D TEST_LOG: METHOD=<org.schabi.newpipe.local.feed.service.FeedEventManager$events$1: boolean test(java.lang.Object)>
02-24 11:27:25.630  8719  8750 D TEST_LOG: METHOD=<org.schabi.newpipe.local.feed.service.FeedEventManager$events$1: boolean test(org.schabi.newpipe.local.feed.service.FeedEventManager$Event)>
02-24 11:27:25.630  8719  8750 D TEST_LOG: METHOD=<org.schabi.newpipe.local.feed.service.FeedEventManager: java.util.concurrent.atomic.AtomicBoolean access$getIgnoreUpstream$p()>
02-24 11:27:25.631  8719  8748 D TEST_LOG: CLASS=org.schabi.newpipe.extractor.services.youtube.YoutubeParsingHelper
02-24 11:27:25.631  8719  8719 D TEST_LOG: METHOD=<org.schabi.newpipe.databinding.FragmentSubscriptionBinding: org.schabi.newpipe.databinding.FragmentSubscriptionBinding bind(android.view.View)>
02-24 11:27:25.631  8719  8719 D TEST_LOG: CLASS=org.schabi.newpipe.databinding.FragmentSubscriptionBinding
02-24 11:27:25.631  8719  8719 D TEST_LOG: METHOD=<org.schabi.newpipe.databinding.FragmentSubscriptionBinding: void <init>(android.widget.RelativeLayout,org.schabi.newpipe.databinding.ListEmptyViewBinding,org.schabi.newpipe.databinding.ErrorPanelBinding,androidx.recyclerview.widget.RecyclerView)>
02-24 11:27:25.631  8719  8719 D TEST_LOG: CLASS=org.schabi.newpipe.local.subscription.SubscriptionViewModel
02-24 11:27:25.631  8719  8719 D TEST_LOG: METHOD=<org.schabi.newpipe.local.subscription.SubscriptionViewModel: void <clinit>()>
02-24 11:27:25.631  8719  8719 D TEST_LOG: CLASS=org.schabi.newpipe.local.subscription.SubscriptionViewModel$Companion
02-24 11:27:25.631  8719  8719 D TEST_LOG: METHOD=<org.schabi.newpipe.local.subscription.SubscriptionViewModel$Companion: void <init>(kotlin.jvm.internal.DefaultConstructorMarker)>
02-24 11:27:25.631  8719  8719 D TEST_LOG: METHOD=<org.schabi.newpipe.local.subscription.SubscriptionViewModel$Companion: void <init>()>
02-24 11:27:25.631  8719  8719 D TEST_LOG: METHOD=<org.schabi.newpipe.local.subscription.SubscriptionViewModel$Companion: boolean shouldUseGridForSubscription(android.content.Context)>
02-24 11:27:25.631  8719  8719 D TEST_LOG: METHOD=<org.schabi.newpipe.local.subscription.SubscriptionFragment: org.schabi.newpipe.databinding.FragmentSubscriptionBinding getBinding()>
02-24 11:27:25.632  8719  8719 D TEST_LOG: METHOD=<org.schabi.newpipe.local.subscription.SubscriptionViewModel: void <init>(android.app.Application)>
02-24 11:27:25.632  8719  8719 D TEST_LOG: METHOD=<org.schabi.newpipe.local.feed.FeedDatabaseManager: io.reactivex.rxjava3.core.Flowable groups()>
02-24 11:27:25.632  8719  8719 D TEST_LOG: METHOD=<org.schabi.newpipe.database.feed.dao.FeedGroupDAO_Impl: io.reactivex.rxjava3.core.Flowable getAll()>
02-24 11:27:25.632  8719  8719 D TEST_LOG: CLASS=org.schabi.newpipe.database.feed.dao.FeedGroupDAO_Impl$8
02-24 11:27:25.632  8719  8719 D TEST_LOG: METHOD=<org.schabi.newpipe.database.feed.dao.FeedGroupDAO_Impl$8: void <init>(org.schabi.newpipe.database.feed.dao.FeedGroupDAO_Impl,androidx.room.RoomSQLiteQuery)>
02-24 11:27:25.632  8719  8719 D TEST_LOG: CLASS=org.schabi.newpipe.local.subscription.SubscriptionViewModel$feedGroupItemsDisposable$1
02-24 11:27:25.632  8719  8719 D TEST_LOG: METHOD=<org.schabi.newpipe.local.subscription.SubscriptionViewModel$feedGroupItemsDisposable$1: void <clinit>()>
02-24 11:27:25.632  8719  8719 D TEST_LOG: METHOD=<org.schabi.newpipe.local.subscription.SubscriptionViewModel$feedGroupItemsDisposable$1: void <init>()>
02-24 11:27:25.632  8719  8719 D TEST_LOG: CLASS=org.schabi.newpipe.local.subscription.SubscriptionViewModel$feedGroupItemsDisposable$2
02-24 11:27:25.632  8719  8719 D TEST_LOG: METHOD=<org.schabi.newpipe.local.subscription.SubscriptionViewModel$feedGroupItemsDisposable$2: void <clinit>()>
02-24 11:27:25.632  8719  8719 D TEST_LOG: METHOD=<org.schabi.newpipe.local.subscription.SubscriptionViewModel$feedGroupItemsDisposable$2: void <init>()>
02-24 11:27:25.632  8719  8719 D TEST_LOG: CLASS=org.schabi.newpipe.local.subscription.SubscriptionViewModel$feedGroupItemsDisposable$3
02-24 11:27:25.632  8719  8719 D TEST_LOG: METHOD=<org.schabi.newpipe.local.subscription.SubscriptionViewModel$feedGroupItemsDisposable$3: void <init>(org.schabi.newpipe.local.subscription.SubscriptionViewModel)>
02-24 11:27:25.632  8719  8719 D TEST_LOG: CLASS=org.schabi.newpipe.local.subscription.SubscriptionViewModel$feedGroupItemsDisposable$4
02-24 11:27:25.632  8719  8719 D TEST_LOG: METHOD=<org.schabi.newpipe.local.subscription.SubscriptionViewModel$feedGroupItemsDisposable$4: void <init>(org.schabi.newpipe.local.subscription.SubscriptionViewModel)>
02-24 11:27:25.633  8719  8719 D TEST_LOG: METHOD=<org.schabi.newpipe.local.subscription.SubscriptionManager: io.reactivex.rxjava3.core.Flowable subscriptions()>
02-24 11:27:25.633  8719  8719 D TEST_LOG: METHOD=<org.schabi.newpipe.database.subscription.SubscriptionDAO_Impl: io.reactivex.rxjava3.core.Flowable getAll()>
02-24 11:27:25.633  8719  8719 D TEST_LOG: CLASS=org.schabi.newpipe.database.subscription.SubscriptionDAO_Impl$7
02-24 11:27:25.633  8719  8719 D TEST_LOG: METHOD=<org.schabi.newpipe.database.subscription.SubscriptionDAO_Impl$7: void <init>(org.schabi.newpipe.database.subscription.SubscriptionDAO_Impl,androidx.room.RoomSQLiteQuery)>
02-24 11:27:25.633  8719  8719 D TEST_LOG: CLASS=org.schabi.newpipe.local.subscription.SubscriptionViewModel$stateItemsDisposable$1
02-24 11:27:25.633  8719  8719 D TEST_LOG: METHOD=<org.schabi.newpipe.local.subscription.SubscriptionViewModel$stateItemsDisposable$1: void <clinit>()>
02-24 11:27:25.633  8719  8719 D TEST_LOG: METHOD=<org.schabi.newpipe.local.subscription.SubscriptionViewModel$stateItemsDisposable$1: void <init>()>
02-24 11:27:25.633  8719  8719 D TEST_LOG: CLASS=org.schabi.newpipe.local.subscription.SubscriptionViewModel$stateItemsDisposable$2
02-24 11:27:25.633  8719  8719 D TEST_LOG: METHOD=<org.schabi.newpipe.local.subscription.SubscriptionViewModel$stateItemsDisposable$2: void <init>(org.schabi.newpipe.local.subscription.SubscriptionViewModel)>
02-24 11:27:25.633  8719  8719 D TEST_LOG: CLASS=org.schabi.newpipe.local.subscription.SubscriptionViewModel$stateItemsDisposable$3
02-24 11:27:25.633  8719  8719 D TEST_LOG: METHOD=<org.schabi.newpipe.local.subscription.SubscriptionViewModel$stateItemsDisposable$3: void <init>(org.schabi.newpipe.local.subscription.SubscriptionViewModel)>
02-24 11:27:25.633  8719  8719 D TEST_LOG: METHOD=<org.schabi.newpipe.local.subscription.SubscriptionViewModel: androidx.lifecycle.LiveData getStateLiveData()>
02-24 11:27:25.633  8719  8719 D TEST_LOG: CLASS=org.schabi.newpipe.local.subscription.SubscriptionFragment$initViews$2
02-24 11:27:25.633  8719  8719 D TEST_LOG: METHOD=<org.schabi.newpipe.local.subscription.SubscriptionFragment$initViews$2: void <init>(org.schabi.newpipe.local.subscription.SubscriptionFragment)>
02-24 11:27:25.633  8719  8719 D TEST_LOG: CLASS=org.schabi.newpipe.local.subscription.SubscriptionFragment$$ExternalSyntheticLambda0
02-24 11:27:25.633  8719  8719 D TEST_LOG: METHOD=<org.schabi.newpipe.local.subscription.SubscriptionFragment$$ExternalSyntheticLambda0: void <init>(kotlin.jvm.functions.Function1)>
02-24 11:27:25.633  8719  8719 D TEST_LOG: METHOD=<org.schabi.newpipe.local.subscription.SubscriptionViewModel: androidx.lifecycle.LiveData getFeedGroupsLiveData()>
02-24 11:27:25.633  8719  8719 D TEST_LOG: CLASS=org.schabi.newpipe.local.subscription.SubscriptionFragment$initViews$3
02-24 11:27:25.633  8719  8719 D TEST_LOG: METHOD=<org.schabi.newpipe.local.subscription.SubscriptionFragment$initViews$3: void <init>(org.schabi.newpipe.local.subscription.SubscriptionFragment)>
02-24 11:27:25.633  8719  8719 D TEST_LOG: CLASS=org.schabi.newpipe.local.subscription.SubscriptionFragment$$ExternalSyntheticLambda1
02-24 11:27:25.633  8719  8719 D TEST_LOG: METHOD=<org.schabi.newpipe.local.subscription.SubscriptionFragment$$ExternalSyntheticLambda1: void <init>(kotlin.jvm.functions.Function1)>
02-24 11:27:25.633  8719  8719 D TEST_LOG: METHOD=<org.schabi.newpipe.local.subscription.SubscriptionFragment: void setupInitialLayout()>
02-24 11:27:25.633  8719  8719 D TEST_LOG: CLASS=org.schabi.newpipe.local.subscription.SubscriptionFragment$$ExternalSyntheticLambda10
02-24 11:27:25.633  8719  8719 D TEST_LOG: METHOD=<org.schabi.newpipe.local.subscription.SubscriptionFragment$$ExternalSyntheticLambda10: void <init>(org.schabi.newpipe.local.subscription.SubscriptionFragment)>
02-24 11:27:25.633  8719  8719 D TEST_LOG: CLASS=org.schabi.newpipe.local.subscription.SubscriptionFragment$$ExternalSyntheticLambda11
02-24 11:27:25.633  8719  8719 D TEST_LOG: METHOD=<org.schabi.newpipe.local.subscription.SubscriptionFragment$$ExternalSyntheticLambda11: void <init>(org.schabi.newpipe.local.subscription.SubscriptionFragment)>
02-24 11:27:25.634  8719  8719 D TEST_LOG: CLASS=org.schabi.newpipe.local.subscription.item.FeedGroupCarouselItem
02-24 11:27:25.634  8719  8748 D TEST_LOG: METHOD=<org.schabi.newpipe.extractor.services.youtube.YoutubeParsingHelper: void <clinit>()>
02-24 11:27:25.634  8719  8748 D TEST_LOG: METHOD=<org.schabi.newpipe.extractor.services.youtube.YoutubeParsingHelper: boolean isYoutubeURL(java.net.URL)>
02-24 11:27:25.635  8719  8719 D TEST_LOG: METHOD=<org.schabi.newpipe.local.subscription.item.FeedGroupCarouselItem: void <clinit>()>
02-24 11:27:25.635  8719  8719 D TEST_LOG: CLASS=org.schabi.newpipe.local.subscription.item.FeedGroupCarouselItem$Companion
02-24 11:27:25.635  8719  8719 D TEST_LOG: METHOD=<org.schabi.newpipe.local.subscription.item.FeedGroupCarouselItem$Companion: void <init>(kotlin.jvm.internal.DefaultConstructorMarker)>
02-24 11:27:25.635  8719  8719 D TEST_LOG: METHOD=<org.schabi.newpipe.local.subscription.item.FeedGroupCarouselItem$Companion: void <init>()>
02-24 11:27:25.635  8719  8719 D TEST_LOG: METHOD=<org.schabi.newpipe.local.subscription.SubscriptionViewModel: boolean getListViewMode()>
02-24 11:27:25.635  8719  8719 D TEST_LOG: METHOD=<org.schabi.newpipe.local.subscription.item.FeedGroupCarouselItem: void <init>(com.xwray.groupie.GroupAdapter,boolean)>
02-24 11:27:25.635  8719  8719 D TEST_LOG: CLASS=org.schabi.newpipe.local.subscription.item.GroupsHeader
02-24 11:27:25.635  8719  8719 D TEST_LOG: METHOD=<org.schabi.newpipe.local.subscription.item.GroupsHeader: void <clinit>()>
02-24 11:27:25.635  8719  8719 D TEST_LOG: CLASS=org.schabi.newpipe.local.subscription.item.GroupsHeader$Companion
02-24 11:27:25.635  8719  8719 D TEST_LOG: METHOD=<org.schabi.newpipe.local.subscription.item.GroupsHeader$Companion: void <init>(kotlin.jvm.internal.DefaultConstructorMarker)>
02-24 11:27:25.635  8719  8719 D TEST_LOG: METHOD=<org.schabi.newpipe.local.subscription.item.GroupsHeader$Companion: void <init>()>
02-24 11:27:25.635  8719  8719 D TEST_LOG: CLASS=org.schabi.newpipe.local.subscription.SubscriptionFragment$setupInitialLayout$1$3
02-24 11:27:25.636  8719  8719 D TEST_LOG: METHOD=<org.schabi.newpipe.local.subscription.SubscriptionFragment$setupInitialLayout$1$3: void <init>(java.lang.Object)>
02-24 11:27:25.636  8719  8719 D TEST_LOG: CLASS=org.schabi.newpipe.local.subscription.SubscriptionFragment$setupInitialLayout$1$4
02-24 11:27:25.636  8719  8719 D TEST_LOG: METHOD=<org.schabi.newpipe.local.subscription.SubscriptionFragment$setupInitialLayout$1$4: void <init>(java.lang.Object)>
02-24 11:27:25.636  8719  8719 D TEST_LOG: METHOD=<org.schabi.newpipe.local.subscription.item.GroupsHeader: void <init>(java.lang.String,kotlin.jvm.functions.Function0,kotlin.jvm.functions.Function0,boolean,boolean,int,kotlin.jvm.internal.DefaultConstructorMarker)>
02-24 11:27:25.636  8719  8719 D TEST_LOG: METHOD=<org.schabi.newpipe.local.subscription.item.GroupsHeader: void <init>(java.lang.String,kotlin.jvm.functions.Function0,kotlin.jvm.functions.Function0,boolean,boolean)>
02-24 11:27:25.636  8719  8719 D TEST_LOG: CLASS=org.schabi.newpipe.local.subscription.item.ImportSubscriptionsHintPlaceholderItem
02-24 11:27:25.636  8719  8719 D TEST_LOG: METHOD=<org.schabi.newpipe.local.subscription.item.ImportSubscriptionsHintPlaceholderItem: void <init>()>
02-24 11:27:25.636  8719  8719 D TEST_LOG: CLASS=org.schabi.newpipe.local.subscription.item.Header
02-24 11:27:25.636  8719  8719 D TEST_LOG: METHOD=<org.schabi.newpipe.local.subscription.item.Header: void <init>(java.lang.String)>
02-24 11:27:25.636  8719  8719 D TEST_LOG: METHOD=<org.schabi.newpipe.local.subscription.SubscriptionFragment: void doInitialLoadLogic()>
02-24 11:27:25.636  8719  8719 D TEST_LOG: METHOD=<org.schabi.newpipe.local.bookmark.BookmarkFragment: void onCreate(android.os.Bundle)>
02-24 11:27:25.637  8719  8719 D TEST_LOG: METHOD=<org.schabi.newpipe.local.BaseLocalListFragment: void onCreate(android.os.Bundle)>
02-24 11:27:25.637  8719  8719 D TEST_LOG: CLASS=org.schabi.newpipe.local.bookmark.BookmarkFragment$$Icepick
02-24 11:27:25.637  8719  8719 D TEST_LOG: METHOD=<org.schabi.newpipe.local.bookmark.BookmarkFragment$$Icepick: void <clinit>()>
02-24 11:27:25.637  8719  8719 D TEST_LOG: METHOD=<org.schabi.newpipe.local.bookmark.BookmarkFragment$$Icepick: void <init>()>
02-24 11:27:25.637  8719  8719 D TEST_LOG: METHOD=<org.schabi.newpipe.local.bookmark.BookmarkFragment$$Icepick: void restore(java.lang.Object,android.os.Bundle)>
02-24 11:27:25.638  8719  8719 D TEST_LOG: METHOD=<org.schabi.newpipe.local.bookmark.BookmarkFragment$$Icepick: void restore(org.schabi.newpipe.local.bookmark.BookmarkFragment,android.os.Bundle)>
02-24 11:27:25.638  8719  8719 D TEST_LOG: CLASS=org.schabi.newpipe.local.playlist.LocalPlaylistManager
02-24 11:27:25.638  8719  8719 D TEST_LOG: METHOD=<org.schabi.newpipe.local.playlist.LocalPlaylistManager: void <init>(org.schabi.newpipe.database.AppDatabase)>
02-24 11:27:25.638  8719  8719 D TEST_LOG: METHOD=<org.schabi.newpipe.database.AppDatabase_Impl: org.schabi.newpipe.database.playlist.dao.PlaylistDAO playlistDAO()>
02-24 11:27:25.638  8719  8719 D TEST_LOG: CLASS=org.schabi.newpipe.database.playlist.dao.PlaylistDAO_Impl
02-24 11:27:25.638  8719  8719 D TEST_LOG: METHOD=<org.schabi.newpipe.database.playlist.dao.PlaylistDAO_Impl: void <init>(androidx.room.RoomDatabase)>
02-24 11:27:25.638  8719  8719 D TEST_LOG: CLASS=org.schabi.newpipe.database.playlist.dao.PlaylistDAO_Impl$1
02-24 11:27:25.638  8719  8719 D TEST_LOG: METHOD=<org.schabi.newpipe.database.playlist.dao.PlaylistDAO_Impl$1: void <init>(org.schabi.newpipe.database.playlist.dao.PlaylistDAO_Impl,androidx.room.RoomDatabase)>
02-24 11:27:25.638  8719  8719 D TEST_LOG: CLASS=org.schabi.newpipe.database.playlist.dao.PlaylistDAO_Impl$2
02-24 11:27:25.639  8719  8719 D TEST_LOG: METHOD=<org.schabi.newpipe.database.playlist.dao.PlaylistDAO_Impl$2: void <init>(org.schabi.newpipe.database.playlist.dao.PlaylistDAO_Impl,androidx.room.RoomDatabase)>
02-24 11:27:25.639  8719  8748 D TEST_LOG: METHOD=<org.schabi.newpipe.extractor.services.youtube.linkHandler.YoutubeTrendingLinkHandlerFactory: java.lang.String getId(java.lang.String)>
02-24 11:27:25.639  8719  8748 D TEST_LOG: METHOD=<org.schabi.newpipe.extractor.kiosk.KioskList: org.schabi.newpipe.extractor.kiosk.KioskExtractor getExtractorById(java.lang.String,org.schabi.newpipe.extractor.Page,org.schabi.newpipe.extractor.localization.Localization)>
02-24 11:27:25.639  8719  8748 D TEST_LOG: METHOD=<org.schabi.newpipe.extractor.services.youtube.YoutubeService$$ExternalSyntheticLambda0: org.schabi.newpipe.extractor.kiosk.KioskExtractor createNewKiosk(org.schabi.newpipe.extractor.StreamingService,java.lang.String,java.lang.String)>
02-24 11:27:25.639  8719  8748 D TEST_LOG: METHOD=<org.schabi.newpipe.extractor.services.youtube.YoutubeService: org.schabi.newpipe.extractor.kiosk.KioskExtractor $r8$lambda$DEMmLCGU5mA6yP1G-3-4vneB74c(org.schabi.newpipe.extractor.services.youtube.YoutubeService,org.schabi.newpipe.extractor.StreamingService,java.lang.String,java.lang.String)>
02-24 11:27:25.639  8719  8748 D TEST_LOG: METHOD=<org.schabi.newpipe.extractor.services.youtube.YoutubeService: org.schabi.newpipe.extractor.kiosk.KioskExtractor lambda$getKioskList$0(org.schabi.newpipe.extractor.StreamingService,java.lang.String,java.lang.String)>
02-24 11:27:25.639  8719  8748 D TEST_LOG: METHOD=<org.schabi.newpipe.extractor.linkhandler.ListLinkHandlerFactory: org.schabi.newpipe.extractor.linkhandler.ListLinkHandler fromUrl(java.lang.String)>
02-24 11:27:25.639  8719  8719 D TEST_LOG: CLASS=org.schabi.newpipe.database.playlist.dao.PlaylistDAO_Impl$3
02-24 11:27:25.639  8719  8719 D TEST_LOG: METHOD=<org.schabi.newpipe.database.playlist.dao.PlaylistDAO_Impl$3: void <init>(org.schabi.newpipe.database.playlist.dao.PlaylistDAO_Impl,androidx.room.RoomDatabase)>
02-24 11:27:25.639  8719  8719 D TEST_LOG: CLASS=org.schabi.newpipe.database.playlist.dao.PlaylistDAO_Impl$4
02-24 11:27:25.639  8719  8719 D TEST_LOG: METHOD=<org.schabi.newpipe.database.playlist.dao.PlaylistDAO_Impl$4: void <init>(org.schabi.newpipe.database.playlist.dao.PlaylistDAO_Impl,androidx.room.RoomDatabase)>
02-24 11:27:25.639  8719  8719 D TEST_LOG: CLASS=org.schabi.newpipe.database.playlist.dao.PlaylistDAO_Impl$5
02-24 11:27:25.639  8719  8719 D TEST_LOG: METHOD=<org.schabi.newpipe.database.playlist.dao.PlaylistDAO_Impl$5: void <init>(org.schabi.newpipe.database.playlist.dao.PlaylistDAO_Impl,androidx.room.RoomDatabase)>
02-24 11:27:25.639  8719  8719 D TEST_LOG: METHOD=<org.schabi.newpipe.database.AppDatabase_Impl: org.schabi.newpipe.database.playlist.dao.PlaylistStreamDAO playlistStreamDAO()>
02-24 11:27:25.639  8719  8719 D TEST_LOG: CLASS=org.schabi.newpipe.database.playlist.dao.PlaylistStreamDAO_Impl
02-24 11:27:25.639  8719  8719 D TEST_LOG: METHOD=<org.schabi.newpipe.database.playlist.dao.PlaylistStreamDAO_Impl: void <init>(androidx.room.RoomDatabase)>
02-24 11:27:25.639  8719  8719 D TEST_LOG: CLASS=org.schabi.newpipe.database.playlist.dao.PlaylistStreamDAO_Impl$1
02-24 11:27:25.639  8719  8719 D TEST_LOG: METHOD=<org.schabi.newpipe.database.playlist.dao.PlaylistStreamDAO_Impl$1: void <init>(org.schabi.newpipe.database.playlist.dao.PlaylistStreamDAO_Impl,androidx.room.RoomDatabase)>
02-24 11:27:25.639  8719  8719 D TEST_LOG: CLASS=org.schabi.newpipe.database.playlist.dao.PlaylistStreamDAO_Impl$2
02-24 11:27:25.639  8719  8719 D TEST_LOG: METHOD=<org.schabi.newpipe.database.playlist.dao.PlaylistStreamDAO_Impl$2: void <init>(org.schabi.newpipe.database.playlist.dao.PlaylistStreamDAO_Impl,androidx.room.RoomDatabase)>
02-24 11:27:25.639  8719  8719 D TEST_LOG: CLASS=org.schabi.newpipe.database.playlist.dao.PlaylistStreamDAO_Impl$3
02-24 11:27:25.639  8719  8719 D TEST_LOG: METHOD=<org.schabi.newpipe.database.playlist.dao.PlaylistStreamDAO_Impl$3: void <init>(org.schabi.newpipe.database.playlist.dao.PlaylistStreamDAO_Impl,androidx.room.RoomDatabase)>
02-24 11:27:25.639  8719  8719 D TEST_LOG: CLASS=org.schabi.newpipe.database.playlist.dao.PlaylistStreamDAO_Impl$4
02-24 11:27:25.639  8719  8719 D TEST_LOG: METHOD=<org.schabi.newpipe.database.playlist.dao.PlaylistStreamDAO_Impl$4: void <init>(org.schabi.newpipe.database.playlist.dao.PlaylistStreamDAO_Impl,androidx.room.RoomDatabase)>
02-24 11:27:25.639  8719  8719 D TEST_LOG: CLASS=org.schabi.newpipe.database.playlist.dao.PlaylistStreamDAO_Impl$5
02-24 11:27:25.639  8719  8719 D TEST_LOG: METHOD=<org.schabi.newpipe.database.playlist.dao.PlaylistStreamDAO_Impl$5: void <init>(org.schabi.newpipe.database.playlist.dao.PlaylistStreamDAO_Impl,androidx.room.RoomDatabase)>
02-24 11:27:25.639  8719  8719 D TEST_LOG: CLASS=org.schabi.newpipe.local.playlist.RemotePlaylistManager
02-24 11:27:25.639  8719  8719 D TEST_LOG: METHOD=<org.schabi.newpipe.local.playlist.RemotePlaylistManager: void <init>(org.schabi.newpipe.database.AppDatabase)>
02-24 11:27:25.639  8719  8719 D TEST_LOG: METHOD=<org.schabi.newpipe.database.AppDatabase_Impl: org.schabi.newpipe.database.playlist.dao.PlaylistRemoteDAO playlistRemoteDAO()>
02-24 11:27:25.639  8719  8719 D TEST_LOG: CLASS=org.schabi.newpipe.database.playlist.dao.PlaylistRemoteDAO_Impl
02-24 11:27:25.639  8719  8719 D TEST_LOG: METHOD=<org.schabi.newpipe.database.playlist.dao.PlaylistRemoteDAO_Impl: void <init>(androidx.room.RoomDatabase)>
02-24 11:27:25.639  8719  8719 D TEST_LOG: CLASS=org.schabi.newpipe.database.playlist.dao.PlaylistRemoteDAO_Impl$1
02-24 11:27:25.639  8719  8719 D TEST_LOG: METHOD=<org.schabi.newpipe.database.playlist.dao.PlaylistRemoteDAO_Impl$1: void <init>(org.schabi.newpipe.database.playlist.dao.PlaylistRemoteDAO_Impl,androidx.room.RoomDatabase)>
02-24 11:27:25.639  8719  8719 D TEST_LOG: CLASS=org.schabi.newpipe.database.playlist.dao.PlaylistRemoteDAO_Impl$2
02-24 11:27:25.639  8719  8719 D TEST_LOG: METHOD=<org.schabi.newpipe.database.playlist.dao.PlaylistRemoteDAO_Impl$2: void <init>(org.schabi.newpipe.database.playlist.dao.PlaylistRemoteDAO_Impl,androidx.room.RoomDatabase)>
02-24 11:27:25.639  8719  8719 D TEST_LOG: CLASS=org.schabi.newpipe.database.playlist.dao.PlaylistRemoteDAO_Impl$3
02-24 11:27:25.639  8719  8719 D TEST_LOG: METHOD=<org.schabi.newpipe.database.playlist.dao.PlaylistRemoteDAO_Impl$3: void <init>(org.schabi.newpipe.database.playlist.dao.PlaylistRemoteDAO_Impl,androidx.room.RoomDatabase)>
02-24 11:27:25.639  8719  8719 D TEST_LOG: CLASS=org.schabi.newpipe.database.playlist.dao.PlaylistRemoteDAO_Impl$4
02-24 11:27:25.640  8719  8719 D TEST_LOG: METHOD=<org.schabi.newpipe.database.playlist.dao.PlaylistRemoteDAO_Impl$4: void <init>(org.schabi.newpipe.database.playlist.dao.PlaylistRemoteDAO_Impl,androidx.room.RoomDatabase)>
02-24 11:27:25.640  8719  8719 D TEST_LOG: CLASS=org.schabi.newpipe.database.playlist.dao.PlaylistRemoteDAO_Impl$5
02-24 11:27:25.640  8719  8719 D TEST_LOG: METHOD=<org.schabi.newpipe.database.playlist.dao.PlaylistRemoteDAO_Impl$5: void <init>(org.schabi.newpipe.database.playlist.dao.PlaylistRemoteDAO_Impl,androidx.room.RoomDatabase)>
02-24 11:27:25.640  8719  8719 D TEST_LOG: METHOD=<org.schabi.newpipe.local.bookmark.BookmarkFragment: android.view.View onCreateView(android.view.LayoutInflater,android.view.ViewGroup,android.os.Bundle)>
02-24 11:27:25.640  8719  8756 D TEST_LOG: METHOD=<org.schabi.newpipe.database.subscription.SubscriptionDAO_Impl$7: java.lang.Object call()>
02-24 11:27:25.641  8719  8756 D TEST_LOG: METHOD=<org.schabi.newpipe.database.subscription.SubscriptionDAO_Impl$7: java.util.List call()>
02-24 11:27:25.641  8719  8756 D TEST_LOG: METHOD=<org.schabi.newpipe.database.subscription.SubscriptionDAO_Impl: androidx.room.RoomDatabase '-$$Nest$fget__db'(org.schabi.newpipe.database.subscription.SubscriptionDAO_Impl)>
02-24 11:27:25.641  8719  8755 D TEST_LOG: METHOD=<org.schabi.newpipe.database.feed.dao.FeedDAO_Impl$10: java.lang.Object call()>
02-24 11:27:25.641  8719  8755 D TEST_LOG: METHOD=<org.schabi.newpipe.database.feed.dao.FeedDAO_Impl$10: java.lang.Long call()>
02-24 11:27:25.641  8719  8755 D TEST_LOG: METHOD=<org.schabi.newpipe.database.feed.dao.FeedDAO_Impl: androidx.room.RoomDatabase '-$$Nest$fget__db'(org.schabi.newpipe.database.feed.dao.FeedDAO_Impl)>
02-24 11:27:25.643  8719  8719 D TEST_LOG: METHOD=<org.schabi.newpipe.local.bookmark.BookmarkFragment: void initViews(android.view.View,android.os.Bundle)>
02-24 11:27:25.644  8719  8719 D TEST_LOG: METHOD=<org.schabi.newpipe.local.BaseLocalListFragment: void initViews(android.view.View,android.os.Bundle)>
02-24 11:27:25.645  8719  8719 D TEST_LOG: CLASS=org.schabi.newpipe.local.LocalItemListAdapter
02-24 11:27:25.645  8719  8753 D TEST_LOG: METHOD=<org.schabi.newpipe.database.feed.dao.FeedGroupDAO_Impl$8: java.lang.Object call()>
02-24 11:27:25.645  8719  8753 D TEST_LOG: METHOD=<org.schabi.newpipe.database.feed.dao.FeedGroupDAO_Impl$8: java.util.List call()>
02-24 11:27:25.645  8719  8753 D TEST_LOG: METHOD=<org.schabi.newpipe.database.feed.dao.FeedGroupDAO_Impl: androidx.room.RoomDatabase '-$$Nest$fget__db'(org.schabi.newpipe.database.feed.dao.FeedGroupDAO_Impl)>
02-24 11:27:25.645  8719  8748 D TEST_LOG: METHOD=<org.schabi.newpipe.extractor.utils.Utils: java.lang.String followGoogleRedirectIfNeeded(java.lang.String)>
02-24 11:27:25.645  8719  8748 D TEST_LOG: METHOD=<org.schabi.newpipe.extractor.utils.Utils: java.lang.String getBaseUrl(java.lang.String)>
02-24 11:27:25.645  8719  8748 D TEST_LOG: METHOD=<org.schabi.newpipe.extractor.linkhandler.ListLinkHandlerFactory: org.schabi.newpipe.extractor.linkhandler.ListLinkHandler fromUrl(java.lang.String,java.lang.String)>
02-24 11:27:25.646  8719  8748 D TEST_LOG: METHOD=<org.schabi.newpipe.extractor.linkhandler.LinkHandlerFactory: org.schabi.newpipe.extractor.linkhandler.LinkHandler fromUrl(java.lang.String,java.lang.String)>
02-24 11:27:25.646  8719  8748 D TEST_LOG: METHOD=<org.schabi.newpipe.extractor.linkhandler.ListLinkHandlerFactory: java.lang.String getUrl(java.lang.String,java.lang.String)>
02-24 11:27:25.646  8719  8748 D TEST_LOG: METHOD=<org.schabi.newpipe.extractor.linkhandler.ListLinkHandlerFactory: java.lang.String getUrl(java.lang.String,java.util.List,java.lang.String,java.lang.String)>
02-24 11:27:25.646  8719  8748 D TEST_LOG: CLASS=org.schabi.newpipe.extractor.services.youtube.extractors.YoutubeTrendingExtractor
02-24 11:27:25.646  8719  8748 D TEST_LOG: METHOD=<org.schabi.newpipe.extractor.services.youtube.extractors.YoutubeTrendingExtractor: void <init>(org.schabi.newpipe.extractor.StreamingService,org.schabi.newpipe.extractor.linkhandler.ListLinkHandler,java.lang.String)>
02-24 11:27:25.646  8719  8748 D TEST_LOG: CLASS=org.schabi.newpipe.extractor.kiosk.KioskExtractor
02-24 11:27:25.646  8719  8748 D TEST_LOG: METHOD=<org.schabi.newpipe.extractor.kiosk.KioskExtractor: void <init>(org.schabi.newpipe.extractor.StreamingService,org.schabi.newpipe.extractor.linkhandler.ListLinkHandler,java.lang.String)>
02-24 11:27:25.646  8719  8748 D TEST_LOG: CLASS=org.schabi.newpipe.extractor.ListExtractor
02-24 11:27:25.646  8719  8748 D TEST_LOG: METHOD=<org.schabi.newpipe.extractor.ListExtractor: void <init>(org.schabi.newpipe.extractor.StreamingService,org.schabi.newpipe.extractor.linkhandler.ListLinkHandler)>
02-24 11:27:25.646  8719  8748 D TEST_LOG: CLASS=org.schabi.newpipe.extractor.Extractor
02-24 11:27:25.646  8719  8748 D TEST_LOG: METHOD=<org.schabi.newpipe.extractor.Extractor: void <init>(org.schabi.newpipe.extractor.StreamingService,org.schabi.newpipe.extractor.linkhandler.LinkHandler)>
02-24 11:27:25.646  8719  8748 D TEST_LOG: METHOD=<org.schabi.newpipe.extractor.NewPipe: org.schabi.newpipe.extractor.downloader.Downloader getDownloader()>
02-24 11:27:25.646  8719  8748 D TEST_LOG: METHOD=<org.schabi.newpipe.extractor.Extractor: void fetchPage()>
02-24 11:27:25.646  8719  8748 D TEST_LOG: METHOD=<org.schabi.newpipe.extractor.services.youtube.extractors.YoutubeTrendingExtractor: void onFetchPage(org.schabi.newpipe.extractor.downloader.Downloader)>
02-24 11:27:25.646  8719  8748 D TEST_LOG: METHOD=<org.schabi.newpipe.extractor.Extractor: org.schabi.newpipe.extractor.localization.Localization getExtractorLocalization()>
02-24 11:27:25.646  8719  8748 D TEST_LOG: METHOD=<org.schabi.newpipe.extractor.Extractor: org.schabi.newpipe.extractor.StreamingService getService()>
02-24 11:27:25.646  8719  8748 D TEST_LOG: METHOD=<org.schabi.newpipe.extractor.StreamingService: org.schabi.newpipe.extractor.localization.Localization getLocalization()>
02-24 11:27:25.646  8719  8748 D TEST_LOG: METHOD=<org.schabi.newpipe.extractor.services.youtube.YoutubeService: java.util.List getSupportedLocalizations()>
02-24 11:27:25.646  8719  8748 D TEST_LOG: METHOD=<org.schabi.newpipe.extractor.localization.Localization: boolean equals(java.lang.Object)>
02-24 11:27:25.646  8719  8748 D TEST_LOG: METHOD=<org.schabi.newpipe.extractor.localization.Localization: java.lang.String getLanguageCode()>
02-24 11:27:25.646  8719  8748 D TEST_LOG: METHOD=<org.schabi.newpipe.extractor.Extractor: org.schabi.newpipe.extractor.localization.ContentCountry getExtractorContentCountry()>
02-24 11:27:25.646  8719  8748 D TEST_LOG: METHOD=<org.schabi.newpipe.extractor.StreamingService: org.schabi.newpipe.extractor.localization.ContentCountry getContentCountry()>
02-24 11:27:25.646  8719  8748 D TEST_LOG: METHOD=<org.schabi.newpipe.extractor.NewPipe: org.schabi.newpipe.extractor.localization.ContentCountry getPreferredContentCountry()>
02-24 11:27:25.646  8719  8748 D TEST_LOG: METHOD=<org.schabi.newpipe.extractor.services.youtube.YoutubeService: java.util.List getSupportedCountries()>
02-24 11:27:25.646  8719  8748 D TEST_LOG: METHOD=<org.schabi.newpipe.extractor.localization.ContentCountry: boolean equals(java.lang.Object)>
02-24 11:27:25.646  8719  8754 D TEST_LOG: METHOD=<org.schabi.newpipe.database.feed.dao.FeedDAO_Impl$9: java.lang.Object call()>
02-24 11:27:25.646  8719  8754 D TEST_LOG: METHOD=<org.schabi.newpipe.database.feed.dao.FeedDAO_Impl$9: java.util.List call()>
02-24 11:27:25.646  8719  8719 D TEST_LOG: METHOD=<org.schabi.newpipe.local.LocalItemListAdapter: void <clinit>()>
02-24 11:27:25.646  8719  8719 D TEST_LOG: METHOD=<org.schabi.newpipe.local.LocalItemListAdapter: void <init>(android.content.Context)>
02-24 11:27:25.646  8719  8719 D TEST_LOG: CLASS=org.schabi.newpipe.local.LocalItemBuilder
02-24 11:27:25.646  8719  8719 D TEST_LOG: METHOD=<org.schabi.newpipe.local.LocalItemBuilder: void <init>(android.content.Context)>
02-24 11:27:25.648  8719  8719 D TEST_LOG: METHOD=<org.schabi.newpipe.local.BaseLocalListFragment: void refreshItemViewMode()>
02-24 11:27:25.653  8719  8719 D TEST_LOG: METHOD=<org.schabi.newpipe.local.BaseLocalListFragment: androidx.recyclerview.widget.RecyclerView$LayoutManager getListLayoutManager()>
02-24 11:27:25.654  8719  8719 D TEST_LOG: METHOD=<org.schabi.newpipe.local.LocalItemListAdapter: void setItemViewMode(org.schabi.newpipe.info_list.ItemViewMode)>
02-24 11:27:25.654  8719  8719 D TEST_LOG: METHOD=<org.schabi.newpipe.local.BaseLocalListFragment: androidx.viewbinding.ViewBinding getListHeader()>
02-24 11:27:25.654  8719  8719 D TEST_LOG: METHOD=<org.schabi.newpipe.local.BaseLocalListFragment: androidx.viewbinding.ViewBinding getListFooter()>
02-24 11:27:25.655  8719  8719 D TEST_LOG: METHOD=<org.schabi.newpipe.databinding.PignateFooterBinding: org.schabi.newpipe.databinding.PignateFooterBinding inflate(android.view.LayoutInflater,android.view.ViewGroup,boolean)>
02-24 11:27:25.656  8719  8748 D TEST_LOG: METHOD=<org.schabi.newpipe.extractor.services.youtube.YoutubeParsingHelper: com.grack.nanojson.JsonBuilder prepareDesktopJsonBuilder(org.schabi.newpipe.extractor.localization.Localization,org.schabi.newpipe.extractor.localization.ContentCountry)>
02-24 11:27:25.657  8719  8748 D TEST_LOG: METHOD=<org.schabi.newpipe.extractor.localization.Localization: java.lang.String getLocalizationCode()>
02-24 11:27:25.657  8719  8719 D TEST_LOG: METHOD=<org.schabi.newpipe.databinding.PignateFooterBinding: org.schabi.newpipe.databinding.PignateFooterBinding bind(android.view.View)>
02-24 11:27:25.657  8719  8719 D TEST_LOG: CLASS=org.schabi.newpipe.databinding.PignateFooterBinding
02-24 11:27:25.657  8719  8719 D TEST_LOG: METHOD=<org.schabi.newpipe.databinding.PignateFooterBinding: void <init>(android.widget.LinearLayout)>
02-24 11:27:25.657  8719  8719 D TEST_LOG: METHOD=<org.schabi.newpipe.databinding.PignateFooterBinding: android.view.View getRoot()>
02-24 11:27:25.657  8719  8719 D TEST_LOG: METHOD=<org.schabi.newpipe.databinding.PignateFooterBinding: android.widget.LinearLayout getRoot()>
02-24 11:27:25.657  8719  8719 D TEST_LOG: METHOD=<org.schabi.newpipe.local.LocalItemListAdapter: void setFooter(android.view.View)>
02-24 11:27:25.657  8719  8719 D TEST_LOG: METHOD=<org.schabi.newpipe.local.bookmark.BookmarkFragment: void initListeners()>
02-24 11:27:25.657  8719  8719 D TEST_LOG: METHOD=<org.schabi.newpipe.local.BaseLocalListFragment: void initListeners()>
02-24 11:27:25.657  8719  8719 D TEST_LOG: CLASS=org.schabi.newpipe.local.bookmark.BookmarkFragment$1
02-24 11:27:25.657  8719  8719 D TEST_LOG: METHOD=<org.schabi.newpipe.local.bookmark.BookmarkFragment$1: void <init>(org.schabi.newpipe.local.bookmark.BookmarkFragment)>
02-24 11:27:25.657  8719  8719 D TEST_LOG: METHOD=<org.schabi.newpipe.local.LocalItemListAdapter: void setSelectedListener(org.schabi.newpipe.util.OnClickGesture)>
02-24 11:27:25.657  8719  8719 D TEST_LOG: METHOD=<org.schabi.newpipe.local.LocalItemBuilder: void setOnItemSelectedListener(org.schabi.newpipe.util.OnClickGesture)>
02-24 11:27:25.657  8719  8719 D TEST_LOG: METHOD=<org.schabi.newpipe.fragments.BaseStateFragment: void doInitialLoadLogic()>
02-24 11:27:25.657  8719  8719 D TEST_LOG: METHOD=<org.schabi.newpipe.local.bookmark.BookmarkFragment: void startLoading(boolean)>
02-24 11:27:25.657  8719  8719 D TEST_LOG: METHOD=<org.schabi.newpipe.local.BaseLocalListFragment: void startLoading(boolean)>
02-24 11:27:25.658  8719  8719 D TEST_LOG: METHOD=<org.schabi.newpipe.local.BaseLocalListFragment: void showLoading()>
02-24 11:27:25.658  8719  8719 D TEST_LOG: METHOD=<org.schabi.newpipe.local.bookmark.BookmarkFragment: void resetFragment()>
02-24 11:27:25.658  8719  8719 D TEST_LOG: METHOD=<org.schabi.newpipe.local.BaseLocalListFragment: void resetFragment()>
02-24 11:27:25.658  8719  8719 D TEST_LOG: METHOD=<org.schabi.newpipe.local.LocalItemListAdapter: void clearStreamItemList()>
02-24 11:27:25.658  8719  8719 D TEST_LOG: METHOD=<org.schabi.newpipe.local.playlist.LocalPlaylistManager: io.reactivex.rxjava3.core.Flowable getPlaylists()>
02-24 11:27:25.658  8719  8719 D TEST_LOG: METHOD=<org.schabi.newpipe.database.playlist.dao.PlaylistStreamDAO_Impl: io.reactivex.rxjava3.core.Flowable getPlaylistMetadata()>
02-24 11:27:25.658  8719  8719 D TEST_LOG: CLASS=org.schabi.newpipe.database.playlist.dao.PlaylistStreamDAO_Impl$10
02-24 11:27:25.658  8719  8719 D TEST_LOG: METHOD=<org.schabi.newpipe.database.playlist.dao.PlaylistStreamDAO_Impl$10: void <init>(org.schabi.newpipe.database.playlist.dao.PlaylistStreamDAO_Impl,androidx.room.RoomSQLiteQuery)>
02-24 11:27:25.658  8719  8719 D TEST_LOG: METHOD=<org.schabi.newpipe.local.playlist.RemotePlaylistManager: io.reactivex.rxjava3.core.Flowable getPlaylists()>
02-24 11:27:25.658  8719  8719 D TEST_LOG: METHOD=<org.schabi.newpipe.database.playlist.dao.PlaylistRemoteDAO_Impl: io.reactivex.rxjava3.core.Flowable getAll()>
02-24 11:27:25.658  8719  8719 D TEST_LOG: CLASS=org.schabi.newpipe.database.playlist.dao.PlaylistRemoteDAO_Impl$6
02-24 11:27:25.658  8719  8719 D TEST_LOG: METHOD=<org.schabi.newpipe.database.playlist.dao.PlaylistRemoteDAO_Impl$6: void <init>(org.schabi.newpipe.database.playlist.dao.PlaylistRemoteDAO_Impl,androidx.room.RoomSQLiteQuery)>
02-24 11:27:25.658  8719  8719 D TEST_LOG: CLASS=org.schabi.newpipe.local.bookmark.BookmarkFragment$$ExternalSyntheticLambda0
02-24 11:27:25.658  8719  8719 D TEST_LOG: METHOD=<org.schabi.newpipe.local.bookmark.BookmarkFragment$$ExternalSyntheticLambda0: void <init>()>
02-24 11:27:25.658  8719  8719 D TEST_LOG: METHOD=<org.schabi.newpipe.local.bookmark.BookmarkFragment: org.reactivestreams.Subscriber getPlaylistsSubscriber()>
02-24 11:27:25.658  8719  8719 D TEST_LOG: CLASS=org.schabi.newpipe.local.bookmark.BookmarkFragment$2
02-24 11:27:25.658  8719  8719 D TEST_LOG: METHOD=<org.schabi.newpipe.local.bookmark.BookmarkFragment$2: void <init>(org.schabi.newpipe.local.bookmark.BookmarkFragment)>
02-24 11:27:25.659  8719  8719 D TEST_LOG: METHOD=<org.schabi.newpipe.local.bookmark.BookmarkFragment$2: void onSubscribe(org.reactivestreams.Subscription)>
02-24 11:27:25.659  8719  8719 D TEST_LOG: METHOD=<org.schabi.newpipe.local.bookmark.BookmarkFragment: org.reactivestreams.Subscription '-$$Nest$fgetdatabaseSubscription'(org.schabi.newpipe.local.bookmark.BookmarkFragment)>
02-24 11:27:25.659  8719  8719 D TEST_LOG: METHOD=<org.schabi.newpipe.local.bookmark.BookmarkFragment: void '-$$Nest$fputdatabaseSubscription'(org.schabi.newpipe.local.bookmark.BookmarkFragment,org.reactivestreams.Subscription)>
