02-24 16:24:44.846  5619  5666 D TEST_LOG: METHOD=<com.bumptech.glide.load.engine.cache.DiskCacheWriteLocker: void <init>()>
02-24 16:24:44.846  5619  5666 D TEST_LOG: CLASS=com.bumptech.glide.load.engine.cache.DiskCacheWriteLocker$WriteLockPool
02-24 16:24:44.846  5619  5666 D TEST_LOG: METHOD=<com.bumptech.glide.load.engine.cache.DiskCacheWriteLocker$WriteLockPool: void <init>(com.bumptech.glide.load.engine.cache.DiskCacheWriteLocker$1)>
02-24 16:24:44.846  5619  5666 D TEST_LOG: METHOD=<com.bumptech.glide.load.engine.cache.DiskCacheWriteLocker$WriteLockPool: void <init>()>
02-24 16:24:44.846  5619  5666 D TEST_LOG: CLASS=com.bumptech.glide.load.engine.cache.SafeKeyGenerator
02-24 16:24:44.846  5619  5666 D TEST_LOG: METHOD=<com.bumptech.glide.load.engine.cache.SafeKeyGenerator: void <init>()>
02-24 16:24:44.846  5619  5666 D TEST_LOG: METHOD=<com.bumptech.glide.load.engine.cache.DiskLruCacheWrapper: java.io.File get(com.bumptech.glide.load.Key)>
02-24 16:24:44.846  5619  5666 D TEST_LOG: METHOD=<com.bumptech.glide.load.engine.cache.SafeKeyGenerator: java.lang.String getSafeKey(com.bumptech.glide.load.Key)>
02-24 16:24:44.846  5619  5666 D TEST_LOG: METHOD=<com.bumptech.glide.util.LruCache: java.lang.Object get(java.lang.Object)>
02-24 16:24:44.846  5619  5666 D TEST_LOG: METHOD=<com.bumptech.glide.load.engine.EngineKey: void updateDiskCacheKey(java.security.MessageDigest)>
02-24 16:24:44.846  5619  5666 D TEST_LOG: METHOD=<com.bumptech.glide.signature.StringSignature: void updateDiskCacheKey(java.security.MessageDigest)>
02-24 16:24:44.846  5619  5666 D TEST_LOG: METHOD=<com.bumptech.glide.util.Util: java.lang.String sha256BytesToHex(byte[])>
02-24 16:24:44.846  5619  5666 D TEST_LOG: METHOD=<com.bumptech.glide.util.Util: java.lang.String bytesToHex(byte[],char[])>
02-24 16:24:44.846  5619  5666 D TEST_LOG: METHOD=<com.bumptech.glide.util.LruCache: java.lang.Object put(java.lang.Object,java.lang.Object)>
02-24 16:24:44.846  5619  5666 D TEST_LOG: METHOD=<com.bumptech.glide.util.LruCache: int getSize(java.lang.Object)>
02-24 16:24:44.846  5619  5666 D TEST_LOG: METHOD=<com.bumptech.glide.util.LruCache: void evict()>
02-24 16:24:44.846  5619  5666 D TEST_LOG: METHOD=<com.bumptech.glide.util.LruCache: void trimToSize(int)>
02-24 16:24:44.846  5619  5666 D TEST_LOG: METHOD=<com.bumptech.glide.load.engine.cache.DiskLruCacheWrapper: com.bumptech.glide.disklrucache.DiskLruCache getDiskCache()>
02-24 16:24:44.846  5619  5666 D TEST_LOG: METHOD=<com.bumptech.glide.disklrucache.DiskLruCache: com.bumptech.glide.disklrucache.DiskLruCache open(java.io.File,int,int,long)>
02-24 16:24:44.846  5619  5666 D TEST_LOG: CLASS=com.bumptech.glide.disklrucache.DiskLruCache
02-24 16:24:44.846  5619  5666 D TEST_LOG: METHOD=<com.bumptech.glide.disklrucache.DiskLruCache: void <init>(java.io.File,int,int,long)>
02-24 16:24:44.846  5619  5666 D TEST_LOG: CLASS=com.bumptech.glide.disklrucache.DiskLruCache$1
02-24 16:24:44.846  5619  5666 D TEST_LOG: METHOD=<com.bumptech.glide.disklrucache.DiskLruCache$1: void <init>(com.bumptech.glide.disklrucache.DiskLruCache)>
02-24 16:24:44.846  5619  5666 D TEST_LOG: METHOD=<com.bumptech.glide.disklrucache.DiskLruCache: void rebuildJournal()>
02-24 16:24:44.846  5619  5666 D TEST_LOG: CLASS=com.bumptech.glide.disklrucache.Util
02-24 16:24:44.846  5619  5666 D TEST_LOG: METHOD=<com.bumptech.glide.disklrucache.Util: void <clinit>()>
02-24 16:24:44.846  5619  5666 D TEST_LOG: METHOD=<com.bumptech.glide.disklrucache.DiskLruCache: void renameTo(java.io.File,java.io.File,boolean)>
02-24 16:24:44.846  5619  5666 D TEST_LOG: METHOD=<com.bumptech.glide.disklrucache.DiskLruCache: com.bumptech.glide.disklrucache.DiskLruCache$Value get(java.lang.String)>
02-24 16:24:44.846  5619  5666 D TEST_LOG: METHOD=<com.bumptech.glide.disklrucache.DiskLruCache: void checkNotClosed()>
02-24 16:24:44.846  5619  5666 D TEST_LOG: METHOD=<com.bumptech.glide.load.engine.DecodeJob: com.bumptech.glide.load.engine.Resource transcode(com.bumptech.glide.load.engine.Resource)>
02-24 16:24:44.846  5619  5666 D TEST_LOG: METHOD=<com.bumptech.glide.load.engine.DecodeJob: com.bumptech.glide.load.engine.Resource decodeSourceFromCache()>
02-24 16:24:44.846  5619  5666 D TEST_LOG: METHOD=<com.bumptech.glide.load.engine.EngineRunnable: void onLoadFailed(java.lang.Exception)>
02-24 16:24:44.846  5619  5666 D TEST_LOG: METHOD=<com.bumptech.glide.load.engine.EngineJob: void submitForSource(com.bumptech.glide.load.engine.EngineRunnable)>
02-24 16:24:44.868  5619  5645 D TEST_LOG: METHOD=<a.f.a.b.b.f: void a(android.content.Context,org.json.JSONObject)>
02-24 16:24:44.868  5619  5645 D TEST_LOG: METHOD=<a.f.a.b.b.b: void a(android.content.Context,org.json.JSONObject)>
02-24 16:24:44.868  5619  5645 D TEST_LOG: METHOD=<a.f.a.b.b.g: void a(android.content.Context,org.json.JSONObject)>
02-24 16:24:44.868  5619  5645 D TEST_LOG: METHOD=<a.f.a.b.b.n: void a(android.content.Context,org.json.JSONObject)>
02-24 16:24:44.868  5619  5645 D TEST_LOG: METHOD=<a.f.a.b.f.b: void a(int)>
02-24 16:24:44.868  5619  5645 D TEST_LOG: METHOD=<a.f.a.b.b.h: void a(android.content.Context,org.json.JSONObject)>
02-24 16:24:44.868  5619  5645 D TEST_LOG: METHOD=<a.f.a.b.b.o: void a(android.content.Context,org.json.JSONObject)>
02-24 16:24:44.868  5619  5645 D TEST_LOG: METHOD=<a.f.a.b.b.a: void a(android.content.Context,org.json.JSONObject)>
02-24 16:24:44.868  5619  5645 D TEST_LOG: METHOD=<a.f.a.b.b.e: void a(android.content.Context,org.json.JSONObject)>
02-24 16:24:44.868  5619  5645 D TEST_LOG: METHOD=<a.f.a.b.b.j: void a(android.content.Context,org.json.JSONObject)>
02-24 16:24:44.868  5619  5645 D TEST_LOG: METHOD=<a.f.a.b.b.m: void a(android.content.Context,java.lang.String)>
02-24 16:24:44.868  5619  5645 D TEST_LOG: METHOD=<a.f.a.d.d: void a(android.content.Context,java.lang.String,java.lang.Object)>
02-24 16:24:44.876  5619  5645 D TEST_LOG: METHOD=<a.f.a.b.a.b: void b(android.content.Context,boolean,java.lang.String)>
02-24 16:24:44.894  5619  5619 D TEST_LOG: METHOD=<android.support.v7.app.AppCompatDelegateImpl$2: void run()>
02-24 16:24:44.894  5619  5619 D TEST_LOG: METHOD=<android.support.v7.app.AppCompatDelegateImpl: void doInvalidatePanelMenu(int)>
02-24 16:24:44.915  5619  5668 D TEST_LOG: METHOD=<com.bumptech.glide.load.engine.EngineRunnable: com.bumptech.glide.load.engine.Resource decodeFromSource()>
02-24 16:24:44.915  5619  5668 D TEST_LOG: METHOD=<com.bumptech.glide.load.engine.DecodeJob: com.bumptech.glide.load.engine.Resource decodeFromSource()>
02-24 16:24:44.915  5619  5668 D TEST_LOG: METHOD=<com.bumptech.glide.load.engine.DecodeJob: com.bumptech.glide.load.engine.Resource decodeSource()>
02-24 16:24:44.915  5619  5668 D TEST_LOG: METHOD=<com.bumptech.glide.load.model.ImageVideoModelLoader$ImageVideoFetcher: java.lang.Object loadData(com.bumptech.glide.Priority)>
02-24 16:24:44.915  5619  5668 D TEST_LOG: METHOD=<com.bumptech.glide.load.model.ImageVideoModelLoader$ImageVideoFetcher: com.bumptech.glide.load.model.ImageVideoWrapper loadData(com.bumptech.glide.Priority)>
02-24 16:24:44.915  5619  5668 D TEST_LOG: METHOD=<com.bumptech.glide.load.data.LocalUriFetcher: java.lang.Object loadData(com.bumptech.glide.Priority)>
02-24 16:24:44.915  5619  5668 D TEST_LOG: METHOD=<com.bumptech.glide.load.data.StreamLocalUriFetcher: java.lang.Object loadResource(android.net.Uri,android.content.ContentResolver)>
02-24 16:24:44.915  5619  5668 D TEST_LOG: METHOD=<com.bumptech.glide.load.data.StreamLocalUriFetcher: java.io.InputStream loadResource(android.net.Uri,android.content.ContentResolver)>
02-24 16:24:44.916  5619  5668 D TEST_LOG: METHOD=<com.bumptech.glide.load.data.FileDescriptorLocalUriFetcher: java.lang.Object loadResource(android.net.Uri,android.content.ContentResolver)>
02-24 16:24:44.930  5619  5668 D TEST_LOG: METHOD=<com.bumptech.glide.load.data.FileDescriptorLocalUriFetcher: android.os.ParcelFileDescriptor loadResource(android.net.Uri,android.content.ContentResolver)>
02-24 16:24:44.931  5619  5668 D TEST_LOG: CLASS=com.bumptech.glide.load.model.ImageVideoWrapper
02-24 16:24:44.933  5619  5668 D TEST_LOG: METHOD=<com.bumptech.glide.load.model.ImageVideoWrapper: void <init>(java.io.InputStream,android.os.ParcelFileDescriptor)>
02-24 16:24:44.933  5619  5668 D TEST_LOG: METHOD=<com.bumptech.glide.load.engine.DecodeJob: com.bumptech.glide.load.engine.Resource decodeFromSourceData(java.lang.Object)>
02-24 16:24:44.937  5619  5668 D TEST_LOG: METHOD=<com.bumptech.glide.load.resource.bitmap.ImageVideoBitmapDecoder: com.bumptech.glide.load.engine.Resource decode(java.lang.Object,int,int)>
02-24 16:24:44.937  5619  5668 D TEST_LOG: METHOD=<com.bumptech.glide.load.resource.bitmap.ImageVideoBitmapDecoder: com.bumptech.glide.load.engine.Resource decode(com.bumptech.glide.load.model.ImageVideoWrapper,int,int)>
02-24 16:24:44.937  5619  5668 D TEST_LOG: METHOD=<com.bumptech.glide.load.model.ImageVideoWrapper: java.io.InputStream getStream()>
02-24 16:24:44.937  5619  5668 D TEST_LOG: METHOD=<com.bumptech.glide.load.resource.bitmap.StreamBitmapDecoder: com.bumptech.glide.load.engine.Resource decode(java.lang.Object,int,int)>
02-24 16:24:44.937  5619  5668 D TEST_LOG: METHOD=<com.bumptech.glide.load.resource.bitmap.StreamBitmapDecoder: com.bumptech.glide.load.engine.Resource decode(java.io.InputStream,int,int)>
02-24 16:24:44.937  5619  5668 D TEST_LOG: METHOD=<com.bumptech.glide.load.resource.bitmap.Downsampler: android.graphics.Bitmap decode(java.io.InputStream,com.bumptech.glide.load.engine.bitmap_recycle.BitmapPool,int,int,com.bumptech.glide.load.DecodeFormat)>
02-24 16:24:44.937  5619  5668 D TEST_LOG: CLASS=com.bumptech.glide.util.ByteArrayPool
02-24 16:24:44.937  5619  5668 D TEST_LOG: METHOD=<com.bumptech.glide.util.ByteArrayPool: void <clinit>()>
02-24 16:24:44.937  5619  5668 D TEST_LOG: METHOD=<com.bumptech.glide.util.ByteArrayPool: void <init>()>
02-24 16:24:44.938  5619  5668 D TEST_LOG: METHOD=<com.bumptech.glide.util.ByteArrayPool: com.bumptech.glide.util.ByteArrayPool get()>
02-24 16:24:44.938  5619  5668 D TEST_LOG: METHOD=<com.bumptech.glide.util.ByteArrayPool: byte[] getBytes()>
02-24 16:24:44.938  5619  5668 D TEST_LOG: METHOD=<com.bumptech.glide.load.resource.bitmap.Downsampler: android.graphics.BitmapFactory$Options getDefaultOptions()>
02-24 16:24:44.938  5619  5668 D TEST_LOG: METHOD=<com.bumptech.glide.load.resource.bitmap.Downsampler: void resetOptions(android.graphics.BitmapFactory$Options)>
02-24 16:24:44.938  5619  5668 D TEST_LOG: CLASS=com.bumptech.glide.load.resource.bitmap.RecyclableBufferedInputStream
02-24 16:24:44.938  5619  5668 D TEST_LOG: METHOD=<com.bumptech.glide.load.resource.bitmap.RecyclableBufferedInputStream: void <init>(java.io.InputStream,byte[])>
02-24 16:24:44.938  5619  5668 D TEST_LOG: CLASS=com.bumptech.glide.util.ExceptionCatchingInputStream
02-24 16:24:44.938  5619  5668 D TEST_LOG: METHOD=<com.bumptech.glide.util.ExceptionCatchingInputStream: void <clinit>()>
02-24 16:24:44.938  5619  5668 D TEST_LOG: METHOD=<com.bumptech.glide.util.ExceptionCatchingInputStream: com.bumptech.glide.util.ExceptionCatchingInputStream obtain(java.io.InputStream)>
02-24 16:24:44.938  5619  5668 D TEST_LOG: METHOD=<com.bumptech.glide.util.ExceptionCatchingInputStream: void <init>()>
02-24 16:24:44.938  5619  5668 D TEST_LOG: METHOD=<com.bumptech.glide.util.ExceptionCatchingInputStream: void setInputStream(java.io.InputStream)>
02-24 16:24:44.938  5619  5668 D TEST_LOG: CLASS=com.bumptech.glide.util.MarkEnforcingInputStream
02-24 16:24:44.938  5619  5668 D TEST_LOG: METHOD=<com.bumptech.glide.util.MarkEnforcingInputStream: void <init>(java.io.InputStream)>
02-24 16:24:44.938  5619  5668 D TEST_LOG: METHOD=<com.bumptech.glide.util.ExceptionCatchingInputStream: void mark(int)>
02-24 16:24:44.938  5619  5668 D TEST_LOG: METHOD=<com.bumptech.glide.load.resource.bitmap.RecyclableBufferedInputStream: void mark(int)>
02-24 16:24:44.951  5619  5666 D TEST_LOG: METHOD=<com.bumptech.glide.load.engine.executor.FifoPriorityThreadPoolExecutor: void afterExecute(java.lang.Runnable,java.lang.Throwable)>
02-24 16:24:44.951  5619  5619 D TEST_LOG: METHOD=<android.support.v7.view.WindowCallbackWrapper: void onWindowFocusChanged(boolean)>
02-24 16:24:44.961  5619  5653 D TEST_LOG: METHOD=<d.t: d.B b(java.net.Socket)>
02-24 16:24:44.962  5619  5653 D TEST_LOG: METHOD=<d.t: d.c c(java.net.Socket)>
02-24 16:24:44.962  5619  5653 D TEST_LOG: CLASS=d.c
02-24 16:24:44.963  5619  5653 D TEST_LOG: METHOD=<d.c: void <clinit>()>
02-24 16:24:44.965  5619  5653 D TEST_LOG: CLASS=d.s
02-24 16:24:44.965  5619  5653 D TEST_LOG: METHOD=<d.s: void <init>(java.net.Socket)>
02-24 16:24:44.965  5619  5653 D TEST_LOG: METHOD=<d.c: void <init>()>
02-24 16:24:44.965  5619  5653 D TEST_LOG: METHOD=<d.t: d.B a(java.io.InputStream,d.D)>
02-24 16:24:44.966  5619  5653 D TEST_LOG: CLASS=d.q
02-24 16:24:44.966  5619  5653 D TEST_LOG: METHOD=<d.q: void <init>(d.D,java.io.InputStream)>
02-24 16:24:44.966  5619  5653 D TEST_LOG: METHOD=<d.c: d.B a(d.B)>
02-24 16:24:44.966  5619  5653 D TEST_LOG: CLASS=d.b
02-24 16:24:44.966  5619  5653 D TEST_LOG: METHOD=<d.b: void <init>(d.c,d.B)>
02-24 16:24:44.966  5619  5653 D TEST_LOG: METHOD=<d.t: d.i a(d.B)>
02-24 16:24:44.966  5619  5653 D TEST_LOG: CLASS=d.w
02-24 16:24:44.966  5619  5653 D TEST_LOG: METHOD=<d.w: void <init>(d.B)>
02-24 16:24:44.966  5619  5653 D TEST_LOG: METHOD=<d.t: d.A a(java.net.Socket)>
02-24 16:24:44.966  5619  5653 D TEST_LOG: METHOD=<d.c: d.A a(d.A)>
02-24 16:24:44.966  5619  5653 D TEST_LOG: CLASS=d.a
02-24 16:24:44.966  5619  5653 D TEST_LOG: METHOD=<d.a: void <init>(d.c,d.A)>
02-24 16:24:44.966  5619  5653 D TEST_LOG: METHOD=<c.a.b.c: void b(c.a.b.b)>
02-24 16:24:44.966  5619  5653 D TEST_LOG: METHOD=<c.a.b.c: void a(c.a.b.b)>
02-24 16:24:44.986  5619  5653 D TEST_LOG: METHOD=<c.a.b.b: c.q a(javax.net.ssl.SSLSocket)>
02-24 16:24:44.987  5619  5653 D TEST_LOG: METHOD=<c.q: boolean a(javax.net.ssl.SSLSocket)>
02-24 16:24:44.987  5619  5653 D TEST_LOG: METHOD=<c.a.e: boolean b(java.util.Comparator,java.lang.String[],java.lang.String[])>
02-24 16:24:44.987  5619  5653 D TEST_LOG: METHOD=<c.a.c: int compare(java.lang.Object,java.lang.Object)>
02-24 16:24:44.987  5619  5653 D TEST_LOG: METHOD=<c.a.c: int a(java.lang.String,java.lang.String)>
02-24 16:24:44.989  5619  5653 D TEST_LOG: METHOD=<c.a.b.b: boolean b(javax.net.ssl.SSLSocket)>
02-24 16:24:44.989  5619  5653 D TEST_LOG: METHOD=<c.H: void a(c.q,javax.net.ssl.SSLSocket,boolean)>
02-24 16:24:44.989  5619  5653 D TEST_LOG: METHOD=<c.q: void a(javax.net.ssl.SSLSocket,boolean)>
02-24 16:24:44.989  5619  5653 D TEST_LOG: METHOD=<c.q: c.q b(javax.net.ssl.SSLSocket,boolean)>
02-24 16:24:44.989  5619  5653 D TEST_LOG: METHOD=<c.a.e: java.lang.String[] a(java.util.Comparator,java.lang.String[],java.lang.String[])>
02-24 16:24:44.989  5619  5653 D TEST_LOG: METHOD=<c.a.e: int a(java.util.Comparator,java.lang.String[],java.lang.String)>
02-24 16:24:44.989  5619  5653 D TEST_LOG: METHOD=<c.q: boolean c()>
02-24 16:24:44.989  5619  5653 D TEST_LOG: METHOD=<c.a: java.util.List e()>
02-24 16:24:44.989  5619  5653 D TEST_LOG: METHOD=<c.a.g.a: void a(javax.net.ssl.SSLSocket,java.lang.String,java.util.List)>
02-24 16:24:44.989  5619  5653 D TEST_LOG: METHOD=<c.a.g.d: java.lang.Object c(java.lang.Object,java.lang.Object[])>
02-24 16:24:44.989  5619  5653 D TEST_LOG: METHOD=<c.a.g.d: java.lang.Object b(java.lang.Object,java.lang.Object[])>
02-24 16:24:45.004  5619  5653 D TEST_LOG: METHOD=<c.a.g.d: java.lang.reflect.Method a(java.lang.Class)>
02-24 16:24:45.004  5619  5653 D TEST_LOG: METHOD=<c.a.g.d: java.lang.reflect.Method a(java.lang.Class,java.lang.String,java.lang.Class[])>
02-24 16:24:45.005  5619  5653 D TEST_LOG: METHOD=<c.a.g.d: boolean a(java.lang.Object)>
02-24 16:24:45.012  5619  5653 D TEST_LOG: METHOD=<c.a.g.e: byte[] b(java.util.List)>
02-24 16:24:45.019  5619  5653 D TEST_LOG: METHOD=<c.J: java.lang.String toString()>
02-24 16:24:45.019  5619  5653 D TEST_LOG: METHOD=<d.g: byte[] b()>
02-24 16:24:45.019  5619  5653 D TEST_LOG: METHOD=<d.g: byte[] c(long)>
02-24 16:24:45.019  5619  5653 D TEST_LOG: METHOD=<d.g: void readFully(byte[])>
02-24 16:24:45.019  5619  5653 D TEST_LOG: METHOD=<d.g: int a(byte[],int,int)>
02-24 16:24:45.019  5619  5653 D TEST_LOG: METHOD=<c.a.g.d: java.lang.Object d(java.lang.Object,java.lang.Object[])>
02-24 16:24:45.019  5619  5653 D TEST_LOG: METHOD=<c.a.g.d: java.lang.Object a(java.lang.Object,java.lang.Object[])>
02-24 16:24:45.022  5619  5668 D TEST_LOG: CLASS=com.bumptech.glide.load.resource.bitmap.ImageHeaderParser
02-24 16:24:45.022  5619  5668 D TEST_LOG: METHOD=<com.bumptech.glide.load.resource.bitmap.ImageHeaderParser: void <clinit>()>
02-24 16:24:45.026  5619  5668 D TEST_LOG: METHOD=<com.bumptech.glide.load.resource.bitmap.ImageHeaderParser: void <init>(java.io.InputStream)>
02-24 16:24:45.026  5619  5668 D TEST_LOG: CLASS=com.bumptech.glide.load.resource.bitmap.ImageHeaderParser$StreamReader
02-24 16:24:45.026  5619  5668 D TEST_LOG: METHOD=<com.bumptech.glide.load.resource.bitmap.ImageHeaderParser$StreamReader: void <init>(java.io.InputStream)>
02-24 16:24:45.026  5619  5668 D TEST_LOG: METHOD=<com.bumptech.glide.load.resource.bitmap.ImageHeaderParser: int getOrientation()>
02-24 16:24:45.026  5619  5668 D TEST_LOG: METHOD=<com.bumptech.glide.load.resource.bitmap.ImageHeaderParser$StreamReader: int getUInt16()>
02-24 16:24:45.026  5619  5668 D TEST_LOG: METHOD=<com.bumptech.glide.util.ExceptionCatchingInputStream: int read()>
02-24 16:24:45.026  5619  5668 D TEST_LOG: METHOD=<com.bumptech.glide.load.resource.bitmap.RecyclableBufferedInputStream: int read()>
02-24 16:24:45.026  5619  5668 D TEST_LOG: METHOD=<com.bumptech.glide.load.resource.bitmap.RecyclableBufferedInputStream: int fillbuf(java.io.InputStream,byte[])>
02-24 16:24:45.026  5619  5668 D TEST_LOG: METHOD=<com.bumptech.glide.load.resource.bitmap.ImageHeaderParser: boolean handles(int)>
02-24 16:24:45.026  5619  5668 D TEST_LOG: METHOD=<com.bumptech.glide.load.resource.bitmap.ImageHeaderParser: byte[] getExifSegment()>
02-24 16:24:45.026  5619  5668 D TEST_LOG: METHOD=<com.bumptech.glide.load.resource.bitmap.ImageHeaderParser$StreamReader: short getUInt8()>
02-24 16:24:45.026  5619  5668 D TEST_LOG: METHOD=<com.bumptech.glide.load.resource.bitmap.ImageHeaderParser$StreamReader: long skip(long)>
02-24 16:24:45.026  5619  5668 D TEST_LOG: METHOD=<com.bumptech.glide.util.ExceptionCatchingInputStream: long skip(long)>
02-24 16:24:45.026  5619  5668 D TEST_LOG: METHOD=<com.bumptech.glide.load.resource.bitmap.RecyclableBufferedInputStream: long skip(long)>
02-24 16:24:45.026  5619  5668 D TEST_LOG: METHOD=<com.bumptech.glide.util.ExceptionCatchingInputStream: void reset()>
02-24 16:24:45.026  5619  5668 D TEST_LOG: METHOD=<com.bumptech.glide.load.resource.bitmap.RecyclableBufferedInputStream: void reset()>
02-24 16:24:45.026  5619  5668 D TEST_LOG: METHOD=<com.bumptech.glide.load.resource.bitmap.Downsampler: int[] getDimensions(com.bumptech.glide.util.MarkEnforcingInputStream,com.bumptech.glide.load.resource.bitmap.RecyclableBufferedInputStream,android.graphics.BitmapFactory$Options)>
02-24 16:24:45.026  5619  5668 D TEST_LOG: METHOD=<com.bumptech.glide.load.resource.bitmap.Downsampler: android.graphics.Bitmap decodeStream(com.bumptech.glide.util.MarkEnforcingInputStream,com.bumptech.glide.load.resource.bitmap.RecyclableBufferedInputStream,android.graphics.BitmapFactory$Options)>
02-24 16:24:45.026  5619  5668 D TEST_LOG: METHOD=<com.bumptech.glide.util.MarkEnforcingInputStream: void mark(int)>
02-24 16:24:45.026  5619  5668 D TEST_LOG: METHOD=<com.bumptech.glide.util.MarkEnforcingInputStream: int read(byte[],int,int)>
02-24 16:24:45.026  5619  5668 D TEST_LOG: METHOD=<com.bumptech.glide.util.MarkEnforcingInputStream: long getBytesToRead(long)>
02-24 16:24:45.026  5619  5668 D TEST_LOG: METHOD=<com.bumptech.glide.util.ExceptionCatchingInputStream: int read(byte[],int,int)>
02-24 16:24:45.026  5619  5668 D TEST_LOG: METHOD=<com.bumptech.glide.load.resource.bitmap.RecyclableBufferedInputStream: int read(byte[],int,int)>
02-24 16:24:45.026  5619  5668 D TEST_LOG: METHOD=<com.bumptech.glide.util.MarkEnforcingInputStream: void updateAvailableBytesAfterRead(long)>
02-24 16:24:45.026  5619  5668 D TEST_LOG: METHOD=<com.bumptech.glide.util.MarkEnforcingInputStream: void reset()>
02-24 16:24:45.026  5619  5668 D TEST_LOG: METHOD=<com.bumptech.glide.load.resource.bitmap.TransformationUtils: int getExifOrientationDegrees(int)>
02-24 16:24:45.026  5619  5668 D TEST_LOG: METHOD=<com.bumptech.glide.load.resource.bitmap.Downsampler: int getRoundedSampleSize(int,int,int,int,int)>
02-24 16:24:45.026  5619  5668 D TEST_LOG: METHOD=<com.bumptech.glide.load.resource.bitmap.Downsampler$1: int getSampleSize(int,int,int,int)>
02-24 16:24:45.026  5619  5668 D TEST_LOG: METHOD=<com.bumptech.glide.load.resource.bitmap.Downsampler: android.graphics.Bitmap downsampleWithSize(com.bumptech.glide.util.MarkEnforcingInputStream,com.bumptech.glide.load.resource.bitmap.RecyclableBufferedInputStream,android.graphics.BitmapFactory$Options,com.bumptech.glide.load.engine.bitmap_recycle.BitmapPool,int,int,int,com.bumptech.glide.load.DecodeFormat)>
02-24 16:24:45.026  5619  5668 D TEST_LOG: METHOD=<com.bumptech.glide.load.resource.bitmap.Downsampler: android.graphics.Bitmap$Config getConfig(java.io.InputStream,com.bumptech.glide.load.DecodeFormat)>
02-24 16:24:45.026  5619  5668 D TEST_LOG: METHOD=<com.bumptech.glide.load.resource.bitmap.ImageHeaderParser: boolean hasAlpha()>
02-24 16:24:45.026  5619  5668 D TEST_LOG: METHOD=<com.bumptech.glide.load.resource.bitmap.ImageHeaderParser: com.bumptech.glide.load.resource.bitmap.ImageHeaderParser$ImageType getType()>
02-24 16:24:45.026  5619  5668 D TEST_LOG: METHOD=<com.bumptech.glide.util.MarkEnforcingInputStream: int read()>
02-24 16:24:45.026  5619  5668 D TEST_LOG: METHOD=<com.bumptech.glide.load.resource.bitmap.ImageHeaderParser$ImageType: boolean hasAlpha()>
02-24 16:24:45.026  5619  5668 D TEST_LOG: METHOD=<com.bumptech.glide.load.resource.bitmap.Downsampler: boolean shouldUsePool(java.io.InputStream)>
02-24 16:24:45.026  5619  5668 D TEST_LOG: METHOD=<com.bumptech.glide.load.engine.bitmap_recycle.LruBitmapPool: android.graphics.Bitmap getDirty(int,int,android.graphics.Bitmap$Config)>
02-24 16:24:45.026  5619  5668 D TEST_LOG: METHOD=<com.bumptech.glide.load.engine.bitmap_recycle.SizeConfigStrategy: android.graphics.Bitmap get(int,int,android.graphics.Bitmap$Config)>
02-24 16:24:45.026  5619  5668 D TEST_LOG: METHOD=<com.bumptech.glide.util.Util: int getBitmapByteSize(int,int,android.graphics.Bitmap$Config)>
02-24 16:24:45.026  5619  5668 D TEST_LOG: METHOD=<com.bumptech.glide.util.Util: int getBytesPerPixel(android.graphics.Bitmap$Config)>
02-24 16:24:45.026  5619  5668 D TEST_LOG: CLASS=com.bumptech.glide.util.Util$1
02-24 16:24:45.026  5619  5668 D TEST_LOG: METHOD=<com.bumptech.glide.util.Util$1: void <clinit>()>
02-24 16:24:45.026  5619  5668 D TEST_LOG: METHOD=<com.bumptech.glide.load.engine.bitmap_recycle.SizeConfigStrategy$KeyPool: com.bumptech.glide.load.engine.bitmap_recycle.SizeConfigStrategy$Key get(int,android.graphics.Bitmap$Config)>
02-24 16:24:45.026  5619  5668 D TEST_LOG: METHOD=<com.bumptech.glide.load.engine.bitmap_recycle.BaseKeyPool: com.bumptech.glide.load.engine.bitmap_recycle.Poolable get()>
02-24 16:24:45.026  5619  5668 D TEST_LOG: METHOD=<com.bumptech.glide.load.engine.bitmap_recycle.SizeConfigStrategy$KeyPool: com.bumptech.glide.load.engine.bitmap_recycle.Poolable create()>
02-24 16:24:45.026  5619  5668 D TEST_LOG: METHOD=<com.bumptech.glide.load.engine.bitmap_recycle.SizeConfigStrategy$KeyPool: com.bumptech.glide.load.engine.bitmap_recycle.SizeConfigStrategy$Key create()>
02-24 16:24:45.026  5619  5668 D TEST_LOG: CLASS=com.bumptech.glide.load.engine.bitmap_recycle.SizeConfigStrategy$Key
02-24 16:24:45.026  5619  5668 D TEST_LOG: METHOD=<com.bumptech.glide.load.engine.bitmap_recycle.SizeConfigStrategy$Key: void <init>(com.bumptech.glide.load.engine.bitmap_recycle.SizeConfigStrategy$KeyPool)>
02-24 16:24:45.026  5619  5668 D TEST_LOG: METHOD=<com.bumptech.glide.load.engine.bitmap_recycle.SizeConfigStrategy$Key: void init(int,android.graphics.Bitmap$Config)>
02-24 16:24:45.026  5619  5668 D TEST_LOG: METHOD=<com.bumptech.glide.load.engine.bitmap_recycle.SizeConfigStrategy: com.bumptech.glide.load.engine.bitmap_recycle.SizeConfigStrategy$Key findBestKey(com.bumptech.glide.load.engine.bitmap_recycle.SizeConfigStrategy$Key,int,android.graphics.Bitmap$Config)>
02-24 16:24:45.026  5619  5668 D TEST_LOG: METHOD=<com.bumptech.glide.load.engine.bitmap_recycle.SizeConfigStrategy: android.graphics.Bitmap$Config[] getInConfigs(android.graphics.Bitmap$Config)>
02-24 16:24:45.026  5619  5668 D TEST_LOG: CLASS=com.bumptech.glide.load.engine.bitmap_recycle.SizeConfigStrategy$1
02-24 16:24:45.026  5619  5668 D TEST_LOG: METHOD=<com.bumptech.glide.load.engine.bitmap_recycle.SizeConfigStrategy$1: void <clinit>()>
02-24 16:24:45.026  5619  5668 D TEST_LOG: METHOD=<com.bumptech.glide.load.engine.bitmap_recycle.SizeConfigStrategy: java.util.NavigableMap getSizesForConfig(android.graphics.Bitmap$Config)>
02-24 16:24:45.026  5619  5668 D TEST_LOG: METHOD=<com.bumptech.glide.load.engine.bitmap_recycle.GroupedLinkedMap: java.lang.Object get(com.bumptech.glide.load.engine.bitmap_recycle.Poolable)>
02-24 16:24:45.026  5619  5668 D TEST_LOG: METHOD=<com.bumptech.glide.load.engine.bitmap_recycle.SizeConfigStrategy$Key: int hashCode()>
02-24 16:24:45.026  5619  5668 D TEST_LOG: METHOD=<com.bumptech.glide.load.engine.bitmap_recycle.GroupedLinkedMap: void makeHead(com.bumptech.glide.load.engine.bitmap_recycle.GroupedLinkedMap$LinkedEntry)>
02-24 16:24:45.026  5619  5668 D TEST_LOG: METHOD=<com.bumptech.glide.load.engine.bitmap_recycle.GroupedLinkedMap: void removeEntry(com.bumptech.glide.load.engine.bitmap_recycle.GroupedLinkedMap$LinkedEntry)>
02-24 16:24:45.026  5619  5668 D TEST_LOG: METHOD=<com.bumptech.glide.load.engine.bitmap_recycle.GroupedLinkedMap: void updateEntry(com.bumptech.glide.load.engine.bitmap_recycle.GroupedLinkedMap$LinkedEntry)>
02-24 16:24:45.026  5619  5668 D TEST_LOG: METHOD=<com.bumptech.glide.load.engine.bitmap_recycle.GroupedLinkedMap$LinkedEntry: java.lang.Object removeLast()>
02-24 16:24:45.026  5619  5668 D TEST_LOG: METHOD=<com.bumptech.glide.load.engine.bitmap_recycle.GroupedLinkedMap$LinkedEntry: int size()>
02-24 16:24:45.026  5619  5668 D TEST_LOG: METHOD=<com.bumptech.glide.load.engine.bitmap_recycle.LruBitmapPool: void dump()>
02-24 16:24:45.026  5619  5668 D TEST_LOG: METHOD=<com.bumptech.glide.load.resource.bitmap.Downsampler: void setInBitmap(android.graphics.BitmapFactory$Options,android.graphics.Bitmap)>
02-24 16:24:45.053  5619  5668 D TEST_LOG: METHOD=<com.bumptech.glide.load.resource.bitmap.RecyclableBufferedInputStream: void fixMarkLimit()>
02-24 16:24:45.086  5619  5619 D TEST_LOG: METHOD=<com.qisi.plugin.keyboard.h: void run()>
02-24 16:24:45.086  5619  5619 D TEST_LOG: METHOD=<com.qisi.plugin.keyboard.l: boolean a(com.qisi.plugin.keyboard.l)>
02-24 16:24:45.086  5619  5619 D TEST_LOG: METHOD=<com.qisi.plugin.keyboard.l: void b(com.qisi.plugin.keyboard.l)>
02-24 16:24:45.086  5619  5619 D TEST_LOG: METHOD=<com.qisi.plugin.keyboard.l: void o()>
02-24 16:24:45.086  5619  5619 D TEST_LOG: METHOD=<com.qisi.plugin.keyboard.c$a: void g()>
02-24 16:24:45.086  5619  5619 D TEST_LOG: METHOD=<com.qisi.plugin.keyboard.l: void a(com.qisi.plugin.keyboard.c$a)>
02-24 16:24:45.086  5619  5619 D TEST_LOG: METHOD=<com.qisi.plugin.keyboard.f: boolean d()>
02-24 16:24:45.086  5619  5619 D TEST_LOG: METHOD=<android.support.v7.widget.AppCompatTextView: void setTextSize(int,float)>
02-24 16:24:45.086  5619  5619 D TEST_LOG: METHOD=<com.qisi.plugin.keyboard.l: android.os.Handler d(com.qisi.plugin.keyboard.l)>
02-24 16:24:45.086  5619  5619 D TEST_LOG: METHOD=<com.qisi.plugin.keyboard.l: java.lang.Runnable c(com.qisi.plugin.keyboard.l)>
02-24 16:24:45.111  5619  5638 D TEST_LOG: CLASS=com.google.firebase.iid.zzz
02-24 16:24:45.112  5619  5638 D TEST_LOG: METHOD=<com.google.firebase.iid.zzz: void <init>(java.security.KeyPair,long)>
02-24 16:24:45.112  5619  5638 D TEST_LOG: METHOD=<com.google.firebase.iid.zzy: com.google.firebase.iid.zzz zza(android.content.Context,java.lang.String,com.google.firebase.iid.zzz,boolean)>
02-24 16:24:45.112  5619  5638 D TEST_LOG: METHOD=<com.google.firebase.iid.zzz: java.lang.String zza(com.google.firebase.iid.zzz)>
02-24 16:24:45.112  5619  5638 D TEST_LOG: METHOD=<com.google.firebase.iid.zzz: java.lang.String zzv()>
02-24 16:24:45.112  5619  5638 D TEST_LOG: METHOD=<com.google.firebase.iid.zzz: java.lang.String zzb(com.google.firebase.iid.zzz)>
02-24 16:24:45.112  5619  5638 D TEST_LOG: METHOD=<com.google.firebase.iid.zzz: java.lang.String zzw()>
02-24 16:24:45.112  5619  5638 D TEST_LOG: METHOD=<com.google.firebase.iid.zzz: long zzc(com.google.firebase.iid.zzz)>
02-24 16:24:45.114  5619  5668 D TEST_LOG: METHOD=<com.bumptech.glide.util.ExceptionCatchingInputStream: java.io.IOException getException()>
02-24 16:24:45.116  5619  5668 D TEST_LOG: METHOD=<com.bumptech.glide.load.resource.bitmap.TransformationUtils: android.graphics.Bitmap rotateImageExif(android.graphics.Bitmap,com.bumptech.glide.load.engine.bitmap_recycle.BitmapPool,int)>
02-24 16:24:45.116  5619  5668 D TEST_LOG: METHOD=<com.bumptech.glide.load.resource.bitmap.TransformationUtils: void initializeMatrixForRotation(int,android.graphics.Matrix)>
02-24 16:24:45.116  5619  5668 D TEST_LOG: METHOD=<com.bumptech.glide.util.ByteArrayPool: boolean releaseBytes(byte[])>
02-24 16:24:45.116  5619  5668 D TEST_LOG: METHOD=<com.bumptech.glide.util.ExceptionCatchingInputStream: void release()>
02-24 16:24:45.116  5619  5668 D TEST_LOG: METHOD=<com.bumptech.glide.load.resource.bitmap.Downsampler: void releaseOptions(android.graphics.BitmapFactory$Options)>
02-24 16:24:45.120  5619  5668 D TEST_LOG: METHOD=<com.bumptech.glide.load.resource.bitmap.BitmapResource: com.bumptech.glide.load.resource.bitmap.BitmapResource obtain(android.graphics.Bitmap,com.bumptech.glide.load.engine.bitmap_recycle.BitmapPool)>
02-24 16:24:45.121  5619  5668 D TEST_LOG: CLASS=com.bumptech.glide.load.resource.bitmap.BitmapResource
02-24 16:24:45.128  5619  5668 D TEST_LOG: METHOD=<com.bumptech.glide.load.resource.bitmap.BitmapResource: void <init>(android.graphics.Bitmap,com.bumptech.glide.load.engine.bitmap_recycle.BitmapPool)>
02-24 16:24:45.129  5619  5668 D TEST_LOG: METHOD=<com.bumptech.glide.load.model.ImageVideoModelLoader$ImageVideoFetcher: void cleanup()>
02-24 16:24:45.129  5619  5668 D TEST_LOG: METHOD=<com.bumptech.glide.load.data.LocalUriFetcher: void cleanup()>
02-24 16:24:45.129  5619  5668 D TEST_LOG: METHOD=<com.bumptech.glide.load.data.StreamLocalUriFetcher: void close(java.lang.Object)>
02-24 16:24:45.129  5619  5668 D TEST_LOG: METHOD=<com.bumptech.glide.load.data.StreamLocalUriFetcher: void close(java.io.InputStream)>
02-24 16:24:45.129  5619  5668 D TEST_LOG: METHOD=<com.bumptech.glide.load.data.FileDescriptorLocalUriFetcher: void close(java.lang.Object)>
02-24 16:24:45.129  5619  5668 D TEST_LOG: METHOD=<com.bumptech.glide.load.data.FileDescriptorLocalUriFetcher: void close(android.os.ParcelFileDescriptor)>
02-24 16:24:45.129  5619  5668 D TEST_LOG: METHOD=<com.bumptech.glide.load.engine.DecodeJob: com.bumptech.glide.load.engine.Resource transformEncodeAndTranscode(com.bumptech.glide.load.engine.Resource)>
02-24 16:24:45.129  5619  5668 D TEST_LOG: METHOD=<com.bumptech.glide.load.engine.DecodeJob: com.bumptech.glide.load.engine.Resource transform(com.bumptech.glide.load.engine.Resource)>
02-24 16:24:45.129  5619  5668 D TEST_LOG: METHOD=<com.bumptech.glide.load.resource.bitmap.BitmapTransformation: com.bumptech.glide.load.engine.Resource transform(com.bumptech.glide.load.engine.Resource,int,int)>
02-24 16:24:45.129  5619  5668 D TEST_LOG: METHOD=<com.bumptech.glide.load.resource.bitmap.BitmapResource: java.lang.Object get()>
02-24 16:24:45.129  5619  5668 D TEST_LOG: METHOD=<com.bumptech.glide.load.resource.bitmap.BitmapResource: android.graphics.Bitmap get()>
02-24 16:24:45.129  5619  5668 D TEST_LOG: METHOD=<com.bumptech.glide.load.resource.bitmap.FitCenter: android.graphics.Bitmap transform(com.bumptech.glide.load.engine.bitmap_recycle.BitmapPool,android.graphics.Bitmap,int,int)>
02-24 16:24:45.129  5619  5668 D TEST_LOG: METHOD=<com.bumptech.glide.load.resource.bitmap.TransformationUtils: android.graphics.Bitmap fitCenter(android.graphics.Bitmap,com.bumptech.glide.load.engine.bitmap_recycle.BitmapPool,int,int)>
02-24 16:24:45.129  5619  5668 D TEST_LOG: METHOD=<com.bumptech.glide.load.resource.bitmap.TransformationUtils: android.graphics.Bitmap$Config getSafeConfig(android.graphics.Bitmap)>
02-24 16:24:45.130  5619  5668 D TEST_LOG: METHOD=<com.bumptech.glide.load.engine.bitmap_recycle.LruBitmapPool: android.graphics.Bitmap get(int,int,android.graphics.Bitmap$Config)>
02-24 16:24:45.130  5619  5638 D TEST_LOG: METHOD=<com.google.firebase.iid.zzy: void zza(java.lang.Throwable,java.nio.channels.FileChannel)>
02-24 16:24:45.130  5619  5638 D TEST_LOG: METHOD=<com.google.firebase.iid.zzy: void zza(java.lang.Throwable,java.io.RandomAccessFile)>
02-24 16:24:45.130  5619  5638 D TEST_LOG: METHOD=<com.google.firebase.iid.zzz: boolean equals(java.lang.Object)>
02-24 16:24:45.130  5619  5638 D TEST_LOG: METHOD=<com.google.firebase.iid.zzy: void zza(android.content.Context,java.lang.String,com.google.firebase.iid.zzz)>
02-24 16:24:45.132  5619  5668 D TEST_LOG: METHOD=<com.bumptech.glide.load.resource.bitmap.TransformationUtils: void setAlpha(android.graphics.Bitmap,android.graphics.Bitmap)>
02-24 16:24:45.134  5619  5634 D TEST_LOG: METHOD=<com.google.firebase.iid.zzz: java.security.KeyPair getKeyPair()>
02-24 16:24:45.134  5619  5634 D TEST_LOG: METHOD=<com.google.firebase.iid.zzan: java.lang.String zza(java.security.KeyPair)>
02-24 16:24:45.134  5619  5634 D TEST_LOG: METHOD=<com.google.android.gms.measurement.internal.zzbw: long zzkt()>
02-24 16:24:45.134  5619  5634 D TEST_LOG: METHOD=<com.google.android.gms.measurement.internal.zzam: int zzje()>
02-24 16:24:45.134  5619  5634 D TEST_LOG: METHOD=<com.google.android.gms.measurement.internal.zzq: void zzgg()>
02-24 16:24:45.134  5619  5634 D TEST_LOG: METHOD=<com.google.android.gms.measurement.internal.zzcr: void zzgg()>
02-24 16:24:45.135  5619  5634 D TEST_LOG: METHOD=<com.google.android.gms.measurement.internal.zzbd: boolean zzkb()>
02-24 16:24:45.135  5619  5634 D TEST_LOG: METHOD=<com.google.android.gms.measurement.internal.zzk: void <init>(java.lang.String,java.lang.String,java.lang.String,long,java.lang.String,long,long,java.lang.String,boolean,boolean,java.lang.String,long,long,int,boolean,boolean,boolean,java.lang.String)>
02-24 16:24:45.135  5619  5634 D TEST_LOG: CLASS=com.google.android.gms.measurement.internal.zzeh
02-24 16:24:45.135  5619  5634 D TEST_LOG: METHOD=<com.google.android.gms.measurement.internal.zzeh: void <init>(com.google.android.gms.measurement.internal.zzeb,com.google.android.gms.measurement.internal.zzk)>
02-24 16:24:45.136  5619  5634 D TEST_LOG: METHOD=<com.google.android.gms.measurement.internal.zzeb: void zzf(java.lang.Runnable)>
02-24 16:24:45.136  5619  5634 D TEST_LOG: METHOD=<com.google.android.gms.measurement.internal.zzeb: boolean isConnected()>
02-24 16:24:45.136  5619  5634 D TEST_LOG: METHOD=<com.google.android.gms.measurement.internal.zzy: void zzh(long)>
02-24 16:24:45.136  5619  5634 D TEST_LOG: METHOD=<com.google.android.gms.measurement.internal.zzy: void cancel()>
02-24 16:24:45.136  5619  5634 D TEST_LOG: METHOD=<com.google.android.gms.measurement.internal.zzy: android.os.Handler getHandler()>
02-24 16:24:45.136  5619  5634 D TEST_LOG: CLASS=com.google.android.gms.internal.measurement.zzdl
02-24 16:24:45.136  5619  5634 D TEST_LOG: METHOD=<com.google.android.gms.internal.measurement.zzdl: void <clinit>()>
02-24 16:24:45.136  5619  5634 D TEST_LOG: METHOD=<com.google.android.gms.internal.measurement.zzdl: void <init>(android.os.Looper)>
02-24 16:24:45.136  5619  5634 D TEST_LOG: METHOD=<com.google.android.gms.measurement.internal.zzeb: void zzdj()>
02-24 16:24:45.136  5619  5634 D TEST_LOG: METHOD=<com.google.android.gms.measurement.internal.zzeb: com.google.android.gms.measurement.internal.zzbd zzgu()>
02-24 16:24:45.136  5619  5634 D TEST_LOG: METHOD=<com.google.android.gms.measurement.internal.zzbd: java.lang.Boolean zzjx()>
02-24 16:24:45.136  5619  5634 D TEST_LOG: METHOD=<com.google.android.gms.measurement.internal.zzeb: com.google.android.gms.measurement.internal.zzfy zzgr()>
02-24 16:24:45.136  5619  5634 D TEST_LOG: METHOD=<com.google.android.gms.measurement.internal.zzfy: int zzs(int)>
02-24 16:24:45.136  5619  5634 D TEST_LOG: CLASS=com.google.android.gms.common.GoogleApiAvailabilityLight
02-24 16:24:45.136  5619  5634 D TEST_LOG: METHOD=<com.google.android.gms.common.GoogleApiAvailabilityLight: void <clinit>()>
02-24 16:24:45.136  5619  5634 D TEST_LOG: CLASS=com.google.android.gms.common.GooglePlayServicesUtilLight
02-24 16:24:45.136  5619  5634 D TEST_LOG: METHOD=<com.google.android.gms.common.GooglePlayServicesUtilLight: void <clinit>()>
02-24 16:24:45.136  5619  5634 D TEST_LOG: METHOD=<com.google.android.gms.common.GoogleApiAvailabilityLight: void <init>()>
02-24 16:24:45.136  5619  5634 D TEST_LOG: METHOD=<com.google.android.gms.common.GoogleApiAvailabilityLight: com.google.android.gms.common.GoogleApiAvailabilityLight getInstance()>
02-24 16:24:45.136  5619  5634 D TEST_LOG: METHOD=<com.google.android.gms.common.GoogleApiAvailabilityLight: int isGooglePlayServicesAvailable(android.content.Context,int)>
02-24 16:24:45.136  5619  5634 D TEST_LOG: METHOD=<com.google.android.gms.common.GooglePlayServicesUtilLight: int isGooglePlayServicesAvailable(android.content.Context,int)>
02-24 16:24:45.136  5619  5634 D TEST_LOG: METHOD=<com.google.android.gms.common.internal.zzp: int zzd(android.content.Context)>
02-24 16:24:45.137  5619  5638 D TEST_LOG: METHOD=<com.google.firebase.iid.zzax: java.lang.String zza(com.google.firebase.iid.zzax)>
02-24 16:24:45.138  5619  5638 D TEST_LOG: CLASS=com.google.firebase.iid.zzo
02-24 16:24:45.138  5619  5638 D TEST_LOG: METHOD=<com.google.firebase.iid.zzo: void <init>(com.google.firebase.iid.FirebaseInstanceId,java.lang.String,java.lang.String,java.lang.String,java.lang.String)>
02-24 16:24:45.138  5619  5638 D TEST_LOG: METHOD=<com.google.firebase.iid.zzaq: com.google.android.gms.tasks.Task zza(java.lang.String,java.lang.String,com.google.firebase.iid.zzas)>
02-24 16:24:45.138  5619  5638 D TEST_LOG: METHOD=<com.google.firebase.iid.zzo: com.google.android.gms.tasks.Task zzs()>
02-24 16:24:45.138  5619  5638 D TEST_LOG: METHOD=<com.google.firebase.iid.FirebaseInstanceId: com.google.android.gms.tasks.Task zza(java.lang.String,java.lang.String,java.lang.String,java.lang.String)>
02-24 16:24:45.138  5619  5638 D TEST_LOG: METHOD=<com.google.firebase.iid.zzr: com.google.android.gms.tasks.Task getToken(java.lang.String,java.lang.String,java.lang.String,java.lang.String)>
02-24 16:24:45.138  5619  5638 D TEST_LOG: METHOD=<com.google.firebase.iid.zzr: com.google.android.gms.tasks.Task zza(java.lang.String,java.lang.String,java.lang.String,android.os.Bundle)>
02-24 16:24:45.138  5619  5638 D TEST_LOG: METHOD=<com.google.firebase.FirebaseOptions: java.lang.String getApplicationId()>
02-24 16:24:45.138  5619  5638 D TEST_LOG: METHOD=<com.google.firebase.iid.zzan: int zzaf()>
02-24 16:24:45.138  5619  5638 D TEST_LOG: METHOD=<com.google.firebase.iid.zzan: android.content.pm.PackageInfo zze(java.lang.String)>
02-24 16:24:45.139  5619  5638 D TEST_LOG: METHOD=<com.google.firebase.iid.zzan: java.lang.String zzad()>
02-24 16:24:45.139  5619  5638 D TEST_LOG: METHOD=<com.google.firebase.iid.zzan: void zzag()>
02-24 16:24:45.144  5619  5638 D TEST_LOG: METHOD=<com.google.firebase.iid.zzan: java.lang.String zzae()>
02-24 16:24:45.144  5619  5638 D TEST_LOG: CLASS=com.google.firebase.iid.zzs
02-24 16:24:45.145  5619  5638 D TEST_LOG: METHOD=<com.google.firebase.iid.zzs: void <init>(com.google.firebase.iid.zzr,android.os.Bundle,com.google.android.gms.tasks.TaskCompletionSource)>
02-24 16:24:45.146  5619  5638 D TEST_LOG: METHOD=<com.google.firebase.iid.zzr: com.google.android.gms.tasks.Task zzc(com.google.android.gms.tasks.Task)>
02-24 16:24:45.146  5619  5638 D TEST_LOG: CLASS=com.google.firebase.iid.zzu
02-24 16:24:45.146  5619  5638 D TEST_LOG: METHOD=<com.google.firebase.iid.zzu: void <init>(com.google.firebase.iid.zzr)>
02-24 16:24:45.146  5619  5638 D TEST_LOG: METHOD=<com.google.android.gms.tasks.zzu: com.google.android.gms.tasks.Task continueWith(java.util.concurrent.Executor,com.google.android.gms.tasks.Continuation)>
02-24 16:24:45.146  5619  5638 D TEST_LOG: CLASS=com.google.android.gms.tasks.zzc
02-24 16:24:45.146  5619  5638 D TEST_LOG: METHOD=<com.google.android.gms.tasks.zzc: void <init>(java.util.concurrent.Executor,com.google.android.gms.tasks.Continuation,com.google.android.gms.tasks.zzu)>
02-24 16:24:45.146  5619  5638 D TEST_LOG: CLASS=com.google.firebase.iid.zzar
02-24 16:24:45.146  5619  5638 D TEST_LOG: METHOD=<com.google.firebase.iid.zzar: void <init>(com.google.firebase.iid.zzaq,android.util.Pair)>
02-24 16:24:45.146  5619  5638 D TEST_LOG: METHOD=<com.google.android.gms.tasks.zzu: com.google.android.gms.tasks.Task continueWithTask(java.util.concurrent.Executor,com.google.android.gms.tasks.Continuation)>
02-24 16:24:45.146  5619  5638 D TEST_LOG: CLASS=com.google.android.gms.tasks.zze
02-24 16:24:45.146  5619  5638 D TEST_LOG: METHOD=<com.google.android.gms.tasks.zze: void <init>(java.util.concurrent.Executor,com.google.android.gms.tasks.Continuation,com.google.android.gms.tasks.zzu)>
02-24 16:24:45.147  5619  5638 D TEST_LOG: CLASS=com.google.firebase.iid.zzp
02-24 16:24:45.147  5619  5638 D TEST_LOG: METHOD=<com.google.firebase.iid.zzp: void <init>(com.google.firebase.iid.FirebaseInstanceId,java.lang.String,java.lang.String,com.google.android.gms.tasks.TaskCompletionSource,java.lang.String)>
02-24 16:24:45.148  5619  5674 D TEST_LOG: METHOD=<com.google.firebase.iid.zzs: void run()>
02-24 16:24:45.148  5619  5674 D TEST_LOG: METHOD=<com.google.firebase.iid.zzr: void zza(android.os.Bundle,com.google.android.gms.tasks.TaskCompletionSource)>
02-24 16:24:45.148  5619  5674 D TEST_LOG: METHOD=<com.google.firebase.iid.zzat: android.os.Bundle zzc(android.os.Bundle)>
02-24 16:24:45.148  5619  5674 D TEST_LOG: METHOD=<com.google.firebase.iid.zzab: com.google.firebase.iid.zzab zzc(android.content.Context)>
02-24 16:24:45.148  5619  5674 D TEST_LOG: CLASS=com.google.firebase.iid.zzab
02-24 16:24:45.149  5619  5674 D TEST_LOG: METHOD=<com.google.firebase.iid.zzab: void <init>(android.content.Context,java.util.concurrent.ScheduledExecutorService)>
02-24 16:24:45.149  5619  5674 D TEST_LOG: CLASS=com.google.firebase.iid.zzad
02-24 16:24:45.149  5619  5674 D TEST_LOG: METHOD=<com.google.firebase.iid.zzad: void <init>(com.google.firebase.iid.zzab,com.google.firebase.iid.zzac)>
02-24 16:24:45.149  5619  5674 D TEST_LOG: METHOD=<com.google.firebase.iid.zzad: void <init>(com.google.firebase.iid.zzab)>
02-24 16:24:45.149  5619  5674 D TEST_LOG: CLASS=com.google.firebase.iid.zzae
02-24 16:24:45.149  5619  5674 D TEST_LOG: METHOD=<com.google.firebase.iid.zzae: void <init>(com.google.firebase.iid.zzad)>
02-24 16:24:45.149  5619  5674 D TEST_LOG: METHOD=<com.google.android.gms.internal.firebase_messaging.zza: void <init>(android.os.Looper,android.os.Handler$Callback)>
02-24 16:24:45.149  5619  5674 D TEST_LOG: METHOD=<com.google.firebase.iid.zzab: com.google.android.gms.tasks.Task zzb(int,android.os.Bundle)>
02-24 16:24:45.149  5619  5674 D TEST_LOG: METHOD=<com.google.firebase.iid.zzab: int zzx()>
02-24 16:24:45.149  5619  5674 D TEST_LOG: CLASS=com.google.firebase.iid.zzam
02-24 16:24:45.149  5619  5674 D TEST_LOG: METHOD=<com.google.firebase.iid.zzam: void <init>(int,int,android.os.Bundle)>
02-24 16:24:45.149  5619  5674 D TEST_LOG: CLASS=com.google.firebase.iid.zzak
02-24 16:24:45.149  5619  5674 D TEST_LOG: METHOD=<com.google.firebase.iid.zzak: void <init>(int,int,android.os.Bundle)>
02-24 16:24:45.149  5619  5674 D TEST_LOG: METHOD=<com.google.firebase.iid.zzab: com.google.android.gms.tasks.Task zza(com.google.firebase.iid.zzak)>
02-24 16:24:45.150  5619  5674 D TEST_LOG: METHOD=<com.google.firebase.iid.zzad: boolean zzb(com.google.firebase.iid.zzak)>
02-24 16:24:45.150  5619  5674 D TEST_LOG: METHOD=<com.google.android.gms.common.internal.Preconditions: void checkState(boolean)>
02-24 16:24:45.150  5619  5674 D TEST_LOG: CLASS=com.google.android.gms.common.stats.ConnectionTracker
02-24 16:24:45.150  5619  5674 D TEST_LOG: METHOD=<com.google.android.gms.common.stats.ConnectionTracker: void <clinit>()>
02-24 16:24:45.150  5619  5674 D TEST_LOG: METHOD=<com.google.android.gms.common.stats.ConnectionTracker: com.google.android.gms.common.stats.ConnectionTracker getInstance()>
02-24 16:24:45.150  5619  5674 D TEST_LOG: METHOD=<com.google.android.gms.common.stats.ConnectionTracker: void <init>()>
02-24 16:24:45.150  5619  5674 D TEST_LOG: METHOD=<com.google.firebase.iid.zzab: android.content.Context zza(com.google.firebase.iid.zzab)>
02-24 16:24:45.150  5619  5674 D TEST_LOG: METHOD=<com.google.android.gms.common.stats.ConnectionTracker: boolean bindService(android.content.Context,android.content.Intent,android.content.ServiceConnection,int)>
02-24 16:24:45.150  5619  5674 D TEST_LOG: METHOD=<com.google.android.gms.common.stats.ConnectionTracker: boolean zza(android.content.Context,java.lang.String,android.content.Intent,android.content.ServiceConnection,int)>
02-24 16:24:45.158  5619  5634 D TEST_LOG: METHOD=<com.google.android.gms.common.util.DeviceProperties: boolean isWearableWithoutPlayStore(android.content.Context)>
02-24 16:24:45.158  5619  5634 D TEST_LOG: METHOD=<com.google.android.gms.common.util.DeviceProperties: boolean isWearable(android.content.Context)>
02-24 16:24:45.158  5619  5634 D TEST_LOG: METHOD=<com.google.android.gms.common.util.PlatformVersion: boolean isAtLeastKitKatWatch()>
02-24 16:24:45.158  5619  5634 D TEST_LOG: METHOD=<com.google.android.gms.common.util.DeviceProperties: boolean zzf(android.content.Context)>
02-24 16:24:45.160  5619  5634 D TEST_LOG: METHOD=<com.google.android.gms.common.GooglePlayServicesUtilLight: int zza(android.content.Context,boolean,int)>
02-24 16:24:45.163  5619  5619 D TEST_LOG: METHOD=<com.qisi.plugin.activity.g: void run()>
02-24 16:24:45.163  5619  5619 D TEST_LOG: CLASS=a.f.c.e.f
02-24 16:24:45.163  5619  5619 D TEST_LOG: METHOD=<a.f.c.e.f: void <clinit>()>
02-24 16:24:45.163  5619  5619 D TEST_LOG: METHOD=<a.f.c.e.f: void b(android.app.Activity)>
02-24 16:24:45.163  5619  5619 D TEST_LOG: METHOD=<a.f.c.e.f: void a(android.app.Activity,a.f.c.e.f$a)>
02-24 16:24:45.168  5619  5634 D TEST_LOG: METHOD=<com.google.android.gms.common.GoogleSignatureVerifier: com.google.android.gms.common.GoogleSignatureVerifier getInstance(android.content.Context)>
02-24 16:24:45.169  5619  5674 D TEST_LOG: METHOD=<com.google.firebase.iid.zzab: java.util.concurrent.ScheduledExecutorService zzb(com.google.firebase.iid.zzab)>
02-24 16:24:45.169  5619  5674 D TEST_LOG: CLASS=com.google.firebase.iid.zzaf
02-24 16:24:45.169  5619  5674 D TEST_LOG: METHOD=<com.google.firebase.iid.zzaf: void <init>(com.google.firebase.iid.zzad)>
02-24 16:24:45.170  5619  5674 D TEST_LOG: METHOD=<com.google.android.gms.tasks.Tasks: java.lang.Object await(com.google.android.gms.tasks.Task)>
02-24 16:24:45.170  5619  5674 D TEST_LOG: METHOD=<com.google.android.gms.tasks.Tasks$zza: void await()>
02-24 16:24:45.171  5619  5619 D TEST_LOG: CLASS=a.f.c.e.a
02-24 16:24:45.171  5619  5619 D TEST_LOG: METHOD=<a.f.c.e.a: void <init>(android.app.Activity)>
02-24 16:24:45.171  5619  5619 D TEST_LOG: METHOD=<a.f.c.e.f: boolean b(android.content.Context)>
02-24 16:24:45.171  5619  5619 D TEST_LOG: CLASS=a.f.c.e.b
02-24 16:24:45.171  5619  5619 D TEST_LOG: METHOD=<a.f.c.e.b: void <init>(boolean,android.app.Activity)>
02-24 16:24:45.172  5619  5619 D TEST_LOG: CLASS=a.f.c.e.c
02-24 16:24:45.172  5619  5619 D TEST_LOG: METHOD=<a.f.c.e.c: void <init>(android.app.Activity)>
02-24 16:24:45.178  5619  5619 D TEST_LOG: CLASS=a.f.c.e.d
02-24 16:24:45.179  5619  5619 D TEST_LOG: METHOD=<a.f.c.e.d: void <init>(boolean,android.app.Activity)>
02-24 16:24:45.179  5619  5619 D TEST_LOG: CLASS=a.f.c.e.e
02-24 16:24:45.179  5619  5619 D TEST_LOG: METHOD=<a.f.c.e.e: void <init>(a.f.c.e.f$a)>
02-24 16:24:45.179  5619  5619 D TEST_LOG: METHOD=<a.b.a.a: void b(android.content.Context,java.lang.String,java.lang.String)>
02-24 16:24:45.182  5619  5619 D TEST_LOG: METHOD=<com.google.firebase.iid.zzad: void onServiceConnected(android.content.ComponentName,android.os.IBinder)>
02-24 16:24:45.182  5619  5619 D TEST_LOG: CLASS=com.google.firebase.iid.zzai
02-24 16:24:45.182  5619  5619 D TEST_LOG: METHOD=<com.google.firebase.iid.zzai: void <init>(android.os.IBinder)>
02-24 16:24:45.182  5619  5619 D TEST_LOG: METHOD=<com.google.firebase.iid.zzad: void zzy()>
02-24 16:24:45.184  5619  5619 D TEST_LOG: CLASS=com.google.firebase.iid.zzag
02-24 16:24:45.184  5619  5619 D TEST_LOG: METHOD=<com.google.firebase.iid.zzag: void <init>(com.google.firebase.iid.zzad)>
02-24 16:24:45.199  5619  5676 D TEST_LOG: METHOD=<com.google.firebase.iid.zzag: void run()>
02-24 16:24:45.199  5619  5676 D TEST_LOG: CLASS=com.google.firebase.iid.zzah
02-24 16:24:45.199  5619  5676 D TEST_LOG: METHOD=<com.google.firebase.iid.zzah: void <init>(com.google.firebase.iid.zzad,com.google.firebase.iid.zzak)>
02-24 16:24:45.199  5619  5676 D TEST_LOG: METHOD=<com.google.firebase.iid.zzam: boolean zzab()>
