02-24 16:24:44.691  5619  5619 D TEST_LOG: METHOD=<a.a.a.a.d: void a()>
02-24 16:24:44.693  5619  5634 D TEST_LOG: CLASS=com.google.android.gms.common.api.Status
02-24 16:24:44.694  5619  5634 D TEST_LOG: METHOD=<com.google.android.gms.common.api.Status: void <clinit>()>
02-24 16:24:44.694  5619  5634 D TEST_LOG: METHOD=<com.google.android.gms.common.api.Status: void <init>(int)>
02-24 16:24:44.694  5619  5634 D TEST_LOG: METHOD=<com.google.android.gms.common.api.Status: void <init>(int,java.lang.String)>
02-24 16:24:44.694  5619  5634 D TEST_LOG: METHOD=<com.google.android.gms.common.api.Status: void <init>(int,int,java.lang.String,android.app.PendingIntent)>
02-24 16:24:44.694  5619  5634 D TEST_LOG: CLASS=com.google.android.gms.common.internal.safeparcel.AbstractSafeParcelable
02-24 16:24:44.694  5619  5634 D TEST_LOG: METHOD=<com.google.android.gms.common.internal.safeparcel.AbstractSafeParcelable: void <init>()>
02-24 16:24:44.694  5619  5634 D TEST_LOG: CLASS=com.google.android.gms.common.api.zzb
02-24 16:24:44.694  5619  5634 D TEST_LOG: METHOD=<com.google.android.gms.common.api.zzb: void <init>()>
02-24 16:24:44.694  5619  5634 D TEST_LOG: METHOD=<com.google.android.gms.common.api.Status: boolean isSuccess()>
02-24 16:24:44.694  5619  5634 D TEST_LOG: METHOD=<com.google.android.gms.measurement.internal.zzbw: java.lang.String zzko()>
02-24 16:24:44.694  5619  5634 D TEST_LOG: METHOD=<com.google.android.gms.measurement.internal.zzam: com.google.android.gms.measurement.internal.zzq zzgv()>
02-24 16:24:44.694  5619  5634 D TEST_LOG: METHOD=<com.google.android.gms.measurement.internal.zzcr: com.google.android.gms.measurement.internal.zzq zzgv()>
02-24 16:24:44.694  5619  5634 D TEST_LOG: METHOD=<com.google.android.gms.measurement.internal.zzbw: com.google.android.gms.measurement.internal.zzq zzgv()>
02-24 16:24:44.694  5619  5634 D TEST_LOG: METHOD=<com.google.android.gms.measurement.internal.zzq: java.lang.Boolean zzia()>
02-24 16:24:44.694  5619  5634 D TEST_LOG: METHOD=<com.google.android.gms.measurement.internal.zzq: com.google.android.gms.measurement.internal.zzn zzgw()>
02-24 16:24:44.694  5619  5634 D TEST_LOG: METHOD=<com.google.android.gms.measurement.internal.zzq: java.lang.Boolean zzar(java.lang.String)>
02-24 16:24:44.694  5619  5634 D TEST_LOG: METHOD=<com.google.android.gms.measurement.internal.zzq: android.content.Context getContext()>
02-24 16:24:44.694  5619  5634 D TEST_LOG: METHOD=<com.google.android.gms.measurement.internal.zzq: boolean zzhz()>
02-24 16:24:44.694  5619  5634 D TEST_LOG: METHOD=<com.google.android.gms.common.api.internal.GoogleServices: boolean isMeasurementExplicitlyDisabled()>
02-24 16:24:44.694  5619  5634 D TEST_LOG: METHOD=<com.google.android.gms.common.api.internal.GoogleServices: com.google.android.gms.common.api.internal.GoogleServices checkInitialized(java.lang.String)>
02-24 16:24:44.694  5619  5634 D TEST_LOG: METHOD=<com.google.android.gms.measurement.internal.zzam: com.google.android.gms.measurement.internal.zzas zzgt()>
02-24 16:24:44.694  5619  5634 D TEST_LOG: METHOD=<com.google.android.gms.common.api.internal.GoogleServices: java.lang.String getGoogleAppId()>
02-24 16:24:44.694  5619  5634 D TEST_LOG: METHOD=<com.google.android.gms.measurement.internal.zzau: void zze(java.lang.String,java.lang.Object,java.lang.Object)>
02-24 16:24:44.694  5619  5634 D TEST_LOG: METHOD=<com.google.android.gms.common.wrappers.InstantApps: boolean isInstantApp(android.content.Context)>
02-24 16:24:44.700  5619  5619 D TEST_LOG: BROADCASTRECEIVER=a.d.c
02-24 16:24:44.700  5619  5619 D TEST_LOG: METHOD=<a.d.c: void onReceive(android.content.Context,android.content.Intent)>
02-24 16:24:44.700  5619  5619 D TEST_LOG: METHOD=<a.f.a.b.a.b: int f(android.content.Context)>
02-24 16:24:44.700  5619  5619 D TEST_LOG: METHOD=<a.f.a.b.a.b: boolean a(android.content.Context,java.lang.String)>
02-24 16:24:44.700  5619  5634 D TEST_LOG: METHOD=<com.google.android.gms.measurement.internal.zzas: com.google.android.gms.measurement.internal.zzau zzjm()>
02-24 16:24:44.700  5619  5634 D TEST_LOG: METHOD=<com.google.android.gms.measurement.internal.zzq: long zzhh()>
02-24 16:24:44.700  5619  5634 D TEST_LOG: METHOD=<com.google.android.gms.measurement.internal.zzau: void zzg(java.lang.String,java.lang.Object)>
02-24 16:24:44.700  5619  5634 D TEST_LOG: METHOD=<com.google.android.gms.measurement.internal.zzas: java.lang.String zza(boolean,java.lang.String,java.lang.Object,java.lang.Object,java.lang.Object)>
02-24 16:24:44.700  5619  5634 D TEST_LOG: METHOD=<com.google.android.gms.measurement.internal.zzas: java.lang.String zza(boolean,java.lang.Object)>
02-24 16:24:44.700  5619  5634 D TEST_LOG: METHOD=<com.google.android.gms.measurement.internal.zzas: void zza(int,java.lang.String)>
02-24 16:24:44.700  5619  5634 D TEST_LOG: METHOD=<com.google.android.gms.measurement.internal.zzam: java.lang.String zzal()>
02-24 16:24:44.700  5619  5634 D TEST_LOG: METHOD=<com.google.android.gms.measurement.internal.zzf: void zzcl()>
02-24 16:24:44.700  5619  5634 D TEST_LOG: METHOD=<com.google.android.gms.measurement.internal.zzfy: boolean zzcz(java.lang.String)>
02-24 16:24:44.700  5619  5634 D TEST_LOG: METHOD=<com.google.android.gms.measurement.internal.zzfy: com.google.android.gms.measurement.internal.zzq zzgv()>
02-24 16:24:44.700  5619  5634 D TEST_LOG: METHOD=<com.google.android.gms.measurement.internal.zzq: java.lang.String zzid()>
02-24 16:24:44.700  5619  5634 D TEST_LOG: METHOD=<com.google.android.gms.measurement.internal.zzfy: com.google.android.gms.measurement.internal.zzn zzgw()>
02-24 16:24:44.700  5619  5634 D TEST_LOG: METHOD=<com.google.android.gms.measurement.internal.zzas: com.google.android.gms.measurement.internal.zzau zzjn()>
02-24 16:24:44.700  5619  5634 D TEST_LOG: METHOD=<com.google.android.gms.measurement.internal.zzbw: void start()>
02-24 16:24:44.700  5619  5634 D TEST_LOG: METHOD=<com.google.android.gms.measurement.internal.zzbw: com.google.android.gms.measurement.internal.zzbd zzgu()>
02-24 16:24:44.700  5619  5634 D TEST_LOG: METHOD=<com.google.android.gms.measurement.internal.zzbg: long get()>
02-24 16:24:44.700  5619  5634 D TEST_LOG: METHOD=<com.google.android.gms.measurement.internal.zzbd: android.content.SharedPreferences zza(com.google.android.gms.measurement.internal.zzbd)>
02-24 16:24:44.700  5619  5634 D TEST_LOG: METHOD=<com.google.android.gms.measurement.internal.zzbd: android.content.SharedPreferences zzju()>
02-24 16:24:44.700  5619  5634 D TEST_LOG: METHOD=<com.google.android.gms.measurement.internal.zzbg: void set(long)>
02-24 16:24:44.700  5619  5634 D TEST_LOG: METHOD=<com.google.android.gms.measurement.internal.zzbw: boolean zzkv()>
02-24 16:24:44.700  5619  5634 D TEST_LOG: METHOD=<com.google.android.gms.measurement.internal.zzbw: void zzcl()>
02-24 16:24:44.700  5619  5634 D TEST_LOG: METHOD=<com.google.android.gms.measurement.internal.zzfy: boolean zzx(java.lang.String)>
02-24 16:24:44.700  5619  5634 D TEST_LOG: METHOD=<com.google.android.gms.measurement.internal.zzfy: android.content.Context getContext()>
02-24 16:24:44.700  5619  5634 D TEST_LOG: METHOD=<com.google.android.gms.common.wrappers.PackageManagerWrapper: int checkCallingOrSelfPermission(java.lang.String)>
02-24 16:24:44.709  5619  5653 D TEST_LOG: METHOD=<c.a.b.f: java.net.InetSocketAddress f()>
02-24 16:24:44.709  5619  5653 D TEST_LOG: CLASS=c.U
02-24 16:24:44.709  5619  5653 D TEST_LOG: METHOD=<c.U: void <init>(c.a,java.net.Proxy,java.net.InetSocketAddress)>
02-24 16:24:44.709  5619  5653 D TEST_LOG: METHOD=<c.a.b.d: boolean c(c.U)>
02-24 16:24:44.710  5619  5619 D TEST_LOG: METHOD=<a.f.a.b.a.b: void b(java.lang.String,java.lang.String)>
02-24 16:24:44.710  5619  5619 D TEST_LOG: METHOD=<a.f.a.b.f.a: boolean c(android.content.Context)>
02-24 16:24:44.710  5619  5619 D TEST_LOG: METHOD=<a.f.a.b.a.b: boolean a(android.content.Context,boolean,java.lang.String)>
02-24 16:24:44.710  5619  5619 D TEST_LOG: METHOD=<a.f.a.b.a.b: long a(android.content.Context,java.lang.String,long)>
02-24 16:24:44.711  5619  5653 D TEST_LOG: CLASS=c.a.e.n$b
02-24 16:24:44.711  5619  5653 D TEST_LOG: METHOD=<c.a.e.n$b: void <clinit>()>
02-24 16:24:44.711  5619  5619 D TEST_LOG: METHOD=<a.d.e: boolean b()>
02-24 16:24:44.711  5619  5619 D TEST_LOG: METHOD=<a.d.c: void a(android.content.Context)>
02-24 16:24:44.712  5619  5619 D TEST_LOG: CLASS=a.f.a.b.f.d
02-24 16:24:44.712  5619  5619 D TEST_LOG: METHOD=<a.f.a.b.f.d: void <clinit>()>
02-24 16:24:44.712  5619  5619 D TEST_LOG: METHOD=<a.f.a.b.f.d: boolean a(java.lang.String)>
02-24 16:24:44.712  5619  5619 D TEST_LOG: METHOD=<a.d.e: void b(java.lang.String,java.lang.String)>
02-24 16:24:44.712  5619  5619 D TEST_LOG: CLASS=a.d.d
02-24 16:24:44.712  5619  5653 D TEST_LOG: CLASS=c.a.e.o
02-24 16:24:44.712  5619  5653 D TEST_LOG: METHOD=<c.a.e.o: void <init>()>
02-24 16:24:44.712  5619  5653 D TEST_LOG: METHOD=<c.a.e.n$b: void <init>()>
02-24 16:24:44.713  5619  5653 D TEST_LOG: CLASS=c.a.b.c
02-24 16:24:44.713  5619  5619 D TEST_LOG: METHOD=<a.d.d: void <init>(a.d.e,java.lang.String,java.lang.String)>
02-24 16:24:44.713  5619  5653 D TEST_LOG: METHOD=<c.a.b.c: void <init>(c.p,c.U)>
02-24 16:24:44.713  5619  5653 D TEST_LOG: METHOD=<c.a.b.g: void a(c.a.b.c)>
02-24 16:24:44.713  5619  5653 D TEST_LOG: CLASS=c.a.b.g$a
02-24 16:24:44.713  5619  5634 D TEST_LOG: METHOD=<com.google.android.gms.common.wrappers.PackageManagerWrapper: boolean isCallerInstantApp()>
02-24 16:24:44.713  5619  5634 D TEST_LOG: METHOD=<com.google.android.gms.measurement.internal.zzq: boolean zzif()>
02-24 16:24:44.714  5619  5619 D TEST_LOG: METHOD=<a.f.a.b.e.f: void b(java.lang.Runnable)>
02-24 16:24:44.714  5619  5634 D TEST_LOG: METHOD=<com.google.android.gms.measurement.internal.zzbw: boolean zzkr()>
02-24 16:24:44.714  5619  5619 D TEST_LOG: METHOD=<a.f.a.b.e.f: java.util.concurrent.Executor b()>
02-24 16:24:44.714  5619  5619 D TEST_LOG: METHOD=<android.support.v4.content.res.ResourcesCompat$FontCallback$2: void run()>
02-24 16:24:44.714  5619  5619 D TEST_LOG: METHOD=<android.support.v7.widget.AppCompatTextHelper$1: void onFontRetrievalFailed(int)>
02-24 16:24:44.715  5619  5619 D TEST_LOG: METHOD=<com.bumptech.glide.manager.RequestManagerRetriever: boolean handleMessage(android.os.Message)>
02-24 16:24:44.715  5619  5619 D TEST_LOG: BROADCASTRECEIVER=com.bumptech.glide.manager.DefaultConnectivityMonitor$1
02-24 16:24:44.715  5619  5619 D TEST_LOG: METHOD=<com.bumptech.glide.manager.DefaultConnectivityMonitor$1: void onReceive(android.content.Context,android.content.Intent)>
02-24 16:24:44.715  5619  5619 D TEST_LOG: METHOD=<com.bumptech.glide.manager.DefaultConnectivityMonitor: boolean access$000(com.bumptech.glide.manager.DefaultConnectivityMonitor)>
02-24 16:24:44.715  5619  5619 D TEST_LOG: METHOD=<com.bumptech.glide.manager.DefaultConnectivityMonitor: boolean access$100(com.bumptech.glide.manager.DefaultConnectivityMonitor,android.content.Context)>
02-24 16:24:44.716  5619  5619 D TEST_LOG: METHOD=<com.bumptech.glide.manager.DefaultConnectivityMonitor: boolean access$002(com.bumptech.glide.manager.DefaultConnectivityMonitor,boolean)>
02-24 16:24:44.716  5619  5663 D TEST_LOG: METHOD=<a.d.d: void run()>
02-24 16:24:44.716  5619  5663 D TEST_LOG: METHOD=<a.d.e: void a(java.lang.String,java.lang.String)>
02-24 16:24:44.717  5619  5663 D TEST_LOG: METHOD=<a.f.a.b.f.d: int a(android.content.Context,java.lang.String)>
02-24 16:24:44.717  5619  5663 D TEST_LOG: METHOD=<a.f.a.b.f.a: boolean a(android.content.Context,java.lang.String)>
02-24 16:24:44.717  5619  5653 D TEST_LOG: METHOD=<c.a.b.g$a: void <init>(c.a.b.g,java.lang.Object)>
02-24 16:24:44.717  5619  5653 D TEST_LOG: METHOD=<c.a.b.c: void a(int,int,int,boolean)>
02-24 16:24:44.717  5619  5653 D TEST_LOG: METHOD=<c.U: c.a a()>
02-24 16:24:44.717  5619  5653 D TEST_LOG: METHOD=<c.a: java.util.List b()>
02-24 16:24:44.718  5619  5619 D TEST_LOG: METHOD=<android.support.v7.view.WindowCallbackWrapper: void onAttachedToWindow()>
02-24 16:24:44.718  5619  5619 D TEST_LOG: METHOD=<android.support.v7.widget.ContentFrameLayout: void onAttachedToWindow()>
02-24 16:24:44.718  5619  5619 D TEST_LOG: METHOD=<android.support.v7.app.AppCompatDelegateImpl$5: void onAttachedFromWindow()>
02-24 16:24:44.718  5619  5619 D TEST_LOG: METHOD=<com.qisi.plugin.view.SplashInstallView: void onAttachedToWindow()>
02-24 16:24:44.718  5619  5619 D TEST_LOG: METHOD=<android.support.v7.widget.AppCompatImageView: void drawableStateChanged()>
02-24 16:24:44.718  5619  5619 D TEST_LOG: METHOD=<android.support.v7.widget.AppCompatImageHelper: boolean shouldApplyFrameworkTintUsingColorFilter()>
02-24 16:24:44.718  5619  5619 D TEST_LOG: METHOD=<android.support.v7.widget.AppCompatTextView: void drawableStateChanged()>
02-24 16:24:44.719  5619  5663 D TEST_LOG: METHOD=<a.f.a.b.a.b: boolean l(android.content.Context)>
02-24 16:24:44.719  5619  5663 D TEST_LOG: METHOD=<a.f.a.b.a.b: boolean m(android.content.Context)>
02-24 16:24:44.720  5619  5663 D TEST_LOG: METHOD=<a.f.a.b.f.a: int d(java.lang.String)>
02-24 16:24:44.720  5619  5663 D TEST_LOG: METHOD=<a.f.a.b.b.b: int b()>
02-24 16:24:44.720  5619  5663 D TEST_LOG: METHOD=<a.f.a.b.f.d: int b(java.lang.String)>
02-24 16:24:44.721  5619  5634 D TEST_LOG: METHOD=<com.google.android.gms.measurement.internal.zzbm: boolean zza(android.content.Context)>
02-24 16:24:44.726  5619  5619 D TEST_LOG: METHOD=<android.support.v7.widget.ContentFrameLayout: void onMeasure(int,int)>
02-24 16:24:44.726  5619  5653 D TEST_LOG: CLASS=c.a.b.b
02-24 16:24:44.726  5619  5653 D TEST_LOG: METHOD=<c.a.b.b: void <init>(java.util.List)>
02-24 16:24:44.726  5619  5653 D TEST_LOG: METHOD=<c.a: javax.net.ssl.SSLSocketFactory j()>
02-24 16:24:44.726  5619  5653 D TEST_LOG: METHOD=<c.U: boolean c()>
02-24 16:24:44.726  5619  5653 D TEST_LOG: METHOD=<c.a.b.c: void a(int,int)>
02-24 16:24:44.726  5619  5653 D TEST_LOG: METHOD=<c.U: java.net.Proxy b()>
02-24 16:24:44.726  5619  5653 D TEST_LOG: METHOD=<c.a: javax.net.SocketFactory i()>
02-24 16:24:44.726  5619  5653 D TEST_LOG: METHOD=<c.U: java.net.InetSocketAddress d()>
02-24 16:24:44.726  5619  5653 D TEST_LOG: METHOD=<c.a.g.a: void a(java.net.Socket,java.net.InetSocketAddress,int)>
02-24 16:24:44.727  5619  5663 D TEST_LOG: METHOD=<a.f.a.b.e.e: void b(android.content.Context,java.lang.String)>
02-24 16:24:44.727  5619  5619 D TEST_LOG: METHOD=<android.support.v7.widget.AppCompatTextView: void onMeasure(int,int)>
02-24 16:24:44.727  5619  5619 D TEST_LOG: METHOD=<android.support.v7.widget.AppCompatTextView: void consumeTextFutureAndSetBlocking()>
02-24 16:24:44.729  5619  5663 D TEST_LOG: CLASS=a.f.a.b.e.d
02-24 16:24:44.729  5619  5663 D TEST_LOG: METHOD=<a.f.a.b.e.d: void <init>(android.content.Context,java.lang.String)>
02-24 16:24:44.732  5619  5634 D TEST_LOG: METHOD=<com.google.android.gms.measurement.internal.zzfy: boolean zza(android.content.Context,boolean)>
02-24 16:24:44.733  5619  5634 D TEST_LOG: METHOD=<com.google.android.gms.measurement.internal.zzfy: boolean zzc(android.content.Context,java.lang.String)>
02-24 16:24:44.734  5619  5663 D TEST_LOG: METHOD=<a.f.a.b.b.n: int b()>
02-24 16:24:44.737  5619  5619 D TEST_LOG: METHOD=<com.qisi.plugin.view.RippleTextView: void onMeasure(int,int)>
02-24 16:24:44.738  5619  5619 D TEST_LOG: METHOD=<com.qisi.plugin.keyboard.KeyboardView: void onMeasure(int,int)>
02-24 16:24:44.742  5619  5634 D TEST_LOG: METHOD=<com.google.android.gms.measurement.internal.zzbw: com.google.android.gms.measurement.internal.zzam zzgk()>
02-24 16:24:44.742  5619  5634 D TEST_LOG: METHOD=<com.google.android.gms.measurement.internal.zzam: java.lang.String getGmpAppId()>
02-24 16:24:44.742  5619  5634 D TEST_LOG: METHOD=<com.google.android.gms.measurement.internal.zzam: java.lang.String zzhb()>
02-24 16:24:44.742  5619  5634 D TEST_LOG: METHOD=<com.google.android.gms.measurement.internal.zzfy: boolean zzu(java.lang.String,java.lang.String)>
02-24 16:24:44.742  5619  5634 D TEST_LOG: METHOD=<com.google.android.gms.measurement.internal.zzfy: boolean zzcw(java.lang.String)>
02-24 16:24:44.742  5619  5634 D TEST_LOG: METHOD=<com.google.android.gms.measurement.internal.zzbd: java.lang.String zzjv()>
02-24 16:24:44.742  5619  5634 D TEST_LOG: METHOD=<com.google.android.gms.measurement.internal.zzbd: java.lang.String zzjw()>
02-24 16:24:44.742  5619  5634 D TEST_LOG: METHOD=<com.google.android.gms.measurement.internal.zzfy: boolean zza(java.lang.String,java.lang.String,java.lang.String,java.lang.String)>
02-24 16:24:44.742  5619  5634 D TEST_LOG: METHOD=<com.google.android.gms.measurement.internal.zzbd: void zzcb(java.lang.String)>
02-24 16:24:44.742  5619  5634 D TEST_LOG: METHOD=<com.google.android.gms.measurement.internal.zzbd: void zzcc(java.lang.String)>
02-24 16:24:44.742  5619  5634 D TEST_LOG: METHOD=<com.google.android.gms.measurement.internal.zzq: boolean zzbi(java.lang.String)>
02-24 16:24:44.742  5619  5634 D TEST_LOG: METHOD=<com.google.android.gms.measurement.internal.zzq: boolean zzd(java.lang.String,com.google.android.gms.measurement.internal.zzai$zza)>
02-24 16:24:44.742  5619  5634 D TEST_LOG: METHOD=<com.google.android.gms.measurement.internal.zzai$zza: java.lang.String getKey()>
02-24 16:24:44.742  5619  5634 D TEST_LOG: METHOD=<com.google.android.gms.measurement.internal.zzr: java.lang.String zzf(java.lang.String,java.lang.String)>
02-24 16:24:44.742  5619  5634 D TEST_LOG: METHOD=<com.google.android.gms.measurement.internal.zzbi: java.lang.String zzkd()>
02-24 16:24:44.742  5619  5634 D TEST_LOG: METHOD=<com.google.android.gms.measurement.internal.zzda: void zzcp(java.lang.String)>
02-24 16:24:44.742  5619  5634 D TEST_LOG: METHOD=<com.google.android.gms.measurement.internal.zzbw: boolean isEnabled()>
02-24 16:24:44.742  5619  5634 D TEST_LOG: METHOD=<com.google.android.gms.measurement.internal.zzq: boolean zza(com.google.android.gms.measurement.internal.zzai$zza)>
02-24 16:24:44.742  5619  5634 D TEST_LOG: METHOD=<com.google.android.gms.measurement.internal.zzbd: java.lang.Boolean zzjz()>
02-24 16:24:44.742  5619  5634 D TEST_LOG: METHOD=<com.google.android.gms.measurement.internal.zzbd: boolean zzkc()>
02-24 16:24:44.742  5619  5634 D TEST_LOG: METHOD=<com.google.android.gms.measurement.internal.zzbd: void zzi(boolean)>
02-24 16:24:44.742  5619  5634 D TEST_LOG: METHOD=<com.google.android.gms.measurement.internal.zzq: boolean zzba(java.lang.String)>
02-24 16:24:44.742  5619  5634 D TEST_LOG: METHOD=<com.google.android.gms.measurement.internal.zzda: void zzld()>
02-24 16:24:44.742  5619  5634 D TEST_LOG: METHOD=<com.google.android.gms.measurement.internal.zzda: void zzaf()>
02-24 16:24:44.742  5619  5634 D TEST_LOG: METHOD=<com.google.android.gms.measurement.internal.zze: void zzaf()>
02-24 16:24:44.742  5619  5634 D TEST_LOG: METHOD=<com.google.android.gms.measurement.internal.zzda: void zzgg()>
02-24 16:24:44.742  5619  5634 D TEST_LOG: METHOD=<com.google.android.gms.measurement.internal.zze: void zzgg()>
02-24 16:24:44.742  5619  5634 D TEST_LOG: METHOD=<com.google.android.gms.measurement.internal.zzbw: void zzgg()>
02-24 16:24:44.742  5619  5634 D TEST_LOG: METHOD=<com.google.android.gms.measurement.internal.zzda: com.google.android.gms.measurement.internal.zzeb zzgl()>
02-24 16:24:44.742  5619  5634 D TEST_LOG: METHOD=<com.google.android.gms.measurement.internal.zze: com.google.android.gms.measurement.internal.zzeb zzgl()>
02-24 16:24:44.742  5619  5634 D TEST_LOG: METHOD=<com.google.android.gms.measurement.internal.zzbw: com.google.android.gms.measurement.internal.zzeb zzgl()>
02-24 16:24:44.742  5619  5634 D TEST_LOG: METHOD=<com.google.android.gms.measurement.internal.zzeb: void zzld()>
02-24 16:24:44.742  5619  5634 D TEST_LOG: METHOD=<com.google.android.gms.measurement.internal.zzeb: void zzaf()>
02-24 16:24:44.742  5619  5634 D TEST_LOG: METHOD=<com.google.android.gms.measurement.internal.zzeb: com.google.android.gms.measurement.internal.zzk zzl(boolean)>
02-24 16:24:44.742  5619  5634 D TEST_LOG: METHOD=<com.google.android.gms.measurement.internal.zzeb: com.google.android.gms.measurement.internal.zzn zzgw()>
02-24 16:24:44.742  5619  5634 D TEST_LOG: METHOD=<com.google.android.gms.measurement.internal.zzeb: com.google.android.gms.measurement.internal.zzam zzgk()>
02-24 16:24:44.742  5619  5634 D TEST_LOG: METHOD=<com.google.android.gms.measurement.internal.zze: com.google.android.gms.measurement.internal.zzam zzgk()>
02-24 16:24:44.742  5619  5634 D TEST_LOG: METHOD=<com.google.android.gms.measurement.internal.zzeb: com.google.android.gms.measurement.internal.zzas zzgt()>
02-24 16:24:44.742  5619  5634 D TEST_LOG: METHOD=<com.google.android.gms.measurement.internal.zzas: java.lang.String zzjq()>
02-24 16:24:44.742  5619  5634 D TEST_LOG: METHOD=<com.google.android.gms.measurement.internal.zzas: com.google.android.gms.measurement.internal.zzbd zzgu()>
02-24 16:24:44.742  5619  5634 D TEST_LOG: METHOD=<com.google.android.gms.measurement.internal.zzcr: com.google.android.gms.measurement.internal.zzbd zzgu()>
02-24 16:24:44.742  5619  5634 D TEST_LOG: METHOD=<com.google.android.gms.measurement.internal.zzbh: android.util.Pair zzfm()>
02-24 16:24:44.742  5619  5634 D TEST_LOG: METHOD=<com.google.android.gms.measurement.internal.zzbh: long zzfn()>
02-24 16:24:44.742  5619  5634 D TEST_LOG: METHOD=<com.google.android.gms.measurement.internal.zzbh: void zzfl()>
02-24 16:24:44.742  5619  5634 D TEST_LOG: METHOD=<com.google.android.gms.measurement.internal.zzam: com.google.android.gms.measurement.internal.zzk zzbs(java.lang.String)>
02-24 16:24:44.742  5619  5634 D TEST_LOG: METHOD=<com.google.android.gms.measurement.internal.zzam: void zzaf()>
02-24 16:24:44.742  5619  5634 D TEST_LOG: METHOD=<com.google.android.gms.measurement.internal.zzam: void zzgg()>
02-24 16:24:44.742  5619  5634 D TEST_LOG: CLASS=com.google.android.gms.measurement.internal.zzk
02-24 16:24:44.742  5619  5634 D TEST_LOG: METHOD=<com.google.android.gms.measurement.internal.zzk: void <clinit>()>
02-24 16:24:44.742  5619  5634 D TEST_LOG: CLASS=com.google.android.gms.measurement.internal.zzl
02-24 16:24:44.742  5619  5634 D TEST_LOG: METHOD=<com.google.android.gms.measurement.internal.zzl: void <init>()>
02-24 16:24:44.742  5619  5634 D TEST_LOG: METHOD=<com.google.android.gms.measurement.internal.zzam: int zzjd()>
02-24 16:24:44.742  5619  5634 D TEST_LOG: METHOD=<com.google.android.gms.measurement.internal.zzfy: long zzd(android.content.Context,java.lang.String)>
02-24 16:24:44.742  5619  5634 D TEST_LOG: METHOD=<com.google.android.gms.measurement.internal.zzfy: java.security.MessageDigest getMessageDigest()>
02-24 16:24:44.742  5619  5634 D TEST_LOG: METHOD=<com.google.android.gms.measurement.internal.zzfy: boolean zze(android.content.Context,java.lang.String)>
02-24 16:24:44.742  5619  5634 D TEST_LOG: METHOD=<com.google.android.gms.common.wrappers.PackageManagerWrapper: android.content.pm.PackageInfo getPackageInfo(java.lang.String,int)>
02-24 16:24:44.742  5619  5634 D TEST_LOG: METHOD=<com.google.android.gms.measurement.internal.zzam: com.google.android.gms.measurement.internal.zzbd zzgu()>
02-24 16:24:44.742  5619  5634 D TEST_LOG: METHOD=<com.google.android.gms.measurement.internal.zzq: boolean zzaz(java.lang.String)>
02-24 16:24:44.742  5619  5634 D TEST_LOG: METHOD=<com.google.android.gms.measurement.internal.zzam: java.lang.String zzjc()>
02-24 16:24:44.742  5619  5634 D TEST_LOG: METHOD=<com.google.firebase.analytics.FirebaseAnalytics: com.google.firebase.analytics.FirebaseAnalytics getInstance(android.content.Context)>
02-24 16:24:44.742  5619  5634 D TEST_LOG: CLASS=com.google.firebase.analytics.FirebaseAnalytics
02-24 16:24:44.742  5619  5634 D TEST_LOG: METHOD=<com.google.firebase.analytics.FirebaseAnalytics: void <init>(com.google.android.gms.measurement.internal.zzbw)>
02-24 16:24:44.742  5619  5634 D TEST_LOG: METHOD=<com.google.firebase.analytics.FirebaseAnalytics: java.lang.String getFirebaseInstanceId()>
02-24 16:24:44.742  5619  5634 D TEST_LOG: METHOD=<com.google.firebase.iid.FirebaseInstanceId: java.lang.String getId()>
02-24 16:24:44.749  5619  5619 D TEST_LOG: METHOD=<com.qisi.plugin.view.SplashInstallView: void onLayout(boolean,int,int,int,int)>
02-24 16:24:44.751  5619  5619 D TEST_LOG: METHOD=<com.qisi.plugin.keyboard.KeyboardView: void onLayout(boolean,int,int,int,int)>
02-24 16:24:44.753  5619  5619 D TEST_LOG: METHOD=<android.support.v7.widget.AppCompatTextView: void onLayout(boolean,int,int,int,int)>
02-24 16:24:44.753  5619  5619 D TEST_LOG: METHOD=<android.support.v7.widget.AppCompatTextHelper: void onLayout(boolean,int,int,int,int)>
02-24 16:24:44.753  5619  5619 D TEST_LOG: METHOD=<com.qisi.plugin.view.SplashInstallView: void e()>
02-24 16:24:44.753  5619  5619 D TEST_LOG: METHOD=<com.qisi.plugin.keyboard.l: void a()>
02-24 16:24:44.753  5619  5619 D TEST_LOG: METHOD=<com.qisi.plugin.keyboard.l: void k()>
02-24 16:24:44.753  5619  5619 D TEST_LOG: METHOD=<com.qisi.plugin.keyboard.f: android.graphics.drawable.Drawable d(java.lang.String)>
02-24 16:24:44.753  5619  5619 D TEST_LOG: CLASS=com.qisi.plugin.keyboard.a
02-24 16:24:44.753  5619  5619 D TEST_LOG: METHOD=<com.qisi.plugin.keyboard.a: void <clinit>()>
02-24 16:24:44.754  5619  5619 D TEST_LOG: METHOD=<com.qisi.plugin.keyboard.a: boolean a(java.lang.String)>
02-24 16:24:44.754  5619  5619 D TEST_LOG: METHOD=<com.qisi.plugin.keyboard.a: java.lang.String b(java.lang.String)>
02-24 16:24:44.760  5619  5663 D TEST_LOG: METHOD=<a.f.a.b.b.g: int b()>
02-24 16:24:44.763  5619  5619 D TEST_LOG: METHOD=<com.qisi.plugin.keyboard.f: boolean l()>
02-24 16:24:44.764  5619  5619 D TEST_LOG: METHOD=<com.qisi.plugin.keyboard.l: void j()>
02-24 16:24:44.764  5619  5619 D TEST_LOG: CLASS=com.qisi.plugin.keyboard.c
02-24 16:24:44.764  5619  5619 D TEST_LOG: METHOD=<com.qisi.plugin.keyboard.c: void <init>(android.content.Context,int,int,int)>
02-24 16:24:44.764  5619  5619 D TEST_LOG: METHOD=<com.qisi.plugin.keyboard.c: void a(android.content.Context,android.content.res.XmlResourceParser)>
02-24 16:24:44.764  5619  5619 D TEST_LOG: METHOD=<com.qisi.plugin.keyboard.c: void b(android.content.res.Resources,android.content.res.XmlResourceParser)>
02-24 16:24:44.764  5619  5619 D TEST_LOG: CLASS=a.f.c.b
02-24 16:24:44.764  5619  5619 D TEST_LOG: METHOD=<a.f.c.b: void <clinit>()>
02-24 16:24:44.764  5619  5619 D TEST_LOG: METHOD=<com.qisi.plugin.keyboard.c: int a(android.content.res.TypedArray,int,int,int)>
02-24 16:24:44.764  5619  5619 D TEST_LOG: METHOD=<com.qisi.plugin.keyboard.c: com.qisi.plugin.keyboard.c$b a(android.content.res.Resources,android.content.res.XmlResourceParser)>
02-24 16:24:44.764  5619  5619 D TEST_LOG: CLASS=com.qisi.plugin.keyboard.c$b
02-24 16:24:44.764  5619  5619 D TEST_LOG: METHOD=<com.qisi.plugin.keyboard.c$b: void <init>(android.content.res.Resources,com.qisi.plugin.keyboard.c,android.content.res.XmlResourceParser)>
02-24 16:24:44.764  5619  5619 D TEST_LOG: METHOD=<com.qisi.plugin.keyboard.c: int a(com.qisi.plugin.keyboard.c)>
02-24 16:24:44.764  5619  5619 D TEST_LOG: METHOD=<com.qisi.plugin.keyboard.c: int b(com.qisi.plugin.keyboard.c)>
02-24 16:24:44.764  5619  5619 D TEST_LOG: METHOD=<com.qisi.plugin.keyboard.c: int c(com.qisi.plugin.keyboard.c)>
02-24 16:24:44.764  5619  5619 D TEST_LOG: METHOD=<com.qisi.plugin.keyboard.c: int d(com.qisi.plugin.keyboard.c)>
02-24 16:24:44.764  5619  5619 D TEST_LOG: METHOD=<com.qisi.plugin.keyboard.c: int e(com.qisi.plugin.keyboard.c)>
02-24 16:24:44.764  5619  5619 D TEST_LOG: METHOD=<com.qisi.plugin.keyboard.c: int f(com.qisi.plugin.keyboard.c)>
02-24 16:24:44.764  5619  5619 D TEST_LOG: METHOD=<com.qisi.plugin.keyboard.c: com.qisi.plugin.keyboard.c$a a(android.content.res.Resources,com.qisi.plugin.keyboard.c$b,int,int,android.content.res.XmlResourceParser)>
02-24 16:24:44.764  5619  5619 D TEST_LOG: CLASS=com.qisi.plugin.keyboard.c$a
02-24 16:24:44.764  5619  5619 D TEST_LOG: METHOD=<com.qisi.plugin.keyboard.c$a: void <clinit>()>
02-24 16:24:44.764  5619  5619 D TEST_LOG: METHOD=<com.qisi.plugin.keyboard.c$a: void <init>(android.content.res.Resources,com.qisi.plugin.keyboard.c$b,int,int,android.content.res.XmlResourceParser)>
02-24 16:24:44.764  5619  5619 D TEST_LOG: METHOD=<com.qisi.plugin.keyboard.c$b: com.qisi.plugin.keyboard.c a(com.qisi.plugin.keyboard.c$b)>
02-24 16:24:44.765  5619  5663 D TEST_LOG: METHOD=<a.f.a.b.b.h: int b()>
02-24 16:24:44.768  5619  5663 D TEST_LOG: METHOD=<a.f.a.b.b.o: int b()>
02-24 16:24:44.770  5619  5663 D TEST_LOG: METHOD=<a.f.a.b.b.e: int e()>
02-24 16:24:44.770  5619  5663 D TEST_LOG: METHOD=<a.f.a.b.e.d: void run()>
02-24 16:24:44.770  5619  5663 D TEST_LOG: METHOD=<a.f.a.b.e.e: boolean a(android.content.Context,java.lang.String)>
02-24 16:24:44.770  5619  5663 D TEST_LOG: METHOD=<a.f.a.b.e.e: boolean c(android.content.Context,java.lang.String)>
02-24 16:24:44.770  5619  5663 D TEST_LOG: METHOD=<a.f.a.b.d.a: java.util.Set a(android.content.Context,java.lang.String)>
02-24 16:24:44.770  5619  5663 D TEST_LOG: METHOD=<a.f.a.b.d.a: java.io.File a(android.content.Context)>
02-24 16:24:44.772  5619  5619 D TEST_LOG: METHOD=<com.qisi.plugin.keyboard.KeyboardView: void a(com.qisi.plugin.keyboard.c,com.qisi.plugin.keyboard.f)>
02-24 16:24:44.777  5619  5619 D TEST_LOG: METHOD=<com.qisi.plugin.keyboard.l: void m()>
02-24 16:24:44.778  5619  5619 D TEST_LOG: METHOD=<com.qisi.plugin.keyboard.f: boolean f()>
02-24 16:24:44.778  5619  5619 D TEST_LOG: METHOD=<com.qisi.plugin.keyboard.e: boolean c()>
02-24 16:24:44.778  5619  5619 D TEST_LOG: METHOD=<com.qisi.plugin.keyboard.l: void n()>
02-24 16:24:44.778  5619  5619 D TEST_LOG: METHOD=<com.qisi.plugin.keyboard.f: android.net.Uri e(java.lang.String)>
02-24 16:24:44.778  5619  5619 D TEST_LOG: METHOD=<com.qisi.plugin.keyboard.f: android.net.Uri b(java.lang.String)>
02-24 16:24:44.779  5619  5619 D TEST_LOG: METHOD=<com.qisi.plugin.view.SplashInstallView: android.animation.ValueAnimator a(android.view.View,int,int)>
02-24 16:24:44.779  5619  5619 D TEST_LOG: CLASS=com.qisi.plugin.view.b
02-24 16:24:44.779  5619  5619 D TEST_LOG: METHOD=<com.qisi.plugin.view.b: void <init>(com.qisi.plugin.view.SplashInstallView)>
02-24 16:24:44.781  5619  5619 D TEST_LOG: METHOD=<com.qisi.plugin.keyboard.c: int c()>
02-24 16:24:44.781  5619  5619 D TEST_LOG: METHOD=<com.qisi.plugin.keyboard.c: int a()>
02-24 16:24:44.781  5619  5619 D TEST_LOG: METHOD=<com.bumptech.glide.request.target.ViewTarget$SizeDeterminer$SizeDeterminerLayoutListener: boolean onPreDraw()>
02-24 16:24:44.781  5619  5619 D TEST_LOG: METHOD=<com.bumptech.glide.request.target.ViewTarget$SizeDeterminer: void access$000(com.bumptech.glide.request.target.ViewTarget$SizeDeterminer)>
02-24 16:24:44.781  5619  5619 D TEST_LOG: METHOD=<com.bumptech.glide.request.target.ViewTarget$SizeDeterminer: void checkCurrentDimens()>
02-24 16:24:44.781  5619  5619 D TEST_LOG: METHOD=<com.bumptech.glide.request.target.ViewTarget$SizeDeterminer: void notifyCbs(int,int)>
02-24 16:24:44.781  5619  5619 D TEST_LOG: METHOD=<com.bumptech.glide.request.GenericRequest: void onSizeReady(int,int)>
02-24 16:24:44.782  5619  5619 D TEST_LOG: METHOD=<com.bumptech.glide.load.model.ImageVideoModelLoader: com.bumptech.glide.load.data.DataFetcher getResourceFetcher(java.lang.Object,int,int)>
02-24 16:24:44.782  5619  5619 D TEST_LOG: METHOD=<com.bumptech.glide.load.model.ResourceLoader: com.bumptech.glide.load.data.DataFetcher getResourceFetcher(java.lang.Object,int,int)>
02-24 16:24:44.782  5619  5619 D TEST_LOG: METHOD=<com.bumptech.glide.load.model.ResourceLoader: com.bumptech.glide.load.data.DataFetcher getResourceFetcher(java.lang.Integer,int,int)>
02-24 16:24:44.782  5619  5619 D TEST_LOG: METHOD=<com.bumptech.glide.load.model.UriLoader: com.bumptech.glide.load.data.DataFetcher getResourceFetcher(java.lang.Object,int,int)>
02-24 16:24:44.782  5619  5619 D TEST_LOG: METHOD=<com.bumptech.glide.load.model.UriLoader: com.bumptech.glide.load.data.DataFetcher getResourceFetcher(android.net.Uri,int,int)>
02-24 16:24:44.782  5619  5619 D TEST_LOG: METHOD=<com.bumptech.glide.load.model.UriLoader: boolean isLocalUri(java.lang.String)>
02-24 16:24:44.782  5619  5619 D TEST_LOG: METHOD=<com.bumptech.glide.load.model.AssetUriParser: boolean isAssetUri(android.net.Uri)>
02-24 16:24:44.782  5619  5619 D TEST_LOG: METHOD=<com.bumptech.glide.load.model.stream.StreamUriLoader: com.bumptech.glide.load.data.DataFetcher getLocalUriFetcher(android.content.Context,android.net.Uri)>
02-24 16:24:44.782  5619  5619 D TEST_LOG: CLASS=com.bumptech.glide.load.data.StreamLocalUriFetcher
02-24 16:24:44.782  5619  5619 D TEST_LOG: METHOD=<com.bumptech.glide.load.data.StreamLocalUriFetcher: void <init>(android.content.Context,android.net.Uri)>
02-24 16:24:44.782  5619  5619 D TEST_LOG: CLASS=com.bumptech.glide.load.data.LocalUriFetcher
02-24 16:24:44.782  5619  5619 D TEST_LOG: METHOD=<com.bumptech.glide.load.data.LocalUriFetcher: void <init>(android.content.Context,android.net.Uri)>
02-24 16:24:44.782  5619  5619 D TEST_LOG: METHOD=<com.bumptech.glide.load.model.file_descriptor.FileDescriptorUriLoader: com.bumptech.glide.load.data.DataFetcher getLocalUriFetcher(android.content.Context,android.net.Uri)>
02-24 16:24:44.782  5619  5619 D TEST_LOG: CLASS=com.bumptech.glide.load.data.FileDescriptorLocalUriFetcher
02-24 16:24:44.782  5619  5619 D TEST_LOG: METHOD=<com.bumptech.glide.load.data.FileDescriptorLocalUriFetcher: void <init>(android.content.Context,android.net.Uri)>
02-24 16:24:44.782  5619  5619 D TEST_LOG: CLASS=com.bumptech.glide.load.model.ImageVideoModelLoader$ImageVideoFetcher
02-24 16:24:44.782  5619  5619 D TEST_LOG: METHOD=<com.bumptech.glide.load.model.ImageVideoModelLoader$ImageVideoFetcher: void <init>(com.bumptech.glide.load.data.DataFetcher,com.bumptech.glide.load.data.DataFetcher)>
02-24 16:24:44.782  5619  5619 D TEST_LOG: METHOD=<com.bumptech.glide.load.engine.Engine: com.bumptech.glide.load.engine.Engine$LoadStatus load(com.bumptech.glide.load.Key,int,int,com.bumptech.glide.load.data.DataFetcher,com.bumptech.glide.provider.DataLoadProvider,com.bumptech.glide.load.Transformation,com.bumptech.glide.load.resource.transcode.ResourceTranscoder,com.bumptech.glide.Priority,boolean,com.bumptech.glide.load.engine.DiskCacheStrategy,com.bumptech.glide.request.ResourceCallback)>
02-24 16:24:44.782  5619  5619 D TEST_LOG: METHOD=<com.bumptech.glide.load.model.ImageVideoModelLoader$ImageVideoFetcher: java.lang.String getId()>
02-24 16:24:44.782  5619  5619 D TEST_LOG: METHOD=<com.bumptech.glide.load.data.LocalUriFetcher: java.lang.String getId()>
02-24 16:24:44.782  5619  5619 D TEST_LOG: METHOD=<com.bumptech.glide.provider.ChildLoadProvider: com.bumptech.glide.load.Encoder getSourceEncoder()>
02-24 16:24:44.782  5619  5619 D TEST_LOG: METHOD=<com.bumptech.glide.provider.FixedLoadProvider: com.bumptech.glide.load.Encoder getSourceEncoder()>
02-24 16:24:44.782  5619  5619 D TEST_LOG: METHOD=<com.bumptech.glide.load.engine.EngineKeyFactory: com.bumptech.glide.load.engine.EngineKey buildKey(java.lang.String,com.bumptech.glide.load.Key,int,int,com.bumptech.glide.load.ResourceDecoder,com.bumptech.glide.load.ResourceDecoder,com.bumptech.glide.load.Transformation,com.bumptech.glide.load.ResourceEncoder,com.bumptech.glide.load.resource.transcode.ResourceTranscoder,com.bumptech.glide.load.Encoder)>
02-24 16:24:44.782  5619  5619 D TEST_LOG: CLASS=com.bumptech.glide.load.engine.EngineKey
02-24 16:24:44.782  5619  5619 D TEST_LOG: METHOD=<com.bumptech.glide.load.engine.EngineKey: void <init>(java.lang.String,com.bumptech.glide.load.Key,int,int,com.bumptech.glide.load.ResourceDecoder,com.bumptech.glide.load.ResourceDecoder,com.bumptech.glide.load.Transformation,com.bumptech.glide.load.ResourceEncoder,com.bumptech.glide.load.resource.transcode.ResourceTranscoder,com.bumptech.glide.load.Encoder)>
02-24 16:24:44.782  5619  5619 D TEST_LOG: METHOD=<com.bumptech.glide.load.engine.Engine: com.bumptech.glide.load.engine.EngineResource loadFromCache(com.bumptech.glide.load.Key,boolean)>
02-24 16:24:44.782  5619  5619 D TEST_LOG: METHOD=<com.bumptech.glide.load.engine.Engine: com.bumptech.glide.load.engine.EngineResource getEngineResourceFromCache(com.bumptech.glide.load.Key)>
02-24 16:24:44.782  5619  5619 D TEST_LOG: METHOD=<com.bumptech.glide.load.engine.cache.LruResourceCache: com.bumptech.glide.load.engine.Resource remove(com.bumptech.glide.load.Key)>
02-24 16:24:44.782  5619  5619 D TEST_LOG: METHOD=<com.bumptech.glide.util.LruCache: java.lang.Object remove(java.lang.Object)>
02-24 16:24:44.782  5619  5619 D TEST_LOG: METHOD=<com.bumptech.glide.load.engine.EngineKey: int hashCode()>
02-24 16:24:44.782  5619  5619 D TEST_LOG: METHOD=<com.bumptech.glide.signature.StringSignature: int hashCode()>
02-24 16:24:44.782  5619  5619 D TEST_LOG: METHOD=<com.bumptech.glide.load.resource.file.FileToStreamDecoder: java.lang.String getId()>
02-24 16:24:44.782  5619  5619 D TEST_LOG: METHOD=<com.bumptech.glide.load.resource.bitmap.ImageVideoBitmapDecoder: java.lang.String getId()>
02-24 16:24:44.782  5619  5619 D TEST_LOG: METHOD=<com.bumptech.glide.load.resource.bitmap.FitCenter: java.lang.String getId()>
02-24 16:24:44.782  5619  5619 D TEST_LOG: METHOD=<com.bumptech.glide.load.resource.bitmap.BitmapEncoder: java.lang.String getId()>
02-24 16:24:44.782  5619  5619 D TEST_LOG: METHOD=<com.bumptech.glide.load.resource.transcode.UnitTranscoder: java.lang.String getId()>
02-24 16:24:44.782  5619  5619 D TEST_LOG: METHOD=<com.bumptech.glide.load.model.ImageVideoWrapperEncoder: java.lang.String getId()>
02-24 16:24:44.782  5619  5619 D TEST_LOG: METHOD=<com.bumptech.glide.load.model.StreamEncoder: java.lang.String getId()>
02-24 16:24:44.782  5619  5619 D TEST_LOG: METHOD=<com.bumptech.glide.load.resource.NullEncoder: java.lang.String getId()>
02-24 16:24:44.782  5619  5619 D TEST_LOG: METHOD=<com.bumptech.glide.load.engine.Engine: com.bumptech.glide.load.engine.EngineResource loadFromActiveResources(com.bumptech.glide.load.Key,boolean)>
02-24 16:24:44.782  5619  5619 D TEST_LOG: METHOD=<com.bumptech.glide.load.engine.Engine$EngineJobFactory: com.bumptech.glide.load.engine.EngineJob build(com.bumptech.glide.load.Key,boolean)>
02-24 16:24:44.782  5619  5619 D TEST_LOG: CLASS=com.bumptech.glide.load.engine.EngineJob
02-24 16:24:44.782  5619  5619 D TEST_LOG: METHOD=<com.bumptech.glide.load.engine.EngineJob: void <clinit>()>
02-24 16:24:44.782  5619  5619 D TEST_LOG: CLASS=com.bumptech.glide.load.engine.EngineJob$EngineResourceFactory
02-24 16:24:44.782  5619  5619 D TEST_LOG: METHOD=<com.bumptech.glide.load.engine.EngineJob$EngineResourceFactory: void <init>()>
02-24 16:24:44.782  5619  5619 D TEST_LOG: CLASS=com.bumptech.glide.load.engine.EngineJob$MainThreadCallback
02-24 16:24:44.782  5619  5619 D TEST_LOG: METHOD=<com.bumptech.glide.load.engine.EngineJob$MainThreadCallback: void <init>(com.bumptech.glide.load.engine.EngineJob$1)>
02-24 16:24:44.782  5619  5619 D TEST_LOG: METHOD=<com.bumptech.glide.load.engine.EngineJob$MainThreadCallback: void <init>()>
02-24 16:24:44.782  5619  5619 D TEST_LOG: METHOD=<com.bumptech.glide.load.engine.EngineJob: void <init>(com.bumptech.glide.load.Key,java.util.concurrent.ExecutorService,java.util.concurrent.ExecutorService,boolean,com.bumptech.glide.load.engine.EngineJobListener)>
02-24 16:24:44.782  5619  5619 D TEST_LOG: METHOD=<com.bumptech.glide.load.engine.EngineJob: void <init>(com.bumptech.glide.load.Key,java.util.concurrent.ExecutorService,java.util.concurrent.ExecutorService,boolean,com.bumptech.glide.load.engine.EngineJobListener,com.bumptech.glide.load.engine.EngineJob$EngineResourceFactory)>
02-24 16:24:44.782  5619  5619 D TEST_LOG: CLASS=com.bumptech.glide.load.engine.DecodeJob
02-24 16:24:44.782  5619  5619 D TEST_LOG: METHOD=<com.bumptech.glide.load.engine.DecodeJob: void <clinit>()>
02-24 16:24:44.782  5619  5619 D TEST_LOG: CLASS=com.bumptech.glide.load.engine.DecodeJob$FileOpener
02-24 16:24:44.782  5619  5619 D TEST_LOG: METHOD=<com.bumptech.glide.load.engine.DecodeJob$FileOpener: void <init>()>
02-24 16:24:44.782  5619  5619 D TEST_LOG: METHOD=<com.bumptech.glide.load.engine.DecodeJob: void <init>(com.bumptech.glide.load.engine.EngineKey,int,int,com.bumptech.glide.load.data.DataFetcher,com.bumptech.glide.provider.DataLoadProvider,com.bumptech.glide.load.Transformation,com.bumptech.glide.load.resource.transcode.ResourceTranscoder,com.bumptech.glide.load.engine.DecodeJob$DiskCacheProvider,com.bumptech.glide.load.engine.DiskCacheStrategy,com.bumptech.glide.Priority)>
02-24 16:24:44.782  5619  5619 D TEST_LOG: METHOD=<com.bumptech.glide.load.engine.DecodeJob: void <init>(com.bumptech.glide.load.engine.EngineKey,int,int,com.bumptech.glide.load.data.DataFetcher,com.bumptech.glide.provider.DataLoadProvider,com.bumptech.glide.load.Transformation,com.bumptech.glide.load.resource.transcode.ResourceTranscoder,com.bumptech.glide.load.engine.DecodeJob$DiskCacheProvider,com.bumptech.glide.load.engine.DiskCacheStrategy,com.bumptech.glide.Priority,com.bumptech.glide.load.engine.DecodeJob$FileOpener)>
02-24 16:24:44.782  5619  5619 D TEST_LOG: CLASS=com.bumptech.glide.load.engine.EngineRunnable
02-24 16:24:44.782  5619  5619 D TEST_LOG: METHOD=<com.bumptech.glide.load.engine.EngineRunnable: void <init>(com.bumptech.glide.load.engine.EngineRunnable$EngineRunnableManager,com.bumptech.glide.load.engine.DecodeJob,com.bumptech.glide.Priority)>
02-24 16:24:44.782  5619  5619 D TEST_LOG: CLASS=com.bumptech.glide.load.engine.EngineRunnable$Stage
02-24 16:24:44.782  5619  5619 D TEST_LOG: METHOD=<com.bumptech.glide.load.engine.EngineRunnable$Stage: void <clinit>()>
02-24 16:24:44.782  5619  5619 D TEST_LOG: METHOD=<com.bumptech.glide.load.engine.EngineRunnable$Stage: void <init>(java.lang.String,int)>
02-24 16:24:44.782  5619  5619 D TEST_LOG: METHOD=<com.bumptech.glide.load.engine.EngineJob: void addCallback(com.bumptech.glide.request.ResourceCallback)>
02-24 16:24:44.782  5619  5619 D TEST_LOG: METHOD=<com.bumptech.glide.load.engine.EngineJob: void start(com.bumptech.glide.load.engine.EngineRunnable)>
02-24 16:24:44.782  5619  5619 D TEST_LOG: METHOD=<com.bumptech.glide.load.engine.executor.FifoPriorityThreadPoolExecutor: java.util.concurrent.RunnableFuture newTaskFor(java.lang.Runnable,java.lang.Object)>
02-24 16:24:44.782  5619  5619 D TEST_LOG: CLASS=com.bumptech.glide.load.engine.executor.FifoPriorityThreadPoolExecutor$LoadTask
02-24 16:24:44.782  5619  5619 D TEST_LOG: METHOD=<com.bumptech.glide.load.engine.executor.FifoPriorityThreadPoolExecutor$LoadTask: void <init>(java.lang.Runnable,java.lang.Object,int)>
02-24 16:24:44.782  5619  5619 D TEST_LOG: METHOD=<com.bumptech.glide.load.engine.EngineRunnable: int getPriority()>
02-24 16:24:44.782  5619  5619 D TEST_LOG: METHOD=<com.bumptech.glide.load.engine.executor.FifoPriorityThreadPoolExecutor$DefaultThreadFactory: java.lang.Thread newThread(java.lang.Runnable)>
02-24 16:24:44.782  5619  5619 D TEST_LOG: CLASS=com.bumptech.glide.load.engine.executor.FifoPriorityThreadPoolExecutor$DefaultThreadFactory$1
02-24 16:24:44.782  5619  5619 D TEST_LOG: METHOD=<com.bumptech.glide.load.engine.executor.FifoPriorityThreadPoolExecutor$DefaultThreadFactory$1: void <init>(com.bumptech.glide.load.engine.executor.FifoPriorityThreadPoolExecutor$DefaultThreadFactory,java.lang.Runnable,java.lang.String)>
02-24 16:24:44.786  5619  5619 D TEST_LOG: CLASS=com.bumptech.glide.load.engine.Engine$LoadStatus
02-24 16:24:44.787  5619  5619 D TEST_LOG: METHOD=<com.bumptech.glide.load.engine.Engine$LoadStatus: void <init>(com.bumptech.glide.request.ResourceCallback,com.bumptech.glide.load.engine.EngineJob)>
02-24 16:24:44.797  5619  5666 D TEST_LOG: METHOD=<com.bumptech.glide.load.engine.executor.FifoPriorityThreadPoolExecutor$DefaultThreadFactory$1: void run()>
02-24 16:24:44.797  5619  5666 D TEST_LOG: METHOD=<com.bumptech.glide.load.engine.EngineRunnable: void run()>
02-24 16:24:44.809  5619  5666 D TEST_LOG: METHOD=<com.bumptech.glide.load.engine.EngineRunnable: com.bumptech.glide.load.engine.Resource decode()>
02-24 16:24:44.809  5619  5666 D TEST_LOG: METHOD=<com.bumptech.glide.load.engine.EngineRunnable: boolean isDecodingFromCache()>
02-24 16:24:44.810  5619  5666 D TEST_LOG: METHOD=<com.bumptech.glide.load.engine.EngineRunnable: com.bumptech.glide.load.engine.Resource decodeFromCache()>
02-24 16:24:44.810  5619  5666 D TEST_LOG: METHOD=<com.bumptech.glide.load.engine.DecodeJob: com.bumptech.glide.load.engine.Resource decodeResultFromCache()>
02-24 16:24:44.810  5619  5666 D TEST_LOG: METHOD=<com.bumptech.glide.load.engine.DecodeJob: com.bumptech.glide.load.engine.Resource loadFromCache(com.bumptech.glide.load.Key)>
02-24 16:24:44.810  5619  5666 D TEST_LOG: METHOD=<com.bumptech.glide.load.engine.Engine$LazyDiskCacheProvider: com.bumptech.glide.load.engine.cache.DiskCache getDiskCache()>
02-24 16:24:44.810  5619  5666 D TEST_LOG: METHOD=<com.bumptech.glide.load.engine.cache.DiskLruCacheFactory: com.bumptech.glide.load.engine.cache.DiskCache build()>
02-24 16:24:44.810  5619  5666 D TEST_LOG: METHOD=<com.bumptech.glide.load.engine.cache.DiskLruCacheFactory$2: java.io.File getCacheDirectory()>
02-24 16:24:44.810  5619  5663 D TEST_LOG: METHOD=<a.f.a.b.d.a: java.io.File b(android.content.Context)>
02-24 16:24:44.810  5619  5619 D TEST_LOG: METHOD=<android.support.v7.widget.AppCompatImageView: boolean hasOverlappingRendering()>
02-24 16:24:44.810  5619  5619 D TEST_LOG: METHOD=<android.support.v7.widget.AppCompatImageHelper: boolean hasOverlappingRendering()>
02-24 16:24:44.810  5619  5619 D TEST_LOG: METHOD=<com.qisi.plugin.keyboard.KeyboardView: void onDraw(android.graphics.Canvas)>
02-24 16:24:44.810  5619  5619 D TEST_LOG: METHOD=<com.qisi.plugin.keyboard.KeyboardView: boolean a()>
02-24 16:24:44.811  5619  5619 D TEST_LOG: METHOD=<com.qisi.plugin.keyboard.f: boolean g()>
02-24 16:24:44.811  5619  5619 D TEST_LOG: METHOD=<com.qisi.plugin.keyboard.e: boolean d()>
02-24 16:24:44.811  5619  5619 D TEST_LOG: METHOD=<com.qisi.plugin.keyboard.KeyboardView: void a(android.graphics.Canvas)>
02-24 16:24:44.811  5619  5619 D TEST_LOG: METHOD=<com.qisi.plugin.keyboard.c: java.util.List b()>
02-24 16:24:44.811  5619  5619 D TEST_LOG: METHOD=<com.qisi.plugin.keyboard.KeyboardView: void a(android.graphics.Canvas,com.qisi.plugin.keyboard.c$a)>
02-24 16:24:44.811  5619  5619 D TEST_LOG: METHOD=<com.qisi.plugin.keyboard.KeyboardView: void b(com.qisi.plugin.keyboard.c$a,android.graphics.Canvas)>
02-24 16:24:44.811  5619  5619 D TEST_LOG: METHOD=<com.qisi.plugin.keyboard.f: android.graphics.drawable.Drawable a(com.qisi.plugin.keyboard.c$a,android.graphics.drawable.Drawable)>
02-24 16:24:44.811  5619  5619 D TEST_LOG: METHOD=<com.qisi.plugin.keyboard.e: android.graphics.drawable.Drawable a(com.qisi.plugin.keyboard.c$a,com.qisi.plugin.keyboard.f,android.graphics.drawable.Drawable)>
02-24 16:24:44.811  5619  5619 D TEST_LOG: METHOD=<com.qisi.plugin.keyboard.c$a: int[] c()>
02-24 16:24:44.811  5619  5619 D TEST_LOG: METHOD=<com.qisi.plugin.keyboard.KeyboardView: void a(android.graphics.drawable.Drawable,android.graphics.Canvas,int,int,int,int)>
02-24 16:24:44.811  5619  5619 D TEST_LOG: METHOD=<com.qisi.plugin.keyboard.KeyboardView: void c(com.qisi.plugin.keyboard.c$a,android.graphics.Canvas)>
02-24 16:24:44.811  5619  5619 D TEST_LOG: METHOD=<com.qisi.plugin.keyboard.KeyboardView: void d(com.qisi.plugin.keyboard.c$a,android.graphics.Canvas)>
02-24 16:24:44.811  5619  5619 D TEST_LOG: METHOD=<com.qisi.plugin.keyboard.f: android.graphics.drawable.Drawable a(com.qisi.plugin.keyboard.c$a)>
02-24 16:24:44.811  5619  5619 D TEST_LOG: METHOD=<com.qisi.plugin.keyboard.e: android.graphics.drawable.Drawable a(com.qisi.plugin.keyboard.c$a,com.qisi.plugin.keyboard.f)>
02-24 16:24:44.811  5619  5619 D TEST_LOG: METHOD=<a.f.c.k.c: int a(java.lang.String)>
02-24 16:24:44.811  5619  5619 D TEST_LOG: METHOD=<com.qisi.plugin.keyboard.c$a: int a()>
02-24 16:24:44.811  5619  5619 D TEST_LOG: METHOD=<com.qisi.plugin.keyboard.KeyboardView: int a(com.qisi.plugin.keyboard.c$a)>
02-24 16:24:44.811  5619  5619 D TEST_LOG: METHOD=<android.support.v4.content.ContextCompat: android.content.res.ColorStateList getColorStateList(android.content.Context,int)>
02-24 16:24:44.811  5619  5619 D TEST_LOG: METHOD=<com.qisi.plugin.keyboard.KeyboardView: float a(java.lang.String,android.graphics.Paint)>
02-24 16:24:44.811  5619  5619 D TEST_LOG: METHOD=<com.qisi.plugin.keyboard.KeyboardView: void a(com.qisi.plugin.keyboard.c$a,android.graphics.Canvas)>
02-24 16:24:44.811  5619  5619 D TEST_LOG: METHOD=<com.qisi.plugin.keyboard.KeyboardView: float b(java.lang.String,android.graphics.Paint)>
02-24 16:24:44.811  5619  5619 D TEST_LOG: METHOD=<com.qisi.plugin.keyboard.KeyboardView: void a(android.graphics.Canvas,com.qisi.plugin.keyboard.c$a,android.graphics.drawable.Drawable)>
02-24 16:24:44.815  5619  5619 D TEST_LOG: METHOD=<android.support.v7.widget.AppCompatTextView: java.lang.CharSequence getText()>
02-24 16:24:44.820  5619  5619 D TEST_LOG: METHOD=<com.qisi.plugin.view.RippleTextView: void onDraw(android.graphics.Canvas)>
02-24 16:24:44.821  5619  5663 D TEST_LOG: METHOD=<a.f.a.b.f.d: void c(java.lang.String)>
02-24 16:24:44.821  5619  5663 D TEST_LOG: METHOD=<a.f.a.b.f.d: void a(java.lang.String,int)>
02-24 16:24:44.821  5619  5663 D TEST_LOG: METHOD=<a.f.a.b.f.d: void a(java.lang.String,boolean)>
02-24 16:24:44.846  5619  5666 D TEST_LOG: METHOD=<com.bumptech.glide.load.engine.cache.DiskLruCacheWrapper: com.bumptech.glide.load.engine.cache.DiskCache get(java.io.File,int)>
02-24 16:24:44.846  5619  5666 D TEST_LOG: CLASS=com.bumptech.glide.load.engine.cache.DiskLruCacheWrapper
02-24 16:24:44.846  5619  5666 D TEST_LOG: METHOD=<com.bumptech.glide.load.engine.cache.DiskLruCacheWrapper: void <init>(java.io.File,int)>
02-24 16:24:44.846  5619  5666 D TEST_LOG: CLASS=com.bumptech.glide.load.engine.cache.DiskCacheWriteLocker
