02-24 16:24:44.178  5619  5619 D TEST_LOG: METHOD=<android.support.v7.widget.AppCompatDrawableManager: boolean tintDrawableUsingColorFilter(android.content.Context,int,android.graphics.drawable.Drawable)>
02-24 16:24:44.184  5619  5619 D TEST_LOG: CLASS=android.support.v7.widget.DrawableUtils
02-24 16:24:44.185  5619  5619 D TEST_LOG: METHOD=<android.support.v7.widget.DrawableUtils: void <clinit>()>
02-24 16:24:44.185  5619  5619 D TEST_LOG: METHOD=<android.support.v7.widget.DrawableUtils: void fixDrawable(android.graphics.drawable.Drawable)>
02-24 16:24:44.185  5619  5619 D TEST_LOG: METHOD=<android.support.v7.widget.AppCompatDrawableManager: boolean isVectorDrawable(android.graphics.drawable.Drawable)>
02-24 16:24:44.185  5619  5619 D TEST_LOG: METHOD=<android.support.v7.widget.TintTypedArray: void recycle()>
02-24 16:24:44.185  5619  5619 D TEST_LOG: METHOD=<android.support.v7.app.AppCompatDelegateImpl: void installViewFactory()>
02-24 16:24:44.185  5619  5619 D TEST_LOG: METHOD=<android.support.v4.view.LayoutInflaterCompat: void setFactory2(android.view.LayoutInflater,android.view.LayoutInflater$Factory2)>
02-24 16:24:44.185  5619  5619 D TEST_LOG: METHOD=<android.support.v7.app.AppCompatDelegateImpl: void onCreate(android.os.Bundle)>
02-24 16:24:44.185  5619  5619 D TEST_LOG: METHOD=<android.support.v4.app.NavUtils: java.lang.String getParentActivityName(android.app.Activity)>
02-24 16:24:44.185  5619  5619 D TEST_LOG: METHOD=<android.support.v4.app.NavUtils: java.lang.String getParentActivityName(android.content.Context,android.content.ComponentName)>
02-24 16:24:44.186  5619  5619 D TEST_LOG: METHOD=<android.support.v7.app.AppCompatDelegateImpl: boolean applyDayNight()>
02-24 16:24:44.186  5619  5619 D TEST_LOG: METHOD=<android.support.v7.app.AppCompatDelegateImpl: int getNightMode()>
02-24 16:24:44.186  5619  5619 D TEST_LOG: METHOD=<android.support.v7.app.AppCompatDelegate: int getDefaultNightMode()>
02-24 16:24:44.186  5619  5619 D TEST_LOG: METHOD=<android.support.v7.app.AppCompatDelegateImpl: int mapNightMode(int)>
02-24 16:24:44.186  5619  5619 D TEST_LOG: ACTIVITY=android.support.v4.app.FragmentActivity
02-24 16:24:44.186  5619  5619 D TEST_LOG: METHOD=<android.support.v4.app.FragmentActivity: void onCreate(android.os.Bundle)>
02-24 16:24:44.186  5619  5619 D TEST_LOG: METHOD=<android.support.v4.app.FragmentController: void attachHost(android.support.v4.app.Fragment)>
02-24 16:24:44.186  5619  5619 D TEST_LOG: METHOD=<android.support.v4.app.FragmentManagerImpl: void attachController(android.support.v4.app.FragmentHostCallback,android.support.v4.app.FragmentContainer,android.support.v4.app.Fragment)>
02-24 16:24:44.186  5619  5619 D TEST_LOG: ACTIVITY=android.support.v4.app.SupportActivity
02-24 16:24:44.186  5619  5619 D TEST_LOG: METHOD=<android.support.v4.app.SupportActivity: void onCreate(android.os.Bundle)>
02-24 16:24:44.186  5619  5619 D TEST_LOG: METHOD=<com.google.android.gms.common.api.internal.BackgroundDetector: void onActivityCreated(android.app.Activity,android.os.Bundle)>
02-24 16:24:44.186  5619  5619 D TEST_LOG: METHOD=<com.google.android.gms.measurement.internal.zzdu: void onActivityCreated(android.app.Activity,android.os.Bundle)>
02-24 16:24:44.186  5619  5619 D TEST_LOG: METHOD=<com.google.android.gms.measurement.internal.zzda: com.google.android.gms.measurement.internal.zzdy zzgm()>
02-24 16:24:44.186  5619  5619 D TEST_LOG: METHOD=<com.google.android.gms.measurement.internal.zze: com.google.android.gms.measurement.internal.zzdy zzgm()>
02-24 16:24:44.186  5619  5619 D TEST_LOG: METHOD=<com.google.android.gms.measurement.internal.zzbw: com.google.android.gms.measurement.internal.zzdy zzgm()>
02-24 16:24:44.186  5619  5619 D TEST_LOG: METHOD=<com.google.android.gms.measurement.internal.zzdy: void onActivityCreated(android.app.Activity,android.os.Bundle)>
02-24 16:24:44.186  5619  5619 D TEST_LOG: METHOD=<android.arch.lifecycle.ReportFragment: void injectIfNeededIn(android.app.Activity)>
02-24 16:24:44.186  5619  5619 D TEST_LOG: CLASS=android.arch.lifecycle.ReportFragment
02-24 16:24:44.186  5619  5619 D TEST_LOG: METHOD=<android.arch.lifecycle.ReportFragment: void <init>()>
02-24 16:24:44.186  5619  5619 D TEST_LOG: CLASS=android.support.v4.util.SparseArrayCompat
02-24 16:24:44.186  5619  5619 D TEST_LOG: METHOD=<android.support.v4.util.SparseArrayCompat: void <clinit>()>
02-24 16:24:44.186  5619  5619 D TEST_LOG: METHOD=<android.support.v4.util.SparseArrayCompat: void <init>()>
02-24 16:24:44.186  5619  5619 D TEST_LOG: METHOD=<android.support.v4.util.SparseArrayCompat: void <init>(int)>
02-24 16:24:44.186  5619  5619 D TEST_LOG: METHOD=<android.support.v4.util.ContainerHelpers: int idealIntArraySize(int)>
02-24 16:24:44.186  5619  5619 D TEST_LOG: METHOD=<android.support.v4.util.ContainerHelpers: int idealByteArraySize(int)>
02-24 16:24:44.186  5619  5619 D TEST_LOG: METHOD=<android.support.v4.app.FragmentController: void dispatchCreate()>
02-24 16:24:44.186  5619  5619 D TEST_LOG: METHOD=<android.support.v4.app.FragmentManagerImpl: void dispatchCreate()>
02-24 16:24:44.186  5619  5619 D TEST_LOG: METHOD=<android.support.v4.app.FragmentManagerImpl: void dispatchStateChange(int)>
02-24 16:24:44.186  5619  5619 D TEST_LOG: METHOD=<android.support.v4.app.FragmentManagerImpl: void moveToState(int,boolean)>
02-24 16:24:44.186  5619  5619 D TEST_LOG: METHOD=<android.support.v4.app.FragmentManagerImpl: boolean execPendingActions()>
02-24 16:24:44.186  5619  5619 D TEST_LOG: METHOD=<android.support.v4.app.FragmentManagerImpl: void ensureExecReady(boolean)>
02-24 16:24:44.186  5619  5619 D TEST_LOG: METHOD=<android.support.v4.app.FragmentHostCallback: android.os.Handler getHandler()>
02-24 16:24:44.186  5619  5619 D TEST_LOG: METHOD=<android.support.v4.app.FragmentManagerImpl: void executePostponedTransaction(java.util.ArrayList,java.util.ArrayList)>
02-24 16:24:44.186  5619  5619 D TEST_LOG: METHOD=<android.support.v4.app.FragmentManagerImpl: boolean generateOpsForPendingActions(java.util.ArrayList,java.util.ArrayList)>
02-24 16:24:44.186  5619  5619 D TEST_LOG: METHOD=<android.support.v4.app.FragmentManagerImpl: void doPendingDeferredStart()>
02-24 16:24:44.186  5619  5619 D TEST_LOG: METHOD=<android.support.v4.app.FragmentManagerImpl: void burpActive()>
02-24 16:24:44.188  5619  5619 D TEST_LOG: METHOD=<com.qisi.plugin.activity.a: java.lang.String b()>
02-24 16:24:44.188  5619  5619 D TEST_LOG: METHOD=<a.b.a.d: a.d.h a()>
02-24 16:24:44.189  5619  5619 D TEST_LOG: METHOD=<a.c.a.a.c: a.c.a.a.a a(android.content.Context,a.c.a.a.b)>
02-24 16:24:44.193  5619  5619 D TEST_LOG: METHOD=<a.c.a.a.c: a.c.a.a.c a(android.content.Context)>
02-24 16:24:44.193  5619  5619 D TEST_LOG: CLASS=a.c.a.a.c
02-24 16:24:44.193  5619  5619 D TEST_LOG: METHOD=<a.c.a.a.c: void <init>(android.content.Context)>
02-24 16:24:44.194  5619  5634 D TEST_LOG: METHOD=<android.support.v4.util.ArrayMap: void <init>(int)>
02-24 16:24:44.194  5619  5634 D TEST_LOG: METHOD=<android.support.v4.util.SimpleArrayMap: void <init>(int)>
02-24 16:24:44.208  5619  5619 D TEST_LOG: CLASS=a.c.a.a.c$a
02-24 16:24:44.208  5619  5619 D TEST_LOG: METHOD=<a.c.a.a.c$a: void <init>(a.c.a.a.c,android.os.Looper)>
02-24 16:24:44.209  5619  5619 D TEST_LOG: METHOD=<a.c.a.a.c: a.c.a.a.a a(a.c.a.a.b)>
02-24 16:24:44.209  5619  5619 D TEST_LOG: METHOD=<a.c.a.a.b: a.c.a.a.a$a b()>
02-24 16:24:44.209  5619  5619 D TEST_LOG: METHOD=<a.c.a.a.c: int a(a.c.a.a.b,int)>
02-24 16:24:44.209  5619  5619 D TEST_LOG: METHOD=<a.c.a.a.c: a.c.a.a.a c(a.c.a.a.b)>
02-24 16:24:44.209  5619  5619 D TEST_LOG: METHOD=<a.c.a.a.c: a.c.a.a.a b(a.c.a.a.b)>
02-24 16:24:44.209  5619  5619 D TEST_LOG: METHOD=<a.c.a.a.b: a.c.a.a.a a()>
02-24 16:24:44.209  5619  5619 D TEST_LOG: CLASS=a.d.h
02-24 16:24:44.209  5619  5619 D TEST_LOG: METHOD=<a.d.h: void <init>()>
02-24 16:24:44.209  5619  5619 D TEST_LOG: METHOD=<a.d.h: void a(android.content.Context,android.os.Bundle)>
02-24 16:24:44.218  5619  5619 D TEST_LOG: CLASS=a.d.h$b
02-24 16:24:44.218  5619  5619 D TEST_LOG: METHOD=<a.d.h$b: void <init>(a.d.h,android.os.Looper)>
02-24 16:24:44.218  5619  5619 D TEST_LOG: CLASS=a.f.a.b.a.a
02-24 16:24:44.218  5619  5619 D TEST_LOG: METHOD=<a.f.a.b.a.a: void <clinit>()>
02-24 16:24:44.220  5619  5619 D TEST_LOG: METHOD=<a.f.a.b.f.a: boolean b(android.content.Context)>
02-24 16:24:44.221  5619  5619 D TEST_LOG: METHOD=<a.f.a.b.a.b: void i()>
02-24 16:24:44.221  5619  5619 D TEST_LOG: CLASS=a.f.a.d.a
02-24 16:24:44.221  5619  5619 D TEST_LOG: METHOD=<a.f.a.d.a: void <init>()>
02-24 16:24:44.221  5619  5619 D TEST_LOG: METHOD=<a.f.a.d.a: void a(int)>
02-24 16:24:44.221  5619  5619 D TEST_LOG: METHOD=<a.f.a.d.a: void a()>
02-24 16:24:44.226  5619  5619 D TEST_LOG: METHOD=<a.f.a.d.a: byte[] b()>
02-24 16:24:44.226  5619  5619 D TEST_LOG: METHOD=<a.f.a.d.i: byte[] a(byte[])>
02-24 16:24:44.226  5619  5619 D TEST_LOG: METHOD=<a.f.a.d.i: byte[] a(byte[],java.lang.String)>
02-24 16:24:44.229  5619  5619 D TEST_LOG: CLASS=a.f.a.b.f.b
02-24 16:24:44.229  5619  5619 D TEST_LOG: METHOD=<a.f.a.b.f.b: void <clinit>()>
02-24 16:24:44.229  5619  5619 D TEST_LOG: METHOD=<a.f.a.b.f.b: void a(android.content.Context)>
02-24 16:24:44.230  5619  5619 D TEST_LOG: METHOD=<a.f.a.b.a.b: int a(android.content.Context,int,java.lang.String)>
02-24 16:24:44.233  5619  5619 D TEST_LOG: CLASS=a.f.a.b.b.n
02-24 16:24:44.233  5619  5619 D TEST_LOG: METHOD=<a.f.a.b.b.n: void <clinit>()>
02-24 16:24:44.233  5619  5619 D TEST_LOG: METHOD=<a.f.a.b.b.n: void <init>()>
02-24 16:24:44.234  5619  5619 D TEST_LOG: METHOD=<a.f.a.b.b.n: a.f.a.b.b.n a()>
02-24 16:24:44.235  5619  5619 D TEST_LOG: METHOD=<a.f.a.b.b.j: a.f.a.b.b.j a()>
02-24 16:24:44.235  5619  5619 D TEST_LOG: CLASS=a.f.a.b.b.j
02-24 16:24:44.235  5619  5619 D TEST_LOG: METHOD=<a.f.a.b.b.j: void <init>()>
02-24 16:24:44.235  5619  5619 D TEST_LOG: CLASS=a.f.a.b.b.m
02-24 16:24:44.235  5619  5619 D TEST_LOG: METHOD=<a.f.a.b.b.m: void <init>()>
02-24 16:24:44.235  5619  5619 D TEST_LOG: CLASS=a.f.a.b.b.k
02-24 16:24:44.235  5619  5619 D TEST_LOG: METHOD=<a.f.a.b.b.k: void <init>()>
02-24 16:24:44.235  5619  5619 D TEST_LOG: METHOD=<a.f.a.b.b.j: void a(android.content.Context)>
02-24 16:24:44.235  5619  5619 D TEST_LOG: METHOD=<a.f.a.b.b.m: org.json.JSONObject a(android.content.Context)>
02-24 16:24:44.235  5619  5619 D TEST_LOG: METHOD=<a.f.a.d.d: java.lang.Object a(android.content.Context,java.lang.String,java.lang.Class)>
02-24 16:24:44.241  5619  5619 D TEST_LOG: METHOD=<a.f.a.d.e: void a(java.io.Closeable)>
02-24 16:24:44.241  5619  5619 D TEST_LOG: METHOD=<a.f.a.b.b.m: void a(java.lang.String,org.json.JSONObject)>
02-24 16:24:44.241  5619  5619 D TEST_LOG: METHOD=<a.f.a.b.a.b: boolean j()>
02-24 16:24:44.242  5619  5619 D TEST_LOG: METHOD=<a.f.a.b.b.k: boolean b(android.content.Context)>
02-24 16:24:44.242  5619  5619 D TEST_LOG: METHOD=<a.f.a.b.b.k: void a(android.content.Context)>
02-24 16:24:44.242  5619  5619 D TEST_LOG: METHOD=<a.d.e: a.d.e a(android.content.Context)>
02-24 16:24:44.243  5619  5619 D TEST_LOG: CLASS=a.d.e
02-24 16:24:44.243  5619  5619 D TEST_LOG: METHOD=<a.d.e: void <init>(android.content.Context)>
02-24 16:24:44.243  5619  5619 D TEST_LOG: CLASS=a.f.a.c.a
02-24 16:24:44.243  5619  5619 D TEST_LOG: METHOD=<a.f.a.c.a: void <init>()>
02-24 16:24:44.243  5619  5619 D TEST_LOG: METHOD=<a.d.e: void g()>
02-24 16:24:44.243  5619  5619 D TEST_LOG: CLASS=a.f.a.b.b.b
02-24 16:24:44.243  5619  5619 D TEST_LOG: METHOD=<a.f.a.b.b.b: void <clinit>()>
02-24 16:24:44.243  5619  5619 D TEST_LOG: METHOD=<a.f.a.b.b.b: void <init>()>
02-24 16:24:44.243  5619  5619 D TEST_LOG: METHOD=<a.f.a.b.b.b: a.f.a.b.b.b a()>
02-24 16:24:44.243  5619  5619 D TEST_LOG: METHOD=<a.f.a.b.b.b: void a(android.content.Context)>
02-24 16:24:44.243  5619  5619 D TEST_LOG: METHOD=<a.f.a.b.b.n: void a(android.content.Context)>
02-24 16:24:44.243  5619  5619 D TEST_LOG: CLASS=a.f.a.b.b.e
02-24 16:24:44.243  5619  5619 D TEST_LOG: METHOD=<a.f.a.b.b.e: void <clinit>()>
02-24 16:24:44.243  5619  5619 D TEST_LOG: METHOD=<a.f.a.b.b.e: void <init>()>
02-24 16:24:44.243  5619  5619 D TEST_LOG: METHOD=<a.f.a.b.b.e: a.f.a.b.b.e d()>
02-24 16:24:44.243  5619  5619 D TEST_LOG: METHOD=<a.f.a.b.b.e: void a(android.content.Context)>
02-24 16:24:44.244  5619  5619 D TEST_LOG: CLASS=a.f.a.b.b.g
02-24 16:24:44.246  5619  5619 D TEST_LOG: METHOD=<a.f.a.b.b.g: void <clinit>()>
02-24 16:24:44.246  5619  5619 D TEST_LOG: METHOD=<a.f.a.b.b.g: void <init>()>
02-24 16:24:44.246  5619  5619 D TEST_LOG: METHOD=<a.f.a.b.b.g: a.f.a.b.b.g a()>
02-24 16:24:44.246  5619  5619 D TEST_LOG: METHOD=<a.f.a.b.b.g: void a(android.content.Context)>
02-24 16:24:44.247  5619  5619 D TEST_LOG: CLASS=a.f.a.b.b.h
02-24 16:24:44.247  5619  5619 D TEST_LOG: METHOD=<a.f.a.b.b.h: void <clinit>()>
02-24 16:24:44.247  5619  5619 D TEST_LOG: METHOD=<a.f.a.b.b.h: void <init>()>
02-24 16:24:44.247  5619  5619 D TEST_LOG: METHOD=<a.f.a.b.b.h: a.f.a.b.b.h a()>
02-24 16:24:44.247  5619  5619 D TEST_LOG: METHOD=<a.f.a.b.b.h: void a(android.content.Context)>
02-24 16:24:44.247  5619  5619 D TEST_LOG: METHOD=<a.f.a.b.b.h: java.util.Map c(android.content.Context)>
02-24 16:24:44.247  5619  5619 D TEST_LOG: CLASS=a.f.a.b.b.o
02-24 16:24:44.247  5619  5619 D TEST_LOG: METHOD=<a.f.a.b.b.o: void <clinit>()>
02-24 16:24:44.247  5619  5619 D TEST_LOG: METHOD=<a.f.a.b.b.o: void <init>()>
02-24 16:24:44.247  5619  5619 D TEST_LOG: METHOD=<a.f.a.b.b.o: a.f.a.b.b.o a()>
02-24 16:24:44.247  5619  5619 D TEST_LOG: METHOD=<a.f.a.b.b.o: void a(android.content.Context)>
02-24 16:24:44.247  5619  5619 D TEST_LOG: CLASS=a.f.a.b.b.f
02-24 16:24:44.247  5619  5619 D TEST_LOG: METHOD=<a.f.a.b.b.f: void <clinit>()>
02-24 16:24:44.247  5619  5619 D TEST_LOG: METHOD=<a.f.a.b.b.f: void <init>()>
02-24 16:24:44.247  5619  5619 D TEST_LOG: METHOD=<a.f.a.b.b.f: a.f.a.b.b.f a()>
02-24 16:24:44.247  5619  5619 D TEST_LOG: METHOD=<a.f.a.b.b.f: void b(android.content.Context)>
02-24 16:24:44.247  5619  5619 D TEST_LOG: CLASS=a.f.a.b.b.a
02-24 16:24:44.247  5619  5619 D TEST_LOG: METHOD=<a.f.a.b.b.a: void <clinit>()>
02-24 16:24:44.247  5619  5619 D TEST_LOG: METHOD=<a.f.a.b.b.a: void <init>()>
02-24 16:24:44.247  5619  5619 D TEST_LOG: METHOD=<a.f.a.b.b.a: a.f.a.b.b.a a()>
02-24 16:24:44.247  5619  5619 D TEST_LOG: METHOD=<a.f.a.b.b.a: void a(android.content.Context)>
02-24 16:24:44.247  5619  5619 D TEST_LOG: METHOD=<a.d.e: void a()>
02-24 16:24:44.248  5619  5619 D TEST_LOG: METHOD=<a.f.a.b.e.b: void b(android.content.Context,java.lang.String)>
02-24 16:24:44.249  5619  5619 D TEST_LOG: CLASS=a.f.a.b.e.a
02-24 16:24:44.249  5619  5619 D TEST_LOG: METHOD=<a.f.a.b.e.a: void <init>(android.content.Context,java.lang.String)>
02-24 16:24:44.249  5619  5619 D TEST_LOG: METHOD=<a.f.a.b.e.f: void a(java.lang.Runnable)>
02-24 16:24:44.249  5619  5619 D TEST_LOG: METHOD=<a.f.a.b.e.f: java.util.concurrent.Executor a()>
02-24 16:24:44.249  5619  5619 D TEST_LOG: METHOD=<a.d.h: void a(android.content.Context)>
02-24 16:24:44.249  5619  5619 D TEST_LOG: CLASS=a.d.c
02-24 16:24:44.249  5619  5619 D TEST_LOG: METHOD=<a.d.c: void <init>()>
02-24 16:24:44.251  5619  5645 D TEST_LOG: METHOD=<a.f.a.b.e.a: void run()>
02-24 16:24:44.251  5619  5645 D TEST_LOG: METHOD=<a.f.a.b.e.b: void a(android.content.Context,java.lang.String)>
02-24 16:24:44.252  5619  5619 D TEST_LOG: CLASS=a.d.a
02-24 16:24:44.252  5619  5619 D TEST_LOG: METHOD=<a.d.a: void <init>()>
02-24 16:24:44.252  5619  5619 D TEST_LOG: METHOD=<a.d.h: void a(android.os.Bundle)>
02-24 16:24:44.253  5619  5644 D TEST_LOG: METHOD=<a.d.h$b: void handleMessage(android.os.Message)>
02-24 16:24:44.253  5619  5644 D TEST_LOG: METHOD=<a.d.h: boolean b(a.d.h)>
02-24 16:24:44.253  5619  5644 D TEST_LOG: METHOD=<a.d.h: java.util.List i(a.d.h)>
02-24 16:24:44.253  5619  5619 D TEST_LOG: METHOD=<android.support.v7.app.AppCompatActivity: void setContentView(int)>
02-24 16:24:44.253  5619  5619 D TEST_LOG: METHOD=<android.support.v7.app.AppCompatDelegateImpl: void setContentView(int)>
02-24 16:24:44.254  5619  5619 D TEST_LOG: METHOD=<android.support.v7.app.AppCompatDelegateImpl: void ensureSubDecor()>
02-24 16:24:44.254  5619  5619 D TEST_LOG: METHOD=<android.support.v7.app.AppCompatDelegateImpl: android.view.ViewGroup createSubDecor()>
02-24 16:24:44.254  5619  5619 D TEST_LOG: CLASS=android.support.v7.appcompat.R$styleable
02-24 16:24:44.254  5619  5619 D TEST_LOG: METHOD=<android.support.v7.appcompat.R$styleable: void <clinit>()>
02-24 16:24:44.255  5619  5619 D TEST_LOG: METHOD=<android.support.v7.app.AppCompatDelegateImpl: boolean requestWindowFeature(int)>
02-24 16:24:44.255  5619  5619 D TEST_LOG: METHOD=<android.support.v7.app.AppCompatDelegateImpl: int sanitizeWindowFeatureId(int)>
02-24 16:24:44.256  5619  5619 D TEST_LOG: METHOD=<android.support.v7.app.AppCompatDelegateImpl: void throwFeatureRequestIfSubDecorInstalled()>
02-24 16:24:44.260  5619  5645 D TEST_LOG: METHOD=<a.f.a.b.f.a: long i()>
02-24 16:24:44.263  5619  5619 D TEST_LOG: METHOD=<android.support.v7.view.WindowCallbackWrapper: void onWindowAttributesChanged(android.view.WindowManager$LayoutParams)>
02-24 16:24:44.264  5619  5619 D TEST_LOG: METHOD=<android.support.v7.app.AppCompatDelegateImpl: android.view.View onCreateView(android.view.View,java.lang.String,android.content.Context,android.util.AttributeSet)>
02-24 16:24:44.264  5619  5619 D TEST_LOG: METHOD=<android.support.v7.app.AppCompatDelegateImpl: android.view.View createView(android.view.View,java.lang.String,android.content.Context,android.util.AttributeSet)>
02-24 16:24:44.264  5619  5645 D TEST_LOG: METHOD=<a.f.a.b.a.b: long a(android.content.Context,long,java.lang.String)>
02-24 16:24:44.269  5619  5645 D TEST_LOG: METHOD=<a.f.a.b.a.b: void b(android.content.Context,long,java.lang.String)>
02-24 16:24:44.269  5619  5645 D TEST_LOG: METHOD=<a.f.a.b.f.a: java.lang.String a()>
02-24 16:24:44.269  5619  5645 D TEST_LOG: METHOD=<a.f.a.b.a.b: java.lang.String[] k(android.content.Context)>
02-24 16:24:44.270  5619  5645 D TEST_LOG: METHOD=<a.f.a.b.f.a: java.lang.String b()>
02-24 16:24:44.270  5619  5645 D TEST_LOG: METHOD=<a.f.a.b.f.a: java.lang.String g()>
02-24 16:24:44.270  5619  5645 D TEST_LOG: METHOD=<a.f.a.d.c: java.lang.String a(android.content.Context)>
02-24 16:24:44.270  5619  5645 D TEST_LOG: CLASS=a.f.d.a
02-24 16:24:44.270  5619  5645 D TEST_LOG: METHOD=<a.f.d.a: void <clinit>()>
02-24 16:24:44.270  5619  5645 D TEST_LOG: METHOD=<a.f.d.a: java.lang.String a(android.content.Context,java.lang.String,java.lang.String)>
02-24 16:24:44.270  5619  5645 D TEST_LOG: METHOD=<a.f.d.a: void b(android.content.Context,java.lang.String,java.lang.String)>
02-24 16:24:44.270  5619  5645 D TEST_LOG: METHOD=<a.f.a.b.a.b: java.lang.String c()>
02-24 16:24:44.271  5619  5645 D TEST_LOG: METHOD=<a.f.a.b.a.b: java.lang.String d(android.content.Context)>
02-24 16:24:44.271  5619  5619 D TEST_LOG: CLASS=android.support.v7.app.AppCompatViewInflater
02-24 16:24:44.271  5619  5619 D TEST_LOG: METHOD=<android.support.v7.app.AppCompatViewInflater: void <clinit>()>
02-24 16:24:44.271  5619  5619 D TEST_LOG: METHOD=<android.support.v7.app.AppCompatViewInflater: void <init>()>
02-24 16:24:44.271  5619  5619 D TEST_LOG: METHOD=<android.support.v7.app.AppCompatViewInflater: android.view.View createView(android.view.View,java.lang.String,android.content.Context,android.util.AttributeSet,boolean,boolean,boolean,boolean)>
02-24 16:24:44.272  5619  5619 D TEST_LOG: METHOD=<android.support.v7.app.AppCompatViewInflater: android.content.Context themifyContext(android.content.Context,android.util.AttributeSet,boolean,boolean)>
02-24 16:24:44.272  5619  5619 D TEST_LOG: METHOD=<android.support.v7.app.AppCompatViewInflater: android.view.View createView(android.content.Context,java.lang.String,android.util.AttributeSet)>
02-24 16:24:44.272  5619  5619 D TEST_LOG: METHOD=<android.support.v4.app.FragmentActivity: android.view.View onCreateView(android.view.View,java.lang.String,android.content.Context,android.util.AttributeSet)>
02-24 16:24:44.272  5619  5619 D TEST_LOG: METHOD=<android.support.v4.app.FragmentActivity: android.view.View dispatchFragmentsOnCreateView(android.view.View,java.lang.String,android.content.Context,android.util.AttributeSet)>
02-24 16:24:44.272  5619  5619 D TEST_LOG: METHOD=<android.support.v4.app.FragmentController: android.view.View onCreateView(android.view.View,java.lang.String,android.content.Context,android.util.AttributeSet)>
02-24 16:24:44.272  5619  5619 D TEST_LOG: METHOD=<android.support.v4.app.FragmentManagerImpl: android.view.View onCreateView(android.view.View,java.lang.String,android.content.Context,android.util.AttributeSet)>
02-24 16:24:44.272  5619  5619 D TEST_LOG: METHOD=<android.support.v4.app.FragmentActivity: android.view.View onCreateView(java.lang.String,android.content.Context,android.util.AttributeSet)>
02-24 16:24:44.273  5619  5619 D TEST_LOG: CLASS=android.support.v7.widget.FitWindowsLinearLayout
02-24 16:24:44.273  5619  5619 D TEST_LOG: METHOD=<android.support.v7.widget.FitWindowsLinearLayout: void <init>(android.content.Context,android.util.AttributeSet)>
02-24 16:24:44.274  5619  5619 D TEST_LOG: CLASS=android.support.v7.widget.ViewStubCompat
02-24 16:24:44.274  5619  5619 D TEST_LOG: METHOD=<android.support.v7.widget.ViewStubCompat: void <init>(android.content.Context,android.util.AttributeSet)>
02-24 16:24:44.274  5619  5619 D TEST_LOG: METHOD=<android.support.v7.widget.ViewStubCompat: void <init>(android.content.Context,android.util.AttributeSet,int)>
02-24 16:24:44.274  5619  5619 D TEST_LOG: METHOD=<android.support.v7.widget.ViewStubCompat: void setVisibility(int)>
02-24 16:24:44.274  5619  5619 D TEST_LOG: CLASS=android.support.v7.widget.ContentFrameLayout
02-24 16:24:44.274  5619  5619 D TEST_LOG: METHOD=<android.support.v7.widget.ContentFrameLayout: void <init>(android.content.Context,android.util.AttributeSet)>
02-24 16:24:44.274  5619  5619 D TEST_LOG: METHOD=<android.support.v7.widget.ContentFrameLayout: void <init>(android.content.Context,android.util.AttributeSet,int)>
02-24 16:24:44.275  5619  5619 D TEST_LOG: CLASS=android.support.v7.app.AppCompatDelegateImpl$3
02-24 16:24:44.275  5619  5619 D TEST_LOG: METHOD=<android.support.v7.app.AppCompatDelegateImpl$3: void <init>(android.support.v7.app.AppCompatDelegateImpl)>
02-24 16:24:44.275  5619  5619 D TEST_LOG: CLASS=android.support.v4.view.ViewCompat
02-24 16:24:44.275  5619  5619 D TEST_LOG: METHOD=<android.support.v4.view.ViewCompat: void <clinit>()>
02-24 16:24:44.276  5619  5619 D TEST_LOG: METHOD=<android.support.v4.view.ViewCompat: void setOnApplyWindowInsetsListener(android.view.View,android.support.v4.view.OnApplyWindowInsetsListener)>
02-24 16:24:44.276  5619  5619 D TEST_LOG: CLASS=android.support.v4.view.ViewCompat$1
02-24 16:24:44.276  5619  5619 D TEST_LOG: METHOD=<android.support.v4.view.ViewCompat$1: void <init>(android.support.v4.view.OnApplyWindowInsetsListener)>
02-24 16:24:44.276  5619  5619 D TEST_LOG: CLASS=android.support.v7.widget.ViewUtils
02-24 16:24:44.276  5619  5619 D TEST_LOG: METHOD=<android.support.v7.widget.ViewUtils: void <clinit>()>
02-24 16:24:44.276  5619  5619 D TEST_LOG: METHOD=<android.support.v7.widget.ViewUtils: void makeOptionalFitsSystemWindows(android.view.View)>
02-24 16:24:44.277  5619  5619 D TEST_LOG: METHOD=<android.support.v7.app.AppCompatDelegateImpl$AppCompatWindowCallback: void onContentChanged()>
02-24 16:24:44.277  5619  5619 D TEST_LOG: CLASS=android.support.v7.app.AppCompatDelegateImpl$5
02-24 16:24:44.277  5619  5619 D TEST_LOG: METHOD=<android.support.v7.app.AppCompatDelegateImpl$5: void <init>(android.support.v7.app.AppCompatDelegateImpl)>
02-24 16:24:44.277  5619  5619 D TEST_LOG: METHOD=<android.support.v7.widget.ContentFrameLayout: void setAttachListener(android.support.v7.widget.ContentFrameLayout$OnAttachListener)>
02-24 16:24:44.277  5619  5619 D TEST_LOG: METHOD=<android.support.v7.app.AppCompatDelegateImpl: java.lang.CharSequence getTitle()>
02-24 16:24:44.277  5619  5619 D TEST_LOG: METHOD=<android.support.v7.app.AppCompatDelegateImpl: android.support.v7.app.ActionBar peekSupportActionBar()>
02-24 16:24:44.277  5619  5619 D TEST_LOG: METHOD=<android.support.v7.app.AppCompatDelegateImpl: void applyFixedSizeWindow()>
02-24 16:24:44.277  5619  5619 D TEST_LOG: METHOD=<android.support.v7.widget.ContentFrameLayout: void setDecorPadding(int,int,int,int)>
02-24 16:24:44.277  5619  5619 D TEST_LOG: METHOD=<android.support.v4.view.ViewCompat: boolean isLaidOut(android.view.View)>
02-24 16:24:44.277  5619  5619 D TEST_LOG: METHOD=<android.support.v7.widget.ContentFrameLayout: android.util.TypedValue getMinWidthMajor()>
02-24 16:24:44.277  5619  5619 D TEST_LOG: METHOD=<android.support.v7.widget.ContentFrameLayout: android.util.TypedValue getMinWidthMinor()>
02-24 16:24:44.277  5619  5619 D TEST_LOG: METHOD=<android.support.v7.app.AppCompatDelegateImpl: void onSubDecorInstalled(android.view.ViewGroup)>
02-24 16:24:44.277  5619  5619 D TEST_LOG: METHOD=<android.support.v7.app.AppCompatDelegateImpl: android.support.v7.app.AppCompatDelegateImpl$PanelFeatureState getPanelState(int,boolean)>
02-24 16:24:44.277  5619  5619 D TEST_LOG: CLASS=android.support.v7.app.AppCompatDelegateImpl$PanelFeatureState
02-24 16:24:44.277  5619  5619 D TEST_LOG: METHOD=<android.support.v7.app.AppCompatDelegateImpl$PanelFeatureState: void <init>(int)>
02-24 16:24:44.277  5619  5619 D TEST_LOG: METHOD=<android.support.v7.app.AppCompatDelegateImpl: void invalidatePanelMenu(int)>
02-24 16:24:44.277  5619  5619 D TEST_LOG: METHOD=<android.support.v4.view.ViewCompat: void postOnAnimation(android.view.View,java.lang.Runnable)>
02-24 16:24:44.277  5619  5619 D TEST_LOG: METHOD=<android.support.v7.app.AppCompatActivity: void onContentChanged()>
02-24 16:24:44.277  5619  5619 D TEST_LOG: METHOD=<android.support.v7.app.AppCompatActivity: void onSupportContentChanged()>
02-24 16:24:44.277  5619  5619 D TEST_LOG: METHOD=<com.qisi.plugin.activity.SplashActivity: void f()>
02-24 16:24:44.277  5619  5619 D TEST_LOG: METHOD=<a.c.b.b: a.c.b.f b(android.content.Context)>
02-24 16:24:44.277  5619  5619 D TEST_LOG: METHOD=<a.c.b.b: a.c.b.f a(android.content.Context)>
02-24 16:24:44.277  5619  5619 D TEST_LOG: METHOD=<a.c.b.b.b: java.lang.String a(android.content.Context)>
02-24 16:24:44.279  5619  5619 D TEST_LOG: METHOD=<a.c.b.b: a.c.b.a.c.a a(java.lang.String)>
02-24 16:24:44.279  5619  5619 D TEST_LOG: METHOD=<a.c.b.a.c.c: boolean a(java.lang.String,android.content.pm.PackageInfo)>
02-24 16:24:44.279  5619  5619 D TEST_LOG: METHOD=<a.c.b.a.c.d: boolean a(java.lang.String,android.content.pm.PackageInfo)>
02-24 16:24:44.279  5619  5619 D TEST_LOG: METHOD=<a.c.b.a.c.d: boolean b(java.lang.String)>
02-24 16:24:44.279  5619  5619 D TEST_LOG: METHOD=<a.c.b.a.c.d: boolean c(java.lang.String)>
02-24 16:24:44.279  5619  5619 D TEST_LOG: METHOD=<a.c.b.a.c.d: boolean d(java.lang.String)>
02-24 16:24:44.279  5619  5619 D TEST_LOG: METHOD=<a.c.b.a.c.e: boolean a(java.lang.String,android.content.pm.PackageInfo)>
02-24 16:24:44.279  5619  5619 D TEST_LOG: METHOD=<a.c.b.a.c.e: android.content.pm.PackageInfo c(java.lang.String)>
02-24 16:24:44.279  5619  5619 D TEST_LOG: METHOD=<a.c.b.a.c.e: boolean d(java.lang.String)>
02-24 16:24:44.279  5619  5619 D TEST_LOG: CLASS=a.b.c.j
02-24 16:24:44.279  5619  5619 D TEST_LOG: METHOD=<a.b.c.j: void <clinit>()>
02-24 16:24:44.279  5619  5619 D TEST_LOG: METHOD=<a.b.c.j: boolean b(android.content.Context,java.lang.String)>
02-24 16:24:44.279  5619  5619 D TEST_LOG: METHOD=<a.f.a.d.g: java.lang.String a(java.lang.String)>
02-24 16:24:44.281  5619  5645 D TEST_LOG: METHOD=<a.f.a.b.a.b: java.lang.String e()>
02-24 16:24:44.281  5619  5645 D TEST_LOG: METHOD=<a.f.a.b.a.b: java.lang.String b()>
02-24 16:24:44.281  5619  5645 D TEST_LOG: METHOD=<a.f.a.b.f.a: java.lang.String h()>
02-24 16:24:44.281  5619  5645 D TEST_LOG: METHOD=<a.f.a.b.a.b: java.lang.String[] b(android.content.Context,java.lang.String)>
02-24 16:24:44.281  5619  5645 D TEST_LOG: METHOD=<a.f.a.b.a.b: java.lang.String c(android.content.Context)>
02-24 16:24:44.281  5619  5645 D TEST_LOG: METHOD=<a.f.a.b.a.b: void a(android.content.Context,java.lang.String,java.lang.String)>
02-24 16:24:44.281  5619  5645 D TEST_LOG: METHOD=<a.f.a.b.f.a: java.lang.String a(android.content.Context)>
02-24 16:24:44.281  5619  5645 D TEST_LOG: CLASS=a.f.a.d.j$a
02-24 16:24:44.281  5619  5645 D TEST_LOG: METHOD=<a.f.a.d.j$a: void <init>()>
02-24 16:24:44.281  5619  5645 D TEST_LOG: METHOD=<a.f.a.d.j$a: a.f.a.d.j$a a(java.lang.String,java.lang.String)>
02-24 16:24:44.282  5619  5645 D TEST_LOG: METHOD=<a.f.a.b.a.a: java.lang.String a()>
02-24 16:24:44.282  5619  5645 D TEST_LOG: METHOD=<a.f.a.d.j: java.lang.String a(java.lang.String,a.f.a.d.j$a)>
02-24 16:24:44.283  5619  5645 D TEST_LOG: METHOD=<a.f.a.d.j$a: int a()>
02-24 16:24:44.283  5619  5645 D TEST_LOG: METHOD=<a.f.a.d.j$a: java.lang.String b()>
02-24 16:24:44.283  5619  5645 D TEST_LOG: METHOD=<a.f.a.b.a.b: boolean b(java.lang.String)>
02-24 16:24:44.283  5619  5619 D TEST_LOG: METHOD=<a.b.c.j: boolean c(android.content.Context,java.lang.String,java.lang.String)>
02-24 16:24:44.283  5619  5619 D TEST_LOG: METHOD=<a.b.c.j: boolean d(android.content.Context,java.lang.String,java.lang.String)>
02-24 16:24:44.283  5619  5619 D TEST_LOG: METHOD=<a.b.c.j: java.lang.String a(java.lang.String,java.lang.String)>
02-24 16:24:44.283  5619  5619 D TEST_LOG: METHOD=<a.b.c.j: boolean g(java.lang.String)>
02-24 16:24:44.283  5619  5619 D TEST_LOG: CLASS=a.b.c.o
02-24 16:24:44.283  5619  5619 D TEST_LOG: METHOD=<a.b.c.o: void <clinit>()>
02-24 16:24:44.283  5619  5619 D TEST_LOG: METHOD=<a.b.c.j: boolean c(java.lang.String)>
02-24 16:24:44.283  5619  5619 D TEST_LOG: METHOD=<a.b.c.j: boolean f(java.lang.String)>
02-24 16:24:44.283  5619  5619 D TEST_LOG: METHOD=<a.b.c.j: boolean e(java.lang.String)>
02-24 16:24:44.283  5619  5619 D TEST_LOG: METHOD=<a.b.c.j: boolean d(java.lang.String)>
02-24 16:24:44.283  5619  5619 D TEST_LOG: METHOD=<a.c.b.b: void b()>
02-24 16:24:44.283  5619  5619 D TEST_LOG: METHOD=<a.c.b.a.c.a: void b()>
02-24 16:24:44.283  5619  5619 D TEST_LOG: METHOD=<a.c.b.b.b: java.util.List b(android.content.Context)>
02-24 16:24:44.284  5619  5619 D TEST_LOG: METHOD=<a.c.b.b: void a(java.lang.String,android.content.pm.PackageInfo)>
02-24 16:24:44.284  5619  5619 D TEST_LOG: METHOD=<a.c.b.a.c.a: void b(java.lang.String,android.content.pm.PackageInfo)>
02-24 16:24:44.286  5619  5619 D TEST_LOG: METHOD=<a.c.b.b: android.support.v4.util.Pair c()>
02-24 16:24:44.286  5619  5619 D TEST_LOG: METHOD=<a.c.b.a.c.c: java.lang.String c()>
02-24 16:24:44.286  5619  5619 D TEST_LOG: METHOD=<a.c.b.a.c.d: java.lang.String c()>
02-24 16:24:44.286  5619  5619 D TEST_LOG: METHOD=<a.c.b.a.c.d: java.util.List a()>
02-24 16:24:44.286  5619  5619 D TEST_LOG: METHOD=<a.c.b.a.c.e: java.lang.String c()>
02-24 16:24:44.286  5619  5619 D TEST_LOG: METHOD=<a.c.b.a.c.e: java.util.List a()>
02-24 16:24:44.286  5619  5619 D TEST_LOG: METHOD=<a.c.b.a.c.a: java.util.List a()>
02-24 16:24:44.286  5619  5619 D TEST_LOG: METHOD=<a.c.b.d: java.util.List a()>
02-24 16:24:44.317  5619  5634 D TEST_LOG: METHOD=<com.google.android.gms.internal.measurement.zzsi: java.lang.Object zztt()>
02-24 16:24:44.317  5619  5634 D TEST_LOG: METHOD=<com.google.android.gms.internal.measurement.zzso: java.lang.String zzc(com.google.android.gms.internal.measurement.zzso)>
02-24 16:24:44.317  5619  5634 D TEST_LOG: METHOD=<com.google.android.gms.internal.measurement.zzsl: java.lang.Object zzs(java.lang.Object)>
02-24 16:24:44.317  5619  5634 D TEST_LOG: CLASS=com.google.android.gms.internal.measurement.zzru
02-24 16:24:44.317  5619  5634 D TEST_LOG: METHOD=<com.google.android.gms.internal.measurement.zzru: void <clinit>()>
02-24 16:24:44.330  5619  5634 D TEST_LOG: METHOD=<com.google.android.gms.internal.measurement.zzsn: java.lang.Object zzs(java.lang.Object)>
02-24 16:24:44.330  5619  5634 D TEST_LOG: METHOD=<com.google.android.gms.internal.measurement.zzsj: java.lang.Object zzs(java.lang.Object)>
02-24 16:24:44.330  5619  5634 D TEST_LOG: METHOD=<com.google.android.gms.internal.measurement.zzsj: java.lang.Long zzt(java.lang.Object)>
02-24 16:24:44.330  5619  5634 D TEST_LOG: METHOD=<com.google.android.gms.internal.measurement.zzsk: java.lang.Object zzs(java.lang.Object)>
02-24 16:24:44.330  5619  5634 D TEST_LOG: METHOD=<com.google.android.gms.internal.measurement.zzsk: java.lang.Integer zzu(java.lang.Object)>
02-24 16:24:44.330  5619  5634 D TEST_LOG: CLASS=com.google.android.gms.measurement.internal.zzaa
02-24 16:24:44.330  5619  5634 D TEST_LOG: METHOD=<com.google.android.gms.measurement.internal.zzaa: void <init>(com.google.android.gms.measurement.internal.zzbw)>
02-24 16:24:44.330  5619  5634 D TEST_LOG: METHOD=<com.google.android.gms.measurement.internal.zzaa: boolean zzgy()>
02-24 16:24:44.330  5619  5634 D TEST_LOG: CLASS=com.google.android.gms.measurement.internal.zzam
02-24 16:24:44.330  5619  5634 D TEST_LOG: METHOD=<com.google.android.gms.measurement.internal.zzam: void <init>(com.google.android.gms.measurement.internal.zzbw)>
02-24 16:24:44.330  5619  5634 D TEST_LOG: METHOD=<com.google.android.gms.measurement.internal.zzam: boolean zzgy()>
02-24 16:24:44.330  5619  5634 D TEST_LOG: CLASS=com.google.android.gms.measurement.internal.zzao
02-24 16:24:44.330  5619  5634 D TEST_LOG: METHOD=<com.google.android.gms.measurement.internal.zzao: void <init>(com.google.android.gms.measurement.internal.zzbw)>
02-24 16:24:44.330  5619  5634 D TEST_LOG: METHOD=<com.google.android.gms.measurement.internal.zzao: android.content.Context getContext()>
02-24 16:24:44.349  5619  5634 D TEST_LOG: CLASS=com.google.android.gms.measurement.internal.zzap
02-24 16:24:44.353  5619  5634 D TEST_LOG: METHOD=<com.google.android.gms.measurement.internal.zzap: void <init>(com.google.android.gms.measurement.internal.zzao,android.content.Context,java.lang.String)>
02-24 16:24:44.354  5619  5634 D TEST_LOG: METHOD=<com.google.android.gms.measurement.internal.zzao: boolean zzgy()>
02-24 16:24:44.356  5619  5619 D TEST_LOG: METHOD=<a.c.b.b: android.support.v4.util.Pair d()>
02-24 16:24:44.356  5619  5619 D TEST_LOG: METHOD=<a.c.b.a.c.c: java.lang.String d()>
02-24 16:24:44.356  5619  5619 D TEST_LOG: CLASS=android.support.v4.util.Pair
02-24 16:24:44.356  5619  5619 D TEST_LOG: METHOD=<android.support.v4.util.Pair: void <init>(java.lang.Object,java.lang.Object)>
02-24 16:24:44.356  5619  5619 D TEST_LOG: METHOD=<a.c.b.a.c.c: a.c.b.a.a e()>
02-24 16:24:44.356  5619  5619 D TEST_LOG: CLASS=a.c.b.a.a
02-24 16:24:44.356  5619  5619 D TEST_LOG: METHOD=<a.c.b.a.a: void <clinit>()>
02-24 16:24:44.356  5619  5619 D TEST_LOG: METHOD=<a.c.b.a.a: void <init>(java.lang.String,int)>
02-24 16:24:44.356  5619  5619 D TEST_LOG: CLASS=a.c.b.f
02-24 16:24:44.356  5619  5619 D TEST_LOG: METHOD=<a.c.b.f: void <init>(int,java.lang.String,a.c.b.a.a)>
02-24 16:24:44.356  5619  5619 D TEST_LOG: METHOD=<a.c.b.f: int b()>
02-24 16:24:44.356  5619  5619 D TEST_LOG: METHOD=<com.qisi.plugin.activity.SplashActivity: void d()>
02-24 16:24:44.356  5619  5619 D TEST_LOG: METHOD=<android.support.v4.app.FragmentActivity: android.support.v4.app.FragmentManager getSupportFragmentManager()>
02-24 16:24:44.356  5619  5619 D TEST_LOG: METHOD=<android.support.v4.app.FragmentController: android.support.v4.app.FragmentManager getSupportFragmentManager()>
02-24 16:24:44.356  5619  5619 D TEST_LOG: METHOD=<android.support.v4.app.FragmentHostCallback: android.support.v4.app.FragmentManagerImpl getFragmentManagerImpl()>
02-24 16:24:44.358  5619  5619 D TEST_LOG: CLASS=android.support.v4.app.Fragment
02-24 16:24:44.358  5619  5619 D TEST_LOG: METHOD=<android.support.v4.app.Fragment: void <clinit>()>
02-24 16:24:44.358  5619  5619 D TEST_LOG: CLASS=a.f.c.b.g
02-24 16:24:44.358  5619  5619 D TEST_LOG: METHOD=<a.f.c.b.g: void <init>()>
02-24 16:24:44.358  5619  5619 D TEST_LOG: METHOD=<android.support.v4.app.Fragment: void <init>()>
02-24 16:24:44.358  5619  5619 D TEST_LOG: CLASS=android.arch.lifecycle.LiveData
02-24 16:24:44.358  5619  5619 D TEST_LOG: METHOD=<android.arch.lifecycle.LiveData: void <clinit>()>
02-24 16:24:44.358  5619  5619 D TEST_LOG: CLASS=android.arch.lifecycle.MutableLiveData
02-24 16:24:44.358  5619  5619 D TEST_LOG: METHOD=<android.arch.lifecycle.MutableLiveData: void <init>()>
02-24 16:24:44.358  5619  5619 D TEST_LOG: METHOD=<android.arch.lifecycle.LiveData: void <init>()>
02-24 16:24:44.358  5619  5619 D TEST_LOG: CLASS=android.arch.lifecycle.LiveData$1
02-24 16:24:44.359  5619  5619 D TEST_LOG: METHOD=<android.arch.lifecycle.LiveData$1: void <init>(android.arch.lifecycle.LiveData)>
02-24 16:24:44.359  5619  5619 D TEST_LOG: METHOD=<android.support.v4.app.FragmentManagerImpl: android.support.v4.app.FragmentTransaction beginTransaction()>
02-24 16:24:44.359  5619  5619 D TEST_LOG: CLASS=android.support.v4.app.BackStackRecord
02-24 16:24:44.359  5619  5619 D TEST_LOG: METHOD=<android.support.v4.app.BackStackRecord: void <init>(android.support.v4.app.FragmentManagerImpl)>
02-24 16:24:44.359  5619  5619 D TEST_LOG: CLASS=android.support.v4.app.FragmentTransaction
02-24 16:24:44.359  5619  5619 D TEST_LOG: METHOD=<android.support.v4.app.FragmentTransaction: void <init>()>
02-24 16:24:44.359  5619  5619 D TEST_LOG: METHOD=<com.qisi.plugin.activity.SplashActivity: int c()>
02-24 16:24:44.359  5619  5619 D TEST_LOG: METHOD=<android.support.v4.app.BackStackRecord: android.support.v4.app.FragmentTransaction replace(int,android.support.v4.app.Fragment)>
02-24 16:24:44.359  5619  5619 D TEST_LOG: METHOD=<android.support.v4.app.BackStackRecord: android.support.v4.app.FragmentTransaction replace(int,android.support.v4.app.Fragment,java.lang.String)>
02-24 16:24:44.359  5619  5619 D TEST_LOG: METHOD=<android.support.v4.app.BackStackRecord: void doAddOp(int,android.support.v4.app.Fragment,java.lang.String,int)>
02-24 16:24:44.359  5619  5619 D TEST_LOG: CLASS=android.support.v4.app.BackStackRecord$Op
02-24 16:24:44.359  5619  5619 D TEST_LOG: METHOD=<android.support.v4.app.BackStackRecord$Op: void <init>(int,android.support.v4.app.Fragment)>
02-24 16:24:44.359  5619  5619 D TEST_LOG: METHOD=<android.support.v4.app.BackStackRecord: void addOp(android.support.v4.app.BackStackRecord$Op)>
02-24 16:24:44.359  5619  5619 D TEST_LOG: METHOD=<android.support.v4.app.BackStackRecord: int commitAllowingStateLoss()>
02-24 16:24:44.359  5619  5619 D TEST_LOG: METHOD=<android.support.v4.app.BackStackRecord: int commitInternal(boolean)>
02-24 16:24:44.359  5619  5619 D TEST_LOG: METHOD=<android.support.v4.app.FragmentManagerImpl: void enqueueAction(android.support.v4.app.FragmentManagerImpl$OpGenerator,boolean)>
02-24 16:24:44.359  5619  5619 D TEST_LOG: METHOD=<android.support.v4.app.FragmentManagerImpl: void scheduleCommit()>
02-24 16:24:44.359  5619  5619 D TEST_LOG: METHOD=<com.qisi.plugin.activity.a: boolean a()>
02-24 16:24:44.359  5619  5619 D TEST_LOG: METHOD=<a.b.a.a: void a(android.content.Context,java.lang.String)>
02-24 16:24:44.360  5619  5619 D TEST_LOG: CLASS=com.qisi.plugin.activity.g
02-24 16:24:44.360  5619  5619 D TEST_LOG: METHOD=<com.qisi.plugin.activity.g: void <init>(com.qisi.plugin.activity.SplashActivity)>
02-24 16:24:44.360  5619  5619 D TEST_LOG: METHOD=<com.qisi.plugin.activity.a: void a(java.lang.Runnable,long)>
02-24 16:24:44.360  5619  5619 D TEST_LOG: METHOD=<android.arch.lifecycle.ReportFragment: void onActivityCreated(android.os.Bundle)>
02-24 16:24:44.360  5619  5619 D TEST_LOG: METHOD=<android.arch.lifecycle.ReportFragment: void dispatchCreate(android.arch.lifecycle.ReportFragment$ActivityInitializationListener)>
02-24 16:24:44.360  5619  5619 D TEST_LOG: CLASS=android.arch.lifecycle.Lifecycle$Event
02-24 16:24:44.360  5619  5619 D TEST_LOG: METHOD=<android.arch.lifecycle.Lifecycle$Event: void <clinit>()>
02-24 16:24:44.360  5619  5619 D TEST_LOG: METHOD=<android.arch.lifecycle.Lifecycle$Event: void <init>(java.lang.String,int)>
02-24 16:24:44.360  5619  5619 D TEST_LOG: METHOD=<android.arch.lifecycle.ReportFragment: void dispatch(android.arch.lifecycle.Lifecycle$Event)>
02-24 16:24:44.360  5619  5619 D TEST_LOG: METHOD=<android.support.v4.app.FragmentActivity: android.arch.lifecycle.Lifecycle getLifecycle()>
02-24 16:24:44.360  5619  5619 D TEST_LOG: METHOD=<android.support.v4.app.SupportActivity: android.arch.lifecycle.Lifecycle getLifecycle()>
02-24 16:24:44.360  5619  5619 D TEST_LOG: METHOD=<android.arch.lifecycle.LifecycleRegistry: void handleLifecycleEvent(android.arch.lifecycle.Lifecycle$Event)>
02-24 16:24:44.360  5619  5619 D TEST_LOG: METHOD=<android.arch.lifecycle.LifecycleRegistry: android.arch.lifecycle.Lifecycle$State getStateAfter(android.arch.lifecycle.Lifecycle$Event)>
02-24 16:24:44.360  5619  5619 D TEST_LOG: CLASS=android.arch.lifecycle.LifecycleRegistry$1
02-24 16:24:44.360  5619  5619 D TEST_LOG: METHOD=<android.arch.lifecycle.LifecycleRegistry$1: void <clinit>()>
02-24 16:24:44.360  5619  5619 D TEST_LOG: METHOD=<android.arch.lifecycle.Lifecycle$State: android.arch.lifecycle.Lifecycle$State[] values()>
02-24 16:24:44.360  5619  5619 D TEST_LOG: METHOD=<android.arch.lifecycle.Lifecycle$Event: android.arch.lifecycle.Lifecycle$Event[] values()>
02-24 16:24:44.360  5619  5619 D TEST_LOG: METHOD=<android.arch.lifecycle.LifecycleRegistry: void moveToState(android.arch.lifecycle.Lifecycle$State)>
02-24 16:24:44.360  5619  5619 D TEST_LOG: METHOD=<android.arch.lifecycle.LifecycleRegistry: void sync()>
02-24 16:24:44.360  5619  5619 D TEST_LOG: METHOD=<android.arch.lifecycle.LifecycleRegistry: boolean isSynced()>
02-24 16:24:44.360  5619  5619 D TEST_LOG: METHOD=<android.arch.core.internal.SafeIterableMap: int size()>
02-24 16:24:44.361  5619  5619 D TEST_LOG: METHOD=<com.qisi.plugin.activity.SplashActivity: void onStart()>
02-24 16:24:44.361  5619  5619 D TEST_LOG: METHOD=<android.support.v7.app.AppCompatActivity: void onStart()>
02-24 16:24:44.361  5619  5619 D TEST_LOG: METHOD=<android.support.v4.app.FragmentActivity: void onStart()>
02-24 16:24:44.361  5619  5619 D TEST_LOG: METHOD=<com.google.android.gms.common.api.internal.BackgroundDetector: void onActivityStarted(android.app.Activity)>
02-24 16:24:44.361  5619  5619 D TEST_LOG: METHOD=<com.google.android.gms.measurement.internal.zzdu: void onActivityStarted(android.app.Activity)>
02-24 16:24:44.361  5619  5619 D TEST_LOG: METHOD=<a.d.a: void onActivityStarted(android.app.Activity)>
02-24 16:24:44.361  5619  5619 D TEST_LOG: METHOD=<android.support.v4.app.FragmentController: void dispatchActivityCreated()>
02-24 16:24:44.361  5619  5619 D TEST_LOG: METHOD=<android.support.v4.app.FragmentManagerImpl: void dispatchActivityCreated()>
02-24 16:24:44.362  5619  5619 D TEST_LOG: METHOD=<android.support.v4.app.BackStackRecord: boolean generateOps(java.util.ArrayList,java.util.ArrayList)>
02-24 16:24:44.362  5619  5619 D TEST_LOG: METHOD=<android.support.v4.app.FragmentManagerImpl: void removeRedundantOperationsAndExecute(java.util.ArrayList,java.util.ArrayList)>
02-24 16:24:44.362  5619  5619 D TEST_LOG: METHOD=<android.support.v4.app.FragmentManagerImpl: void executeOpsTogether(java.util.ArrayList,java.util.ArrayList,int,int)>
02-24 16:24:44.362  5619  5619 D TEST_LOG: METHOD=<android.support.v4.app.FragmentManagerImpl: android.support.v4.app.Fragment getPrimaryNavigationFragment()>
02-24 16:24:44.362  5619  5619 D TEST_LOG: METHOD=<android.support.v4.app.BackStackRecord: android.support.v4.app.Fragment expandOps(java.util.ArrayList,android.support.v4.app.Fragment)>
02-24 16:24:44.362  5619  5619 D TEST_LOG: CLASS=android.support.v4.app.FragmentTransition
02-24 16:24:44.362  5619  5619 D TEST_LOG: METHOD=<android.support.v4.app.FragmentTransition: void <clinit>()>
02-24 16:24:44.363  5619  5619 D TEST_LOG: CLASS=android.support.v4.app.FragmentTransitionCompat21
02-24 16:24:44.363  5619  5619 D TEST_LOG: METHOD=<android.support.v4.app.FragmentTransitionCompat21: void <init>()>
02-24 16:24:44.363  5619  5619 D TEST_LOG: CLASS=android.support.v4.app.FragmentTransitionImpl
02-24 16:24:44.363  5619  5619 D TEST_LOG: METHOD=<android.support.v4.app.FragmentTransitionImpl: void <init>()>
02-24 16:24:44.363  5619  5619 D TEST_LOG: METHOD=<android.support.v4.app.FragmentTransition: android.support.v4.app.FragmentTransitionImpl resolveSupportImpl()>
02-24 16:24:44.363  5619  5619 D TEST_LOG: METHOD=<android.support.v4.app.FragmentTransition: void startTransitions(android.support.v4.app.FragmentManagerImpl,java.util.ArrayList,java.util.ArrayList,int,int,boolean)>
02-24 16:24:44.363  5619  5619 D TEST_LOG: METHOD=<android.support.v4.app.FragmentTransition: void calculateFragments(android.support.v4.app.BackStackRecord,android.util.SparseArray,boolean)>
02-24 16:24:44.363  5619  5619 D TEST_LOG: METHOD=<android.support.v4.app.FragmentTransition: void addToFirstInLastOut(android.support.v4.app.BackStackRecord,android.support.v4.app.BackStackRecord$Op,android.util.SparseArray,boolean,boolean)>
02-24 16:24:44.363  5619  5619 D TEST_LOG: METHOD=<android.support.v4.app.FragmentTransition: android.support.v4.app.FragmentTransition$FragmentContainerTransition ensureContainer(android.support.v4.app.FragmentTransition$FragmentContainerTransition,android.util.SparseArray,int)>
02-24 16:24:44.363  5619  5619 D TEST_LOG: CLASS=android.support.v4.app.FragmentTransition$FragmentContainerTransition
02-24 16:24:44.363  5619  5619 D TEST_LOG: METHOD=<android.support.v4.app.FragmentTransition$FragmentContainerTransition: void <init>()>
02-24 16:24:44.363  5619  5619 D TEST_LOG: METHOD=<android.support.v4.app.FragmentManagerImpl: void makeActive(android.support.v4.app.Fragment)>
02-24 16:24:44.363  5619  5619 D TEST_LOG: METHOD=<android.support.v4.app.Fragment: void setIndex(int,android.support.v4.app.Fragment)>
02-24 16:24:44.363  5619  5619 D TEST_LOG: METHOD=<android.support.v4.app.FragmentManagerImpl: void moveToState(android.support.v4.app.Fragment,int,int,int,boolean)>
02-24 16:24:44.363  5619  5619 D TEST_LOG: METHOD=<android.support.v4.app.Fragment: android.view.View getAnimatingAway()>
02-24 16:24:44.363  5619  5619 D TEST_LOG: METHOD=<android.support.v4.app.Fragment: android.animation.Animator getAnimator()>
02-24 16:24:44.363  5619  5619 D TEST_LOG: METHOD=<android.support.v4.app.FragmentHostCallback: android.content.Context getContext()>
02-24 16:24:44.363  5619  5619 D TEST_LOG: METHOD=<android.support.v4.app.FragmentManagerImpl: void dispatchOnFragmentPreAttached(android.support.v4.app.Fragment,android.content.Context,boolean)>
02-24 16:24:44.363  5619  5619 D TEST_LOG: METHOD=<android.support.v4.app.Fragment: void onAttach(android.content.Context)>
02-24 16:24:44.363  5619  5619 D TEST_LOG: METHOD=<android.support.v4.app.FragmentHostCallback: android.app.Activity getActivity()>
02-24 16:24:44.363  5619  5619 D TEST_LOG: METHOD=<android.support.v4.app.Fragment: void onAttach(android.app.Activity)>
02-24 16:24:44.363  5619  5619 D TEST_LOG: METHOD=<android.support.v4.app.FragmentActivity$HostCallbacks: void onAttachFragment(android.support.v4.app.Fragment)>
02-24 16:24:44.363  5619  5619 D TEST_LOG: METHOD=<android.support.v4.app.FragmentActivity: void onAttachFragment(android.support.v4.app.Fragment)>
02-24 16:24:44.363  5619  5619 D TEST_LOG: METHOD=<android.support.v4.app.FragmentManagerImpl: void dispatchOnFragmentAttached(android.support.v4.app.Fragment,android.content.Context,boolean)>
02-24 16:24:44.363  5619  5619 D TEST_LOG: METHOD=<android.support.v4.app.FragmentManagerImpl: void dispatchOnFragmentPreCreated(android.support.v4.app.Fragment,android.os.Bundle,boolean)>
02-24 16:24:44.363  5619  5619 D TEST_LOG: METHOD=<android.support.v4.app.Fragment: void performCreate(android.os.Bundle)>
02-24 16:24:44.363  5619  5619 D TEST_LOG: METHOD=<android.support.v4.app.Fragment: void onCreate(android.os.Bundle)>
02-24 16:24:44.363  5619  5619 D TEST_LOG: METHOD=<android.support.v4.app.Fragment: void restoreChildFragmentState(android.os.Bundle)>
02-24 16:24:44.363  5619  5619 D TEST_LOG: METHOD=<android.support.v4.app.FragmentManagerImpl: void dispatchOnFragmentCreated(android.support.v4.app.Fragment,android.os.Bundle,boolean)>
02-24 16:24:44.363  5619  5619 D TEST_LOG: METHOD=<android.support.v4.app.FragmentManagerImpl: void ensureInflatedFragmentView(android.support.v4.app.Fragment)>
02-24 16:24:44.363  5619  5619 D TEST_LOG: METHOD=<android.support.v4.app.FragmentTransition: android.support.v4.util.ArrayMap calculateNameOverrides(int,java.util.ArrayList,java.util.ArrayList,int,int)>
02-24 16:24:44.363  5619  5619 D TEST_LOG: METHOD=<android.support.v4.app.BackStackRecord: boolean interactsWith(int)>
02-24 16:24:44.363  5619  5619 D TEST_LOG: METHOD=<android.support.v4.app.FragmentTransition: void configureTransitionsOrdered(android.support.v4.app.FragmentManagerImpl,int,android.support.v4.app.FragmentTransition$FragmentContainerTransition,android.view.View,android.support.v4.util.ArrayMap)>
02-24 16:24:44.363  5619  5619 D TEST_LOG: METHOD=<android.support.v4.app.FragmentActivity$HostCallbacks: boolean onHasView()>
02-24 16:24:44.363  5619  5619 D TEST_LOG: METHOD=<android.support.v4.app.FragmentActivity$HostCallbacks: android.view.View onFindViewById(int)>
02-24 16:24:44.363  5619  5619 D TEST_LOG: METHOD=<android.support.v7.app.AppCompatActivity: android.view.View findViewById(int)>
02-24 16:24:44.363  5619  5619 D TEST_LOG: METHOD=<android.support.v7.app.AppCompatDelegateImpl: android.view.View findViewById(int)>
02-24 16:24:44.363  5619  5619 D TEST_LOG: METHOD=<android.support.v4.app.FragmentTransition: android.support.v4.app.FragmentTransitionImpl chooseImpl(android.support.v4.app.Fragment,android.support.v4.app.Fragment)>
02-24 16:24:44.363  5619  5619 D TEST_LOG: METHOD=<android.support.v4.app.Fragment: java.lang.Object getEnterTransition()>
