02-24 16:24:43.852  5619  5619 D TEST_LOG: METHOD=<com.google.firebase.iid.zzi: void <clinit>()>
02-24 16:24:43.852  5619  5619 D TEST_LOG: CLASS=com.google.firebase.iid.zzk
02-24 16:24:43.852  5619  5619 D TEST_LOG: METHOD=<com.google.firebase.iid.zzk: void <clinit>()>
02-24 16:24:43.852  5619  5619 D TEST_LOG: METHOD=<com.google.firebase.iid.zzk: void <init>()>
02-24 16:24:43.852  5619  5619 D TEST_LOG: METHOD=<com.google.firebase.iid.zzi: java.util.concurrent.Executor zzf()>
02-24 16:24:43.852  5619  5619 D TEST_LOG: CLASS=com.google.firebase.iid.zzj
02-24 16:24:43.852  5619  5619 D TEST_LOG: METHOD=<com.google.firebase.iid.zzj: void <clinit>()>
02-24 16:24:43.852  5619  5619 D TEST_LOG: METHOD=<com.google.firebase.iid.zzj: void <init>()>
02-24 16:24:43.852  5619  5619 D TEST_LOG: METHOD=<com.google.firebase.iid.FirebaseInstanceId: void <init>(com.google.firebase.FirebaseApp,com.google.firebase.iid.zzan,java.util.concurrent.Executor,java.util.concurrent.Executor,com.google.firebase.events.Subscriber)>
02-24 16:24:43.852  5619  5619 D TEST_LOG: METHOD=<com.google.firebase.iid.zzan: java.lang.String zza(com.google.firebase.FirebaseApp)>
02-24 16:24:43.852  5619  5619 D TEST_LOG: METHOD=<com.google.firebase.FirebaseApp: com.google.firebase.FirebaseOptions getOptions()>
02-24 16:24:43.852  5619  5619 D TEST_LOG: METHOD=<com.google.firebase.FirebaseOptions: java.lang.String getGcmSenderId()>
02-24 16:24:43.852  5619  5619 D TEST_LOG: CLASS=com.google.firebase.iid.zzaw
02-24 16:24:43.852  5619  5619 D TEST_LOG: METHOD=<com.google.firebase.iid.zzaw: void <init>(android.content.Context)>
02-24 16:24:43.854  5619  5634 D TEST_LOG: METHOD=<com.google.android.gms.measurement.internal.zzbv: void run()>
02-24 16:24:43.854  5619  5634 D TEST_LOG: METHOD=<com.google.android.gms.measurement.internal.zzbr: java.util.concurrent.Semaphore zza(com.google.android.gms.measurement.internal.zzbr)>
02-24 16:24:43.854  5619  5634 D TEST_LOG: METHOD=<com.google.android.gms.measurement.internal.zzbx: void run()>
02-24 16:24:43.854  5619  5634 D TEST_LOG: METHOD=<com.google.android.gms.measurement.internal.zzbw: void zza(com.google.android.gms.measurement.internal.zzbw,com.google.android.gms.measurement.internal.zzcz)>
02-24 16:24:43.855  5619  5634 D TEST_LOG: METHOD=<com.google.android.gms.measurement.internal.zzbw: void zza(com.google.android.gms.measurement.internal.zzcz)>
02-24 16:24:43.855  5619  5634 D TEST_LOG: METHOD=<com.google.android.gms.measurement.internal.zzbw: com.google.android.gms.measurement.internal.zzbr zzgs()>
02-24 16:24:43.855  5619  5634 D TEST_LOG: METHOD=<com.google.android.gms.measurement.internal.zzbr: void zzaf()>
02-24 16:24:43.855  5619  5634 D TEST_LOG: METHOD=<com.google.android.gms.measurement.internal.zzai$zza: void zzja()>
02-24 16:24:43.855  5619  5634 D TEST_LOG: METHOD=<com.google.android.gms.internal.measurement.zzsi: java.lang.Object get()>
02-24 16:24:43.855  5619  5634 D TEST_LOG: METHOD=<com.google.android.gms.internal.measurement.zzsi: java.lang.Object zzts()>
02-24 16:24:43.855  5619  5634 D TEST_LOG: METHOD=<com.google.android.gms.internal.measurement.zzse: com.google.android.gms.internal.measurement.zzse zzad(android.content.Context)>
02-24 16:24:43.857  5619  5619 D TEST_LOG: CLASS=com.google.firebase.iid.zzy
02-24 16:24:43.858  5619  5619 D TEST_LOG: METHOD=<com.google.firebase.iid.zzy: void <init>()>
02-24 16:24:43.858  5619  5619 D TEST_LOG: METHOD=<com.google.firebase.iid.zzaw: void <init>(android.content.Context,com.google.firebase.iid.zzy)>
02-24 16:24:43.858  5619  5619 D TEST_LOG: METHOD=<android.support.v4.content.ContextCompat: java.io.File getNoBackupFilesDir(android.content.Context)>
02-24 16:24:43.859  5619  5619 D TEST_LOG: METHOD=<com.google.firebase.iid.zzaw: boolean isEmpty()>
02-24 16:24:43.860  5619  5619 D TEST_LOG: METHOD=<com.google.firebase.FirebaseApp: java.lang.Object get(java.lang.Class)>
02-24 16:24:43.861  5619  5619 D TEST_LOG: CLASS=com.google.firebase.iid.zzr
02-24 16:24:43.863  5619  5619 D TEST_LOG: METHOD=<com.google.firebase.iid.zzr: void <init>(com.google.firebase.FirebaseApp,com.google.firebase.iid.zzan,java.util.concurrent.Executor)>
02-24 16:24:43.864  5619  5619 D TEST_LOG: CLASS=com.google.firebase.iid.zzat
02-24 16:24:43.865  5619  5619 D TEST_LOG: METHOD=<com.google.firebase.iid.zzat: void <init>(android.content.Context,com.google.firebase.iid.zzan)>
02-24 16:24:43.865  5619  5619 D TEST_LOG: CLASS=com.google.android.gms.internal.firebase_messaging.zza
02-24 16:24:43.865  5619  5619 D TEST_LOG: METHOD=<com.google.android.gms.internal.firebase_messaging.zza: void <clinit>()>
02-24 16:24:43.865  5619  5619 D TEST_LOG: CLASS=com.google.firebase.iid.zzau
02-24 16:24:43.865  5619  5619 D TEST_LOG: METHOD=<com.google.firebase.iid.zzau: void <init>(com.google.firebase.iid.zzat,android.os.Looper)>
02-24 16:24:43.865  5619  5619 D TEST_LOG: METHOD=<com.google.android.gms.internal.firebase_messaging.zza: void <init>(android.os.Looper)>
02-24 16:24:43.865  5619  5619 D TEST_LOG: METHOD=<com.google.firebase.iid.zzr: void <init>(com.google.firebase.FirebaseApp,com.google.firebase.iid.zzan,java.util.concurrent.Executor,com.google.firebase.iid.zzat)>
02-24 16:24:43.865  5619  5619 D TEST_LOG: CLASS=com.google.firebase.iid.zzba
02-24 16:24:43.865  5619  5619 D TEST_LOG: METHOD=<com.google.firebase.iid.zzba: void <init>(com.google.firebase.iid.zzaw)>
02-24 16:24:43.865  5619  5619 D TEST_LOG: CLASS=com.google.firebase.iid.FirebaseInstanceId$zza
02-24 16:24:43.865  5619  5619 D TEST_LOG: METHOD=<com.google.firebase.iid.FirebaseInstanceId$zza: void <init>(com.google.firebase.iid.FirebaseInstanceId,com.google.firebase.events.Subscriber)>
02-24 16:24:43.865  5619  5619 D TEST_LOG: METHOD=<com.google.firebase.iid.FirebaseInstanceId$zza: boolean zzu()>
02-24 16:24:43.865  5619  5619 D TEST_LOG: CLASS=com.google.firebase.messaging.FirebaseMessaging
02-24 16:24:43.865  5619  5619 D TEST_LOG: METHOD=<com.google.firebase.messaging.FirebaseMessaging: void <clinit>()>
02-24 16:24:43.866  5619  5619 D TEST_LOG: METHOD=<com.google.firebase.iid.FirebaseInstanceId$zza: java.lang.Boolean zzt()>
02-24 16:24:43.866  5619  5619 D TEST_LOG: METHOD=<com.google.firebase.iid.FirebaseInstanceId: com.google.firebase.FirebaseApp zza(com.google.firebase.iid.FirebaseInstanceId)>
02-24 16:24:43.867  5619  5619 D TEST_LOG: CLASS=com.google.firebase.iid.zzq
02-24 16:24:43.867  5619  5619 D TEST_LOG: METHOD=<com.google.firebase.iid.zzq: void <init>(com.google.firebase.iid.FirebaseInstanceId$zza)>
02-24 16:24:43.867  5619  5619 D TEST_LOG: METHOD=<com.google.firebase.components.zzh: void subscribe(java.lang.Class,com.google.firebase.events.EventHandler)>
02-24 16:24:43.867  5619  5634 D TEST_LOG: METHOD=<android.support.v4.content.PermissionChecker: int checkSelfPermission(android.content.Context,java.lang.String)>
02-24 16:24:43.867  5619  5634 D TEST_LOG: METHOD=<android.support.v4.content.PermissionChecker: int checkPermission(android.content.Context,java.lang.String,int,int,java.lang.String)>
02-24 16:24:43.868  5619  5619 D TEST_LOG: CLASS=com.google.firebase.iid.zzaq
02-24 16:24:43.868  5619  5619 D TEST_LOG: METHOD=<com.google.firebase.iid.zzaq: void <init>(java.util.concurrent.Executor)>
02-24 16:24:43.868  5619  5619 D TEST_LOG: METHOD=<com.google.firebase.iid.FirebaseInstanceId$zza: boolean isEnabled()>
02-24 16:24:43.868  5619  5619 D TEST_LOG: METHOD=<com.google.firebase.iid.FirebaseInstanceId: void zzg()>
02-24 16:24:43.868  5619  5619 D TEST_LOG: METHOD=<com.google.firebase.iid.FirebaseInstanceId: com.google.firebase.iid.zzax zzj()>
02-24 16:24:43.868  5619  5619 D TEST_LOG: METHOD=<com.google.firebase.iid.FirebaseInstanceId: com.google.firebase.iid.zzax zzb(java.lang.String,java.lang.String)>
02-24 16:24:43.868  5619  5619 D TEST_LOG: METHOD=<com.google.firebase.iid.zzaw: com.google.firebase.iid.zzax zzb(java.lang.String,java.lang.String,java.lang.String)>
02-24 16:24:43.868  5619  5619 D TEST_LOG: METHOD=<com.google.firebase.iid.zzaw: java.lang.String zza(java.lang.String,java.lang.String,java.lang.String)>
02-24 16:24:43.869  5619  5619 D TEST_LOG: CLASS=com.google.firebase.iid.zzax
02-24 16:24:43.869  5619  5619 D TEST_LOG: METHOD=<com.google.firebase.iid.zzax: void <clinit>()>
02-24 16:24:43.869  5619  5619 D TEST_LOG: METHOD=<com.google.firebase.iid.zzax: com.google.firebase.iid.zzax zzi(java.lang.String)>
02-24 16:24:43.872  5619  5619 D TEST_LOG: METHOD=<com.google.firebase.iid.FirebaseInstanceId: boolean zzo()>
02-24 16:24:43.872  5619  5619 D TEST_LOG: METHOD=<com.google.firebase.iid.zzr: boolean isChannelBuilt()>
02-24 16:24:43.872  5619  5619 D TEST_LOG: METHOD=<com.google.firebase.iid.FirebaseInstanceId: void startSync()>
02-24 16:24:43.872  5619  5619 D TEST_LOG: METHOD=<com.google.firebase.iid.FirebaseInstanceId: void zza(long)>
02-24 16:24:43.876  5619  5619 D TEST_LOG: CLASS=com.google.firebase.iid.zzay
02-24 16:24:43.876  5619  5619 D TEST_LOG: METHOD=<com.google.firebase.iid.zzay: void <init>(com.google.firebase.iid.FirebaseInstanceId,com.google.firebase.iid.zzan,com.google.firebase.iid.zzba,long)>
02-24 16:24:43.876  5619  5619 D TEST_LOG: METHOD=<com.google.firebase.iid.zzay: android.content.Context getContext()>
02-24 16:24:43.876  5619  5619 D TEST_LOG: METHOD=<com.google.firebase.iid.FirebaseInstanceId: com.google.firebase.FirebaseApp zzh()>
02-24 16:24:43.877  5619  5619 D TEST_LOG: METHOD=<com.google.firebase.iid.FirebaseInstanceId: void zza(java.lang.Runnable,long)>
02-24 16:24:43.879  5619  5619 D TEST_LOG: CLASS=com.google.android.gms.common.util.concurrent.NamedThreadFactory
02-24 16:24:43.879  5619  5619 D TEST_LOG: METHOD=<com.google.android.gms.common.util.concurrent.NamedThreadFactory: void <init>(java.lang.String)>
02-24 16:24:43.879  5619  5619 D TEST_LOG: METHOD=<com.google.android.gms.common.util.concurrent.NamedThreadFactory: void <init>(java.lang.String,int)>
02-24 16:24:43.879  5619  5619 D TEST_LOG: METHOD=<com.google.android.gms.common.util.concurrent.NamedThreadFactory: java.lang.Thread newThread(java.lang.Runnable)>
02-24 16:24:43.879  5619  5619 D TEST_LOG: CLASS=com.google.android.gms.common.util.concurrent.zza
02-24 16:24:43.879  5619  5619 D TEST_LOG: METHOD=<com.google.android.gms.common.util.concurrent.zza: void <init>(java.lang.Runnable,int)>
02-24 16:24:43.880  5619  5619 D TEST_LOG: METHOD=<com.google.firebase.components.zzh: void zza()>
02-24 16:24:43.880  5619  5619 D TEST_LOG: METHOD=<com.google.firebase.FirebaseApp: void zza(java.lang.Class,java.lang.Object,java.lang.Iterable,boolean)>
02-24 16:24:43.881  5619  5619 D TEST_LOG: METHOD=<com.google.firebase.iid.FirebaseInstanceId: com.google.firebase.iid.FirebaseInstanceId getInstance(com.google.firebase.FirebaseApp)>
02-24 16:24:43.881  5619  5619 D TEST_LOG: METHOD=<com.google.android.gms.measurement.AppMeasurement: com.google.android.gms.measurement.AppMeasurement getInstance(android.content.Context)>
02-24 16:24:43.883  5619  5635 D TEST_LOG: METHOD=<com.google.android.gms.common.util.concurrent.zza: void run()>
02-24 16:24:43.883  5619  5635 D TEST_LOG: METHOD=<com.google.firebase.iid.zzay: void run()>
02-24 16:24:43.886  5619  5619 D TEST_LOG: METHOD=<com.qisi.plugin.manager.App: void onCreate()>
02-24 16:24:43.886  5619  5619 D TEST_LOG: CLASS=a.b.c.g$a
02-24 16:24:43.886  5619  5619 D TEST_LOG: METHOD=<a.b.c.g$a: void <init>()>
02-24 16:24:43.886  5619  5619 D TEST_LOG: METHOD=<a.b.c.g$a: a.b.c.g$a a(boolean)>
02-24 16:24:43.886  5619  5619 D TEST_LOG: CLASS=a.b.c.g
02-24 16:24:43.886  5619  5619 D TEST_LOG: METHOD=<a.b.c.g: void <clinit>()>
02-24 16:24:43.886  5619  5619 D TEST_LOG: METHOD=<a.b.c.g: boolean a(boolean)>
02-24 16:24:43.886  5619  5619 D TEST_LOG: METHOD=<com.qisi.plugin.manager.App: android.os.Handler b()>
02-24 16:24:43.887  5619  5619 D TEST_LOG: CLASS=a.b.a.a
02-24 16:24:43.887  5619  5619 D TEST_LOG: METHOD=<a.b.a.a: void <clinit>()>
02-24 16:24:43.887  5619  5619 D TEST_LOG: METHOD=<a.b.a.a: void a(android.content.Context,java.lang.String,java.lang.String)>
02-24 16:24:43.887  5619  5619 D TEST_LOG: METHOD=<a.b.a.d: a.c.a.a.b a(android.app.Application,java.lang.String,java.lang.String,java.lang.String)>
02-24 16:24:43.888  5619  5619 D TEST_LOG: CLASS=a.c.a.a.a$a
02-24 16:24:43.888  5619  5619 D TEST_LOG: METHOD=<a.c.a.a.a$a: void <clinit>()>
02-24 16:24:43.888  5619  5619 D TEST_LOG: METHOD=<a.c.a.a.a$a: void <init>(java.lang.String,int)>
02-24 16:24:43.889  5619  5619 D TEST_LOG: CLASS=a.b.a.b
02-24 16:24:43.889  5619  5619 D TEST_LOG: METHOD=<a.b.a.b: void <init>()>
02-24 16:24:43.894  5619  5619 D TEST_LOG: METHOD=<a.d.h: a.c.a.a.b a(a.c.a.a.a$a,java.lang.String,java.lang.String,java.lang.String,boolean,boolean,java.lang.String,a.d.b)>
02-24 16:24:43.896  5619  5619 D TEST_LOG: CLASS=a.c.a.a.b
02-24 16:24:43.897  5619  5619 D TEST_LOG: METHOD=<a.c.a.a.b: void <init>(java.lang.Class,a.c.a.a.a$a,android.os.Bundle)>
02-24 16:24:43.900  5619  5619 D TEST_LOG: METHOD=<com.smartcross.app.n: void a(android.content.Context)>
02-24 16:24:43.900  5619  5619 D TEST_LOG: METHOD=<a.e.b: void a(android.content.Context)>
02-24 16:24:43.900  5619  5619 D TEST_LOG: CLASS=a.e.b
02-24 16:24:43.900  5619  5619 D TEST_LOG: METHOD=<a.e.b: void <init>(android.content.Context)>
02-24 16:24:43.900  5619  5619 D TEST_LOG: CLASS=a.e.c
02-24 16:24:43.900  5619  5619 D TEST_LOG: METHOD=<a.e.c: void <init>(android.content.Context)>
02-24 16:24:43.900  5619  5619 D TEST_LOG: METHOD=<a.e.b.a: java.lang.String a(android.content.Context)>
02-24 16:24:43.900  5619  5619 D TEST_LOG: METHOD=<a.e.b.a: java.lang.String c(android.content.Context,java.lang.String)>
02-24 16:24:43.900  5619  5619 D TEST_LOG: METHOD=<a.e.b.a: boolean c(android.content.Context)>
02-24 16:24:43.900  5619  5619 D TEST_LOG: METHOD=<a.e.b.a: java.lang.Boolean a(android.content.Context,java.lang.String)>
02-24 16:24:43.900  5619  5619 D TEST_LOG: CLASS=a.e.b.g
02-24 16:24:43.900  5619  5619 D TEST_LOG: METHOD=<a.e.b.g: void <init>(boolean)>
02-24 16:24:43.900  5619  5619 D TEST_LOG: METHOD=<a.e.b.a: int b(android.content.Context)>
02-24 16:24:43.900  5619  5619 D TEST_LOG: METHOD=<a.e.b.a: java.lang.Integer b(android.content.Context,java.lang.String)>
02-24 16:24:43.901  5619  5619 D TEST_LOG: CLASS=a.e.a
02-24 16:24:43.901  5619  5619 D TEST_LOG: METHOD=<a.e.a: void <init>(android.content.Context)>
02-24 16:24:43.902  5619  5619 D TEST_LOG: CLASS=com.smartcross.app.e
02-24 16:24:43.903  5619  5619 D TEST_LOG: METHOD=<com.smartcross.app.e: void <clinit>()>
02-24 16:24:43.903  5619  5619 D TEST_LOG: METHOD=<com.smartcross.app.e: void <init>(android.app.Application,java.lang.String)>
02-24 16:24:43.903  5619  5619 D TEST_LOG: METHOD=<com.smartcross.app.e: void c(com.smartcross.app.e)>
02-24 16:24:43.903  5619  5635 D TEST_LOG: METHOD=<com.google.firebase.iid.FirebaseInstanceId: void zza(boolean)>
02-24 16:24:43.903  5619  5635 D TEST_LOG: METHOD=<com.google.firebase.iid.FirebaseInstanceId: boolean zzn()>
02-24 16:24:43.903  5619  5635 D TEST_LOG: METHOD=<com.google.firebase.iid.zzr: boolean isAvailable()>
02-24 16:24:43.903  5619  5635 D TEST_LOG: METHOD=<com.google.firebase.iid.zzan: int zzac()>
02-24 16:24:43.904  5619  5619 D TEST_LOG: CLASS=com.smartcross.app.receiver.PresentReceiver
02-24 16:24:43.905  5619  5619 D TEST_LOG: METHOD=<com.smartcross.app.receiver.PresentReceiver: void <clinit>()>
02-24 16:24:43.905  5619  5619 D TEST_LOG: METHOD=<com.smartcross.app.receiver.PresentReceiver: void <init>()>
02-24 16:24:43.910  5619  5637 D TEST_LOG: METHOD=<com.smartcross.app.e: void run()>
02-24 16:24:43.914  5619  5637 D TEST_LOG: METHOD=<com.smartcross.app.e: void a(boolean)>
02-24 16:24:43.915  5619  5637 D TEST_LOG: METHOD=<com.smartcross.app.e: boolean a()>
02-24 16:24:43.915  5619  5635 D TEST_LOG: METHOD=<com.google.android.gms.common.util.PlatformVersion: boolean isAtLeastO()>
02-24 16:24:43.920  5619  5619 D TEST_LOG: METHOD=<a.c.b.b: a.c.b.b a()>
02-24 16:24:43.920  5619  5619 D TEST_LOG: CLASS=a.c.b.b$a
02-24 16:24:43.920  5619  5619 D TEST_LOG: METHOD=<a.c.b.b$a: void <clinit>()>
02-24 16:24:43.920  5619  5619 D TEST_LOG: CLASS=a.c.b.b
02-24 16:24:43.921  5619  5637 D TEST_LOG: METHOD=<a.b.c.g: void b(java.lang.String,java.lang.Object)>
02-24 16:24:43.921  5619  5637 D TEST_LOG: METHOD=<a.b.c.g: void a(int,java.lang.String,java.lang.Object[])>
02-24 16:24:43.921  5619  5637 D TEST_LOG: METHOD=<com.google.firebase.iid.FirebaseInstanceId: com.google.firebase.iid.FirebaseInstanceId getInstance()>
02-24 16:24:43.921  5619  5637 D TEST_LOG: METHOD=<com.google.firebase.FirebaseApp: com.google.firebase.FirebaseApp getInstance()>
02-24 16:24:43.921  5619  5637 D TEST_LOG: METHOD=<android.support.v4.util.SimpleArrayMap: java.lang.Object get(java.lang.Object)>
02-24 16:24:43.921  5619  5637 D TEST_LOG: METHOD=<android.support.v4.util.SimpleArrayMap: int binarySearchHashes(int[],int,int)>
02-24 16:24:43.921  5619  5637 D TEST_LOG: METHOD=<android.support.v4.util.ContainerHelpers: int binarySearch(int[],int,int)>
02-24 16:24:43.921  5619  5637 D TEST_LOG: METHOD=<com.google.firebase.iid.FirebaseInstanceId: com.google.android.gms.tasks.Task getInstanceId()>
02-24 16:24:43.921  5619  5637 D TEST_LOG: METHOD=<com.google.firebase.iid.FirebaseInstanceId: com.google.android.gms.tasks.Task zza(java.lang.String,java.lang.String)>
02-24 16:24:43.921  5619  5637 D TEST_LOG: METHOD=<com.google.firebase.iid.FirebaseInstanceId: java.lang.String zzd(java.lang.String)>
02-24 16:24:43.921  5619  5637 D TEST_LOG: CLASS=com.google.android.gms.tasks.TaskCompletionSource
02-24 16:24:43.921  5619  5637 D TEST_LOG: METHOD=<com.google.android.gms.tasks.TaskCompletionSource: void <init>()>
02-24 16:24:43.922  5619  5619 D TEST_LOG: METHOD=<a.c.b.b: void <init>(a.c.b.a)>
02-24 16:24:43.922  5619  5619 D TEST_LOG: METHOD=<a.c.b.b: void <init>()>
02-24 16:24:43.922  5619  5619 D TEST_LOG: METHOD=<a.c.b.b: void c(android.content.Context)>
02-24 16:24:43.922  5619  5619 D TEST_LOG: METHOD=<a.c.b.d: a.c.b.d b()>
02-24 16:24:43.922  5619  5619 D TEST_LOG: CLASS=a.c.b.d$a
02-24 16:24:43.922  5619  5619 D TEST_LOG: METHOD=<a.c.b.d$a: void <clinit>()>
02-24 16:24:43.922  5619  5619 D TEST_LOG: CLASS=a.c.b.d
02-24 16:24:43.922  5619  5619 D TEST_LOG: METHOD=<a.c.b.d: void <init>(a.c.b.c)>
02-24 16:24:43.922  5619  5619 D TEST_LOG: METHOD=<a.c.b.d: void <init>()>
02-24 16:24:43.922  5619  5619 D TEST_LOG: METHOD=<a.c.b.d: void a(android.content.Context)>
02-24 16:24:43.927  5619  5619 D TEST_LOG: METHOD=<a.c.b.b.b: java.util.List c(android.content.Context)>
02-24 16:24:43.934  5619  5635 D TEST_LOG: METHOD=<com.google.firebase.iid.zzay: boolean zzao()>
02-24 16:24:43.935  5619  5635 D TEST_LOG: METHOD=<com.google.firebase.iid.zzay: boolean zzam()>
02-24 16:24:43.936  5619  5635 D TEST_LOG: METHOD=<com.google.firebase.iid.zzay: boolean zzan()>
02-24 16:24:43.938  5619  5635 D TEST_LOG: METHOD=<com.google.firebase.iid.FirebaseInstanceId: java.lang.String zzk()>
02-24 16:24:43.938  5619  5635 D TEST_LOG: METHOD=<com.google.firebase.iid.FirebaseInstanceId: java.lang.String getToken(java.lang.String,java.lang.String)>
02-24 16:24:43.938  5619  5637 D TEST_LOG: CLASS=com.google.android.gms.tasks.zzu
02-24 16:24:43.938  5619  5637 D TEST_LOG: METHOD=<com.google.android.gms.tasks.zzu: void <init>()>
02-24 16:24:43.938  5619  5637 D TEST_LOG: CLASS=com.google.android.gms.tasks.Task
02-24 16:24:43.938  5619  5637 D TEST_LOG: METHOD=<com.google.android.gms.tasks.Task: void <init>()>
02-24 16:24:43.939  5619  5637 D TEST_LOG: CLASS=com.google.android.gms.tasks.zzr
02-24 16:24:43.939  5619  5637 D TEST_LOG: METHOD=<com.google.android.gms.tasks.zzr: void <init>()>
02-24 16:24:43.939  5619  5637 D TEST_LOG: CLASS=com.google.firebase.iid.zzn
02-24 16:24:43.939  5619  5637 D TEST_LOG: METHOD=<com.google.firebase.iid.zzn: void <init>(com.google.firebase.iid.FirebaseInstanceId,java.lang.String,java.lang.String,com.google.android.gms.tasks.TaskCompletionSource,java.lang.String)>
02-24 16:24:43.939  5619  5637 D TEST_LOG: METHOD=<com.google.firebase.iid.zzj: java.lang.Thread newThread(java.lang.Runnable)>
02-24 16:24:43.939  5619  5637 D TEST_LOG: METHOD=<com.google.firebase.iid.zzi: java.lang.Thread zza(java.lang.Runnable)>
02-24 16:24:43.950  5619  5619 D TEST_LOG: CLASS=a.c.b.a.c.c
02-24 16:24:43.951  5619  5619 D TEST_LOG: METHOD=<a.c.b.a.c.c: void <init>(android.content.Context)>
02-24 16:24:43.951  5619  5619 D TEST_LOG: CLASS=a.c.b.a.c.a
02-24 16:24:43.951  5619  5619 D TEST_LOG: METHOD=<a.c.b.a.c.a: void <init>(android.content.Context)>
02-24 16:24:43.951  5619  5619 D TEST_LOG: CLASS=a.c.b.a.b.a
02-24 16:24:43.951  5619  5619 D TEST_LOG: METHOD=<a.c.b.a.b.a: void <clinit>()>
02-24 16:24:43.951  5619  5619 D TEST_LOG: METHOD=<a.c.b.a.b.a: java.lang.String b(java.lang.String)>
02-24 16:24:43.952  5619  5619 D TEST_LOG: CLASS=a.c.b.a.c.d
02-24 16:24:43.952  5619  5619 D TEST_LOG: METHOD=<a.c.b.a.c.d: void <init>(android.content.Context)>
02-24 16:24:43.952  5619  5619 D TEST_LOG: CLASS=a.c.b.a.c.e
02-24 16:24:43.952  5619  5619 D TEST_LOG: METHOD=<a.c.b.a.c.e: void <clinit>()>
02-24 16:24:43.952  5619  5619 D TEST_LOG: METHOD=<a.c.b.a.c.e: void <init>(android.content.Context)>
02-24 16:24:43.953  5619  5619 D TEST_LOG: METHOD=<com.kikatech.theme.receiver.PackageReceiver: void a(android.content.Context)>
02-24 16:24:43.954  5619  5619 D TEST_LOG: CLASS=com.kikatech.theme.receiver.PackageReceiver
02-24 16:24:43.954  5619  5619 D TEST_LOG: METHOD=<com.kikatech.theme.receiver.PackageReceiver: void <init>()>
02-24 16:24:43.955  5619  5619 D TEST_LOG: CLASS=com.qisi.plugin.manager.b
02-24 16:24:43.955  5619  5619 D TEST_LOG: METHOD=<com.qisi.plugin.manager.b: void <clinit>()>
02-24 16:24:43.955  5619  5619 D TEST_LOG: CLASS=com.qisi.plugin.manager.b$a
02-24 16:24:43.955  5619  5619 D TEST_LOG: METHOD=<com.qisi.plugin.manager.b$a: void <clinit>()>
02-24 16:24:43.955  5619  5619 D TEST_LOG: METHOD=<com.qisi.plugin.manager.b$a: void <init>(java.lang.String,int)>
02-24 16:24:43.955  5619  5619 D TEST_LOG: METHOD=<com.qisi.plugin.manager.b: com.qisi.plugin.manager.b a()>
02-24 16:24:43.955  5619  5619 D TEST_LOG: METHOD=<com.qisi.plugin.manager.b: void <init>()>
02-24 16:24:43.955  5619  5619 D TEST_LOG: METHOD=<com.qisi.plugin.manager.App: android.content.Context a()>
02-24 16:24:43.955  5619  5619 D TEST_LOG: METHOD=<com.qisi.plugin.manager.b: void b()>
02-24 16:24:43.955  5619  5619 D TEST_LOG: CLASS=a.f.c.a.a
02-24 16:24:43.955  5619  5619 D TEST_LOG: METHOD=<a.f.c.a.a: void <clinit>()>
02-24 16:24:43.955  5619  5619 D TEST_LOG: METHOD=<a.f.c.a.a: void <init>(java.lang.String,int)>
02-24 16:24:43.955  5619  5619 D TEST_LOG: METHOD=<com.qisi.plugin.manager.App: void c()>
02-24 16:24:43.955  5619  5619 D TEST_LOG: METHOD=<a.b.c.k: java.lang.String a(android.content.Context)>
02-24 16:24:43.962  5619  5635 D TEST_LOG: METHOD=<com.google.android.gms.tasks.TaskCompletionSource: com.google.android.gms.tasks.Task getTask()>
02-24 16:24:43.962  5619  5635 D TEST_LOG: METHOD=<com.google.firebase.iid.FirebaseInstanceId: java.lang.Object zza(com.google.android.gms.tasks.Task)>
02-24 16:24:43.968  5619  5635 D TEST_LOG: METHOD=<com.google.android.gms.tasks.Tasks: java.lang.Object await(com.google.android.gms.tasks.Task,long,java.util.concurrent.TimeUnit)>
02-24 16:24:43.970  5619  5635 D TEST_LOG: METHOD=<com.google.android.gms.common.internal.Preconditions: void checkNotMainThread()>
02-24 16:24:43.971  5619  5635 D TEST_LOG: METHOD=<com.google.android.gms.common.internal.Preconditions: void checkNotMainThread(java.lang.String)>
02-24 16:24:43.976  5619  5619 D TEST_LOG: CLASS=a.f.b.a$a
02-24 16:24:43.977  5619  5619 D TEST_LOG: METHOD=<a.f.b.a$a: void <init>()>
02-24 16:24:43.978  5619  5635 D TEST_LOG: METHOD=<com.google.android.gms.common.util.zzc: boolean isMainThread()>
02-24 16:24:43.978  5619  5635 D TEST_LOG: METHOD=<com.google.android.gms.tasks.zzu: boolean isComplete()>
02-24 16:24:43.978  5619  5635 D TEST_LOG: CLASS=com.google.android.gms.tasks.Tasks$zza
02-24 16:24:43.978  5619  5635 D TEST_LOG: METHOD=<com.google.android.gms.tasks.Tasks$zza: void <init>(com.google.android.gms.tasks.zzv)>
02-24 16:24:43.978  5619  5635 D TEST_LOG: METHOD=<com.google.android.gms.tasks.Tasks$zza: void <init>()>
02-24 16:24:43.978  5619  5635 D TEST_LOG: METHOD=<com.google.android.gms.tasks.Tasks: void zza(com.google.android.gms.tasks.Task,com.google.android.gms.tasks.Tasks$zzb)>
02-24 16:24:43.978  5619  5619 D TEST_LOG: METHOD=<a.f.b.a$a: a.f.b.a$a a(java.lang.String,java.lang.String)>
02-24 16:24:43.979  5619  5619 D TEST_LOG: METHOD=<a.b.c.k: int b(android.content.Context)>
02-24 16:24:43.980  5619  5619 D TEST_LOG: METHOD=<a.b.c.k: int c(android.content.Context,java.lang.String)>
02-24 16:24:43.980  5619  5637 D TEST_LOG: CLASS=com.smartcross.app.c
02-24 16:24:43.984  5619  5637 D TEST_LOG: METHOD=<com.smartcross.app.c: void <init>(com.smartcross.app.e)>
02-24 16:24:43.984  5619  5637 D TEST_LOG: METHOD=<com.google.android.gms.tasks.zzu: com.google.android.gms.tasks.Task addOnCompleteListener(com.google.android.gms.tasks.OnCompleteListener)>
02-24 16:24:43.984  5619  5638 D TEST_LOG: METHOD=<com.google.firebase.iid.zzn: void run()>
02-24 16:24:43.984  5619  5619 D TEST_LOG: METHOD=<a.b.a.a: void a(android.content.Context,java.lang.String,java.lang.String,a.f.b.a$a)>
02-24 16:24:43.984  5619  5619 D TEST_LOG: METHOD=<a.b.a.a: void a(android.content.Context,java.lang.String,java.lang.String,java.lang.String,a.f.b.a$a)>
02-24 16:24:43.985  5619  5619 D TEST_LOG: METHOD=<a.b.a.d: a.f.b.a$a a(android.content.Context,a.f.b.a$a)>
02-24 16:24:43.985  5619  5619 D TEST_LOG: CLASS=a.b.a.a.a
02-24 16:24:43.985  5619  5619 D TEST_LOG: METHOD=<a.b.a.a.a: void <init>(java.lang.String,java.lang.String,java.lang.String,a.f.b.a$a)>
02-24 16:24:43.985  5619  5619 D TEST_LOG: METHOD=<a.b.a.a.a: void <init>(boolean,java.lang.String,java.lang.String,java.lang.String,a.f.b.a$a)>
02-24 16:24:43.985  5619  5619 D TEST_LOG: METHOD=<a.b.a.a: void a(a.b.a.a.a)>
02-24 16:24:43.985  5619  5619 D TEST_LOG: CLASS=com.qisi.plugin.manager.c
02-24 16:24:43.985  5619  5619 D TEST_LOG: METHOD=<com.qisi.plugin.manager.c: void <init>(com.qisi.plugin.manager.App)>
02-24 16:24:43.985  5619  5619 D TEST_LOG: METHOD=<com.qisi.plugin.manager.App: void a(java.lang.Runnable)>
02-24 16:24:43.985  5619  5634 D TEST_LOG: CLASS=com.google.android.gms.internal.measurement.zzse
02-24 16:24:43.985  5619  5634 D TEST_LOG: METHOD=<com.google.android.gms.internal.measurement.zzse: void <init>()>
02-24 16:24:43.985  5619  5634 D TEST_LOG: METHOD=<com.google.android.gms.internal.measurement.zzse: java.lang.Object zzfn(java.lang.String)>
02-24 16:24:43.985  5619  5634 D TEST_LOG: METHOD=<com.google.android.gms.internal.measurement.zzse: java.lang.String zzfo(java.lang.String)>
02-24 16:24:43.985  5619  5634 D TEST_LOG: METHOD=<com.google.android.gms.internal.measurement.zzrx: com.google.android.gms.internal.measurement.zzrx zza(android.content.ContentResolver,android.net.Uri)>
02-24 16:24:43.985  5619  5634 D TEST_LOG: METHOD=<com.google.android.gms.internal.measurement.zzrx: void <init>(android.content.ContentResolver,android.net.Uri)>
02-24 16:24:43.985  5619  5634 D TEST_LOG: CLASS=com.google.android.gms.internal.measurement.zzrz
02-24 16:24:43.985  5619  5634 D TEST_LOG: METHOD=<com.google.android.gms.internal.measurement.zzrz: void <init>(com.google.android.gms.internal.measurement.zzrx,android.os.Handler)>
02-24 16:24:43.987  5619  5619 D TEST_LOG: METHOD=<com.qisi.plugin.receiver.BootReceiver: void a(android.app.Application)>
02-24 16:24:43.987  5619  5619 D TEST_LOG: CLASS=com.qisi.plugin.receiver.BootReceiver
02-24 16:24:43.987  5619  5619 D TEST_LOG: METHOD=<com.qisi.plugin.receiver.BootReceiver: void <init>()>
02-24 16:24:43.987  5619  5619 D TEST_LOG: CLASS=com.qisi.plugin.receiver.BootReceiver$a
02-24 16:24:43.987  5619  5619 D TEST_LOG: METHOD=<com.qisi.plugin.receiver.BootReceiver$a: void <init>(com.qisi.plugin.receiver.a)>
02-24 16:24:43.987  5619  5619 D TEST_LOG: METHOD=<com.qisi.plugin.receiver.BootReceiver$a: void <init>()>
02-24 16:24:43.988  5619  5635 D TEST_LOG: CLASS=com.google.android.gms.tasks.TaskExecutors
02-24 16:24:43.988  5619  5619 D TEST_LOG: METHOD=<com.qisi.plugin.receiver.PackageInstallReceiver: void a(android.content.Context)>
02-24 16:24:43.988  5619  5619 D TEST_LOG: CLASS=com.qisi.plugin.receiver.PackageInstallReceiver
02-24 16:24:43.988  5619  5619 D TEST_LOG: METHOD=<com.qisi.plugin.receiver.PackageInstallReceiver: void <init>()>
02-24 16:24:43.994  5619  5635 D TEST_LOG: METHOD=<com.google.android.gms.tasks.TaskExecutors: void <clinit>()>
02-24 16:24:43.997  5619  5635 D TEST_LOG: CLASS=com.google.android.gms.tasks.TaskExecutors$zza
02-24 16:24:43.997  5619  5635 D TEST_LOG: METHOD=<com.google.android.gms.tasks.TaskExecutors$zza: void <init>()>
02-24 16:24:43.997  5619  5635 D TEST_LOG: CLASS=com.google.android.gms.tasks.zzt
02-24 16:24:43.997  5619  5635 D TEST_LOG: METHOD=<com.google.android.gms.tasks.zzt: void <init>()>
02-24 16:24:43.998  5619  5635 D TEST_LOG: METHOD=<com.google.android.gms.tasks.zzu: com.google.android.gms.tasks.Task addOnSuccessListener(java.util.concurrent.Executor,com.google.android.gms.tasks.OnSuccessListener)>
02-24 16:24:43.998  5619  5635 D TEST_LOG: CLASS=com.google.android.gms.tasks.zzm
02-24 16:24:43.998  5619  5635 D TEST_LOG: METHOD=<com.google.android.gms.tasks.zzm: void <init>(java.util.concurrent.Executor,com.google.android.gms.tasks.OnSuccessListener)>
02-24 16:24:43.998  5619  5635 D TEST_LOG: METHOD=<com.google.android.gms.tasks.zzr: void zza(com.google.android.gms.tasks.zzq)>
02-24 16:24:43.998  5619  5635 D TEST_LOG: METHOD=<com.google.android.gms.tasks.zzu: void zze()>
02-24 16:24:43.998  5619  5635 D TEST_LOG: METHOD=<com.google.android.gms.tasks.zzu: com.google.android.gms.tasks.Task addOnFailureListener(java.util.concurrent.Executor,com.google.android.gms.tasks.OnFailureListener)>
02-24 16:24:43.999  5619  5638 D TEST_LOG: METHOD=<com.google.firebase.iid.FirebaseInstanceId: void zza(java.lang.String,java.lang.String,com.google.android.gms.tasks.TaskCompletionSource,java.lang.String)>
02-24 16:24:43.999  5619  5638 D TEST_LOG: METHOD=<com.google.firebase.iid.FirebaseInstanceId: java.lang.String zzi()>
02-24 16:24:43.999  5619  5638 D TEST_LOG: METHOD=<com.google.firebase.iid.zzaw: com.google.firebase.iid.zzz zzg(java.lang.String)>
02-24 16:24:43.999  5619  5638 D TEST_LOG: METHOD=<com.google.firebase.iid.zzy: com.google.firebase.iid.zzz zzb(android.content.Context,java.lang.String)>
02-24 16:24:43.999  5619  5638 D TEST_LOG: METHOD=<com.google.firebase.iid.zzy: com.google.firebase.iid.zzz zzd(android.content.Context,java.lang.String)>
02-24 16:24:43.999  5619  5638 D TEST_LOG: METHOD=<com.google.firebase.iid.zzy: com.google.firebase.iid.zzz zze(android.content.Context,java.lang.String)>
02-24 16:24:43.999  5619  5619 D TEST_LOG: CLASS=b.a.a.a.a
02-24 16:24:43.999  5619  5619 D TEST_LOG: METHOD=<b.a.a.a.a: void <clinit>()>
02-24 16:24:43.999  5619  5619 D TEST_LOG: METHOD=<b.a.a.a.a: int a(android.content.Context,java.lang.String,int)>
02-24 16:24:43.999  5619  5638 D TEST_LOG: METHOD=<com.google.firebase.iid.zzy: java.io.File zzf(android.content.Context,java.lang.String)>
02-24 16:24:43.999  5619  5638 D TEST_LOG: METHOD=<com.google.firebase.iid.zzy: java.io.File zzb(android.content.Context)>
02-24 16:24:44.000  5619  5637 D TEST_LOG: METHOD=<com.google.android.gms.tasks.zzu: com.google.android.gms.tasks.Task addOnCompleteListener(java.util.concurrent.Executor,com.google.android.gms.tasks.OnCompleteListener)>
02-24 16:24:44.000  5619  5637 D TEST_LOG: CLASS=com.google.android.gms.tasks.zzi
02-24 16:24:44.000  5619  5637 D TEST_LOG: METHOD=<com.google.android.gms.tasks.zzi: void <init>(java.util.concurrent.Executor,com.google.android.gms.tasks.OnCompleteListener)>
02-24 16:24:44.001  5619  5619 D TEST_LOG: CLASS=com.qisi.plugin.receiver.d
02-24 16:24:44.001  5619  5619 D TEST_LOG: METHOD=<com.qisi.plugin.receiver.d: void <init>(android.content.Context)>
02-24 16:24:44.001  5619  5619 D TEST_LOG: METHOD=<com.qisi.plugin.receiver.d: void a()>
02-24 16:24:44.001  5619  5619 D TEST_LOG: METHOD=<a.a.a.a.b: a.a.a.a.b$a a(android.content.Context)>
02-24 16:24:44.001  5619  5619 D TEST_LOG: CLASS=a.a.a.a.b$a
02-24 16:24:44.001  5619  5619 D TEST_LOG: METHOD=<a.a.a.a.b$a: void <init>(android.content.Context,a.a.a.a.a)>
02-24 16:24:44.001  5619  5619 D TEST_LOG: METHOD=<a.a.a.a.b$a: void <init>(android.content.Context)>
02-24 16:24:44.001  5619  5619 D TEST_LOG: METHOD=<a.a.a.a.b$a: a.a.a.a.b a()>
02-24 16:24:44.001  5619  5619 D TEST_LOG: CLASS=a.a.a.a.d
02-24 16:24:44.001  5619  5619 D TEST_LOG: METHOD=<a.a.a.a.d: void <init>(android.content.Context)>
02-24 16:24:44.001  5619  5619 D TEST_LOG: CLASS=a.a.a.a.b
02-24 16:24:44.001  5619  5619 D TEST_LOG: METHOD=<a.a.a.a.b: void <init>()>
02-24 16:24:44.001  5619  5619 D TEST_LOG: CLASS=com.qisi.plugin.receiver.c
02-24 16:24:44.001  5619  5619 D TEST_LOG: METHOD=<com.qisi.plugin.receiver.c: void <init>(com.qisi.plugin.receiver.d)>
02-24 16:24:44.001  5619  5619 D TEST_LOG: METHOD=<a.a.a.a.d: void a(a.a.a.a.e)>
02-24 16:24:44.001  5619  5619 D TEST_LOG: METHOD=<a.a.a.a.d: boolean c()>
02-24 16:24:44.001  5619  5619 D TEST_LOG: METHOD=<a.a.a.b.a: void a(java.lang.String,java.lang.String)>
02-24 16:24:44.001  5619  5619 D TEST_LOG: METHOD=<a.a.a.a.d: boolean d()>
02-24 16:24:44.002  5619  5619 D TEST_LOG: CLASS=a.a.a.a.d$a
02-24 16:24:44.002  5619  5636 D TEST_LOG: METHOD=<com.qisi.plugin.manager.c: void run()>
02-24 16:24:44.003  5619  5619 D TEST_LOG: METHOD=<a.a.a.a.d$a: void <init>(a.a.a.a.d,a.a.a.a.e,a.a.a.a.c)>
02-24 16:24:44.003  5619  5619 D TEST_LOG: METHOD=<a.a.a.a.d$a: void <init>(a.a.a.a.d,a.a.a.a.e)>
02-24 16:24:44.004  5619  5638 D TEST_LOG: METHOD=<com.google.firebase.iid.zzy: com.google.firebase.iid.zzz zza(android.content.SharedPreferences,java.lang.String)>
02-24 16:24:44.005  5619  5638 D TEST_LOG: METHOD=<com.google.firebase.iid.zzaw: java.lang.String zzd(java.lang.String,java.lang.String)>
02-24 16:24:44.005  5619  5638 D TEST_LOG: METHOD=<com.google.firebase.iid.zzy: com.google.firebase.iid.zzz zzc(android.content.Context,java.lang.String)>
02-24 16:24:44.005  5619  5638 D TEST_LOG: METHOD=<com.google.firebase.iid.zza: java.security.KeyPair zzb()>
02-24 16:24:44.017  5619  5635 D TEST_LOG: CLASS=com.google.android.gms.tasks.zzk
02-24 16:24:44.017  5619  5635 D TEST_LOG: METHOD=<com.google.android.gms.tasks.zzk: void <init>(java.util.concurrent.Executor,com.google.android.gms.tasks.OnFailureListener)>
02-24 16:24:44.017  5619  5635 D TEST_LOG: METHOD=<com.google.android.gms.tasks.zzu: com.google.android.gms.tasks.Task addOnCanceledListener(java.util.concurrent.Executor,com.google.android.gms.tasks.OnCanceledListener)>
02-24 16:24:44.018  5619  5635 D TEST_LOG: CLASS=com.google.android.gms.tasks.zzg
02-24 16:24:44.018  5619  5635 D TEST_LOG: METHOD=<com.google.android.gms.tasks.zzg: void <init>(java.util.concurrent.Executor,com.google.android.gms.tasks.OnCanceledListener)>
02-24 16:24:44.018  5619  5635 D TEST_LOG: METHOD=<com.google.android.gms.tasks.Tasks$zza: boolean await(long,java.util.concurrent.TimeUnit)>
02-24 16:24:44.019  5619  5634 D TEST_LOG: METHOD=<com.google.android.gms.internal.measurement.zzsi: java.lang.String zztr()>
02-24 16:24:44.019  5619  5634 D TEST_LOG: METHOD=<com.google.android.gms.internal.measurement.zzso: java.lang.String zzb(com.google.android.gms.internal.measurement.zzso)>
02-24 16:24:44.019  5619  5634 D TEST_LOG: METHOD=<com.google.android.gms.internal.measurement.zzsi: java.lang.String zzfr(java.lang.String)>
02-24 16:24:44.019  5619  5634 D TEST_LOG: METHOD=<com.google.android.gms.internal.measurement.zzrx: java.lang.Object zzfn(java.lang.String)>
02-24 16:24:44.019  5619  5634 D TEST_LOG: METHOD=<com.google.android.gms.internal.measurement.zzrx: java.util.Map zztk()>
02-24 16:24:44.019  5619  5634 D TEST_LOG: METHOD=<com.google.android.gms.internal.measurement.zzrx: java.util.Map zztm()>
02-24 16:24:44.019  5619  5634 D TEST_LOG: CLASS=com.google.android.gms.internal.measurement.zzry
02-24 16:24:44.019  5619  5634 D TEST_LOG: METHOD=<com.google.android.gms.internal.measurement.zzry: void <init>(com.google.android.gms.internal.measurement.zzrx)>
02-24 16:24:44.019  5619  5634 D TEST_LOG: METHOD=<com.google.android.gms.internal.measurement.zzsc: java.lang.Object zza(com.google.android.gms.internal.measurement.zzsd)>
02-24 16:24:44.019  5619  5634 D TEST_LOG: METHOD=<com.google.android.gms.internal.measurement.zzry: java.lang.Object zzto()>
02-24 16:24:44.019  5619  5634 D TEST_LOG: METHOD=<com.google.android.gms.internal.measurement.zzrx: java.util.Map zztn()>
02-24 16:24:44.035  5619  5619 D TEST_LOG: METHOD=<b.a.a.a.a: void b(android.content.Context,java.lang.String,int)>
02-24 16:24:44.055  5619  5619 D TEST_LOG: BROADCASTRECEIVER=com.qisi.plugin.receiver.BootReceiver
02-24 16:24:44.055  5619  5619 D TEST_LOG: METHOD=<com.qisi.plugin.receiver.BootReceiver: void onReceive(android.content.Context,android.content.Intent)>
02-24 16:24:44.055  5619  5619 D TEST_LOG: METHOD=<com.qisi.plugin.receiver.BootReceiver$a: void a(android.content.Context)>
02-24 16:24:44.082  5619  5619 D TEST_LOG: METHOD=<android.support.v4.app.CoreComponentFactory: android.app.Activity instantiateActivity(java.lang.ClassLoader,java.lang.String,android.content.Intent)>
02-24 16:24:44.083  5619  5619 D TEST_LOG: CLASS=com.qisi.plugin.activity.SplashActivity
02-24 16:24:44.083  5619  5619 D TEST_LOG: METHOD=<com.qisi.plugin.activity.SplashActivity: void <init>()>
02-24 16:24:44.083  5619  5619 D TEST_LOG: CLASS=com.qisi.plugin.activity.a
02-24 16:24:44.083  5619  5619 D TEST_LOG: METHOD=<com.qisi.plugin.activity.a: void <init>()>
02-24 16:24:44.083  5619  5619 D TEST_LOG: CLASS=android.support.v7.app.AppCompatActivity
02-24 16:24:44.083  5619  5619 D TEST_LOG: METHOD=<android.support.v7.app.AppCompatActivity: void <init>()>
02-24 16:24:44.083  5619  5619 D TEST_LOG: CLASS=android.support.v4.app.FragmentActivity
02-24 16:24:44.083  5619  5619 D TEST_LOG: METHOD=<android.support.v4.app.FragmentActivity: void <init>()>
02-24 16:24:44.083  5619  5619 D TEST_LOG: CLASS=android.support.v4.app.SupportActivity
02-24 16:24:44.083  5619  5619 D TEST_LOG: METHOD=<android.support.v4.app.SupportActivity: void <init>()>
02-24 16:24:44.083  5619  5619 D TEST_LOG: CLASS=android.arch.lifecycle.LifecycleRegistry
02-24 16:24:44.083  5619  5619 D TEST_LOG: METHOD=<android.arch.lifecycle.LifecycleRegistry: void <init>(android.arch.lifecycle.LifecycleOwner)>
02-24 16:24:44.083  5619  5619 D TEST_LOG: CLASS=android.arch.lifecycle.Lifecycle
02-24 16:24:44.083  5619  5619 D TEST_LOG: METHOD=<android.arch.lifecycle.Lifecycle: void <init>()>
02-24 16:24:44.096  5619  5636 D TEST_LOG: METHOD=<com.qisi.plugin.receiver.BootReceiver$a: void run()>
02-24 16:24:44.097  5619  5636 D TEST_LOG: METHOD=<com.qisi.plugin.receiver.BootReceiver: void a(android.content.Context)>
02-24 16:24:44.097  5619  5636 D TEST_LOG: METHOD=<com.qisi.plugin.receiver.BootReceiver: void b(android.content.Context)>
02-24 16:24:44.097  5619  5636 D TEST_LOG: METHOD=<com.qisi.plugin.keeplive.GuardService: boolean a()>
02-24 16:24:44.098  5619  5636 D TEST_LOG: METHOD=<com.qisi.plugin.keeplive.GuardService: void a(android.content.Context)>
02-24 16:24:44.098  5619  5636 D TEST_LOG: METHOD=<a.b.c.k: boolean d(android.content.Context,java.lang.String)>
02-24 16:24:44.109  5619  5619 D TEST_LOG: CLASS=android.arch.core.internal.FastSafeIterableMap
02-24 16:24:44.109  5619  5619 D TEST_LOG: METHOD=<android.arch.core.internal.FastSafeIterableMap: void <init>()>
02-24 16:24:44.109  5619  5619 D TEST_LOG: CLASS=android.arch.core.internal.SafeIterableMap
02-24 16:24:44.109  5619  5619 D TEST_LOG: METHOD=<android.arch.core.internal.SafeIterableMap: void <init>()>
02-24 16:24:44.109  5619  5619 D TEST_LOG: CLASS=android.arch.lifecycle.Lifecycle$State
02-24 16:24:44.109  5619  5619 D TEST_LOG: METHOD=<android.arch.lifecycle.Lifecycle$State: void <clinit>()>
02-24 16:24:44.109  5619  5619 D TEST_LOG: METHOD=<android.arch.lifecycle.Lifecycle$State: void <init>(java.lang.String,int)>
02-24 16:24:44.109  5619  5619 D TEST_LOG: CLASS=android.support.v4.app.FragmentActivity$1
02-24 16:24:44.109  5619  5619 D TEST_LOG: METHOD=<android.support.v4.app.FragmentActivity$1: void <init>(android.support.v4.app.FragmentActivity)>
02-24 16:24:44.109  5619  5619 D TEST_LOG: CLASS=android.support.v4.app.FragmentActivity$HostCallbacks
02-24 16:24:44.109  5619  5619 D TEST_LOG: METHOD=<android.support.v4.app.FragmentActivity$HostCallbacks: void <init>(android.support.v4.app.FragmentActivity)>
02-24 16:24:44.109  5619  5619 D TEST_LOG: CLASS=android.support.v4.app.FragmentHostCallback
02-24 16:24:44.109  5619  5619 D TEST_LOG: METHOD=<android.support.v4.app.FragmentHostCallback: void <init>(android.support.v4.app.FragmentActivity)>
02-24 16:24:44.109  5619  5619 D TEST_LOG: METHOD=<android.support.v4.app.FragmentHostCallback: void <init>(android.app.Activity,android.content.Context,android.os.Handler,int)>
02-24 16:24:44.109  5619  5619 D TEST_LOG: CLASS=android.support.v4.app.FragmentContainer
02-24 16:24:44.109  5619  5619 D TEST_LOG: METHOD=<android.support.v4.app.FragmentContainer: void <init>()>
02-24 16:24:44.128  5619  5619 D TEST_LOG: CLASS=android.support.v4.app.FragmentManagerImpl
02-24 16:24:44.128  5619  5619 D TEST_LOG: METHOD=<android.support.v4.app.FragmentManagerImpl: void <clinit>()>
02-24 16:24:44.128  5619  5619 D TEST_LOG: METHOD=<android.support.v4.app.FragmentManagerImpl: void <init>()>
02-24 16:24:44.128  5619  5619 D TEST_LOG: CLASS=android.support.v4.app.FragmentManager
02-24 16:24:44.128  5619  5619 D TEST_LOG: METHOD=<android.support.v4.app.FragmentManager: void <init>()>
02-24 16:24:44.128  5619  5619 D TEST_LOG: CLASS=android.support.v4.app.FragmentManagerImpl$1
02-24 16:24:44.128  5619  5619 D TEST_LOG: METHOD=<android.support.v4.app.FragmentManagerImpl$1: void <init>(android.support.v4.app.FragmentManagerImpl)>
02-24 16:24:44.128  5619  5619 D TEST_LOG: METHOD=<android.support.v4.util.Preconditions: java.lang.Object checkNotNull(java.lang.Object,java.lang.Object)>
02-24 16:24:44.128  5619  5619 D TEST_LOG: METHOD=<android.support.v4.app.FragmentController: android.support.v4.app.FragmentController createController(android.support.v4.app.FragmentHostCallback)>
02-24 16:24:44.128  5619  5619 D TEST_LOG: CLASS=android.support.v4.app.FragmentController
02-24 16:24:44.128  5619  5619 D TEST_LOG: METHOD=<android.support.v4.app.FragmentController: void <init>(android.support.v4.app.FragmentHostCallback)>
02-24 16:24:44.128  5619  5619 D TEST_LOG: CLASS=com.qisi.plugin.activity.f
02-24 16:24:44.128  5619  5619 D TEST_LOG: METHOD=<com.qisi.plugin.activity.f: void <init>(com.qisi.plugin.activity.SplashActivity)>
02-24 16:24:44.128  5619  5619 D TEST_LOG: METHOD=<android.support.v7.app.AppCompatActivity: android.content.res.Resources getResources()>
02-24 16:24:44.128  5619  5619 D TEST_LOG: METHOD=<android.support.v7.widget.VectorEnabledTintResources: boolean shouldBeUsed()>
02-24 16:24:44.128  5619  5619 D TEST_LOG: METHOD=<android.support.v7.widget.VectorEnabledTintResources: boolean isCompatVectorFromResourcesEnabled()>
02-24 16:24:44.153  5619  5619 D TEST_LOG: METHOD=<android.support.v7.app.AppCompatActivity: void setTheme(int)>
02-24 16:24:44.155  5619  5619 D TEST_LOG: ACTIVITY=com.qisi.plugin.activity.SplashActivity
02-24 16:24:44.155  5619  5619 D TEST_LOG: METHOD=<com.qisi.plugin.activity.SplashActivity: void onCreate(android.os.Bundle)>
02-24 16:24:44.159  5619  5619 D TEST_LOG: ACTIVITY=com.qisi.plugin.activity.a
02-24 16:24:44.159  5619  5619 D TEST_LOG: METHOD=<com.qisi.plugin.activity.a: void onCreate(android.os.Bundle)>
02-24 16:24:44.159  5619  5619 D TEST_LOG: ACTIVITY=android.support.v7.app.AppCompatActivity
02-24 16:24:44.159  5619  5619 D TEST_LOG: METHOD=<android.support.v7.app.AppCompatActivity: void onCreate(android.os.Bundle)>
02-24 16:24:44.159  5619  5619 D TEST_LOG: METHOD=<android.support.v7.app.AppCompatActivity: android.support.v7.app.AppCompatDelegate getDelegate()>
02-24 16:24:44.159  5619  5619 D TEST_LOG: METHOD=<android.support.v7.app.AppCompatDelegate: android.support.v7.app.AppCompatDelegate create(android.app.Activity,android.support.v7.app.AppCompatCallback)>
02-24 16:24:44.166  5619  5619 D TEST_LOG: CLASS=android.support.v7.app.AppCompatDelegateImpl
02-24 16:24:44.168  5619  5619 D TEST_LOG: METHOD=<android.support.v7.app.AppCompatDelegateImpl: void <clinit>()>
02-24 16:24:44.168  5619  5619 D TEST_LOG: METHOD=<android.support.v7.app.AppCompatDelegateImpl: void <init>(android.content.Context,android.view.Window,android.support.v7.app.AppCompatCallback)>
02-24 16:24:44.168  5619  5619 D TEST_LOG: CLASS=android.support.v7.app.AppCompatDelegate
02-24 16:24:44.168  5619  5619 D TEST_LOG: METHOD=<android.support.v7.app.AppCompatDelegate: void <init>()>
02-24 16:24:44.168  5619  5619 D TEST_LOG: CLASS=android.support.v7.app.AppCompatDelegateImpl$2
02-24 16:24:44.168  5619  5619 D TEST_LOG: METHOD=<android.support.v7.app.AppCompatDelegateImpl$2: void <init>(android.support.v7.app.AppCompatDelegateImpl)>
02-24 16:24:44.169  5619  5619 D TEST_LOG: CLASS=android.support.v7.app.AppCompatDelegateImpl$AppCompatWindowCallback
02-24 16:24:44.169  5619  5619 D TEST_LOG: METHOD=<android.support.v7.app.AppCompatDelegateImpl$AppCompatWindowCallback: void <init>(android.support.v7.app.AppCompatDelegateImpl,android.view.Window$Callback)>
02-24 16:24:44.169  5619  5619 D TEST_LOG: CLASS=android.support.v7.view.WindowCallbackWrapper
02-24 16:24:44.169  5619  5619 D TEST_LOG: METHOD=<android.support.v7.view.WindowCallbackWrapper: void <init>(android.view.Window$Callback)>
02-24 16:24:44.169  5619  5619 D TEST_LOG: METHOD=<android.support.v7.widget.TintTypedArray: android.support.v7.widget.TintTypedArray obtainStyledAttributes(android.content.Context,android.util.AttributeSet,int[])>
02-24 16:24:44.169  5619  5619 D TEST_LOG: CLASS=android.support.v7.widget.TintTypedArray
02-24 16:24:44.171  5619  5619 D TEST_LOG: METHOD=<android.support.v7.widget.TintTypedArray: void <init>(android.content.Context,android.content.res.TypedArray)>
02-24 16:24:44.171  5619  5619 D TEST_LOG: METHOD=<android.support.v7.widget.TintTypedArray: android.graphics.drawable.Drawable getDrawableIfKnown(int)>
02-24 16:24:44.177  5619  5619 D TEST_LOG: CLASS=android.support.v7.widget.AppCompatDrawableManager
02-24 16:24:44.177  5619  5619 D TEST_LOG: METHOD=<android.support.v7.widget.AppCompatDrawableManager: void <clinit>()>
02-24 16:24:44.177  5619  5619 D TEST_LOG: CLASS=android.support.v7.widget.AppCompatDrawableManager$ColorFilterLruCache
02-24 16:24:44.177  5619  5619 D TEST_LOG: METHOD=<android.support.v7.widget.AppCompatDrawableManager$ColorFilterLruCache: void <init>(int)>
02-24 16:24:44.177  5619  5619 D TEST_LOG: CLASS=android.support.v4.util.LruCache
02-24 16:24:44.177  5619  5619 D TEST_LOG: METHOD=<android.support.v4.util.LruCache: void <init>(int)>
02-24 16:24:44.177  5619  5619 D TEST_LOG: METHOD=<android.support.v7.widget.AppCompatDrawableManager: android.support.v7.widget.AppCompatDrawableManager get()>
02-24 16:24:44.177  5619  5619 D TEST_LOG: METHOD=<android.support.v7.widget.AppCompatDrawableManager: void <init>()>
02-24 16:24:44.177  5619  5619 D TEST_LOG: METHOD=<android.support.v7.widget.AppCompatDrawableManager: void installDefaultInflateDelegates(android.support.v7.widget.AppCompatDrawableManager)>
02-24 16:24:44.177  5619  5619 D TEST_LOG: METHOD=<android.support.v7.widget.AppCompatDrawableManager: android.graphics.drawable.Drawable getDrawable(android.content.Context,int,boolean)>
02-24 16:24:44.177  5619  5619 D TEST_LOG: METHOD=<android.support.v7.widget.AppCompatDrawableManager: void checkVectorDrawableSetup(android.content.Context)>
02-24 16:24:44.177  5619  5619 D TEST_LOG: METHOD=<android.support.v7.widget.AppCompatDrawableManager: android.graphics.drawable.Drawable getDrawable(android.content.Context,int)>
02-24 16:24:44.177  5619  5619 D TEST_LOG: METHOD=<android.support.v7.widget.AppCompatDrawableManager: android.graphics.drawable.Drawable loadDrawableFromDelegates(android.content.Context,int)>
02-24 16:24:44.177  5619  5619 D TEST_LOG: METHOD=<android.support.v7.widget.AppCompatDrawableManager: android.graphics.drawable.Drawable createDrawableIfNeeded(android.content.Context,int)>
02-24 16:24:44.177  5619  5619 D TEST_LOG: METHOD=<android.support.v7.widget.AppCompatDrawableManager: long createCacheKey(android.util.TypedValue)>
02-24 16:24:44.177  5619  5619 D TEST_LOG: METHOD=<android.support.v7.widget.AppCompatDrawableManager: android.graphics.drawable.Drawable getCachedDrawable(android.content.Context,long)>
02-24 16:24:44.177  5619  5619 D TEST_LOG: METHOD=<android.support.v4.content.ContextCompat: android.graphics.drawable.Drawable getDrawable(android.content.Context,int)>
02-24 16:24:44.178  5619  5619 D TEST_LOG: METHOD=<android.support.v7.widget.AppCompatDrawableManager: android.graphics.drawable.Drawable tintDrawable(android.content.Context,int,boolean,android.graphics.drawable.Drawable)>
02-24 16:24:44.178  5619  5619 D TEST_LOG: METHOD=<android.support.v7.widget.AppCompatDrawableManager: android.content.res.ColorStateList getTintList(android.content.Context,int)>
02-24 16:24:44.178  5619  5619 D TEST_LOG: METHOD=<android.support.v7.widget.AppCompatDrawableManager: android.content.res.ColorStateList getTintListFromCache(android.content.Context,int)>
02-24 16:24:44.178  5619  5619 D TEST_LOG: METHOD=<android.support.v7.widget.AppCompatDrawableManager: boolean arrayContains(int[],int)>
